[host] 23:15:30 tier=55000 load1=4.18 other_total=46.9 other_max=15.0 cmd=Code Helper (Ren
[host] 23:15:42 tier=55000 load1=4.81 other_total=63.6 other_max=22.4 cmd=Code Helper (Ren
[host] 23:15:53 tier=55000 load1=5.02 other_total=41.9 other_max=12.1 cmd=Code Helper (Ren
[host] 23:16:05 tier=55000 load1=5.58 other_total=29.4 other_max=5.1 cmd=WindowServer
[host] 23:16:17 tier=55000 load1=6.41 other_total=62.7 other_max=14.8 cmd=Code Helper (Ren
[host] 23:16:29 tier=55000 load1=6.81 other_total=24.9 other_max=5.5 cmd=WindowServer
[host] 23:18:38 tier=55000 load1=6.88 other_total=58.1 other_max=14.6 cmd=Code Helper (Ren
[host] 23:18:49 tier=55000 load1=5.97 other_total=57.5 other_max=17.5 cmd=Code Helper (Ren
[host] 23:19:01 tier=55000 load1=6.96 other_total=45.3 other_max=18.2 cmd=Code Helper (Ren
[host] 23:19:13 tier=55000 load1=7.50 other_total=41.2 other_max=13.9 cmd=Code Helper (Ren
[host] 23:19:24 tier=55000 load1=8.05 other_total=66.9 other_max=14.3 cmd=Code Helper (Ren
[host] 23:19:36 tier=55000 load1=9.85 other_total=26.5 other_max=5.7 cmd=WindowServer
[host] 23:21:56 tier=55000 load1=6.00 other_total=56.8 other_max=13.3 cmd=Code Helper (Ren
[host] 23:22:07 tier=55000 load1=5.70 other_total=45.5 other_max=17.4 cmd=Code Helper (Ren
[host] 23:22:19 tier=55000 load1=6.35 other_total=59.8 other_max=16.5 cmd=python3.13
[host] 23:22:31 tier=55000 load1=6.91 other_total=35.6 other_max=13.8 cmd=Code Helper (Ren
[host] 23:22:43 tier=55000 load1=7.51 other_total=54.3 other_max=16.7 cmd=Code Helper (Ren
[host] 23:22:54 tier=55000 load1=8.64 other_total=69.9 other_max=16.8 cmd=Code Helper (Ren
[host] 23:17:05 tier=60000 load1=4.54 other_total=62.0 other_max=14.0 cmd=Code Helper (Ren
[host] 23:17:17 tier=60000 load1=5.16 other_total=45.8 other_max=12.9 cmd=Code Helper (Ren
[host] 23:17:29 tier=60000 load1=5.83 other_total=55.7 other_max=16.8 cmd=Code Helper (Ren
[host] 23:17:40 tier=60000 load1=6.69 other_total=73.5 other_max=18.8 cmd=Code Helper (Ren
[host] 23:17:52 tier=60000 load1=7.85 other_total=74.8 other_max=24.4 cmd=Code Helper (Ren
[host] 23:18:04 tier=60000 load1=8.10 other_total=48.5 other_max=14.7 cmd=Code Helper (Ren
[host] 23:20:14 tier=60000 load1=6.60 other_total=36.8 other_max=7.1 cmd=WindowServer
[host] 23:20:25 tier=60000 load1=5.83 other_total=47.3 other_max=8.8 cmd=WindowServer
[host] 23:20:37 tier=60000 load1=5.57 other_total=65.5 other_max=20.8 cmd=Code Helper (Ren
[host] 23:20:48 tier=60000 load1=7.13 other_total=49.4 other_max=14.2 cmd=Code Helper (Ren
[host] 23:21:00 tier=60000 load1=7.49 other_total=30.6 other_max=5.8 cmd=WindowServer
[host] 23:21:12 tier=60000 load1=7.99 other_total=40.7 other_max=13.5 cmd=Code Helper (Ren
[host] 23:21:24 tier=60000 load1=8.46 other_total=80.0 other_max=24.3 cmd=Code Helper (Ren
[host] 23:23:28 tier=60000 load1=7.23 other_total=125.3 other_max=79.5 cmd=dartaotruntime
[host] 23:23:39 tier=60000 load1=6.35 other_total=31.6 other_max=10.5 cmd=2.1.278
[host] 23:23:51 tier=60000 load1=6.32 other_total=75.8 other_max=20.3 cmd=Code Helper (Ren
[host] 23:24:03 tier=60000 load1=7.69 other_total=50.2 other_max=17.1 cmd=Code Helper (Ren
[host] 23:24:14 tier=60000 load1=8.05 other_total=37.4 other_max=12.8 cmd=Code Helper (Ren
[host] 23:24:26 tier=60000 load1=8.27 other_total=44.7 other_max=18.6 cmd=Code Helper (Ren
[host] 23:24:38 tier=60000 load1=8.64 other_total=33.1 other_max=6.2 cmd=WindowServer
