BUILD start 09:54:18 tag=fanout-diag
   Compiling nostos-infra v0.2.0 (/src/crates/nostos-infra)
   Compiling nostos-bench v0.2.0 (/src/crates/nostos-bench)
    Finished `release` profile [optimized] target(s) in 24.03s
BUILD ok 09:54:52
HOST tier=100000 start 19:54:53 load1=5.49 waited=0s
env: Linux 7.0.12-linuxkit aarch64 nproc=10 nofile=1048576 mem=8124516kB swap=1048572kB tcp_rmem=4096-131072-33554432 tcp_wmem=4096-16384-4194304
SOAK start 09:54:53 clients=100000 events=500 window=300 ack=16 listeners=2
  [diag] listeners: ws://127.0.0.1:5487/sync ws://127.0.0.2:2623/sync
  [diag] CLIENT DECODE DISABLED (frame counting only) — harness-cost probe
[sys] 09:54:53 tcp_alloc=21 tcp_mem_pages=0 PruneCalled=0 RcvPruned=0 TCPRcvCollapsed=0 TCPAbortOnMemory=0 TCPMemoryPressures=0 TCPMemoryPressuresChrono=0 TCPBacklogDrop=0 TCPZeroWindowDrop=0 TCPRcvQDrop=0 MemAvailable:7340M SwapFree:1023M Dirty:0M Slab:54M psi_mem=avg60=0.00 psi_cpu=avg60=0.01 load=0.44,0.11,0.04 cpu_u=2782 n=0 s=230 i=33024 io=372 irq=0 sirq=147
[sys] 09:54:58 tcp_alloc=96810 tcp_mem_pages=28928 PruneCalled=0 RcvPruned=0 TCPRcvCollapsed=0 TCPAbortOnMemory=0 TCPMemoryPressures=0 TCPMemoryPressuresChrono=0 TCPBacklogDrop=0 TCPZeroWindowDrop=0 TCPRcvQDrop=0 MemAvailable:6094M SwapFree:1023M Dirty:0M Slab:497M psi_mem=avg60=0.00 psi_cpu=avg60=0.07 load=1.21,0.28,0.09 cpu_u=2884 n=0 s=4402 i=33257 io=372 irq=0 sirq=215
[sys] 09:55:03 tcp_alloc=116001 tcp_mem_pages=35328 PruneCalled=0 RcvPruned=0 TCPRcvCollapsed=0 TCPAbortOnMemory=0 TCPMemoryPressures=0 TCPMemoryPressuresChrono=0 TCPBacklogDrop=0 TCPZeroWindowDrop=0 TCPRcvQDrop=0 MemAvailable:5906M SwapFree:1023M Dirty:0M Slab:572M psi_mem=avg60=0.00 psi_cpu=avg60=0.10 load=1.91,0.44,0.14 cpu_u=2923 n=0 s=8847 i=33301 io=372 irq=0 sirq=237
[sys] 09:55:08 tcp_alloc=132394 tcp_mem_pages=48640 PruneCalled=0 RcvPruned=0 TCPRcvCollapsed=0 TCPAbortOnMemory=0 TCPMemoryPressures=0 TCPMemoryPressuresChrono=0 TCPBacklogDrop=0 TCPZeroWindowDrop=0 TCPRcvQDrop=0 MemAvailable:5602M SwapFree:1023M Dirty:0M Slab:639M psi_mem=avg60=0.00 psi_cpu=avg60=0.31 load=2.56,0.60,0.20 cpu_u=3025 n=0 s=12908 i=33389 io=399 irq=0 sirq=293
[sys] 09:55:13 tcp_alloc=164496 tcp_mem_pages=37376 PruneCalled=0 RcvPruned=0 TCPRcvCollapsed=0 TCPAbortOnMemory=0 TCPMemoryPressures=0 TCPMemoryPressuresChrono=0 TCPBacklogDrop=0 TCPZeroWindowDrop=0 TCPRcvQDrop=0 MemAvailable:3996M SwapFree:1023M Dirty:0M Slab:791M psi_mem=avg60=0.00 psi_cpu=avg60=0.60 load=3.08,0.74,0.25 cpu_u=3655 n=0 s=13538 i=36472 io=513 irq=0 sirq=575
[sys] 09:55:18 tcp_alloc=176582 tcp_mem_pages=25088 PruneCalled=0 RcvPruned=0 TCPRcvCollapsed=0 TCPAbortOnMemory=0 TCPMemoryPressures=0 TCPMemoryPressuresChrono=0 TCPBacklogDrop=0 TCPZeroWindowDrop=0 TCPRcvQDrop=0 MemAvailable:3682M SwapFree:1023M Dirty:0M Slab:832M psi_mem=avg60=0.00 psi_cpu=avg60=0.59 load=2.83,0.72,0.24 cpu_u=3834 n=0 s=13663 i=41086 io=513 irq=0 sirq=634
[sys] 09:55:23 tcp_alloc=179088 tcp_mem_pages=22784 PruneCalled=0 RcvPruned=0 TCPRcvCollapsed=0 TCPAbortOnMemory=0 TCPMemoryPressures=0 TCPMemoryPressuresChrono=0 TCPBacklogDrop=0 TCPZeroWindowDrop=0 TCPRcvQDrop=0 MemAvailable:3601M SwapFree:1023M Dirty:0M Slab:838M psi_mem=avg60=0.00 psi_cpu=avg60=0.53 load=2.76,0.75,0.25 cpu_u=3884 n=0 s=13694 i=45979 io=513 irq=0 sirq=658
[sys] 09:55:28 tcp_alloc=179143 tcp_mem_pages=22784 PruneCalled=0 RcvPruned=0 TCPRcvCollapsed=0 TCPAbortOnMemory=0 TCPMemoryPressures=0 TCPMemoryPressuresChrono=0 TCPBacklogDrop=0 TCPZeroWindowDrop=0 TCPRcvQDrop=0 MemAvailable:3600M SwapFree:1023M Dirty:0M Slab:838M psi_mem=avg60=0.00 psi_cpu=avg60=0.50 load=2.54,0.73,0.25 cpu_u=3887 n=0 s=13697 i=50986 io=514 irq=0 sirq=658
[sys] 09:55:33 tcp_alloc=182070 tcp_mem_pages=19712 PruneCalled=0 RcvPruned=0 TCPRcvCollapsed=0 TCPAbortOnMemory=0 TCPMemoryPressures=0 TCPMemoryPressuresChrono=0 TCPBacklogDrop=0 TCPZeroWindowDrop=0 TCPRcvQDrop=0 MemAvailable:3504M SwapFree:1023M Dirty:0M Slab:845M psi_mem=avg60=0.00 psi_cpu=avg60=0.45 load=2.34,0.72,0.25 cpu_u=3941 n=0 s=13736 i=55881 io=514 irq=0 sirq=682
[sys] 09:55:38 tcp_alloc=183363 tcp_mem_pages=18176 PruneCalled=0 RcvPruned=0 TCPRcvCollapsed=0 TCPAbortOnMemory=0 TCPMemoryPressures=0 TCPMemoryPressuresChrono=0 TCPBacklogDrop=0 TCPZeroWindowDrop=0 TCPRcvQDrop=0 MemAvailable:3475M SwapFree:1023M Dirty:0M Slab:847M psi_mem=avg60=0.00 psi_cpu=avg60=0.42 load=2.15,0.71,0.25 cpu_u=3971 n=0 s=13754 i=60807 io=514 irq=0 sirq=709
  [diag] subscribe quorum after 49.66s: connected=83338 subscribed=83338 connect_failed=0 complete=false (ceiling 500s, stall 5s)
[sys] 09:55:43 tcp_alloc=183363 tcp_mem_pages=17920 PruneCalled=0 RcvPruned=0 TCPRcvCollapsed=0 TCPAbortOnMemory=0 TCPMemoryPressures=0 TCPMemoryPressuresChrono=0 TCPBacklogDrop=0 TCPZeroWindowDrop=0 TCPRcvQDrop=0 MemAvailable:3465M SwapFree:1023M Dirty:0M Slab:847M psi_mem=avg60=0.00 psi_cpu=avg60=0.38 load=1.98,0.70,0.25 cpu_u=4002 n=0 s=13755 i=65780 io=514 irq=0 sirq=711
[sys] 09:55:48 tcp_alloc=183397 tcp_mem_pages=22016 PruneCalled=0 RcvPruned=0 TCPRcvCollapsed=0 TCPAbortOnMemory=0 TCPMemoryPressures=0 TCPMemoryPressuresChrono=0 TCPBacklogDrop=0 TCPZeroWindowDrop=0 TCPRcvQDrop=0 MemAvailable:3259M SwapFree:1023M Dirty:0M Slab:845M psi_mem=avg60=0.00 psi_cpu=avg60=0.39 load=2.30,0.78,0.28 cpu_u=5990 n=0 s=14438 i=67266 io=514 irq=0 sirq=1226
  [diag] progress t=10s delivered=408132 matched=416731 events~=4 subscribed=83372 rss_mib=3515 swap_mib=0 fanout_done=false
[sys] 09:55:53 tcp_alloc=183397 tcp_mem_pages=26112 PruneCalled=0 RcvPruned=0 TCPRcvCollapsed=0 TCPAbortOnMemory=0 TCPMemoryPressures=0 TCPMemoryPressuresChrono=0 TCPBacklogDrop=0 TCPZeroWindowDrop=0 TCPRcvQDrop=0 MemAvailable:3272M SwapFree:1023M Dirty:0M Slab:845M psi_mem=avg60=0.00 psi_cpu=avg60=0.45 load=2.92,0.94,0.33 cpu_u=8035 n=0 s=15172 i=68539 io=514 irq=0 sirq=1740
[sys] 09:55:58 tcp_alloc=183397 tcp_mem_pages=43776 PruneCalled=0 RcvPruned=0 TCPRcvCollapsed=0 TCPAbortOnMemory=0 TCPMemoryPressures=0 TCPMemoryPressuresChrono=0 TCPBacklogDrop=0 TCPZeroWindowDrop=0 TCPRcvQDrop=0 MemAvailable:3172M SwapFree:1023M Dirty:0M Slab:846M psi_mem=avg60=0.00 psi_cpu=avg60=0.45 load=3.48,1.09,0.38 cpu_u=9920 n=0 s=15899 i=69712 io=514 irq=0 sirq=2273
  [diag] progress t=20s delivered=845793 matched=917029 events~=10 subscribed=84837 rss_mib=3769 swap_mib=0 fanout_done=false
[sys] 09:56:03 tcp_alloc=184952 tcp_mem_pages=28672 PruneCalled=0 RcvPruned=0 TCPRcvCollapsed=0 TCPAbortOnMemory=0 TCPMemoryPressures=0 TCPMemoryPressuresChrono=0 TCPBacklogDrop=0 TCPZeroWindowDrop=0 TCPRcvQDrop=0 MemAvailable:2973M SwapFree:1023M Dirty:0M Slab:848M psi_mem=avg60=0.00 psi_cpu=avg60=0.53 load=4.01,1.24,0.43 cpu_u=11889 n=0 s=16613 i=70854 io=515 irq=0 sirq=2849
[sys] 09:56:08 tcp_alloc=184952 tcp_mem_pages=36608 PruneCalled=0 RcvPruned=0 TCPRcvCollapsed=0 TCPAbortOnMemory=0 TCPMemoryPressures=0 TCPMemoryPressuresChrono=0 TCPBacklogDrop=0 TCPZeroWindowDrop=0 TCPRcvQDrop=0 MemAvailable:2955M SwapFree:1023M Dirty:0M Slab:851M psi_mem=avg60=0.00 psi_cpu=avg60=0.56 load=4.49,1.38,0.49 cpu_u=13671 n=0 s=17275 i=72061 io=515 irq=0 sirq=3384
  [diag] progress t=30s delivered=1180562 matched=1256108 events~=14 subscribed=84928 rss_mib=3779 swap_mib=0 fanout_done=false
[sys] 09:56:13 tcp_alloc=184952 tcp_mem_pages=48640 PruneCalled=0 RcvPruned=0 TCPRcvCollapsed=0 TCPAbortOnMemory=0 TCPMemoryPressures=0 TCPMemoryPressuresChrono=0 TCPBacklogDrop=0 TCPZeroWindowDrop=0 TCPRcvQDrop=0 MemAvailable:2984M SwapFree:1023M Dirty:0M Slab:847M psi_mem=avg60=0.00 psi_cpu=avg60=0.60 load=4.93,1.53,0.54 cpu_u=15469 n=0 s=17831 i=73331 io=515 irq=0 sirq=3850
[sys] 09:56:18 tcp_alloc=184952 tcp_mem_pages=24832 PruneCalled=0 RcvPruned=0 TCPRcvCollapsed=0 TCPAbortOnMemory=0 TCPMemoryPressures=0 TCPMemoryPressuresChrono=0 TCPBacklogDrop=0 TCPZeroWindowDrop=0 TCPRcvQDrop=0 MemAvailable:2914M SwapFree:1023M Dirty:0M Slab:851M psi_mem=avg60=0.00 psi_cpu=avg60=0.66 load=5.33,1.67,0.59 cpu_u=17089 n=0 s=18432 i=74662 io=515 irq=0 sirq=4323
  [diag] progress t=40s delivered=1505015 matched=1510892 events~=17 subscribed=84928 rss_mib=3881 swap_mib=0 fanout_done=false
[sys] 09:56:24 tcp_alloc=184952 tcp_mem_pages=18944 PruneCalled=0 RcvPruned=0 TCPRcvCollapsed=0 TCPAbortOnMemory=0 TCPMemoryPressures=0 TCPMemoryPressuresChrono=0 TCPBacklogDrop=0 TCPZeroWindowDrop=0 TCPRcvQDrop=0 MemAvailable:2883M SwapFree:1023M Dirty:0M Slab:847M psi_mem=avg60=0.00 psi_cpu=avg60=0.75 load=5.79,1.82,0.65 cpu_u=19076 n=0 s=19083 i=75869 io=515 irq=0 sirq=4837
[sys] 09:56:29 tcp_alloc=184952 tcp_mem_pages=29952 PruneCalled=0 RcvPruned=0 TCPRcvCollapsed=0 TCPAbortOnMemory=0 TCPMemoryPressures=0 TCPMemoryPressuresChrono=0 TCPBacklogDrop=0 TCPZeroWindowDrop=0 TCPRcvQDrop=0 MemAvailable:2801M SwapFree:1023M Dirty:0M Slab:851M psi_mem=avg60=0.00 psi_cpu=avg60=0.84 load=6.13,1.96,0.70 cpu_u=20725 n=0 s=19737 i=77234 io=516 irq=0 sirq=5348
  [diag] progress t=50s delivered=1817779 matched=1765676 events~=20 subscribed=84928 rss_mib=3969 swap_mib=0 fanout_done=false
[sys] 09:56:34 tcp_alloc=184952 tcp_mem_pages=16128 PruneCalled=0 RcvPruned=0 TCPRcvCollapsed=0 TCPAbortOnMemory=0 TCPMemoryPressures=0 TCPMemoryPressuresChrono=0 TCPBacklogDrop=0 TCPZeroWindowDrop=0 TCPRcvQDrop=0 MemAvailable:2766M SwapFree:1023M Dirty:0M Slab:847M psi_mem=avg60=0.00 psi_cpu=avg60=0.88 load=6.44,2.09,0.75 cpu_u=22713 n=0 s=20395 i=78560 io=516 irq=0 sirq=5885
[sys] 09:56:39 tcp_alloc=184952 tcp_mem_pages=46080 PruneCalled=0 RcvPruned=0 TCPRcvCollapsed=0 TCPAbortOnMemory=0 TCPMemoryPressures=0 TCPMemoryPressuresChrono=0 TCPBacklogDrop=0 TCPZeroWindowDrop=0 TCPRcvQDrop=0 MemAvailable:2792M SwapFree:1023M Dirty:0M Slab:847M psi_mem=avg60=0.00 psi_cpu=avg60=0.89 load=6.72,2.22,0.80 cpu_u=24631 n=0 s=20968 i=79732 io=516 irq=0 sirq=6388
  [diag] progress t=60s delivered=2128537 matched=2190316 events~=25 subscribed=84928 rss_mib=4055 swap_mib=0 fanout_done=false
[sys] 09:56:44 tcp_alloc=184952 tcp_mem_pages=60160 PruneCalled=0 RcvPruned=0 TCPRcvCollapsed=0 TCPAbortOnMemory=0 TCPMemoryPressures=0 TCPMemoryPressuresChrono=0 TCPBacklogDrop=0 TCPZeroWindowDrop=0 TCPRcvQDrop=0 MemAvailable:2675M SwapFree:1023M Dirty:0M Slab:851M psi_mem=avg60=0.00 psi_cpu=avg60=0.90 load=6.50,2.25,0.81 cpu_u=26560 n=0 s=21599 i=80847 io=516 irq=0 sirq=6909
[sys] 09:56:49 tcp_alloc=184952 tcp_mem_pages=22016 PruneCalled=0 RcvPruned=0 TCPRcvCollapsed=0 TCPAbortOnMemory=0 TCPMemoryPressures=0 TCPMemoryPressuresChrono=0 TCPBacklogDrop=0 TCPZeroWindowDrop=0 TCPRcvQDrop=0 MemAvailable:2605M SwapFree:1023M Dirty:0M Slab:847M psi_mem=avg60=0.00 psi_cpu=avg60=0.94 load=6.78,2.38,0.86 cpu_u=28693 n=0 s=22304 i=82161 io=516 irq=0 sirq=7443
  [diag] progress t=70s delivered=2509392 matched=2614956 events~=30 subscribed=84928 rss_mib=4149 swap_mib=0 fanout_done=false
[sys] 09:56:54 tcp_alloc=184885 tcp_mem_pages=19200 PruneCalled=0 RcvPruned=0 TCPRcvCollapsed=0 TCPAbortOnMemory=0 TCPMemoryPressures=0 TCPMemoryPressuresChrono=0 TCPBacklogDrop=0 TCPZeroWindowDrop=0 TCPRcvQDrop=0 MemAvailable:2646M SwapFree:1023M Dirty:0M Slab:839M psi_mem=avg60=0.00 psi_cpu=avg60=0.94 load=7.04,2.51,0.91 cpu_u=30892 n=0 s=22953 i=83426 io=516 irq=0 sirq=7937
[sys] 09:56:59 tcp_alloc=185822 tcp_mem_pages=59392 PruneCalled=0 RcvPruned=0 TCPRcvCollapsed=0 TCPAbortOnMemory=0 TCPMemoryPressures=0 TCPMemoryPressuresChrono=0 TCPBacklogDrop=0 TCPZeroWindowDrop=0 TCPRcvQDrop=0 MemAvailable:2598M SwapFree:1023M Dirty:0M Slab:870M psi_mem=avg60=0.00 psi_cpu=avg60=1.08 load=6.80,2.53,0.93 cpu_u=32778 n=0 s=23704 i=84923 io=517 irq=0 sirq=8346
  [diag] progress t=80s delivered=2810271 matched=2872286 events~=32 subscribed=89398 rss_mib=4184 swap_mib=0 fanout_done=false
[sys] 09:57:04 tcp_alloc=190507 tcp_mem_pages=23552 PruneCalled=0 RcvPruned=0 TCPRcvCollapsed=0 TCPAbortOnMemory=0 TCPMemoryPressures=0 TCPMemoryPressuresChrono=0 TCPBacklogDrop=0 TCPZeroWindowDrop=0 TCPRcvQDrop=0 MemAvailable:2583M SwapFree:1023M Dirty:0M Slab:852M psi_mem=avg60=0.00 psi_cpu=avg60=1.10 load=7.14,2.67,0.98 cpu_u=34577 n=0 s=24448 i=86248 io=517 irq=0 sirq=8819
[sys] 09:57:09 tcp_alloc=193632 tcp_mem_pages=7680 PruneCalled=0 RcvPruned=0 TCPRcvCollapsed=0 TCPAbortOnMemory=0 TCPMemoryPressures=0 TCPMemoryPressuresChrono=0 TCPBacklogDrop=0 TCPZeroWindowDrop=0 TCPRcvQDrop=0 MemAvailable:2566M SwapFree:1023M Dirty:0M Slab:854M psi_mem=avg60=0.00 psi_cpu=avg60=1.31 load=7.36,2.80,1.03 cpu_u=36063 n=0 s=24976 i=88075 io=517 irq=0 sirq=9219
  [diag] progress t=90s delivered=3054178 matched=3054178 events~=31 subscribed=97723 rss_mib=4208 swap_mib=0 fanout_done=false
[sys] 09:57:14 tcp_alloc=198179 tcp_mem_pages=8960 PruneCalled=0 RcvPruned=0 TCPRcvCollapsed=0 TCPAbortOnMemory=0 TCPMemoryPressures=0 TCPMemoryPressuresChrono=0 TCPBacklogDrop=0 TCPZeroWindowDrop=0 TCPRcvQDrop=0 MemAvailable:2492M SwapFree:1023M Dirty:0M Slab:857M psi_mem=avg60=0.00 psi_cpu=avg60=1.32 load=7.58,2.92,1.08 cpu_u=37747 n=0 s=25632 i=89822 io=517 irq=0 sirq=9654
[sys] 09:57:19 tcp_alloc=198681 tcp_mem_pages=65280 PruneCalled=0 RcvPruned=0 TCPRcvCollapsed=0 TCPAbortOnMemory=0 TCPMemoryPressures=0 TCPMemoryPressuresChrono=0 TCPBacklogDrop=0 TCPZeroWindowDrop=0 TCPRcvQDrop=0 MemAvailable:2401M SwapFree:1023M Dirty:0M Slab:909M psi_mem=avg60=0.00 psi_cpu=avg60=1.32 load=7.77,3.03,1.13 cpu_u=39866 n=0 s=26213 i=90962 io=517 irq=0 sirq=10225
  [diag] progress t=100s delivered=3336187 matched=3444170 events~=34 subscribed=99023 rss_mib=4234 swap_mib=0 fanout_done=false
[sys] 09:57:24 tcp_alloc=199169 tcp_mem_pages=31232 PruneCalled=0 RcvPruned=0 TCPRcvCollapsed=0 TCPAbortOnMemory=0 TCPMemoryPressures=0 TCPMemoryPressuresChrono=0 TCPBacklogDrop=0 TCPZeroWindowDrop=0 TCPRcvQDrop=0 MemAvailable:2504M SwapFree:1023M Dirty:0M Slab:881M psi_mem=avg60=0.00 psi_cpu=avg60=1.30 load=7.79,3.12,1.17 cpu_u=41679 n=0 s=26843 i=92317 io=517 irq=0 sirq=10694
[sys] 09:57:29 tcp_alloc=199298 tcp_mem_pages=4608 PruneCalled=0 RcvPruned=0 TCPRcvCollapsed=0 TCPAbortOnMemory=0 TCPMemoryPressures=0 TCPMemoryPressuresChrono=0 TCPBacklogDrop=0 TCPZeroWindowDrop=0 TCPRcvQDrop=0 MemAvailable:2473M SwapFree:1023M Dirty:0M Slab:865M psi_mem=avg60=0.00 psi_cpu=avg60=1.27 load=7.65,3.16,1.19 cpu_u=43546 n=0 s=27478 i=93608 io=517 irq=0 sirq=11173
  [diag] progress t=110s delivered=3674533 matched=3642375 events~=36 subscribed=99275 rss_mib=4338 swap_mib=0 fanout_done=false
[sys] 09:57:34 tcp_alloc=199298 tcp_mem_pages=6912 PruneCalled=0 RcvPruned=0 TCPRcvCollapsed=0 TCPAbortOnMemory=0 TCPMemoryPressures=0 TCPMemoryPressuresChrono=0 TCPBacklogDrop=0 TCPZeroWindowDrop=0 TCPRcvQDrop=0 MemAvailable:2424M SwapFree:1023M Dirty:0M Slab:851M psi_mem=avg60=0.00 psi_cpu=avg60=1.22 load=7.11,3.13,1.19 cpu_u=45425 n=0 s=28062 i=94891 io=517 irq=0 sirq=11692
[sys] 09:57:39 tcp_alloc=199623 tcp_mem_pages=10240 PruneCalled=0 RcvPruned=0 TCPRcvCollapsed=0 TCPAbortOnMemory=0 TCPMemoryPressures=0 TCPMemoryPressuresChrono=0 TCPBacklogDrop=0 TCPZeroWindowDrop=0 TCPRcvQDrop=0 MemAvailable:2432M SwapFree:1023M Dirty:0M Slab:853M psi_mem=avg60=0.00 psi_cpu=avg60=1.20 load=7.34,3.24,1.24 cpu_u=47470 n=0 s=28609 i=96253 io=517 irq=0 sirq=12180
  [diag] progress t=120s delivered=3971177 matched=3940463 events~=39 subscribed=99600 rss_mib=4376 swap_mib=0 fanout_done=false
[sys] 09:57:44 tcp_alloc=199623 tcp_mem_pages=27904 PruneCalled=0 RcvPruned=0 TCPRcvCollapsed=0 TCPAbortOnMemory=0 TCPMemoryPressures=0 TCPMemoryPressuresChrono=0 TCPBacklogDrop=0 TCPZeroWindowDrop=0 TCPRcvQDrop=0 MemAvailable:2418M SwapFree:1023M Dirty:0M Slab:870M psi_mem=avg60=0.00 psi_cpu=avg60=1.18 load=7.48,3.34,1.28 cpu_u=49322 n=0 s=29191 i=97503 io=517 irq=0 sirq=12737
[sys] 09:57:49 tcp_alloc=199623 tcp_mem_pages=14080 PruneCalled=0 RcvPruned=0 TCPRcvCollapsed=0 TCPAbortOnMemory=0 TCPMemoryPressures=0 TCPMemoryPressuresChrono=0 TCPBacklogDrop=0 TCPZeroWindowDrop=0 TCPRcvQDrop=0 MemAvailable:2461M SwapFree:1023M Dirty:0M Slab:857M psi_mem=avg60=0.00 psi_cpu=avg60=1.13 load=7.68,3.45,1.33 cpu_u=51439 n=0 s=29850 i=98771 io=518 irq=0 sirq=13259
  [diag] progress t=130s delivered=4361417 matched=4338863 events~=43 subscribed=99656 rss_mib=4422 swap_mib=0 fanout_done=false
[sys] 09:57:55 tcp_alloc=199679 tcp_mem_pages=9216 PruneCalled=0 RcvPruned=0 TCPRcvCollapsed=0 TCPAbortOnMemory=0 TCPMemoryPressures=0 TCPMemoryPressuresChrono=0 TCPBacklogDrop=0 TCPZeroWindowDrop=0 TCPRcvQDrop=0 MemAvailable:2347M SwapFree:1023M Dirty:0M Slab:858M psi_mem=avg60=0.00 psi_cpu=avg60=1.12 load=7.87,3.56,1.37 cpu_u=53277 n=0 s=30458 i=100084 io=518 irq=0 sirq=13802
[sys] 09:58:00 tcp_alloc=199679 tcp_mem_pages=11008 PruneCalled=0 RcvPruned=0 TCPRcvCollapsed=0 TCPAbortOnMemory=0 TCPMemoryPressures=0 TCPMemoryPressuresChrono=0 TCPBacklogDrop=0 TCPZeroWindowDrop=0 TCPRcvQDrop=0 MemAvailable:2354M SwapFree:1023M Dirty:0M Slab:852M psi_mem=avg60=0.00 psi_cpu=avg60=1.08 load=8.04,3.67,1.42 cpu_u=55339 n=0 s=31116 i=101149 io=518 irq=0 sirq=14377
  [diag] progress t=140s delivered=4740167 matched=4737431 events~=47 subscribed=99656 rss_mib=4377 swap_mib=0 fanout_done=false
[sys] 09:58:05 tcp_alloc=199679 tcp_mem_pages=10496 PruneCalled=0 RcvPruned=0 TCPRcvCollapsed=0 TCPAbortOnMemory=0 TCPMemoryPressures=0 TCPMemoryPressuresChrono=0 TCPBacklogDrop=0 TCPZeroWindowDrop=0 TCPRcvQDrop=0 MemAvailable:2391M SwapFree:1023M Dirty:0M Slab:853M psi_mem=avg60=0.00 psi_cpu=avg60=1.07 load=8.03,3.74,1.46 cpu_u=57405 n=0 s=31770 i=102326 io=518 irq=0 sirq=14927
[sys] 09:58:10 tcp_alloc=199739 tcp_mem_pages=10240 PruneCalled=0 RcvPruned=0 TCPRcvCollapsed=0 TCPAbortOnMemory=0 TCPMemoryPressures=0 TCPMemoryPressuresChrono=0 TCPBacklogDrop=0 TCPZeroWindowDrop=0 TCPRcvQDrop=0 MemAvailable:2348M SwapFree:1023M Dirty:0M Slab:852M psi_mem=avg60=0.00 psi_cpu=avg60=1.06 load=8.19,3.84,1.50 cpu_u=59572 n=0 s=32468 i=103514 io=519 irq=0 sirq=15509
  [diag] progress t=150s delivered=5191716 matched=5235831 events~=52 subscribed=99716 rss_mib=4371 swap_mib=0 fanout_done=false
[sys] 09:58:15 tcp_alloc=199739 tcp_mem_pages=9984 PruneCalled=0 RcvPruned=0 TCPRcvCollapsed=0 TCPAbortOnMemory=0 TCPMemoryPressures=0 TCPMemoryPressuresChrono=0 TCPBacklogDrop=0 TCPZeroWindowDrop=0 TCPRcvQDrop=0 MemAvailable:2345M SwapFree:1023M Dirty:0M Slab:860M psi_mem=avg60=0.00 psi_cpu=avg60=1.06 load=8.34,3.94,1.55 cpu_u=61621 n=0 s=33172 i=104861 io=519 irq=0 sirq=16043
[sys] 09:58:20 tcp_alloc=199739 tcp_mem_pages=8448 PruneCalled=0 RcvPruned=0 TCPRcvCollapsed=0 TCPAbortOnMemory=0 TCPMemoryPressures=0 TCPMemoryPressuresChrono=0 TCPBacklogDrop=0 TCPZeroWindowDrop=0 TCPRcvQDrop=0 MemAvailable:2394M SwapFree:1023M Dirty:0M Slab:857M psi_mem=avg60=0.00 psi_cpu=avg60=1.09 load=8.47,4.05,1.59 cpu_u=63756 n=0 s=33870 i=106047 io=519 irq=0 sirq=16610
  [diag] progress t=160s delivered=5685685 matched=5634695 events~=56 subscribed=99716 rss_mib=4440 swap_mib=0 fanout_done=false
[sys] 09:58:25 tcp_alloc=199739 tcp_mem_pages=23552 PruneCalled=0 RcvPruned=0 TCPRcvCollapsed=0 TCPAbortOnMemory=0 TCPMemoryPressures=0 TCPMemoryPressuresChrono=0 TCPBacklogDrop=0 TCPZeroWindowDrop=0 TCPRcvQDrop=0 MemAvailable:2319M SwapFree:1023M Dirty:0M Slab:866M psi_mem=avg60=0.00 psi_cpu=avg60=1.08 load=8.59,4.14,1.64 cpu_u=65977 n=0 s=34608 i=107194 io=519 irq=0 sirq=17198
[sys] 09:58:30 tcp_alloc=199739 tcp_mem_pages=12288 PruneCalled=0 RcvPruned=0 TCPRcvCollapsed=0 TCPAbortOnMemory=0 TCPMemoryPressures=0 TCPMemoryPressuresChrono=0 TCPBacklogDrop=0 TCPZeroWindowDrop=0 TCPRcvQDrop=0 MemAvailable:2328M SwapFree:1023M Dirty:0M Slab:857M psi_mem=avg60=0.00 psi_cpu=avg60=1.07 load=8.62,4.23,1.68 cpu_u=68073 n=0 s=35273 i=108344 io=519 irq=0 sirq=17759
  [diag] progress t=170s delivered=6100953 matched=6133275 events~=61 subscribed=99716 rss_mib=4384 swap_mib=0 fanout_done=false
[sys] 09:58:35 tcp_alloc=199739 tcp_mem_pages=5120 PruneCalled=0 RcvPruned=0 TCPRcvCollapsed=0 TCPAbortOnMemory=0 TCPMemoryPressures=0 TCPMemoryPressuresChrono=0 TCPBacklogDrop=0 TCPZeroWindowDrop=0 TCPRcvQDrop=0 MemAvailable:2385M SwapFree:1023M Dirty:0M Slab:854M psi_mem=avg60=0.00 psi_cpu=avg60=1.00 load=8.74,4.32,1.72 cpu_u=70293 n=0 s=35996 i=109634 io=519 irq=0 sirq=18312
[sys] 09:58:40 tcp_alloc=199756 tcp_mem_pages=7168 PruneCalled=0 RcvPruned=0 TCPRcvCollapsed=0 TCPAbortOnMemory=0 TCPMemoryPressures=0 TCPMemoryPressuresChrono=0 TCPBacklogDrop=0 TCPZeroWindowDrop=0 TCPRcvQDrop=0 MemAvailable:2310M SwapFree:1023M Dirty:0M Slab:849M psi_mem=avg60=0.00 psi_cpu=avg60=1.00 load=8.44,4.33,1.74 cpu_u=71973 n=0 s=36528 i=110686 io=519 irq=0 sirq=18866
  [diag] progress t=180s delivered=6395312 matched=6432423 events~=64 subscribed=99888 rss_mib=4463 swap_mib=0 fanout_done=false
[sys] 09:58:45 tcp_alloc=199989 tcp_mem_pages=23040 PruneCalled=0 RcvPruned=0 TCPRcvCollapsed=0 TCPAbortOnMemory=0 TCPMemoryPressures=0 TCPMemoryPressuresChrono=0 TCPBacklogDrop=0 TCPZeroWindowDrop=0 TCPRcvQDrop=0 MemAvailable:2280M SwapFree:1023M Dirty:0M Slab:867M psi_mem=avg60=0.00 psi_cpu=avg60=1.15 load=8.48,4.41,1.78 cpu_u=73562 n=0 s=37074 i=111734 io=519 irq=0 sirq=19324
[sys] 09:58:50 tcp_alloc=200023 tcp_mem_pages=9728 PruneCalled=0 RcvPruned=0 TCPRcvCollapsed=0 TCPAbortOnMemory=0 TCPMemoryPressures=0 TCPMemoryPressuresChrono=0 TCPBacklogDrop=0 TCPZeroWindowDrop=0 TCPRcvQDrop=0 MemAvailable:2314M SwapFree:1023M Dirty:0M Slab:862M psi_mem=avg60=0.00 psi_cpu=avg60=1.18 load=8.60,4.50,1.82 cpu_u=75039 n=0 s=37629 i=112905 io=519 irq=0 sirq=19828
  [diag] progress t=190s delivered=6733449 matched=6831999 events~=68 subscribed=100000 rss_mib=4443 swap_mib=0 fanout_done=false
[sys] 09:58:55 tcp_alloc=200023 tcp_mem_pages=74240 PruneCalled=0 RcvPruned=0 TCPRcvCollapsed=0 TCPAbortOnMemory=0 TCPMemoryPressures=0 TCPMemoryPressuresChrono=0 TCPBacklogDrop=0 TCPZeroWindowDrop=0 TCPRcvQDrop=0 MemAvailable:2180M SwapFree:1023M Dirty:0M Slab:924M psi_mem=avg60=0.00 psi_cpu=avg60=1.19 load=8.72,4.60,1.87 cpu_u=77052 n=0 s=38212 i=113961 io=520 irq=0 sirq=20406
[sys] 09:59:00 tcp_alloc=200023 tcp_mem_pages=6400 PruneCalled=0 RcvPruned=0 TCPRcvCollapsed=0 TCPAbortOnMemory=0 TCPMemoryPressures=0 TCPMemoryPressuresChrono=0 TCPBacklogDrop=0 TCPZeroWindowDrop=0 TCPRcvQDrop=0 MemAvailable:2319M SwapFree:1023M Dirty:0M Slab:857M psi_mem=avg60=0.00 psi_cpu=avg60=1.21 load=8.50,4.62,1.89 cpu_u=78686 n=0 s=38830 i=115322 io=520 irq=0 sirq=20894
  [diag] progress t=200s delivered=7068492 matched=7031999 events~=70 subscribed=100000 rss_mib=4410 swap_mib=0 fanout_done=false
[sys] 09:59:05 tcp_alloc=200023 tcp_mem_pages=5888 PruneCalled=0 RcvPruned=0 TCPRcvCollapsed=0 TCPAbortOnMemory=0 TCPMemoryPressures=0 TCPMemoryPressuresChrono=0 TCPBacklogDrop=0 TCPZeroWindowDrop=0 TCPRcvQDrop=0 MemAvailable:2345M SwapFree:1023M Dirty:0M Slab:854M psi_mem=avg60=0.00 psi_cpu=avg60=1.22 load=8.62,4.71,1.93 cpu_u=80565 n=0 s=39458 i=116570 io=520 irq=0 sirq=21417
[sys] 09:59:10 tcp_alloc=200023 tcp_mem_pages=25088 PruneCalled=0 RcvPruned=0 TCPRcvCollapsed=0 TCPAbortOnMemory=0 TCPMemoryPressures=0 TCPMemoryPressuresChrono=0 TCPBacklogDrop=0 TCPZeroWindowDrop=0 TCPRcvQDrop=0 MemAvailable:2325M SwapFree:1023M Dirty:0M Slab:869M psi_mem=avg60=0.00 psi_cpu=avg60=1.24 load=8.17,4.68,1.94 cpu_u=82545 n=0 s=39949 i=117646 io=521 irq=0 sirq=21924
  [diag] progress t=210s delivered=7314278 matched=7331999 events~=73 subscribed=100000 rss_mib=4445 swap_mib=0 fanout_done=false
[sys] 09:59:15 tcp_alloc=200023 tcp_mem_pages=28160 PruneCalled=0 RcvPruned=0 TCPRcvCollapsed=0 TCPAbortOnMemory=0 TCPMemoryPressures=0 TCPMemoryPressuresChrono=0 TCPBacklogDrop=0 TCPZeroWindowDrop=0 TCPRcvQDrop=0 MemAvailable:2258M SwapFree:1023M Dirty:0M Slab:873M psi_mem=avg60=0.00 psi_cpu=avg60=1.25 load=8.32,4.77,1.98 cpu_u=84024 n=0 s=40477 i=118899 io=521 irq=0 sirq=22383
[sys] 09:59:20 tcp_alloc=200023 tcp_mem_pages=14848 PruneCalled=0 RcvPruned=0 TCPRcvCollapsed=0 TCPAbortOnMemory=0 TCPMemoryPressures=0 TCPMemoryPressuresChrono=0 TCPBacklogDrop=0 TCPZeroWindowDrop=0 TCPRcvQDrop=0 MemAvailable:2280M SwapFree:1023M Dirty:0M Slab:858M psi_mem=avg60=0.00 psi_cpu=avg60=1.26 load=8.29,4.82,2.02 cpu_u=85544 n=0 s=40974 i=119910 io=521 irq=0 sirq=22868
  [diag] progress t=220s delivered=7643137 matched=7731999 events~=77 subscribed=100000 rss_mib=4494 swap_mib=0 fanout_done=false
[sys] 09:59:25 tcp_alloc=200023 tcp_mem_pages=6656 PruneCalled=0 RcvPruned=0 TCPRcvCollapsed=0 TCPAbortOnMemory=0 TCPMemoryPressures=0 TCPMemoryPressuresChrono=0 TCPBacklogDrop=0 TCPZeroWindowDrop=0 TCPRcvQDrop=0 MemAvailable:2346M SwapFree:1023M Dirty:0M Slab:854M psi_mem=avg60=0.00 psi_cpu=avg60=1.24 load=8.43,4.91,2.06 cpu_u=87191 n=0 s=41575 i=121152 io=521 irq=0 sirq=23364
[sys] 09:59:30 tcp_alloc=200023 tcp_mem_pages=9472 PruneCalled=0 RcvPruned=0 TCPRcvCollapsed=0 TCPAbortOnMemory=0 TCPMemoryPressures=0 TCPMemoryPressuresChrono=0 TCPBacklogDrop=0 TCPZeroWindowDrop=0 TCPRcvQDrop=0 MemAvailable:2363M SwapFree:1023M Dirty:0M Slab:852M psi_mem=avg60=0.00 psi_cpu=avg60=1.22 load=8.55,4.99,2.10 cpu_u=89156 n=0 s=42334 i=122565 io=521 irq=0 sirq=23945
  [diag] progress t=230s delivered=8314658 matched=8331999 events~=83 subscribed=100000 rss_mib=4410 swap_mib=0 fanout_done=false
[sys] 09:59:35 tcp_alloc=200023 tcp_mem_pages=15616 PruneCalled=0 RcvPruned=0 TCPRcvCollapsed=0 TCPAbortOnMemory=0 TCPMemoryPressures=0 TCPMemoryPressuresChrono=0 TCPBacklogDrop=0 TCPZeroWindowDrop=0 TCPRcvQDrop=0 MemAvailable:2310M SwapFree:1023M Dirty:0M Slab:859M psi_mem=avg60=0.00 psi_cpu=avg60=1.17 load=8.67,5.08,2.15 cpu_u=91082 n=0 s=43018 i=123896 io=521 irq=0 sirq=24505
[sys] 09:59:40 tcp_alloc=200023 tcp_mem_pages=4096 PruneCalled=0 RcvPruned=0 TCPRcvCollapsed=0 TCPAbortOnMemory=0 TCPMemoryPressures=0 TCPMemoryPressuresChrono=0 TCPBacklogDrop=0 TCPZeroWindowDrop=0 TCPRcvQDrop=0 MemAvailable:2296M SwapFree:1023M Dirty:0M Slab:851M psi_mem=avg60=0.00 psi_cpu=avg60=1.16 load=8.70,5.14,2.18 cpu_u=93002 n=0 s=43724 i=125028 io=521 irq=0 sirq=25068
  [diag] progress t=240s delivered=8887998 matched=8931999 events~=89 subscribed=100000 rss_mib=4410 swap_mib=0 fanout_done=false
[sys] 09:59:45 tcp_alloc=200023 tcp_mem_pages=8448 PruneCalled=0 RcvPruned=0 TCPRcvCollapsed=0 TCPAbortOnMemory=0 TCPMemoryPressures=0 TCPMemoryPressuresChrono=0 TCPBacklogDrop=0 TCPZeroWindowDrop=0 TCPRcvQDrop=0 MemAvailable:2269M SwapFree:1023M Dirty:0M Slab:851M psi_mem=avg60=0.00 psi_cpu=avg60=1.11 load=8.80,5.22,2.22 cpu_u=95004 n=0 s=44451 i=126300 io=521 irq=0 sirq=25655
[sys] 09:59:50 tcp_alloc=200023 tcp_mem_pages=3584 PruneCalled=0 RcvPruned=0 TCPRcvCollapsed=0 TCPAbortOnMemory=0 TCPMemoryPressures=0 TCPMemoryPressuresChrono=0 TCPBacklogDrop=0 TCPZeroWindowDrop=0 TCPRcvQDrop=0 MemAvailable:2324M SwapFree:1023M Dirty:0M Slab:849M psi_mem=avg60=0.00 psi_cpu=avg60=1.10 load=8.58,5.24,2.25 cpu_u=96812 n=0 s=45090 i=127560 io=521 irq=0 sirq=26197
  [diag] progress t=250s delivered=9437794 matched=9431999 events~=94 subscribed=100000 rss_mib=4467 swap_mib=0 fanout_done=false
[sys] 09:59:56 tcp_alloc=200023 tcp_mem_pages=4608 PruneCalled=0 RcvPruned=0 TCPRcvCollapsed=0 TCPAbortOnMemory=0 TCPMemoryPressures=0 TCPMemoryPressuresChrono=0 TCPBacklogDrop=0 TCPZeroWindowDrop=0 TCPRcvQDrop=0 MemAvailable:2378M SwapFree:1023M Dirty:0M Slab:854M psi_mem=avg60=0.00 psi_cpu=avg60=1.09 load=8.69,5.32,2.29 cpu_u=98672 n=0 s=45748 i=128652 io=521 irq=0 sirq=26717
[sys] 10:00:01 tcp_alloc=200023 tcp_mem_pages=13056 PruneCalled=0 RcvPruned=0 TCPRcvCollapsed=0 TCPAbortOnMemory=0 TCPMemoryPressures=0 TCPMemoryPressuresChrono=0 TCPBacklogDrop=0 TCPZeroWindowDrop=0 TCPRcvQDrop=0 MemAvailable:2305M SwapFree:1023M Dirty:0M Slab:859M psi_mem=avg60=0.00 psi_cpu=avg60=1.08 load=8.80,5.39,2.33 cpu_u=100544 n=0 s=46313 i=129622 io=522 irq=0 sirq=27235
  [diag] progress t=260s delivered=9863966 matched=9931999 events~=99 subscribed=100000 rss_mib=4410 swap_mib=0 fanout_done=false
[sys] 10:00:06 tcp_alloc=200023 tcp_mem_pages=14848 PruneCalled=0 RcvPruned=0 TCPRcvCollapsed=0 TCPAbortOnMemory=0 TCPMemoryPressures=0 TCPMemoryPressuresChrono=0 TCPBacklogDrop=0 TCPZeroWindowDrop=0 TCPRcvQDrop=0 MemAvailable:2273M SwapFree:1023M Dirty:0M Slab:874M psi_mem=avg60=0.00 psi_cpu=avg60=1.04 load=8.89,5.47,2.37 cpu_u=102524 n=0 s=46902 i=130957 io=522 irq=0 sirq=27729
[sys] 10:00:11 tcp_alloc=200023 tcp_mem_pages=5888 PruneCalled=0 RcvPruned=0 TCPRcvCollapsed=0 TCPAbortOnMemory=0 TCPMemoryPressures=0 TCPMemoryPressuresChrono=0 TCPBacklogDrop=0 TCPZeroWindowDrop=0 TCPRcvQDrop=0 MemAvailable:2377M SwapFree:1023M Dirty:0M Slab:860M psi_mem=avg60=0.00 psi_cpu=avg60=1.10 load=8.98,5.55,2.41 cpu_u=103939 n=0 s=47307 i=131862 io=522 irq=0 sirq=28180
  [diag] progress t=270s delivered=10058504 matched=10131999 events~=101 subscribed=100000 rss_mib=4473 swap_mib=0 fanout_done=false
[sys] 10:00:16 tcp_alloc=200023 tcp_mem_pages=10496 PruneCalled=0 RcvPruned=0 TCPRcvCollapsed=0 TCPAbortOnMemory=0 TCPMemoryPressures=0 TCPMemoryPressuresChrono=0 TCPBacklogDrop=0 TCPZeroWindowDrop=0 TCPRcvQDrop=0 MemAvailable:2322M SwapFree:1023M Dirty:0M Slab:857M psi_mem=avg60=0.00 psi_cpu=avg60=1.09 load=9.14,5.64,2.46 cpu_u=105503 n=0 s=47824 i=133127 io=522 irq=0 sirq=28661
[sys] 10:00:21 tcp_alloc=200023 tcp_mem_pages=6656 PruneCalled=0 RcvPruned=0 TCPRcvCollapsed=0 TCPAbortOnMemory=0 TCPMemoryPressures=0 TCPMemoryPressuresChrono=0 TCPBacklogDrop=0 TCPZeroWindowDrop=0 TCPRcvQDrop=0 MemAvailable:2361M SwapFree:1023M Dirty:0M Slab:860M psi_mem=avg60=0.00 psi_cpu=avg60=1.11 load=9.21,5.71,2.50 cpu_u=107174 n=0 s=48389 i=134219 io=522 irq=0 sirq=29159
  [diag] progress t=280s delivered=10369633 matched=10431999 events~=104 subscribed=100000 rss_mib=4453 swap_mib=0 fanout_done=false
[sys] 10:00:26 tcp_alloc=200023 tcp_mem_pages=6656 PruneCalled=0 RcvPruned=0 TCPRcvCollapsed=0 TCPAbortOnMemory=0 TCPMemoryPressures=0 TCPMemoryPressuresChrono=0 TCPBacklogDrop=0 TCPZeroWindowDrop=0 TCPRcvQDrop=0 MemAvailable:2382M SwapFree:1023M Dirty:0M Slab:855M psi_mem=avg60=0.00 psi_cpu=avg60=1.17 load=9.28,5.78,2.54 cpu_u=108956 n=0 s=49049 i=135433 io=522 irq=0 sirq=29758
[sys] 10:00:31 tcp_alloc=200023 tcp_mem_pages=5376 PruneCalled=0 RcvPruned=0 TCPRcvCollapsed=0 TCPAbortOnMemory=0 TCPMemoryPressures=0 TCPMemoryPressuresChrono=0 TCPBacklogDrop=0 TCPZeroWindowDrop=0 TCPRcvQDrop=0 MemAvailable:2331M SwapFree:1023M Dirty:0M Slab:850M psi_mem=avg60=0.00 psi_cpu=avg60=1.12 load=9.33,5.85,2.58 cpu_u=110778 n=0 s=49747 i=136856 io=522 irq=0 sirq=30322
  [diag] progress t=290s delivered=10910289 matched=10931999 events~=109 subscribed=100000 rss_mib=4445 swap_mib=0 fanout_done=false
[sys] 10:00:36 tcp_alloc=200023 tcp_mem_pages=7936 PruneCalled=0 RcvPruned=0 TCPRcvCollapsed=0 TCPAbortOnMemory=0 TCPMemoryPressures=0 TCPMemoryPressuresChrono=0 TCPBacklogDrop=0 TCPZeroWindowDrop=0 TCPRcvQDrop=0 MemAvailable:2359M SwapFree:1023M Dirty:0M Slab:850M psi_mem=avg60=0.00 psi_cpu=avg60=1.11 load=9.31,5.90,2.61 cpu_u=112735 n=0 s=50355 i=138175 io=522 irq=0 sirq=30888
[sys] 10:00:41 tcp_alloc=200023 tcp_mem_pages=4608 PruneCalled=0 RcvPruned=0 TCPRcvCollapsed=0 TCPAbortOnMemory=0 TCPMemoryPressures=0 TCPMemoryPressuresChrono=0 TCPBacklogDrop=0 TCPZeroWindowDrop=0 TCPRcvQDrop=0 MemAvailable:2298M SwapFree:1023M Dirty:0M Slab:848M psi_mem=avg60=0.00 psi_cpu=avg60=1.39 load=9.36,5.97,2.65 cpu_u=113450 n=0 s=50556 i=138751 io=522 irq=0 sirq=31157
  [diag] at window end: connected=100000 subscribed=100000 connect_failed=0 subscribed_at_start=83338 late_subscribers=16662 (late subscribers' pre-subscribe events stay in the drop count)
  [diag] router: matched=11031999 delivered=11031999 dropped=0 faulted=0 events_fanned_out~=110 (matched/subscribed)
  [diag] undelivered breakdown (events): never_connected_x_events=0 pre_subscribe_or_not_yet_fanned_out=38968001 router_dropped=0 router_faulted=0 in_flight_or_unaccounted=0 sum=38968001 (attempted-delivered=38946193)
  [diag] completed=false (delivered 11053807 of 50000000 before the 300s window) peak_rss_mib=4504
  [diag] finish: fanout_done=false reachable=11031999 delivered=11053807 elapsed_to_finish=n/a
  [diag] stages events=116 match=826.44ms/ev deliver=1672.72ms/ev ack_scan=27.57ms/ev busy=293.10s wall=300.04s busy_frac=0.977
  [diag] progress t=300s delivered=11053822 matched=11031999 events~=110 subscribed=100000 rss_mib=4467 swap_mib=0 fanout_done=false
  [diag] cpu proc_cpu=2229.15s wall=300.04s cores_used=7.43 nproc=10
  [diag] fanout_task_finished=false (true = replicator budget exhausted before the window closed)

=== nostos-bench-10k probe ===
  clients   : 100000
  events    : 500 (attempted deliveries: 50000000)
  window    : 300s
  ---------------------------
  delivered : 11053807
  ops/sec   : 36842
  drop%     : 77.89
  elapsed   : 300.04s
  elapsed_to_finish : n/a (window expired)
  ops/sec (finish)  : n/a
[sys] 10:00:46 tcp_alloc=181779 tcp_mem_pages=25856 PruneCalled=0 RcvPruned=0 TCPRcvCollapsed=0 TCPAbortOnMemory=0 TCPMemoryPressures=0 TCPMemoryPressuresChrono=0 TCPBacklogDrop=0 TCPZeroWindowDrop=0 TCPRcvQDrop=0 MemAvailable:6807M SwapFree:1023M Dirty:0M Slab:821M psi_mem=avg60=0.00 psi_cpu=avg60=1.66 load=9.33,6.02,2.69 cpu_u=114157 n=0 s=50888 i=141032 io=522 irq=0 sirq=31434
SOAK rc=0 10:00:48
HOST tier=100000 end 20:00:49 load1=31.52 rc=0
LINUX_DIAG_EXIT=0
