[host] 22:32:16 tier=100000 load1=3.99 other_total=27.7 other_max=4.7 cmd=WindowServer
[host] 22:32:28 tier=100000 load1=5.71 other_total=86.2 other_max=25.6 cmd=Code Helper (Ren
[host] 22:32:40 tier=100000 load1=6.01 other_total=29.3 other_max=5.1 cmd=WindowServer
[host] 22:32:52 tier=100000 load1=4.90 other_total=100.6 other_max=20.1 cmd=Code Helper (Ren
[host] 22:33:04 tier=100000 load1=5.84 other_total=70.8 other_max=18.3 cmd=Code Helper (Ren
[host] 22:33:17 tier=100000 load1=7.20 other_total=83.6 other_max=18.4 cmd=Code Helper (Ren
[host] 22:33:29 tier=100000 load1=7.79 other_total=49.0 other_max=8.9 cmd=python3.13
[host] 22:33:41 tier=100000 load1=8.12 other_total=51.2 other_max=12.6 cmd=Code Helper (Ren
[host] 22:33:54 tier=100000 load1=9.25 other_total=34.7 other_max=9.4 cmd=python3.13
[host] 22:34:06 tier=100000 load1=10.77 other_total=53.0 other_max=25.2 cmd=Code Helper (Ren
[host] 22:34:19 tier=100000 load1=11.16 other_total=25.1 other_max=6.0 cmd=node
[host] 22:34:31 tier=100000 load1=10.94 other_total=80.2 other_max=22.4 cmd=Code Helper (Ren
[host] 22:34:44 tier=100000 load1=11.26 other_total=45.2 other_max=13.8 cmd=Code Helper (Ren
[host] 22:34:56 tier=100000 load1=10.48 other_total=38.8 other_max=6.4 cmd=2.1.278
[host] 22:35:09 tier=100000 load1=10.81 other_total=23.7 other_max=4.0 cmd=2.1.278
[host] 22:35:21 tier=100000 load1=10.43 other_total=59.8 other_max=18.1 cmd=Code Helper (Ren
[host] 22:35:34 tier=100000 load1=10.84 other_total=90.9 other_max=18.6 cmd=Code Helper (Ren
[host] 22:35:47 tier=100000 load1=11.14 other_total=73.1 other_max=16.3 cmd=Code Helper (Ren
[host] 22:36:00 tier=100000 load1=11.90 other_total=54.5 other_max=16.2 cmd=Code Helper (Ren
[host] 22:36:13 tier=100000 load1=11.27 other_total=37.7 other_max=6.3 cmd=2.1.278
[host] 22:36:26 tier=100000 load1=11.00 other_total=59.7 other_max=19.5 cmd=python3.13
[host] 22:36:38 tier=100000 load1=10.49 other_total=43.2 other_max=8.2 cmd=WindowServer
[host] 22:36:51 tier=100000 load1=10.39 other_total=105.4 other_max=28.6 cmd=WindowServer
[host] 22:37:04 tier=100000 load1=12.13 other_total=103.0 other_max=23.7 cmd=WindowServer
[host] 22:37:16 tier=100000 load1=10.94 other_total=27.5 other_max=4.7 cmd=mds_stores
[host] 22:37:28 tier=100000 load1=12.53 other_total=38.3 other_max=27.9 cmd=Code Helper (Ren
[host] 22:37:40 tier=100000 load1=12.37 other_total=11.3 other_max=2.1 cmd=2.1.277
