22:25:45 { 5.41 7.30 15.76 }
22:25:55 { 5.12 7.17 15.62 }
22:26:05 { 7.79 7.68 15.70 }
22:26:15 { 8.17 7.77 15.64 }
22:26:25 { 7.30 7.59 15.48 }
22:26:35 { 7.12 7.54 15.37 }
22:26:45 { 7.79 7.67 15.33 }
22:26:55 { 8.60 7.85 15.30 }
22:27:05 { 9.12 7.98 15.26 }
22:27:15 { 9.72 8.15 15.23 }
22:27:25 { 10.86 8.44 15.25 }
22:27:35 { 11.14 8.57 15.22 }
22:27:45 { 11.82 8.80 15.23 }
22:27:55 { 11.60 8.91 15.15 }
22:28:05 { 11.58 8.99 15.11 }
22:28:15 { 11.25 9.01 15.04 }
22:28:25 { 11.39 9.12 15.01 }
22:28:35 { 11.30 9.18 14.96 }
22:28:45 { 10.32 9.04 14.85 }
22:28:55 { 10.90 9.21 14.84 }
22:29:05 { 11.92 9.48 14.87 }
22:29:15 { 12.15 9.61 14.85 }
22:29:25 { 12.13 9.69 14.82 }
22:29:35 { 12.17 9.78 14.79 }
22:29:45 { 12.77 9.98 14.80 }
22:29:55 { 12.72 10.07 14.78 }
22:30:05 { 12.01 10.00 14.70 }
22:30:15 { 11.29 9.92 14.61 }
22:30:25 { 11.25 9.95 14.57 }
22:30:35 { 11.66 10.08 14.56 }
22:30:45 { 15.01 10.83 14.77 }
22:30:55 { 13.98 10.75 14.70 }
22:31:05 { 13.88 10.84 14.68 }
22:31:15 { 14.21 11.01 14.70 }
22:31:25 { 13.93 11.05 14.67 }
22:31:35 { 13.38 11.03 14.62 }
22:31:46 { 12.35 10.89 14.53 }
22:31:56 { 12.76 11.02 14.53 }
22:32:06 { 12.56 11.04 14.49 }
22:32:16 { 11.90 10.94 14.42 }
22:32:26 { 12.22 11.04 14.41 }
22:32:36 { 11.89 11.00 14.36 }
22:32:46 { 12.92 11.26 14.41 }
22:32:56 { 11.46 11.01 14.29 }
