BUILD start 12:33:26 tag=fanout-diag
    Finished `release` profile [optimized] target(s) in 0.15s
BUILD ok 12:33:26
HOST tier=100000 start 22:34:26 load1=4.39 waited=60s
env: Linux 7.0.12-linuxkit aarch64 nproc=10 nofile=1048576 mem=8124512kB swap=1048572kB tcp_rmem=4096-131072-33554432 tcp_wmem=4096-16384-4194304
SOAK start 12:34:26 clients=100000 events=5000 window=1200 ack=1 listeners=2
  [diag] listeners: ws://127.0.0.1:10515/sync ws://127.0.0.2:3257/sync
[sys] 12:34:26 tcp_alloc=12 tcp_mem_pages=872 PruneCalled=0 RcvPruned=0 TCPRcvCollapsed=0 TCPAbortOnMemory=0 TCPMemoryPressures=0 TCPMemoryPressuresChrono=0 TCPBacklogDrop=0 TCPZeroWindowDrop=0 TCPRcvQDrop=0 MemAvailable:7287M SwapFree:1023M Dirty:0M Slab:152M psi_mem=avg60=0.00 psi_cpu=avg60=0.11 load=1.42,4.28,3.23 cpu_u=260188 n=0 s=127727 i=1136204 io=4478 irq=0 sirq=63956
[sys] 12:34:31 tcp_alloc=96331 tcp_mem_pages=49256 PruneCalled=0 RcvPruned=0 TCPRcvCollapsed=0 TCPAbortOnMemory=0 TCPMemoryPressures=0 TCPMemoryPressuresChrono=0 TCPBacklogDrop=0 TCPZeroWindowDrop=0 TCPRcvQDrop=0 MemAvailable:6057M SwapFree:1023M Dirty:0M Slab:563M psi_mem=avg60=0.00 psi_cpu=avg60=0.30 load=2.11,4.37,3.27 cpu_u=260295 n=0 s=131809 i=1136333 io=4478 irq=0 sirq=64029
[sys] 12:34:36 tcp_alloc=112932 tcp_mem_pages=58728 PruneCalled=0 RcvPruned=0 TCPRcvCollapsed=0 TCPAbortOnMemory=0 TCPMemoryPressures=0 TCPMemoryPressuresChrono=0 TCPBacklogDrop=0 TCPZeroWindowDrop=0 TCPRcvQDrop=0 MemAvailable:5911M SwapFree:1023M Dirty:0M Slab:629M psi_mem=avg60=0.00 psi_cpu=avg60=0.37 load=2.74,4.47,3.30 cpu_u=260329 n=0 s=135883 i=1136421 io=4478 irq=0 sirq=64053
[sys] 12:34:42 tcp_alloc=129338 tcp_mem_pages=74856 PruneCalled=0 RcvPruned=0 TCPRcvCollapsed=0 TCPAbortOnMemory=0 TCPMemoryPressures=0 TCPMemoryPressuresChrono=0 TCPBacklogDrop=0 TCPZeroWindowDrop=0 TCPRcvQDrop=0 MemAvailable:5441M SwapFree:1023M Dirty:0M Slab:712M psi_mem=avg60=0.00 psi_cpu=avg60=0.47 load=3.32,4.56,3.34 cpu_u=260457 n=0 s=139666 i=1136631 io=4478 irq=0 sirq=64124
[sys] 12:34:47 tcp_alloc=167604 tcp_mem_pages=32616 PruneCalled=0 RcvPruned=0 TCPRcvCollapsed=0 TCPAbortOnMemory=0 TCPMemoryPressures=0 TCPMemoryPressuresChrono=0 TCPBacklogDrop=0 TCPZeroWindowDrop=0 TCPRcvQDrop=0 MemAvailable:4015M SwapFree:1023M Dirty:0M Slab:855M psi_mem=avg60=0.00 psi_cpu=avg60=0.55 load=3.78,4.63,3.37 cpu_u=260844 n=0 s=140046 i=1140517 io=4478 irq=0 sirq=64288
[sys] 12:34:52 tcp_alloc=174529 tcp_mem_pages=25960 PruneCalled=0 RcvPruned=0 TCPRcvCollapsed=0 TCPAbortOnMemory=0 TCPMemoryPressures=0 TCPMemoryPressuresChrono=0 TCPBacklogDrop=0 TCPZeroWindowDrop=0 TCPRcvQDrop=0 MemAvailable:3807M SwapFree:1023M Dirty:0M Slab:875M psi_mem=avg60=0.00 psi_cpu=avg60=0.51 load=3.47,4.56,3.35 cpu_u=260974 n=0 s=140132 i=1145189 io=4478 irq=0 sirq=64335
[sys] 12:34:57 tcp_alloc=176133 tcp_mem_pages=25448 PruneCalled=0 RcvPruned=0 TCPRcvCollapsed=0 TCPAbortOnMemory=0 TCPMemoryPressures=0 TCPMemoryPressuresChrono=0 TCPBacklogDrop=0 TCPZeroWindowDrop=0 TCPRcvQDrop=0 MemAvailable:3767M SwapFree:1023M Dirty:0M Slab:879M psi_mem=avg60=0.00 psi_cpu=avg60=0.46 load=3.20,4.48,3.33 cpu_u=261017 n=0 s=140155 i=1150100 io=4478 irq=0 sirq=64350
[sys] 12:35:02 tcp_alloc=176163 tcp_mem_pages=25448 PruneCalled=0 RcvPruned=0 TCPRcvCollapsed=0 TCPAbortOnMemory=0 TCPMemoryPressures=0 TCPMemoryPressuresChrono=0 TCPBacklogDrop=0 TCPZeroWindowDrop=0 TCPRcvQDrop=0 MemAvailable:3767M SwapFree:1023M Dirty:0M Slab:879M psi_mem=avg60=0.00 psi_cpu=avg60=0.43 load=2.94,4.40,3.32 cpu_u=261019 n=0 s=140158 i=1155105 io=4479 irq=0 sirq=64351
[sys] 12:35:07 tcp_alloc=181614 tcp_mem_pages=18792 PruneCalled=0 RcvPruned=0 TCPRcvCollapsed=0 TCPAbortOnMemory=0 TCPMemoryPressures=0 TCPMemoryPressuresChrono=0 TCPBacklogDrop=0 TCPZeroWindowDrop=0 TCPRcvQDrop=0 MemAvailable:3594M SwapFree:1023M Dirty:0M Slab:892M psi_mem=avg60=0.00 psi_cpu=avg60=0.39 load=2.70,4.33,3.30 cpu_u=261142 n=0 s=140222 i=1159860 io=4479 irq=0 sirq=64401
[sys] 12:35:12 tcp_alloc=182284 tcp_mem_pages=18792 PruneCalled=0 RcvPruned=0 TCPRcvCollapsed=0 TCPAbortOnMemory=0 TCPMemoryPressures=0 TCPMemoryPressuresChrono=0 TCPBacklogDrop=0 TCPZeroWindowDrop=0 TCPRcvQDrop=0 MemAvailable:3584M SwapFree:1023M Dirty:0M Slab:893M psi_mem=avg60=0.00 psi_cpu=avg60=0.37 load=2.49,4.26,3.28 cpu_u=261154 n=0 s=140230 i=1164843 io=4479 irq=0 sirq=64407
  [diag] subscribe quorum after 49.34s: connected=82270 subscribed=82270 connect_failed=0 complete=false (ceiling 500s, stall 5s)
[sys] 12:35:17 tcp_alloc=182284 tcp_mem_pages=34664 PruneCalled=0 RcvPruned=0 TCPRcvCollapsed=0 TCPAbortOnMemory=0 TCPMemoryPressures=0 TCPMemoryPressuresChrono=0 TCPBacklogDrop=0 TCPZeroWindowDrop=0 TCPRcvQDrop=0 MemAvailable:3557M SwapFree:1023M Dirty:0M Slab:893M psi_mem=avg60=0.00 psi_cpu=avg60=0.33 load=2.29,4.19,3.26 cpu_u=261323 n=0 s=140285 i=1169562 io=4479 irq=0 sirq=64462
[sys] 12:35:22 tcp_alloc=182516 tcp_mem_pages=23660 PruneCalled=0 RcvPruned=0 TCPRcvCollapsed=0 TCPAbortOnMemory=0 TCPMemoryPressures=0 TCPMemoryPressuresChrono=0 TCPBacklogDrop=0 TCPZeroWindowDrop=0 TCPRcvQDrop=0 MemAvailable:3146M SwapFree:1023M Dirty:0M Slab:896M psi_mem=avg60=0.00 psi_cpu=avg60=0.37 load=2.91,4.29,3.30 cpu_u=263862 n=0 s=141070 i=1170474 io=4479 irq=0 sirq=64923
  [diag] progress t=10s delivered=4350650 matched=4447341 events~=53 subscribed=82502 rss_mib=3579 swap_mib=0 fanout_done=false
[sys] 12:35:27 tcp_alloc=182516 tcp_mem_pages=35435 PruneCalled=0 RcvPruned=0 TCPRcvCollapsed=0 TCPAbortOnMemory=0 TCPMemoryPressures=0 TCPMemoryPressuresChrono=0 TCPBacklogDrop=0 TCPZeroWindowDrop=0 TCPRcvQDrop=0 MemAvailable:3109M SwapFree:1023M Dirty:0M Slab:901M psi_mem=avg60=0.00 psi_cpu=avg60=0.43 load=3.47,4.38,3.33 cpu_u=266323 n=0 s=142002 i=1171152 io=4479 irq=0 sirq=65578
[sys] 12:35:32 tcp_alloc=182516 tcp_mem_pages=18282 PruneCalled=0 RcvPruned=0 TCPRcvCollapsed=0 TCPAbortOnMemory=0 TCPMemoryPressures=0 TCPMemoryPressuresChrono=0 TCPBacklogDrop=0 TCPZeroWindowDrop=0 TCPRcvQDrop=0 MemAvailable:3146M SwapFree:1023M Dirty:0M Slab:891M psi_mem=avg60=0.00 psi_cpu=avg60=0.50 load=4.00,4.47,3.37 cpu_u=268522 n=0 s=142815 i=1172282 io=4479 irq=0 sirq=66113
  [diag] progress t=20s delivered=5763554 matched=5685131 events~=65 subscribed=87281 rss_mib=3692 swap_mib=0 fanout_done=false
[sys] 12:35:37 tcp_alloc=187549 tcp_mem_pages=42602 PruneCalled=0 RcvPruned=0 TCPRcvCollapsed=0 TCPAbortOnMemory=0 TCPMemoryPressures=0 TCPMemoryPressuresChrono=0 TCPBacklogDrop=0 TCPZeroWindowDrop=0 TCPRcvQDrop=0 MemAvailable:3009M SwapFree:1023M Dirty:0M Slab:904M psi_mem=avg60=0.00 psi_cpu=avg60=0.55 load=4.48,4.57,3.41 cpu_u=270760 n=0 s=143543 i=1173537 io=4479 irq=0 sirq=66698
[sys] 12:35:42 tcp_alloc=187767 tcp_mem_pages=51562 PruneCalled=0 RcvPruned=0 TCPRcvCollapsed=0 TCPAbortOnMemory=0 TCPMemoryPressures=0 TCPMemoryPressuresChrono=0 TCPBacklogDrop=0 TCPZeroWindowDrop=0 TCPRcvQDrop=0 MemAvailable:2966M SwapFree:1023M Dirty:0M Slab:922M psi_mem=avg60=0.00 psi_cpu=avg60=0.54 load=4.92,4.66,3.44 cpu_u=273055 n=0 s=144399 i=1174558 io=4479 irq=0 sirq=67291
  [diag] progress t=30s delivered=7001622 matched=6994605 events~=79 subscribed=87753 rss_mib=3708 swap_mib=0 fanout_done=false
[sys] 12:35:47 tcp_alloc=187767 tcp_mem_pages=12906 PruneCalled=0 RcvPruned=0 TCPRcvCollapsed=0 TCPAbortOnMemory=0 TCPMemoryPressures=0 TCPMemoryPressuresChrono=0 TCPBacklogDrop=0 TCPZeroWindowDrop=0 TCPRcvQDrop=0 MemAvailable:2972M SwapFree:1023M Dirty:0M Slab:903M psi_mem=avg60=0.00 psi_cpu=avg60=0.55 load=4.61,4.60,3.43 cpu_u=275134 n=0 s=145095 i=1176100 io=4479 irq=0 sirq=67768
[sys] 12:35:52 tcp_alloc=187767 tcp_mem_pages=24682 PruneCalled=0 RcvPruned=0 TCPRcvCollapsed=0 TCPAbortOnMemory=0 TCPMemoryPressures=0 TCPMemoryPressuresChrono=0 TCPBacklogDrop=0 TCPZeroWindowDrop=0 TCPRcvQDrop=0 MemAvailable:2968M SwapFree:1023M Dirty:0M Slab:903M psi_mem=avg60=0.00 psi_cpu=avg60=0.52 load=4.32,4.54,3.41 cpu_u=277205 n=0 s=145781 i=1177596 io=4479 irq=0 sirq=68349
  [diag] progress t=40s delivered=8205392 matched=8223147 events~=93 subscribed=87753 rss_mib=3711 swap_mib=0 fanout_done=false
[sys] 12:35:57 tcp_alloc=187767 tcp_mem_pages=69226 PruneCalled=0 RcvPruned=0 TCPRcvCollapsed=0 TCPAbortOnMemory=0 TCPMemoryPressures=0 TCPMemoryPressuresChrono=0 TCPBacklogDrop=0 TCPZeroWindowDrop=0 TCPRcvQDrop=0 MemAvailable:2966M SwapFree:1023M Dirty:0M Slab:931M psi_mem=avg60=0.00 psi_cpu=avg60=0.50 load=4.77,4.63,3.45 cpu_u=279502 n=0 s=146596 i=1178567 io=4479 irq=0 sirq=68979
[sys] 12:36:02 tcp_alloc=187767 tcp_mem_pages=12906 PruneCalled=0 RcvPruned=0 TCPRcvCollapsed=0 TCPAbortOnMemory=0 TCPMemoryPressures=0 TCPMemoryPressuresChrono=0 TCPBacklogDrop=0 TCPZeroWindowDrop=0 TCPRcvQDrop=0 MemAvailable:3013M SwapFree:1023M Dirty:0M Slab:904M psi_mem=avg60=0.00 psi_cpu=avg60=0.53 load=4.47,4.57,3.44 cpu_u=281634 n=0 s=147317 i=1179964 io=4479 irq=0 sirq=69484
  [diag] progress t=50s delivered=10019324 matched=10065960 events~=114 subscribed=87753 rss_mib=3711 swap_mib=0 fanout_done=false
[sys] 12:36:07 tcp_alloc=187767 tcp_mem_pages=36458 PruneCalled=0 RcvPruned=0 TCPRcvCollapsed=0 TCPAbortOnMemory=0 TCPMemoryPressures=0 TCPMemoryPressuresChrono=0 TCPBacklogDrop=0 TCPZeroWindowDrop=0 TCPRcvQDrop=0 MemAvailable:3010M SwapFree:1023M Dirty:0M Slab:905M psi_mem=avg60=0.00 psi_cpu=avg60=0.54 load=4.91,4.66,3.47 cpu_u=284005 n=0 s=148258 i=1180774 io=4479 irq=0 sirq=70206
[sys] 12:36:12 tcp_alloc=187767 tcp_mem_pages=29546 PruneCalled=0 RcvPruned=0 TCPRcvCollapsed=0 TCPAbortOnMemory=0 TCPMemoryPressures=0 TCPMemoryPressuresChrono=0 TCPBacklogDrop=0 TCPZeroWindowDrop=0 TCPRcvQDrop=0 MemAvailable:3027M SwapFree:1023M Dirty:0M Slab:907M psi_mem=avg60=0.00 psi_cpu=avg60=0.57 load=5.32,4.74,3.51 cpu_u=286455 n=0 s=149248 i=1181405 io=4479 irq=0 sirq=70929
  [diag] progress t=60s delivered=12538861 matched=12698550 events~=144 subscribed=87753 rss_mib=3711 swap_mib=0 fanout_done=false
[sys] 12:36:17 tcp_alloc=187767 tcp_mem_pages=17770 PruneCalled=0 RcvPruned=0 TCPRcvCollapsed=0 TCPAbortOnMemory=0 TCPMemoryPressures=0 TCPMemoryPressuresChrono=0 TCPBacklogDrop=0 TCPZeroWindowDrop=0 TCPRcvQDrop=0 MemAvailable:3013M SwapFree:1023M Dirty:0M Slab:907M psi_mem=avg60=0.00 psi_cpu=avg60=0.65 load=5.78,4.85,3.55 cpu_u=288857 n=0 s=150184 i=1182177 io=4479 irq=0 sirq=71621
[sys] 12:36:22 tcp_alloc=187767 tcp_mem_pages=23146 PruneCalled=0 RcvPruned=0 TCPRcvCollapsed=0 TCPAbortOnMemory=0 TCPMemoryPressures=0 TCPMemoryPressuresChrono=0 TCPBacklogDrop=0 TCPZeroWindowDrop=0 TCPRcvQDrop=0 MemAvailable:3006M SwapFree:1023M Dirty:0M Slab:904M psi_mem=avg60=0.00 psi_cpu=avg60=0.67 load=6.11,4.93,3.58 cpu_u=291293 n=0 s=151150 i=1182894 io=4480 irq=0 sirq=72305
  [diag] progress t=70s delivered=15673136 matched=15769905 events~=179 subscribed=87753 rss_mib=3711 swap_mib=0 fanout_done=false
[sys] 12:36:27 tcp_alloc=188309 tcp_mem_pages=31082 PruneCalled=0 RcvPruned=0 TCPRcvCollapsed=0 TCPAbortOnMemory=0 TCPMemoryPressures=0 TCPMemoryPressuresChrono=0 TCPBacklogDrop=0 TCPZeroWindowDrop=0 TCPRcvQDrop=0 MemAvailable:2982M SwapFree:1023M Dirty:0M Slab:914M psi_mem=avg60=0.00 psi_cpu=avg60=0.73 load=6.43,5.02,3.62 cpu_u=293678 n=0 s=152125 i=1183578 io=4480 irq=0 sirq=72967
[sys] 12:36:32 tcp_alloc=190576 tcp_mem_pages=17002 PruneCalled=0 RcvPruned=0 TCPRcvCollapsed=0 TCPAbortOnMemory=0 TCPMemoryPressures=0 TCPMemoryPressuresChrono=0 TCPBacklogDrop=0 TCPZeroWindowDrop=0 TCPRcvQDrop=0 MemAvailable:2931M SwapFree:1023M Dirty:0M Slab:900M psi_mem=avg60=0.00 psi_cpu=avg60=0.76 load=6.71,5.10,3.65 cpu_u=295770 n=0 s=152874 i=1185137 io=4480 irq=0 sirq=73445
  [diag] progress t=80s delivered=16621948 matched=16575650 events~=183 subscribed=90562 rss_mib=3780 swap_mib=0 fanout_done=false
[sys] 12:36:37 tcp_alloc=190576 tcp_mem_pages=10090 PruneCalled=0 RcvPruned=0 TCPRcvCollapsed=0 TCPAbortOnMemory=0 TCPMemoryPressures=0 TCPMemoryPressuresChrono=0 TCPBacklogDrop=0 TCPZeroWindowDrop=0 TCPRcvQDrop=0 MemAvailable:2923M SwapFree:1023M Dirty:0M Slab:899M psi_mem=avg60=0.00 psi_cpu=avg60=0.74 load=6.98,5.18,3.69 cpu_u=297969 n=0 s=153543 i=1186657 io=4480 irq=0 sirq=73960
[sys] 12:36:42 tcp_alloc=190576 tcp_mem_pages=24938 PruneCalled=0 RcvPruned=0 TCPRcvCollapsed=0 TCPAbortOnMemory=0 TCPMemoryPressures=0 TCPMemoryPressuresChrono=0 TCPBacklogDrop=0 TCPZeroWindowDrop=0 TCPRcvQDrop=0 MemAvailable:2943M SwapFree:1023M Dirty:0M Slab:900M psi_mem=avg60=0.00 psi_cpu=avg60=0.76 load=7.30,5.28,3.73 cpu_u=300051 n=0 s=154349 i=1187945 io=4480 irq=0 sirq=74580
  [diag] progress t=90s delivered=18134828 matched=18115204 events~=197 subscribed=91499 rss_mib=3831 swap_mib=0 fanout_done=false
[sys] 12:36:47 tcp_alloc=193663 tcp_mem_pages=38250 PruneCalled=0 RcvPruned=0 TCPRcvCollapsed=0 TCPAbortOnMemory=0 TCPMemoryPressures=0 TCPMemoryPressuresChrono=0 TCPBacklogDrop=0 TCPZeroWindowDrop=0 TCPRcvQDrop=0 MemAvailable:2779M SwapFree:1023M Dirty:0M Slab:918M psi_mem=avg60=0.00 psi_cpu=avg60=0.84 load=6.87,5.23,3.72 cpu_u=301854 n=0 s=155257 i=1189619 io=4480 irq=0 sirq=74893
[sys] 12:36:52 tcp_alloc=199752 tcp_mem_pages=362 PruneCalled=0 RcvPruned=0 TCPRcvCollapsed=0 TCPAbortOnMemory=0 TCPMemoryPressures=0 TCPMemoryPressuresChrono=0 TCPBacklogDrop=0 TCPZeroWindowDrop=0 TCPRcvQDrop=0 MemAvailable:2625M SwapFree:1023M Dirty:0M Slab:910M psi_mem=avg60=0.00 psi_cpu=avg60=0.92 load=6.32,5.14,3.70 cpu_u=303878 n=0 s=155911 i=1191304 io=4480 irq=0 sirq=75344
  [diag] progress t=100s delivered=18596467 matched=18596468 events~=185 subscribed=100000 rss_mib=4039 swap_mib=0 fanout_done=false
[sys] 12:36:57 tcp_alloc=200014 tcp_mem_pages=1130 PruneCalled=0 RcvPruned=0 TCPRcvCollapsed=0 TCPAbortOnMemory=0 TCPMemoryPressures=0 TCPMemoryPressuresChrono=0 TCPBacklogDrop=0 TCPZeroWindowDrop=0 TCPRcvQDrop=0 MemAvailable:2617M SwapFree:1023M Dirty:0M Slab:911M psi_mem=avg60=0.00 psi_cpu=avg60=0.86 load=6.62,5.22,3.73 cpu_u=305815 n=0 s=156514 i=1193065 io=4480 irq=0 sirq=75847
[sys] 12:37:03 tcp_alloc=200014 tcp_mem_pages=106 PruneCalled=0 RcvPruned=0 TCPRcvCollapsed=0 TCPAbortOnMemory=0 TCPMemoryPressures=0 TCPMemoryPressuresChrono=0 TCPBacklogDrop=0 TCPZeroWindowDrop=0 TCPRcvQDrop=0 MemAvailable:2617M SwapFree:1023M Dirty:0M Slab:909M psi_mem=avg60=0.00 psi_cpu=avg60=0.81 load=6.25,5.17,3.72 cpu_u=307541 n=0 s=157009 i=1195106 io=4480 irq=0 sirq=76337
  [diag] progress t=110s delivered=18996467 matched=18996468 events~=189 subscribed=100000 rss_mib=4057 swap_mib=0 fanout_done=false
[sys] 12:37:08 tcp_alloc=200014 tcp_mem_pages=1130 PruneCalled=0 RcvPruned=0 TCPRcvCollapsed=0 TCPAbortOnMemory=0 TCPMemoryPressures=0 TCPMemoryPressuresChrono=0 TCPBacklogDrop=0 TCPZeroWindowDrop=0 TCPRcvQDrop=0 MemAvailable:2616M SwapFree:1023M Dirty:0M Slab:910M psi_mem=avg60=0.00 psi_cpu=avg60=0.76 load=6.55,5.25,3.76 cpu_u=309378 n=0 s=157531 i=1196915 io=4480 irq=0 sirq=76817
[sys] 12:37:13 tcp_alloc=200014 tcp_mem_pages=1130 PruneCalled=0 RcvPruned=0 TCPRcvCollapsed=0 TCPAbortOnMemory=0 TCPMemoryPressures=0 TCPMemoryPressuresChrono=0 TCPBacklogDrop=0 TCPZeroWindowDrop=0 TCPRcvQDrop=0 MemAvailable:2618M SwapFree:1023M Dirty:0M Slab:910M psi_mem=avg60=0.00 psi_cpu=avg60=0.78 load=6.75,5.31,3.78 cpu_u=311189 n=0 s=158063 i=1198834 io=4480 irq=0 sirq=77323
  [diag] progress t=120s delivered=19466573 matched=19396468 events~=193 subscribed=100000 rss_mib=4058 swap_mib=0 fanout_done=false
[sys] 12:37:18 tcp_alloc=200014 tcp_mem_pages=5226 PruneCalled=0 RcvPruned=0 TCPRcvCollapsed=0 TCPAbortOnMemory=0 TCPMemoryPressures=0 TCPMemoryPressuresChrono=0 TCPBacklogDrop=0 TCPZeroWindowDrop=0 TCPRcvQDrop=0 MemAvailable:2617M SwapFree:1023M Dirty:0M Slab:909M psi_mem=avg60=0.00 psi_cpu=avg60=0.76 load=6.28,5.24,3.77 cpu_u=312976 n=0 s=158581 i=1200798 io=4480 irq=0 sirq=77792
[sys] 12:37:23 tcp_alloc=200014 tcp_mem_pages=16746 PruneCalled=0 RcvPruned=0 TCPRcvCollapsed=0 TCPAbortOnMemory=0 TCPMemoryPressures=0 TCPMemoryPressuresChrono=0 TCPBacklogDrop=0 TCPZeroWindowDrop=0 TCPRcvQDrop=0 MemAvailable:2616M SwapFree:1023M Dirty:0M Slab:920M psi_mem=avg60=0.00 psi_cpu=avg60=0.78 load=5.86,5.17,3.75 cpu_u=314819 n=0 s=159165 i=1202451 io=4480 irq=0 sirq=78351
  [diag] progress t=130s delivered=19907175 matched=19896468 events~=198 subscribed=100000 rss_mib=4058 swap_mib=0 fanout_done=false
[sys] 12:37:28 tcp_alloc=200014 tcp_mem_pages=18794 PruneCalled=0 RcvPruned=0 TCPRcvCollapsed=0 TCPAbortOnMemory=0 TCPMemoryPressures=0 TCPMemoryPressuresChrono=0 TCPBacklogDrop=0 TCPZeroWindowDrop=0 TCPRcvQDrop=0 MemAvailable:2616M SwapFree:1023M Dirty:0M Slab:921M psi_mem=avg60=0.00 psi_cpu=avg60=0.76 load=6.27,5.26,3.79 cpu_u=316830 n=0 s=159774 i=1204192 io=4480 irq=0 sirq=78830
[sys] 12:37:33 tcp_alloc=200014 tcp_mem_pages=17770 PruneCalled=0 RcvPruned=0 TCPRcvCollapsed=0 TCPAbortOnMemory=0 TCPMemoryPressures=0 TCPMemoryPressuresChrono=0 TCPBacklogDrop=0 TCPZeroWindowDrop=0 TCPRcvQDrop=0 MemAvailable:2617M SwapFree:1023M Dirty:0M Slab:919M psi_mem=avg60=0.00 psi_cpu=avg60=0.75 load=6.65,5.36,3.83 cpu_u=318835 n=0 s=160367 i=1206025 io=4481 irq=0 sirq=79258
