BUILD start 12:25:42 tag=fanout-diag
   Compiling nostos-bench v0.2.0 (/src/crates/nostos-bench)
    Finished `release` profile [optimized] target(s) in 11.68s
BUILD ok 12:25:53
HOST tier=100000 start 22:25:54 load1=5.12 waited=0s
env: Linux 7.0.12-linuxkit aarch64 nproc=10 nofile=1048576 mem=8124512kB swap=1048572kB tcp_rmem=4096-131072-33554432 tcp_wmem=4096-16384-4194304
SOAK start 12:25:54 clients=100000 events=5000 window=1200 ack=1 listeners=2
  [diag] listeners: ws://127.0.0.1:5977/sync ws://127.0.0.2:25253/sync
[sys] 12:25:54 tcp_alloc=12 tcp_mem_pages=351 PruneCalled=0 RcvPruned=0 TCPRcvCollapsed=0 TCPAbortOnMemory=0 TCPMemoryPressures=0 TCPMemoryPressuresChrono=0 TCPBacklogDrop=0 TCPZeroWindowDrop=0 TCPRcvQDrop=0 MemAvailable:7250M SwapFree:1023M Dirty:0M Slab:145M psi_mem=avg60=0.00 psi_cpu=avg60=0.00 load=0.35,1.21,1.36 cpu_u=97777 n=0 s=59557 i=920548 io=4462 irq=0 sirq=19740
[sys] 12:25:59 tcp_alloc=108047 tcp_mem_pages=62047 PruneCalled=0 RcvPruned=0 TCPRcvCollapsed=0 TCPAbortOnMemory=0 TCPMemoryPressures=0 TCPMemoryPressuresChrono=0 TCPBacklogDrop=0 TCPZeroWindowDrop=0 TCPRcvQDrop=0 MemAvailable:5864M SwapFree:1023M Dirty:0M Slab:610M psi_mem=avg60=0.00 psi_cpu=avg60=0.12 load=1.12,1.35,1.41 cpu_u=97894 n=0 s=63993 i=920706 io=4462 irq=0 sirq=19798
[sys] 12:26:04 tcp_alloc=129273 tcp_mem_pages=69727 PruneCalled=0 RcvPruned=0 TCPRcvCollapsed=0 TCPAbortOnMemory=0 TCPMemoryPressures=0 TCPMemoryPressuresChrono=0 TCPBacklogDrop=0 TCPZeroWindowDrop=0 TCPRcvQDrop=0 MemAvailable:5669M SwapFree:1023M Dirty:0M Slab:702M psi_mem=avg60=0.00 psi_cpu=avg60=0.15 load=1.84,1.50,1.46 cpu_u=97926 n=0 s=68703 i=920735 io=4462 irq=0 sirq=19819
[sys] 12:26:09 tcp_alloc=166852 tcp_mem_pages=34143 PruneCalled=0 RcvPruned=0 TCPRcvCollapsed=0 TCPAbortOnMemory=0 TCPMemoryPressures=0 TCPMemoryPressuresChrono=0 TCPBacklogDrop=0 TCPZeroWindowDrop=0 TCPRcvQDrop=0 MemAvailable:4068M SwapFree:1023M Dirty:0M Slab:845M psi_mem=avg60=0.00 psi_cpu=avg60=0.26 load=2.49,1.64,1.50 cpu_u=98291 n=0 s=70556 i=923209 io=4462 irq=0 sirq=19945
[sys] 12:26:14 tcp_alloc=172568 tcp_mem_pages=27487 PruneCalled=0 RcvPruned=0 TCPRcvCollapsed=0 TCPAbortOnMemory=0 TCPMemoryPressures=0 TCPMemoryPressuresChrono=0 TCPBacklogDrop=0 TCPZeroWindowDrop=0 TCPRcvQDrop=0 MemAvailable:3868M SwapFree:1023M Dirty:0M Slab:863M psi_mem=avg60=0.00 psi_cpu=avg60=0.24 load=2.29,1.61,1.49 cpu_u=98383 n=0 s=70636 i=927919 io=4462 irq=0 sirq=19980
[sys] 12:26:19 tcp_alloc=179249 tcp_mem_pages=21855 PruneCalled=0 RcvPruned=0 TCPRcvCollapsed=0 TCPAbortOnMemory=0 TCPMemoryPressures=0 TCPMemoryPressuresChrono=0 TCPBacklogDrop=0 TCPZeroWindowDrop=0 TCPRcvQDrop=0 MemAvailable:3696M SwapFree:1023M Dirty:0M Slab:884M psi_mem=avg60=0.00 psi_cpu=avg60=0.25 load=2.11,1.58,1.49 cpu_u=98484 n=0 s=70714 i=932688 io=4462 irq=0 sirq=20014
[sys] 12:26:24 tcp_alloc=179577 tcp_mem_pages=21599 PruneCalled=0 RcvPruned=0 TCPRcvCollapsed=0 TCPAbortOnMemory=0 TCPMemoryPressures=0 TCPMemoryPressuresChrono=0 TCPBacklogDrop=0 TCPZeroWindowDrop=0 TCPRcvQDrop=0 MemAvailable:3689M SwapFree:1023M Dirty:0M Slab:885M psi_mem=avg60=0.00 psi_cpu=avg60=0.23 load=1.94,1.56,1.48 cpu_u=98503 n=0 s=70743 i=937646 io=4462 irq=0 sirq=20020
  [diag] subscribe quorum after 31.84s: connected=79563 subscribed=79563 connect_failed=0 complete=false (ceiling 500s, stall 5s)
[sys] 12:26:29 tcp_alloc=179577 tcp_mem_pages=36700 PruneCalled=0 RcvPruned=0 TCPRcvCollapsed=0 TCPAbortOnMemory=0 TCPMemoryPressures=0 TCPMemoryPressuresChrono=0 TCPBacklogDrop=0 TCPZeroWindowDrop=0 TCPRcvQDrop=0 MemAvailable:3250M SwapFree:1023M Dirty:0M Slab:887M psi_mem=avg60=0.00 psi_cpu=avg60=0.24 load=1.78,1.53,1.47 cpu_u=99978 n=0 s=71206 i=940333 io=4464 irq=0 sirq=20287
[sys] 12:26:34 tcp_alloc=180951 tcp_mem_pages=23644 PruneCalled=0 RcvPruned=0 TCPRcvCollapsed=0 TCPAbortOnMemory=0 TCPMemoryPressures=0 TCPMemoryPressuresChrono=0 TCPBacklogDrop=0 TCPZeroWindowDrop=0 TCPRcvQDrop=0 MemAvailable:3221M SwapFree:1023M Dirty:0M Slab:889M psi_mem=avg60=0.00 psi_cpu=avg60=0.35 load=2.44,1.67,1.52 cpu_u=102378 n=0 s=72018 i=941186 io=4464 irq=0 sirq=20900
  [diag] progress t=10s delivered=6151683 matched=6259604 events~=77 subscribed=80937 rss_mib=3485 swap_mib=0 fanout_done=false
[sys] 12:26:39 tcp_alloc=180951 tcp_mem_pages=27996 PruneCalled=0 RcvPruned=0 TCPRcvCollapsed=0 TCPAbortOnMemory=0 TCPMemoryPressures=0 TCPMemoryPressuresChrono=0 TCPBacklogDrop=0 TCPZeroWindowDrop=0 TCPRcvQDrop=0 MemAvailable:3230M SwapFree:1023M Dirty:0M Slab:889M psi_mem=avg60=0.00 psi_cpu=avg60=0.42 load=3.05,1.81,1.56 cpu_u=104957 n=0 s=72942 i=941769 io=4464 irq=0 sirq=21583
[sys] 12:26:44 tcp_alloc=180951 tcp_mem_pages=27740 PruneCalled=0 RcvPruned=0 TCPRcvCollapsed=0 TCPAbortOnMemory=0 TCPMemoryPressures=0 TCPMemoryPressuresChrono=0 TCPBacklogDrop=0 TCPZeroWindowDrop=0 TCPRcvQDrop=0 MemAvailable:3230M SwapFree:1023M Dirty:0M Slab:888M psi_mem=avg60=0.00 psi_cpu=avg60=0.39 load=3.60,1.95,1.61 cpu_u=107401 n=0 s=73955 i=942287 io=4464 irq=0 sirq=22389
  [diag] progress t=20s delivered=11963864 matched=12006131 events~=148 subscribed=80937 rss_mib=3486 swap_mib=0 fanout_done=false
[sys] 12:26:49 tcp_alloc=180951 tcp_mem_pages=29533 PruneCalled=0 RcvPruned=0 TCPRcvCollapsed=0 TCPAbortOnMemory=0 TCPMemoryPressures=0 TCPMemoryPressuresChrono=0 TCPBacklogDrop=0 TCPZeroWindowDrop=0 TCPRcvQDrop=0 MemAvailable:3213M SwapFree:1023M Dirty:0M Slab:888M psi_mem=avg60=0.00 psi_cpu=avg60=0.41 load=4.12,2.08,1.65 cpu_u=109856 n=0 s=74942 i=942817 io=4464 irq=0 sirq=23157
[sys] 12:26:54 tcp_alloc=180951 tcp_mem_pages=23133 PruneCalled=0 RcvPruned=0 TCPRcvCollapsed=0 TCPAbortOnMemory=0 TCPMemoryPressures=0 TCPMemoryPressuresChrono=0 TCPBacklogDrop=0 TCPZeroWindowDrop=0 TCPRcvQDrop=0 MemAvailable:3236M SwapFree:1023M Dirty:0M Slab:889M psi_mem=avg60=0.00 psi_cpu=avg60=0.44 load=4.59,2.21,1.70 cpu_u=112267 n=0 s=75914 i=943472 io=4464 irq=0 sirq=23907
  [diag] progress t=30s delivered=17627260 matched=17671721 events~=218 subscribed=80937 rss_mib=3488 swap_mib=0 fanout_done=false
[sys] 12:26:59 tcp_alloc=181080 tcp_mem_pages=25696 PruneCalled=0 RcvPruned=0 TCPRcvCollapsed=0 TCPAbortOnMemory=0 TCPMemoryPressures=0 TCPMemoryPressuresChrono=0 TCPBacklogDrop=0 TCPZeroWindowDrop=0 TCPRcvQDrop=0 MemAvailable:3216M SwapFree:1023M Dirty:0M Slab:888M psi_mem=avg60=0.00 psi_cpu=avg60=0.47 load=4.94,2.33,1.74 cpu_u=114625 n=0 s=76943 i=944027 io=4464 irq=0 sirq=24733
[sys] 12:27:04 tcp_alloc=185980 tcp_mem_pages=38501 PruneCalled=0 RcvPruned=0 TCPRcvCollapsed=0 TCPAbortOnMemory=0 TCPMemoryPressures=0 TCPMemoryPressuresChrono=0 TCPBacklogDrop=0 TCPZeroWindowDrop=0 TCPRcvQDrop=0 MemAvailable:3051M SwapFree:1023M Dirty:0M Slab:903M psi_mem=avg60=0.00 psi_cpu=avg60=0.56 load=5.35,2.45,1.78 cpu_u=116859 n=0 s=77852 i=944879 io=4464 irq=0 sirq=25411
  [diag] progress t=40s delivered=20684338 matched=20669122 events~=240 subscribed=85966 rss_mib=3635 swap_mib=0 fanout_done=false
[sys] 12:27:09 tcp_alloc=186865 tcp_mem_pages=40549 PruneCalled=0 RcvPruned=0 TCPRcvCollapsed=0 TCPAbortOnMemory=0 TCPMemoryPressures=0 TCPMemoryPressuresChrono=0 TCPBacklogDrop=0 TCPZeroWindowDrop=0 TCPRcvQDrop=0 MemAvailable:3017M SwapFree:1023M Dirty:0M Slab:903M psi_mem=avg60=0.00 psi_cpu=avg60=0.62 load=5.72,2.58,1.83 cpu_u=118797 n=0 s=78494 i=946511 io=4464 irq=0 sirq=25896
[sys] 12:27:14 tcp_alloc=186865 tcp_mem_pages=14181 PruneCalled=0 RcvPruned=0 TCPRcvCollapsed=0 TCPAbortOnMemory=0 TCPMemoryPressures=0 TCPMemoryPressuresChrono=0 TCPBacklogDrop=0 TCPZeroWindowDrop=0 TCPRcvQDrop=0 MemAvailable:3011M SwapFree:1023M Dirty:0M Slab:903M psi_mem=avg60=0.00 psi_cpu=avg60=0.56 load=5.42,2.57,1.83 cpu_u=120775 n=0 s=79092 i=948162 io=4464 irq=0 sirq=26376
  [diag] progress t=50s delivered=21273652 matched=21272816 events~=244 subscribed=86851 rss_mib=3660 swap_mib=0 fanout_done=false
[sys] 12:27:19 tcp_alloc=187124 tcp_mem_pages=38501 PruneCalled=0 RcvPruned=0 TCPRcvCollapsed=0 TCPAbortOnMemory=0 TCPMemoryPressures=0 TCPMemoryPressuresChrono=0 TCPBacklogDrop=0 TCPZeroWindowDrop=0 TCPRcvQDrop=0 MemAvailable:3006M SwapFree:1023M Dirty:0M Slab:904M psi_mem=avg60=0.00 psi_cpu=avg60=0.55 load=5.79,2.69,1.87 cpu_u=122773 n=0 s=79733 i=949655 io=4464 irq=0 sirq=26890
[sys] 12:27:24 tcp_alloc=187124 tcp_mem_pages=12645 PruneCalled=0 RcvPruned=0 TCPRcvCollapsed=0 TCPAbortOnMemory=0 TCPMemoryPressures=0 TCPMemoryPressuresChrono=0 TCPBacklogDrop=0 TCPZeroWindowDrop=0 TCPRcvQDrop=0 MemAvailable:3005M SwapFree:1023M Dirty:0M Slab:904M psi_mem=avg60=0.00 psi_cpu=avg60=0.50 load=5.72,2.73,1.89 cpu_u=124721 n=0 s=80323 i=951476 io=4464 irq=0 sirq=27344
  [diag] progress t=60s delivered=21887404 matched=21882327 events~=251 subscribed=87110 rss_mib=3664 swap_mib=0 fanout_done=false
[sys] 12:27:29 tcp_alloc=187407 tcp_mem_pages=12901 PruneCalled=0 RcvPruned=0 TCPRcvCollapsed=0 TCPAbortOnMemory=0 TCPMemoryPressures=0 TCPMemoryPressuresChrono=0 TCPBacklogDrop=0 TCPZeroWindowDrop=0 TCPRcvQDrop=0 MemAvailable:3000M SwapFree:1023M Dirty:0M Slab:905M psi_mem=avg60=0.00 psi_cpu=avg60=0.47 load=6.07,2.85,1.93 cpu_u=126735 n=0 s=80988 i=953018 io=4464 irq=0 sirq=27889
[sys] 12:27:34 tcp_alloc=187407 tcp_mem_pages=19813 PruneCalled=0 RcvPruned=0 TCPRcvCollapsed=0 TCPAbortOnMemory=0 TCPMemoryPressures=0 TCPMemoryPressuresChrono=0 TCPBacklogDrop=0 TCPZeroWindowDrop=0 TCPRcvQDrop=0 MemAvailable:3004M SwapFree:1023M Dirty:0M Slab:905M psi_mem=avg60=0.00 psi_cpu=avg60=0.42 load=6.38,2.97,1.97 cpu_u=128754 n=0 s=81634 i=954626 io=4464 irq=0 sirq=28406
  [diag] progress t=70s delivered=22580621 matched=22580622 events~=258 subscribed=87393 rss_mib=3656 swap_mib=0 fanout_done=false
[sys] 12:27:39 tcp_alloc=187407 tcp_mem_pages=13157 PruneCalled=0 RcvPruned=0 TCPRcvCollapsed=0 TCPAbortOnMemory=0 TCPMemoryPressures=0 TCPMemoryPressuresChrono=0 TCPBacklogDrop=0 TCPZeroWindowDrop=0 TCPRcvQDrop=0 MemAvailable:3003M SwapFree:1023M Dirty:0M Slab:905M psi_mem=avg60=0.00 psi_cpu=avg60=0.39 load=6.67,3.09,2.02 cpu_u=130872 n=0 s=82284 i=956120 io=4464 irq=0 sirq=28925
[sys] 12:27:44 tcp_alloc=187407 tcp_mem_pages=19813 PruneCalled=0 RcvPruned=0 TCPRcvCollapsed=0 TCPAbortOnMemory=0 TCPMemoryPressures=0 TCPMemoryPressuresChrono=0 TCPBacklogDrop=0 TCPZeroWindowDrop=0 TCPRcvQDrop=0 MemAvailable:2993M SwapFree:1023M Dirty:0M Slab:905M psi_mem=avg60=0.00 psi_cpu=avg60=0.35 load=6.22,3.05,2.01 cpu_u=132874 n=0 s=82995 i=957475 io=4464 irq=0 sirq=29518
  [diag] progress t=80s delivered=23924048 matched=23978910 events~=274 subscribed=87393 rss_mib=3678 swap_mib=0 fanout_done=false
[sys] 12:27:49 tcp_alloc=187407 tcp_mem_pages=35941 PruneCalled=0 RcvPruned=0 TCPRcvCollapsed=0 TCPAbortOnMemory=0 TCPMemoryPressures=0 TCPMemoryPressuresChrono=0 TCPBacklogDrop=0 TCPZeroWindowDrop=0 TCPRcvQDrop=0 MemAvailable:3020M SwapFree:1023M Dirty:0M Slab:905M psi_mem=avg60=0.00 psi_cpu=avg60=0.40 load=6.52,3.17,2.06 cpu_u=135212 n=0 s=83946 i=958108 io=4464 irq=0 sirq=30244
[sys] 12:27:54 tcp_alloc=188679 tcp_mem_pages=16485 PruneCalled=0 RcvPruned=0 TCPRcvCollapsed=0 TCPAbortOnMemory=0 TCPMemoryPressures=0 TCPMemoryPressuresChrono=0 TCPBacklogDrop=0 TCPZeroWindowDrop=0 TCPRcvQDrop=0 MemAvailable:2954M SwapFree:1023M Dirty:0M Slab:902M psi_mem=avg60=0.00 psi_cpu=avg60=0.45 load=6.80,3.28,2.10 cpu_u=137451 n=0 s=84977 i=958841 io=4464 irq=0 sirq=30990
  [diag] progress t=90s delivered=28608647 matched=28636231 events~=321 subscribed=89143 rss_mib=3787 swap_mib=0 fanout_done=false
[sys] 12:27:59 tcp_alloc=189344 tcp_mem_pages=17253 PruneCalled=0 RcvPruned=0 TCPRcvCollapsed=0 TCPAbortOnMemory=0 TCPMemoryPressures=0 TCPMemoryPressuresChrono=0 TCPBacklogDrop=0 TCPZeroWindowDrop=0 TCPRcvQDrop=0 MemAvailable:2909M SwapFree:1023M Dirty:0M Slab:897M psi_mem=avg60=0.00 psi_cpu=avg60=0.46 load=7.06,3.39,2.14 cpu_u=139841 n=0 s=86037 i=959369 io=4464 irq=0 sirq=31803
[sys] 12:28:05 tcp_alloc=189344 tcp_mem_pages=15461 PruneCalled=0 RcvPruned=0 TCPRcvCollapsed=0 TCPAbortOnMemory=0 TCPMemoryPressures=0 TCPMemoryPressuresChrono=0 TCPBacklogDrop=0 TCPZeroWindowDrop=0 TCPRcvQDrop=0 MemAvailable:2941M SwapFree:1023M Dirty:0M Slab:898M psi_mem=avg60=0.00 psi_cpu=avg60=0.51 load=7.29,3.50,2.18 cpu_u=142220 n=0 s=87031 i=959925 io=4465 irq=0 sirq=32547
  [diag] progress t=100s delivered=34144370 matched=34174425 events~=382 subscribed=89330 rss_mib=3794 swap_mib=0 fanout_done=false
[sys] 12:28:10 tcp_alloc=190984 tcp_mem_pages=19814 PruneCalled=0 RcvPruned=0 TCPRcvCollapsed=0 TCPAbortOnMemory=0 TCPMemoryPressures=0 TCPMemoryPressuresChrono=0 TCPBacklogDrop=0 TCPZeroWindowDrop=0 TCPRcvQDrop=0 MemAvailable:2859M SwapFree:1023M Dirty:0M Slab:908M psi_mem=avg60=0.00 psi_cpu=avg60=0.57 load=7.71,3.72,2.27 cpu_u=144408 n=0 s=88026 i=960688 io=4465 irq=0 sirq=33191
[sys] 12:28:15 tcp_alloc=199218 tcp_mem_pages=1894 PruneCalled=0 RcvPruned=0 TCPRcvCollapsed=0 TCPAbortOnMemory=0 TCPMemoryPressures=0 TCPMemoryPressuresChrono=0 TCPBacklogDrop=0 TCPZeroWindowDrop=0 TCPRcvQDrop=0 MemAvailable:2646M SwapFree:1023M Dirty:0M Slab:911M psi_mem=avg60=0.00 psi_cpu=avg60=0.74 load=7.81,3.81,2.30 cpu_u=146620 n=0 s=88844 i=961807 io=4465 irq=0 sirq=33771
  [diag] progress t=110s delivered=35679010 matched=35633562 events~=358 subscribed=99377 rss_mib=4041 swap_mib=0 fanout_done=false
[sys] 12:28:20 tcp_alloc=199653 tcp_mem_pages=1638 PruneCalled=0 RcvPruned=0 TCPRcvCollapsed=0 TCPAbortOnMemory=0 TCPMemoryPressures=0 TCPMemoryPressuresChrono=0 TCPBacklogDrop=0 TCPZeroWindowDrop=0 TCPRcvQDrop=0 MemAvailable:2624M SwapFree:1023M Dirty:0M Slab:908M psi_mem=avg60=0.00 psi_cpu=avg60=0.73 load=7.27,3.76,2.30 cpu_u=148588 n=0 s=89427 i=963705 io=4465 irq=0 sirq=34225
[sys] 12:28:25 tcp_alloc=199684 tcp_mem_pages=614 PruneCalled=0 RcvPruned=0 TCPRcvCollapsed=0 TCPAbortOnMemory=0 TCPMemoryPressures=0 TCPMemoryPressuresChrono=0 TCPBacklogDrop=0 TCPZeroWindowDrop=0 TCPRcvQDrop=0 MemAvailable:2644M SwapFree:1023M Dirty:0M Slab:908M psi_mem=avg60=0.00 psi_cpu=avg60=0.72 load=6.84,3.73,2.29 cpu_u=150720 n=0 s=90090 i=965225 io=4465 irq=0 sirq=34720
  [diag] progress t=120s delivered=36408494 matched=36330311 events~=364 subscribed=99670 rss_mib=4049 swap_mib=0 fanout_done=false
[sys] 12:28:30 tcp_alloc=199684 tcp_mem_pages=2150 PruneCalled=0 RcvPruned=0 TCPRcvCollapsed=0 TCPAbortOnMemory=0 TCPMemoryPressures=0 TCPMemoryPressuresChrono=0 TCPBacklogDrop=0 TCPZeroWindowDrop=0 TCPRcvQDrop=0 MemAvailable:2635M SwapFree:1023M Dirty:0M Slab:909M psi_mem=avg60=0.00 psi_cpu=avg60=0.67 load=6.38,3.68,2.29 cpu_u=152670 n=0 s=90672 i=967161 io=4465 irq=0 sirq=35180
[sys] 12:28:35 tcp_alloc=199684 tcp_mem_pages=358 PruneCalled=0 RcvPruned=0 TCPRcvCollapsed=0 TCPAbortOnMemory=0 TCPMemoryPressures=0 TCPMemoryPressuresChrono=0 TCPBacklogDrop=0 TCPZeroWindowDrop=0 TCPRcvQDrop=0 MemAvailable:2639M SwapFree:1023M Dirty:0M Slab:907M psi_mem=avg60=0.00 psi_cpu=avg60=0.64 load=6.51,3.76,2.32 cpu_u=154457 n=0 s=91180 i=968991 io=4465 irq=0 sirq=35648
  [diag] progress t=130s delivered=36837695 matched=36828661 events~=369 subscribed=99670 rss_mib=4049 swap_mib=0 fanout_done=false
[sys] 12:28:40 tcp_alloc=199684 tcp_mem_pages=614 PruneCalled=0 RcvPruned=0 TCPRcvCollapsed=0 TCPAbortOnMemory=0 TCPMemoryPressures=0 TCPMemoryPressuresChrono=0 TCPBacklogDrop=0 TCPZeroWindowDrop=0 TCPRcvQDrop=0 MemAvailable:2638M SwapFree:1023M Dirty:0M Slab:907M psi_mem=avg60=0.00 psi_cpu=avg60=0.66 load=6.79,3.86,2.36 cpu_u=156234 n=0 s=91682 i=970805 io=4465 irq=0 sirq=36176
[sys] 12:28:45 tcp_alloc=199684 tcp_mem_pages=870 PruneCalled=0 RcvPruned=0 TCPRcvCollapsed=0 TCPAbortOnMemory=0 TCPMemoryPressures=0 TCPMemoryPressuresChrono=0 TCPBacklogDrop=0 TCPZeroWindowDrop=0 TCPRcvQDrop=0 MemAvailable:2640M SwapFree:1023M Dirty:0M Slab:905M psi_mem=avg60=0.00 psi_cpu=avg60=0.63 load=6.32,3.81,2.35 cpu_u=157987 n=0 s=92161 i=972796 io=4465 irq=0 sirq=36666
  [diag] progress t=140s delivered=37250555 matched=37227341 events~=373 subscribed=99670 rss_mib=4049 swap_mib=0 fanout_done=false
[sys] 12:28:50 tcp_alloc=199684 tcp_mem_pages=8294 PruneCalled=0 RcvPruned=0 TCPRcvCollapsed=0 TCPAbortOnMemory=0 TCPMemoryPressures=0 TCPMemoryPressuresChrono=0 TCPBacklogDrop=0 TCPZeroWindowDrop=0 TCPRcvQDrop=0 MemAvailable:2639M SwapFree:1023M Dirty:0M Slab:909M psi_mem=avg60=0.00 psi_cpu=avg60=0.59 load=6.62,3.92,2.39 cpu_u=159817 n=0 s=92709 i=974648 io=4465 irq=0 sirq=37203
[sys] 12:28:55 tcp_alloc=200014 tcp_mem_pages=3686 PruneCalled=0 RcvPruned=0 TCPRcvCollapsed=0 TCPAbortOnMemory=0 TCPMemoryPressures=0 TCPMemoryPressuresChrono=0 TCPBacklogDrop=0 TCPZeroWindowDrop=0 TCPRcvQDrop=0 MemAvailable:2604M SwapFree:1023M Dirty:0M Slab:906M psi_mem=avg60=0.00 psi_cpu=avg60=0.59 load=6.17,3.87,2.39 cpu_u=161761 n=0 s=93353 i=976447 io=4465 irq=0 sirq=37630
  [diag] progress t=150s delivered=37806951 matched=37726021 events~=377 subscribed=100000 rss_mib=4056 swap_mib=0 fanout_done=false
[sys] 12:29:00 tcp_alloc=200014 tcp_mem_pages=20582 PruneCalled=0 RcvPruned=0 TCPRcvCollapsed=0 TCPAbortOnMemory=0 TCPMemoryPressures=0 TCPMemoryPressuresChrono=0 TCPBacklogDrop=0 TCPZeroWindowDrop=0 TCPRcvQDrop=0 MemAvailable:2599M SwapFree:1023M Dirty:0M Slab:920M psi_mem=avg60=0.00 psi_cpu=avg60=0.57 load=6.47,3.97,2.43 cpu_u=163759 n=0 s=93957 i=978214 io=4465 irq=0 sirq=38087
[sys] 12:29:05 tcp_alloc=200014 tcp_mem_pages=614 PruneCalled=0 RcvPruned=0 TCPRcvCollapsed=0 TCPAbortOnMemory=0 TCPMemoryPressures=0 TCPMemoryPressuresChrono=0 TCPBacklogDrop=0 TCPZeroWindowDrop=0 TCPRcvQDrop=0 MemAvailable:2602M SwapFree:1023M Dirty:0M Slab:908M psi_mem=avg60=0.00 psi_cpu=avg60=0.56 load=6.76,4.07,2.47 cpu_u=165812 n=0 s=94627 i=979752 io=4465 irq=0 sirq=38617
  [diag] progress t=160s delivered=38435415 matched=38426021 events~=384 subscribed=100000 rss_mib=4057 swap_mib=0 fanout_done=false
[sys] 12:29:10 tcp_alloc=200014 tcp_mem_pages=614 PruneCalled=0 RcvPruned=0 TCPRcvCollapsed=0 TCPAbortOnMemory=0 TCPMemoryPressures=0 TCPMemoryPressuresChrono=0 TCPBacklogDrop=0 TCPZeroWindowDrop=0 TCPRcvQDrop=0 MemAvailable:2593M SwapFree:1023M Dirty:0M Slab:909M psi_mem=avg60=0.00 psi_cpu=avg60=0.51 load=6.86,4.14,2.50 cpu_u=167789 n=0 s=95248 i=981365 io=4465 irq=0 sirq=39092
[sys] 12:29:15 tcp_alloc=200014 tcp_mem_pages=1638 PruneCalled=0 RcvPruned=0 TCPRcvCollapsed=0 TCPAbortOnMemory=0 TCPMemoryPressures=0 TCPMemoryPressuresChrono=0 TCPBacklogDrop=0 TCPZeroWindowDrop=0 TCPRcvQDrop=0 MemAvailable:2591M SwapFree:1023M Dirty:0M Slab:911M psi_mem=avg60=0.00 psi_cpu=avg60=0.51 load=7.11,4.23,2.54 cpu_u=169847 n=0 s=95901 i=982951 io=4465 irq=0 sirq=39540
  [diag] progress t=170s delivered=39207808 matched=39226021 events~=392 subscribed=100000 rss_mib=4063 swap_mib=0 fanout_done=false
[sys] 12:29:20 tcp_alloc=200014 tcp_mem_pages=15206 PruneCalled=0 RcvPruned=0 TCPRcvCollapsed=0 TCPAbortOnMemory=0 TCPMemoryPressures=0 TCPMemoryPressuresChrono=0 TCPBacklogDrop=0 TCPZeroWindowDrop=0 TCPRcvQDrop=0 MemAvailable:2591M SwapFree:1023M Dirty:0M Slab:917M psi_mem=avg60=0.00 psi_cpu=avg60=0.58 load=6.62,4.18,2.53 cpu_u=172059 n=0 s=96784 i=983764 io=4465 irq=0 sirq=40217
[sys] 12:29:25 tcp_alloc=200014 tcp_mem_pages=6246 PruneCalled=0 RcvPruned=0 TCPRcvCollapsed=0 TCPAbortOnMemory=0 TCPMemoryPressures=0 TCPMemoryPressuresChrono=0 TCPBacklogDrop=0 TCPZeroWindowDrop=0 TCPRcvQDrop=0 MemAvailable:2588M SwapFree:1023M Dirty:0M Slab:911M psi_mem=avg60=0.00 psi_cpu=avg60=0.58 load=6.89,4.28,2.57 cpu_u=174538 n=0 s=97806 i=984333 io=4465 irq=0 sirq=40994
  [diag] progress t=180s delivered=43434187 matched=43526021 events~=435 subscribed=100000 rss_mib=4074 swap_mib=0 fanout_done=false
[sys] 12:29:30 tcp_alloc=200014 tcp_mem_pages=53606 PruneCalled=0 RcvPruned=0 TCPRcvCollapsed=0 TCPAbortOnMemory=0 TCPMemoryPressures=0 TCPMemoryPressuresChrono=0 TCPBacklogDrop=0 TCPZeroWindowDrop=0 TCPRcvQDrop=0 MemAvailable:2554M SwapFree:1023M Dirty:0M Slab:958M psi_mem=avg60=0.00 psi_cpu=avg60=0.55 load=7.14,4.37,2.61 cpu_u=176942 n=0 s=98833 i=984873 io=4465 irq=0 sirq=41803
[sys] 12:29:35 tcp_alloc=200014 tcp_mem_pages=5992 PruneCalled=0 RcvPruned=0 TCPRcvCollapsed=0 TCPAbortOnMemory=0 TCPMemoryPressures=0 TCPMemoryPressuresChrono=0 TCPBacklogDrop=0 TCPZeroWindowDrop=0 TCPRcvQDrop=0 MemAvailable:2560M SwapFree:1023M Dirty:0M Slab:916M psi_mem=avg60=0.00 psi_cpu=avg60=0.55 load=7.29,4.45,2.64 cpu_u=179456 n=0 s=99910 i=985340 io=4465 irq=0 sirq=42634
  [diag] progress t=190s delivered=48421937 matched=48426021 events~=484 subscribed=100000 rss_mib=4094 swap_mib=0 fanout_done=false
[sys] 12:29:40 tcp_alloc=200014 tcp_mem_pages=1640 PruneCalled=0 RcvPruned=0 TCPRcvCollapsed=0 TCPAbortOnMemory=0 TCPMemoryPressures=0 TCPMemoryPressuresChrono=0 TCPBacklogDrop=0 TCPZeroWindowDrop=0 TCPRcvQDrop=0 MemAvailable:2648M SwapFree:1023M Dirty:0M Slab:910M psi_mem=avg60=0.00 psi_cpu=avg60=0.59 load=7.51,4.54,2.68 cpu_u=181663 n=0 s=100846 i=986069 io=4465 irq=0 sirq=43360
[sys] 12:29:45 tcp_alloc=200014 tcp_mem_pages=7272 PruneCalled=0 RcvPruned=0 TCPRcvCollapsed=0 TCPAbortOnMemory=0 TCPMemoryPressures=0 TCPMemoryPressuresChrono=0 TCPBacklogDrop=0 TCPZeroWindowDrop=0 TCPRcvQDrop=0 MemAvailable:2610M SwapFree:1023M Dirty:0M Slab:911M psi_mem=avg60=0.00 psi_cpu=avg60=0.59 load=7.71,4.63,2.72 cpu_u=184065 n=0 s=101905 i=986669 io=4465 irq=0 sirq=44175
  [diag] progress t=200s delivered=52431529 matched=52526021 events~=525 subscribed=100000 rss_mib=4089 swap_mib=0 fanout_done=false
[sys] 12:29:50 tcp_alloc=200014 tcp_mem_pages=6504 PruneCalled=0 RcvPruned=0 TCPRcvCollapsed=0 TCPAbortOnMemory=0 TCPMemoryPressures=0 TCPMemoryPressuresChrono=0 TCPBacklogDrop=0 TCPZeroWindowDrop=0 TCPRcvQDrop=0 MemAvailable:2663M SwapFree:1023M Dirty:0M Slab:908M psi_mem=avg60=0.00 psi_cpu=avg60=0.62 load=7.89,4.72,2.76 cpu_u=186273 n=0 s=102875 i=987460 io=4465 irq=0 sirq=44939
[sys] 12:29:55 tcp_alloc=200014 tcp_mem_pages=4200 PruneCalled=0 RcvPruned=0 TCPRcvCollapsed=0 TCPAbortOnMemory=0 TCPMemoryPressures=0 TCPMemoryPressuresChrono=0 TCPBacklogDrop=0 TCPZeroWindowDrop=0 TCPRcvQDrop=0 MemAvailable:2649M SwapFree:1023M Dirty:0M Slab:915M psi_mem=avg60=0.00 psi_cpu=avg60=0.65 load=8.06,4.81,2.80 cpu_u=188674 n=0 s=103915 i=987941 io=4465 irq=0 sirq=45763
  [diag] progress t=210s delivered=56729383 matched=56826021 events~=568 subscribed=100000 rss_mib=4085 swap_mib=0 fanout_done=false
[sys] 12:30:00 tcp_alloc=200014 tcp_mem_pages=104 PruneCalled=0 RcvPruned=0 TCPRcvCollapsed=0 TCPAbortOnMemory=0 TCPMemoryPressures=0 TCPMemoryPressuresChrono=0 TCPBacklogDrop=0 TCPZeroWindowDrop=0 TCPRcvQDrop=0 MemAvailable:2642M SwapFree:1023M Dirty:0M Slab:906M psi_mem=avg60=0.00 psi_cpu=avg60=0.71 load=8.22,4.89,2.84 cpu_u=190776 n=0 s=104686 i=989030 io=4465 irq=0 sirq=46374
[sys] 12:30:05 tcp_alloc=200014 tcp_mem_pages=104 PruneCalled=0 RcvPruned=0 TCPRcvCollapsed=0 TCPAbortOnMemory=0 TCPMemoryPressures=0 TCPMemoryPressuresChrono=0 TCPBacklogDrop=0 TCPZeroWindowDrop=0 TCPRcvQDrop=0 MemAvailable:2624M SwapFree:1023M Dirty:0M Slab:904M psi_mem=avg60=0.00 psi_cpu=avg60=0.70 load=8.28,4.96,2.87 cpu_u=192625 n=0 s=105245 i=990796 io=4466 irq=0 sirq=46855
  [diag] progress t=220s delivered=57626020 matched=57526021 events~=575 subscribed=100000 rss_mib=4096 swap_mib=0 fanout_done=false
[sys] 12:30:10 tcp_alloc=200014 tcp_mem_pages=104 PruneCalled=0 RcvPruned=0 TCPRcvCollapsed=0 TCPAbortOnMemory=0 TCPMemoryPressures=0 TCPMemoryPressuresChrono=0 TCPBacklogDrop=0 TCPZeroWindowDrop=0 TCPRcvQDrop=0 MemAvailable:2634M SwapFree:1023M Dirty:0M Slab:908M psi_mem=avg60=0.00 psi_cpu=avg60=0.73 load=8.42,5.05,2.91 cpu_u=194481 n=0 s=105843 i=992648 io=4466 irq=0 sirq=47298
[sys] 12:30:16 tcp_alloc=200014 tcp_mem_pages=18792 PruneCalled=0 RcvPruned=0 TCPRcvCollapsed=0 TCPAbortOnMemory=0 TCPMemoryPressures=0 TCPMemoryPressuresChrono=0 TCPBacklogDrop=0 TCPZeroWindowDrop=0 TCPRcvQDrop=0 MemAvailable:2626M SwapFree:1023M Dirty:0M Slab:920M psi_mem=avg60=0.00 psi_cpu=avg60=0.68 load=8.38,5.10,2.94 cpu_u=196554 n=0 s=106472 i=994366 io=4466 irq=0 sirq=47741
  [diag] progress t=230s delivered=58278518 matched=58226021 events~=582 subscribed=100000 rss_mib=4096 swap_mib=0 fanout_done=false
[sys] 12:30:21 tcp_alloc=200014 tcp_mem_pages=5992 PruneCalled=0 RcvPruned=0 TCPRcvCollapsed=0 TCPAbortOnMemory=0 TCPMemoryPressures=0 TCPMemoryPressuresChrono=0 TCPBacklogDrop=0 TCPZeroWindowDrop=0 TCPRcvQDrop=0 MemAvailable:2608M SwapFree:1023M Dirty:0M Slab:918M psi_mem=avg60=0.00 psi_cpu=avg60=0.68 load=8.51,5.18,2.98 cpu_u=198727 n=0 s=107279 i=995636 io=4466 irq=0 sirq=48343
  [diag] progress t=240s delivered=60641724 matched=60726021 events~=607 subscribed=100000 rss_mib=4096 swap_mib=0 fanout_done=false
[sys] 12:30:26 tcp_alloc=200014 tcp_mem_pages=28776 PruneCalled=0 RcvPruned=0 TCPRcvCollapsed=0 TCPAbortOnMemory=0 TCPMemoryPressures=0 TCPMemoryPressuresChrono=0 TCPBacklogDrop=0 TCPZeroWindowDrop=0 TCPRcvQDrop=0 MemAvailable:2596M SwapFree:1023M Dirty:0M Slab:931M psi_mem=avg60=0.00 psi_cpu=avg60=0.73 load=8.63,5.26,3.02 cpu_u=201103 n=0 s=108281 i=996350 io=4466 irq=0 sirq=49055
[sys] 12:30:31 tcp_alloc=200014 tcp_mem_pages=6504 PruneCalled=0 RcvPruned=0 TCPRcvCollapsed=0 TCPAbortOnMemory=0 TCPMemoryPressures=0 TCPMemoryPressuresChrono=0 TCPBacklogDrop=0 TCPZeroWindowDrop=0 TCPRcvQDrop=0 MemAvailable:2601M SwapFree:1023M Dirty:0M Slab:918M psi_mem=avg60=0.00 psi_cpu=avg60=0.76 load=8.74,5.34,3.05 cpu_u=203451 n=0 s=109336 i=997020 io=4466 irq=0 sirq=49806
  [diag] progress t=250s delivered=63829435 matched=63826021 events~=638 subscribed=100000 rss_mib=4097 swap_mib=0 fanout_done=false
[sys] 12:30:36 tcp_alloc=200014 tcp_mem_pages=872 PruneCalled=0 RcvPruned=0 TCPRcvCollapsed=0 TCPAbortOnMemory=0 TCPMemoryPressures=0 TCPMemoryPressuresChrono=0 TCPBacklogDrop=0 TCPZeroWindowDrop=0 TCPRcvQDrop=0 MemAvailable:2627M SwapFree:1023M Dirty:0M Slab:906M psi_mem=avg60=0.00 psi_cpu=avg60=0.74 load=8.84,5.41,3.09 cpu_u=205821 n=0 s=110395 i=997569 io=4466 irq=0 sirq=50605
[sys] 12:30:41 tcp_alloc=200014 tcp_mem_pages=6248 PruneCalled=0 RcvPruned=0 TCPRcvCollapsed=0 TCPAbortOnMemory=0 TCPMemoryPressures=0 TCPMemoryPressuresChrono=0 TCPBacklogDrop=0 TCPZeroWindowDrop=0 TCPRcvQDrop=0 MemAvailable:2615M SwapFree:1023M Dirty:0M Slab:912M psi_mem=avg60=0.00 psi_cpu=avg60=0.73 load=8.94,5.49,3.13 cpu_u=208215 n=0 s=111458 i=998096 io=4466 irq=0 sirq=51450
  [diag] progress t=260s delivered=67118342 matched=67126021 events~=671 subscribed=100000 rss_mib=4097 swap_mib=0 fanout_done=false
[sys] 12:30:46 tcp_alloc=200014 tcp_mem_pages=13416 PruneCalled=0 RcvPruned=0 TCPRcvCollapsed=0 TCPAbortOnMemory=0 TCPMemoryPressures=0 TCPMemoryPressuresChrono=0 TCPBacklogDrop=0 TCPZeroWindowDrop=0 TCPRcvQDrop=0 MemAvailable:2588M SwapFree:1023M Dirty:0M Slab:926M psi_mem=avg60=0.00 psi_cpu=avg60=0.75 load=8.94,5.55,3.16 cpu_u=210349 n=0 s=112287 i=999134 io=4466 irq=0 sirq=52056
[sys] 12:30:51 tcp_alloc=200014 tcp_mem_pages=12392 PruneCalled=0 RcvPruned=0 TCPRcvCollapsed=0 TCPAbortOnMemory=0 TCPMemoryPressures=0 TCPMemoryPressuresChrono=0 TCPBacklogDrop=0 TCPZeroWindowDrop=0 TCPRcvQDrop=0 MemAvailable:2630M SwapFree:1023M Dirty:0M Slab:913M psi_mem=avg60=0.00 psi_cpu=avg60=0.77 load=9.03,5.62,3.20 cpu_u=212349 n=0 s=112875 i=1000763 io=4466 irq=0 sirq=52506
  [diag] progress t=270s delivered=67654542 matched=67626021 events~=676 subscribed=100000 rss_mib=4097 swap_mib=0 fanout_done=false
[sys] 12:30:56 tcp_alloc=200014 tcp_mem_pages=9832 PruneCalled=0 RcvPruned=0 TCPRcvCollapsed=0 TCPAbortOnMemory=0 TCPMemoryPressures=0 TCPMemoryPressuresChrono=0 TCPBacklogDrop=0 TCPZeroWindowDrop=0 TCPRcvQDrop=0 MemAvailable:2636M SwapFree:1023M Dirty:0M Slab:916M psi_mem=avg60=0.00 psi_cpu=avg60=0.79 load=8.94,5.66,3.22 cpu_u=214345 n=0 s=113505 i=1002505 io=4467 irq=0 sirq=52974
[sys] 12:31:01 tcp_alloc=200014 tcp_mem_pages=4968 PruneCalled=0 RcvPruned=0 TCPRcvCollapsed=0 TCPAbortOnMemory=0 TCPMemoryPressures=0 TCPMemoryPressuresChrono=0 TCPBacklogDrop=0 TCPZeroWindowDrop=0 TCPRcvQDrop=0 MemAvailable:2638M SwapFree:1023M Dirty:0M Slab:905M psi_mem=avg60=0.00 psi_cpu=avg60=0.77 load=8.23,5.57,3.21 cpu_u=216254 n=0 s=114089 i=1004427 io=4467 irq=0 sirq=53415
  [diag] progress t=280s delivered=68227529 matched=68226021 events~=682 subscribed=100000 rss_mib=4097 swap_mib=0 fanout_done=false
[sys] 12:31:06 tcp_alloc=200014 tcp_mem_pages=11368 PruneCalled=0 RcvPruned=0 TCPRcvCollapsed=0 TCPAbortOnMemory=0 TCPMemoryPressures=0 TCPMemoryPressuresChrono=0 TCPBacklogDrop=0 TCPZeroWindowDrop=0 TCPRcvQDrop=0 MemAvailable:2633M SwapFree:1023M Dirty:0M Slab:911M psi_mem=avg60=0.00 psi_cpu=avg60=0.76 load=8.37,5.64,3.24 cpu_u=218141 n=0 s=114674 i=1006290 io=4467 irq=0 sirq=53862
[sys] 12:31:11 tcp_alloc=200014 tcp_mem_pages=360 PruneCalled=0 RcvPruned=0 TCPRcvCollapsed=0 TCPAbortOnMemory=0 TCPMemoryPressures=0 TCPMemoryPressuresChrono=0 TCPBacklogDrop=0 TCPZeroWindowDrop=0 TCPRcvQDrop=0 MemAvailable:2619M SwapFree:1023M Dirty:0M Slab:903M psi_mem=avg60=0.00 psi_cpu=avg60=0.81 load=7.94,5.60,3.24 cpu_u=219781 n=0 s=115134 i=1008068 io=4467 irq=0 sirq=54299
  [diag] progress t=290s delivered=68617030 matched=68526021 events~=685 subscribed=100000 rss_mib=4097 swap_mib=0 fanout_done=false
[sys] 12:31:16 tcp_alloc=200014 tcp_mem_pages=360 PruneCalled=0 RcvPruned=0 TCPRcvCollapsed=0 TCPAbortOnMemory=0 TCPMemoryPressures=0 TCPMemoryPressuresChrono=0 TCPBacklogDrop=0 TCPZeroWindowDrop=0 TCPRcvQDrop=0 MemAvailable:2631M SwapFree:1023M Dirty:0M Slab:906M psi_mem=avg60=0.00 psi_cpu=avg60=0.77 load=7.54,5.56,3.24 cpu_u=221559 n=0 s=115630 i=1009998 io=4467 irq=0 sirq=54780
[sys] 12:31:21 tcp_alloc=200014 tcp_mem_pages=360 PruneCalled=0 RcvPruned=0 TCPRcvCollapsed=0 TCPAbortOnMemory=0 TCPMemoryPressures=0 TCPMemoryPressuresChrono=0 TCPBacklogDrop=0 TCPZeroWindowDrop=0 TCPRcvQDrop=0 MemAvailable:2628M SwapFree:1023M Dirty:0M Slab:905M psi_mem=avg60=0.00 psi_cpu=avg60=0.72 load=7.02,5.48,3.23 cpu_u=223202 n=0 s=116108 i=1011941 io=4467 irq=0 sirq=55302
  [diag] progress t=300s delivered=69032839 matched=69026021 events~=690 subscribed=100000 rss_mib=4097 swap_mib=0 fanout_done=false
[sys] 12:31:26 tcp_alloc=200014 tcp_mem_pages=12392 PruneCalled=0 RcvPruned=0 TCPRcvCollapsed=0 TCPAbortOnMemory=0 TCPMemoryPressures=0 TCPMemoryPressuresChrono=0 TCPBacklogDrop=0 TCPZeroWindowDrop=0 TCPRcvQDrop=0 MemAvailable:2620M SwapFree:1023M Dirty:0M Slab:914M psi_mem=avg60=0.00 psi_cpu=avg60=0.71 load=7.26,5.56,3.26 cpu_u=225143 n=0 s=116701 i=1013645 io=4467 irq=0 sirq=55789
[sys] 12:31:31 tcp_alloc=200014 tcp_mem_pages=872 PruneCalled=0 RcvPruned=0 TCPRcvCollapsed=0 TCPAbortOnMemory=0 TCPMemoryPressures=0 TCPMemoryPressuresChrono=0 TCPBacklogDrop=0 TCPZeroWindowDrop=0 TCPRcvQDrop=0 MemAvailable:2617M SwapFree:1023M Dirty:0M Slab:908M psi_mem=avg60=0.00 psi_cpu=avg60=0.73 load=7.16,5.56,3.28 cpu_u=227233 n=0 s=117339 i=1015306 io=4467 irq=0 sirq=56254
  [diag] progress t=310s delivered=69654592 matched=69626021 events~=696 subscribed=100000 rss_mib=4097 swap_mib=0 fanout_done=false
[sys] 12:31:36 tcp_alloc=200014 tcp_mem_pages=360 PruneCalled=0 RcvPruned=0 TCPRcvCollapsed=0 TCPAbortOnMemory=0 TCPMemoryPressures=0 TCPMemoryPressuresChrono=0 TCPBacklogDrop=0 TCPZeroWindowDrop=0 TCPRcvQDrop=0 MemAvailable:2621M SwapFree:1023M Dirty:0M Slab:908M psi_mem=avg60=0.00 psi_cpu=avg60=0.76 load=7.14,5.59,3.30 cpu_u=229244 n=0 s=117956 i=1016998 io=4467 irq=0 sirq=56707
[sys] 12:31:41 tcp_alloc=200014 tcp_mem_pages=1128 PruneCalled=0 RcvPruned=0 TCPRcvCollapsed=0 TCPAbortOnMemory=0 TCPMemoryPressures=0 TCPMemoryPressuresChrono=0 TCPBacklogDrop=0 TCPZeroWindowDrop=0 TCPRcvQDrop=0 MemAvailable:2614M SwapFree:1023M Dirty:0M Slab:907M psi_mem=avg60=0.00 psi_cpu=avg60=0.71 load=6.65,5.51,3.29 cpu_u=231130 n=0 s=118526 i=1018946 io=4467 irq=0 sirq=57167
  [diag] progress t=320s delivered=70319884 matched=70226021 events~=702 subscribed=100000 rss_mib=4097 swap_mib=0 fanout_done=false
[sys] 12:31:46 tcp_alloc=200014 tcp_mem_pages=1896 PruneCalled=0 RcvPruned=0 TCPRcvCollapsed=0 TCPAbortOnMemory=0 TCPMemoryPressures=0 TCPMemoryPressuresChrono=0 TCPBacklogDrop=0 TCPZeroWindowDrop=0 TCPRcvQDrop=0 MemAvailable:2614M SwapFree:1023M Dirty:0M Slab:907M psi_mem=avg60=0.00 psi_cpu=avg60=0.70 load=6.92,5.59,3.32 cpu_u=233114 n=0 s=119117 i=1020683 io=4467 irq=0 sirq=57605
[sys] 12:31:51 tcp_alloc=200014 tcp_mem_pages=104 PruneCalled=0 RcvPruned=0 TCPRcvCollapsed=0 TCPAbortOnMemory=0 TCPMemoryPressures=0 TCPMemoryPressuresChrono=0 TCPBacklogDrop=0 TCPZeroWindowDrop=0 TCPRcvQDrop=0 MemAvailable:2626M SwapFree:1023M Dirty:0M Slab:909M psi_mem=avg60=0.00 psi_cpu=avg60=0.69 load=7.01,5.63,3.35 cpu_u=235272 n=0 s=119785 i=1022182 io=4468 irq=0 sirq=58135
  [diag] progress t=330s delivered=71026020 matched=71026021 events~=710 subscribed=100000 rss_mib=4079 swap_mib=0 fanout_done=false
[sys] 12:31:56 tcp_alloc=200014 tcp_mem_pages=21864 PruneCalled=0 RcvPruned=0 TCPRcvCollapsed=0 TCPAbortOnMemory=0 TCPMemoryPressures=0 TCPMemoryPressuresChrono=0 TCPBacklogDrop=0 TCPZeroWindowDrop=0 TCPRcvQDrop=0 MemAvailable:2619M SwapFree:1023M Dirty:0M Slab:923M psi_mem=avg60=0.00 psi_cpu=avg60=0.65 load=7.25,5.70,3.38 cpu_u=237314 n=0 s=120405 i=1023881 io=4468 irq=0 sirq=58621
[sys] 12:32:01 tcp_alloc=200014 tcp_mem_pages=872 PruneCalled=0 RcvPruned=0 TCPRcvCollapsed=0 TCPAbortOnMemory=0 TCPMemoryPressures=0 TCPMemoryPressuresChrono=0 TCPBacklogDrop=0 TCPZeroWindowDrop=0 TCPRcvQDrop=0 MemAvailable:2606M SwapFree:1023M Dirty:0M Slab:909M psi_mem=avg60=0.00 psi_cpu=avg60=0.64 load=7.39,5.75,3.41 cpu_u=239440 n=0 s=121036 i=1025507 io=4468 irq=0 sirq=59064
  [diag] progress t=340s delivered=71944429 matched=71926021 events~=719 subscribed=100000 rss_mib=4097 swap_mib=0 fanout_done=false
[sys] 12:32:06 tcp_alloc=200014 tcp_mem_pages=17512 PruneCalled=0 RcvPruned=0 TCPRcvCollapsed=0 TCPAbortOnMemory=0 TCPMemoryPressures=0 TCPMemoryPressuresChrono=0 TCPBacklogDrop=0 TCPZeroWindowDrop=0 TCPRcvQDrop=0 MemAvailable:2596M SwapFree:1023M Dirty:0M Slab:933M psi_mem=avg60=0.00 psi_cpu=avg60=0.68 load=7.60,5.82,3.45 cpu_u=241637 n=0 s=121891 i=1026659 io=4468 irq=0 sirq=59695
[sys] 12:32:12 tcp_alloc=200014 tcp_mem_pages=360 PruneCalled=0 RcvPruned=0 TCPRcvCollapsed=0 TCPAbortOnMemory=0 TCPMemoryPressures=0 TCPMemoryPressuresChrono=0 TCPBacklogDrop=0 TCPZeroWindowDrop=0 TCPRcvQDrop=0 MemAvailable:2639M SwapFree:1023M Dirty:0M Slab:909M psi_mem=avg60=0.00 psi_cpu=avg60=0.73 load=7.79,5.89,3.49 cpu_u=243778 n=0 s=122658 i=1028008 io=4468 irq=0 sirq=60266
  [diag] progress t=350s delivered=72828491 matched=72826021 events~=728 subscribed=100000 rss_mib=4097 swap_mib=0 fanout_done=false
[sys] 12:32:17 tcp_alloc=200014 tcp_mem_pages=104 PruneCalled=0 RcvPruned=0 TCPRcvCollapsed=0 TCPAbortOnMemory=0 TCPMemoryPressures=0 TCPMemoryPressuresChrono=0 TCPBacklogDrop=0 TCPZeroWindowDrop=0 TCPRcvQDrop=0 MemAvailable:2628M SwapFree:1023M Dirty:0M Slab:908M psi_mem=avg60=0.00 psi_cpu=avg60=0.75 load=7.41,5.85,3.48 cpu_u=246029 n=0 s=123313 i=1029526 io=4468 irq=0 sirq=60705
[sys] 12:32:22 tcp_alloc=200014 tcp_mem_pages=360 PruneCalled=0 RcvPruned=0 TCPRcvCollapsed=0 TCPAbortOnMemory=0 TCPMemoryPressures=0 TCPMemoryPressuresChrono=0 TCPBacklogDrop=0 TCPZeroWindowDrop=0 TCPRcvQDrop=0 MemAvailable:2634M SwapFree:1023M Dirty:0M Slab:906M psi_mem=avg60=0.00 psi_cpu=avg60=0.77 load=7.61,5.91,3.52 cpu_u=247987 n=0 s=123904 i=1031393 io=4468 irq=0 sirq=61132
  [diag] progress t=360s delivered=73484730 matched=73426021 events~=734 subscribed=100000 rss_mib=4097 swap_mib=0 fanout_done=false
[sys] 12:32:27 tcp_alloc=200014 tcp_mem_pages=2152 PruneCalled=0 RcvPruned=0 TCPRcvCollapsed=0 TCPAbortOnMemory=0 TCPMemoryPressures=0 TCPMemoryPressuresChrono=0 TCPBacklogDrop=0 TCPZeroWindowDrop=0 TCPRcvQDrop=0 MemAvailable:2617M SwapFree:1023M Dirty:0M Slab:907M psi_mem=avg60=0.00 psi_cpu=avg60=0.76 load=7.08,5.83,3.50 cpu_u=249945 n=0 s=124509 i=1033195 io=4468 irq=0 sirq=61579
[sys] 12:32:32 tcp_alloc=200014 tcp_mem_pages=12904 PruneCalled=0 RcvPruned=0 TCPRcvCollapsed=0 TCPAbortOnMemory=0 TCPMemoryPressures=0 TCPMemoryPressuresChrono=0 TCPBacklogDrop=0 TCPZeroWindowDrop=0 TCPRcvQDrop=0 MemAvailable:2608M SwapFree:1023M Dirty:0M Slab:919M psi_mem=avg60=0.00 psi_cpu=avg60=0.74 load=6.60,5.75,3.49 cpu_u=251976 n=0 s=125167 i=1034891 io=4468 irq=0 sirq=62073
  [diag] progress t=370s delivered=74155578 matched=74126021 events~=741 subscribed=100000 rss_mib=4097 swap_mib=0 fanout_done=false
[sys] 12:32:37 tcp_alloc=200014 tcp_mem_pages=1128 PruneCalled=0 RcvPruned=0 TCPRcvCollapsed=0 TCPAbortOnMemory=0 TCPMemoryPressures=0 TCPMemoryPressuresChrono=0 TCPBacklogDrop=0 TCPZeroWindowDrop=0 TCPRcvQDrop=0 MemAvailable:2609M SwapFree:1023M Dirty:0M Slab:905M psi_mem=avg60=0.00 psi_cpu=avg60=0.70 load=6.87,5.82,3.53 cpu_u=254013 n=0 s=125767 i=1036737 io=4468 irq=0 sirq=62517
[sys] 12:32:42 tcp_alloc=200014 tcp_mem_pages=17000 PruneCalled=0 RcvPruned=0 TCPRcvCollapsed=0 TCPAbortOnMemory=0 TCPMemoryPressures=0 TCPMemoryPressuresChrono=0 TCPBacklogDrop=0 TCPZeroWindowDrop=0 TCPRcvQDrop=0 MemAvailable:2608M SwapFree:1023M Dirty:0M Slab:921M psi_mem=avg60=0.00 psi_cpu=avg60=0.69 load=6.40,5.74,3.51 cpu_u=256137 n=0 s=126398 i=1038317 io=4468 irq=0 sirq=62997
  [diag] progress t=380s delivered=74826020 matched=74826021 events~=748 subscribed=100000 rss_mib=4089 swap_mib=0 fanout_done=false
[sys] 12:32:47 tcp_alloc=200014 tcp_mem_pages=616 PruneCalled=0 RcvPruned=0 TCPRcvCollapsed=0 TCPAbortOnMemory=0 TCPMemoryPressures=0 TCPMemoryPressuresChrono=0 TCPBacklogDrop=0 TCPZeroWindowDrop=0 TCPRcvQDrop=0 MemAvailable:2620M SwapFree:1023M Dirty:0M Slab:908M psi_mem=avg60=0.00 psi_cpu=avg60=0.65 load=6.69,5.81,3.55 cpu_u=258176 n=0 s=127008 i=1040105 io=4468 irq=0 sirq=63440
[sys] 12:32:52 tcp_alloc=200014 tcp_mem_pages=360 PruneCalled=0 RcvPruned=0 TCPRcvCollapsed=0 TCPAbortOnMemory=0 TCPMemoryPressures=0 TCPMemoryPressuresChrono=0 TCPBacklogDrop=0 TCPZeroWindowDrop=0 TCPRcvQDrop=0 MemAvailable:2608M SwapFree:1023M Dirty:0M Slab:909M psi_mem=avg60=0.00 psi_cpu=avg60=0.61 load=6.95,5.88,3.58 cpu_u=260117 n=0 s=127607 i=1041975 io=4468 irq=0 sirq=63888
