BUILD start 07:56:10 tag=fanout-diag
   Compiling nostos-infra v0.2.0 (/src/crates/nostos-infra)
   Compiling nostos-bench v0.2.0 (/src/crates/nostos-bench)
    Finished `release` profile [optimized] target(s) in 1m 10s
BUILD ok 07:57:32
HOST tier=10000 start 18:18:37 load1=7.81 waited=1260s
env: Linux 7.0.12-linuxkit aarch64 nproc=10 nofile=1048576 mem=8124516kB swap=1048572kB tcp_rmem=4096-131072-33554432 tcp_wmem=4096-16384-4194304
SOAK start 08:18:40 clients=10000 events=500 window=120 ack=1 listeners=1
[sys] 08:18:40 tcp_alloc=21 tcp_mem_pages=0 PruneCalled=0 RcvPruned=0 TCPRcvCollapsed=0 TCPAbortOnMemory=0 TCPMemoryPressures=0 TCPMemoryPressuresChrono=0 TCPBacklogDrop=0 TCPZeroWindowDrop=0 TCPRcvQDrop=0 MemAvailable:7420M SwapFree:1023M Dirty:0M Slab:39M psi_mem=avg60=0.00 psi_cpu=avg60=0.06 load=0.00,0.00,0.00 cpu_u=120 n=0 s=173 i=1649 io=80 irq=0 sirq=40
  [diag] listeners: ws://127.0.0.1:31475/sync
  [diag] subscribe quorum after 4.66s: connected=10000 subscribed=10000 connect_failed=0 complete=true (ceiling 60s, stall 5s)
[sys] 08:18:45 tcp_alloc=20022 tcp_mem_pages=1280 PruneCalled=0 RcvPruned=0 TCPRcvCollapsed=0 TCPAbortOnMemory=0 TCPMemoryPressures=0 TCPMemoryPressuresChrono=0 TCPBacklogDrop=0 TCPZeroWindowDrop=0 TCPRcvQDrop=0 MemAvailable:6935M SwapFree:1023M Dirty:0M Slab:123M psi_mem=avg60=0.00 psi_cpu=avg60=0.06 load=0.00,0.00,0.00 cpu_u=261 n=0 s=370 i=6113 io=81 irq=0 sirq=110
[sys] 08:18:50 tcp_alloc=20022 tcp_mem_pages=1024 PruneCalled=0 RcvPruned=0 TCPRcvCollapsed=0 TCPAbortOnMemory=0 TCPMemoryPressures=0 TCPMemoryPressuresChrono=0 TCPBacklogDrop=0 TCPZeroWindowDrop=0 TCPRcvQDrop=0 MemAvailable:6852M SwapFree:1023M Dirty:0M Slab:123M psi_mem=avg60=0.00 psi_cpu=avg60=0.56 load=0.72,0.15,0.05 cpu_u=423 n=0 s=483 i=6427 io=81 irq=0 sirq=470
  [diag] progress t=10s delivered=193497 matched=200000 events~=20 subscribed=10000 rss_mib=464 swap_mib=0 fanout_done=false
[sys] 08:18:56 tcp_alloc=20022 tcp_mem_pages=1792 PruneCalled=0 RcvPruned=0 TCPRcvCollapsed=0 TCPAbortOnMemory=0 TCPMemoryPressures=0 TCPMemoryPressuresChrono=0 TCPBacklogDrop=0 TCPZeroWindowDrop=0 TCPRcvQDrop=0 MemAvailable:6851M SwapFree:1023M Dirty:0M Slab:123M psi_mem=avg60=0.00 psi_cpu=avg60=0.94 load=1.14,0.25,0.08 cpu_u=537 n=0 s=570 i=6597 io=81 irq=0 sirq=826
[sys] 08:19:01 tcp_alloc=20022 tcp_mem_pages=512 PruneCalled=0 RcvPruned=0 TCPRcvCollapsed=0 TCPAbortOnMemory=0 TCPMemoryPressures=0 TCPMemoryPressuresChrono=0 TCPBacklogDrop=0 TCPZeroWindowDrop=0 TCPRcvQDrop=0 MemAvailable:6858M SwapFree:1023M Dirty:0M Slab:123M psi_mem=avg60=0.00 psi_cpu=avg60=1.22 load=1.85,0.41,0.13 cpu_u=610 n=0 s=636 i=6698 io=81 irq=0 sirq=1244
  [diag] progress t=20s delivered=379557 matched=390000 events~=39 subscribed=10000 rss_mib=479 swap_mib=0 fanout_done=false
[sys] 08:19:06 tcp_alloc=20022 tcp_mem_pages=1024 PruneCalled=0 RcvPruned=0 TCPRcvCollapsed=0 TCPAbortOnMemory=0 TCPMemoryPressures=0 TCPMemoryPressuresChrono=0 TCPBacklogDrop=0 TCPZeroWindowDrop=0 TCPRcvQDrop=0 MemAvailable:6853M SwapFree:1023M Dirty:0M Slab:124M psi_mem=avg60=0.00 psi_cpu=avg60=1.37 load=2.43,0.55,0.18 cpu_u=791 n=0 s=769 i=6939 io=81 irq=0 sirq=1643
[sys] 08:19:11 tcp_alloc=20022 tcp_mem_pages=1536 PruneCalled=0 RcvPruned=0 TCPRcvCollapsed=0 TCPAbortOnMemory=0 TCPMemoryPressures=0 TCPMemoryPressuresChrono=0 TCPBacklogDrop=0 TCPZeroWindowDrop=0 TCPRcvQDrop=0 MemAvailable:6862M SwapFree:1023M Dirty:0M Slab:123M psi_mem=avg60=0.00 psi_cpu=avg60=1.46 load=2.79,0.66,0.22 cpu_u=1206 n=0 s=1028 i=7401 io=81 irq=0 sirq=2083
  [diag] progress t=30s delivered=974809 matched=980000 events~=98 subscribed=10000 rss_mib=480 swap_mib=0 fanout_done=false
[sys] 08:19:16 tcp_alloc=20022 tcp_mem_pages=1024 PruneCalled=0 RcvPruned=0 TCPRcvCollapsed=0 TCPAbortOnMemory=0 TCPMemoryPressures=0 TCPMemoryPressuresChrono=0 TCPBacklogDrop=0 TCPZeroWindowDrop=0 TCPRcvQDrop=0 MemAvailable:6858M SwapFree:1023M Dirty:0M Slab:124M psi_mem=avg60=0.00 psi_cpu=avg60=1.51 load=2.57,0.65,0.22 cpu_u=1611 n=0 s=1288 i=8026 io=81 irq=0 sirq=2512
[sys] 08:19:21 tcp_alloc=20022 tcp_mem_pages=1536 PruneCalled=0 RcvPruned=0 TCPRcvCollapsed=0 TCPAbortOnMemory=0 TCPMemoryPressures=0 TCPMemoryPressuresChrono=0 TCPBacklogDrop=0 TCPZeroWindowDrop=0 TCPRcvQDrop=0 MemAvailable:6858M SwapFree:1023M Dirty:0M Slab:124M psi_mem=avg60=0.00 psi_cpu=avg60=1.67 load=3.24,0.82,0.28 cpu_u=1621 n=0 s=1314 i=8030 io=81 irq=0 sirq=2831
  [diag] progress t=40s delivered=1214117 matched=1220000 events~=122 subscribed=10000 rss_mib=473 swap_mib=0 fanout_done=false
[sys] 08:19:26 tcp_alloc=20022 tcp_mem_pages=1280 PruneCalled=0 RcvPruned=0 TCPRcvCollapsed=0 TCPAbortOnMemory=0 TCPMemoryPressures=0 TCPMemoryPressuresChrono=0 TCPBacklogDrop=0 TCPZeroWindowDrop=0 TCPRcvQDrop=0 MemAvailable:6890M SwapFree:1023M Dirty:0M Slab:123M psi_mem=avg60=0.00 psi_cpu=avg60=1.79 load=3.79,0.97,0.33 cpu_u=1734 n=0 s=1403 i=8174 io=81 irq=0 sirq=3208
[sys] 08:19:31 tcp_alloc=20022 tcp_mem_pages=1024 PruneCalled=0 RcvPruned=0 TCPRcvCollapsed=0 TCPAbortOnMemory=0 TCPMemoryPressures=0 TCPMemoryPressuresChrono=0 TCPBacklogDrop=0 TCPZeroWindowDrop=0 TCPRcvQDrop=0 MemAvailable:6886M SwapFree:1023M Dirty:0M Slab:123M psi_mem=avg60=0.00 psi_cpu=avg60=1.84 load=3.48,0.96,0.33 cpu_u=1885 n=0 s=1505 i=8346 io=81 irq=0 sirq=3607
  [diag] progress t=50s delivered=1351354 matched=1360000 events~=136 subscribed=10000 rss_mib=473 swap_mib=0 fanout_done=false
[sys] 08:19:36 tcp_alloc=20022 tcp_mem_pages=4096 PruneCalled=0 RcvPruned=0 TCPRcvCollapsed=0 TCPAbortOnMemory=0 TCPMemoryPressures=0 TCPMemoryPressuresChrono=0 TCPBacklogDrop=0 TCPZeroWindowDrop=0 TCPRcvQDrop=0 MemAvailable:6883M SwapFree:1023M Dirty:0M Slab:125M psi_mem=avg60=0.00 psi_cpu=avg60=2.08 load=4.00,1.11,0.38 cpu_u=1964 n=0 s=1568 i=8452 io=81 irq=0 sirq=3951
[sys] 08:19:41 tcp_alloc=20022 tcp_mem_pages=256 PruneCalled=0 RcvPruned=0 TCPRcvCollapsed=0 TCPAbortOnMemory=0 TCPMemoryPressures=0 TCPMemoryPressuresChrono=0 TCPBacklogDrop=0 TCPZeroWindowDrop=0 TCPRcvQDrop=0 MemAvailable:6853M SwapFree:1023M Dirty:0M Slab:123M psi_mem=avg60=0.00 psi_cpu=avg60=2.17 load=4.40,1.24,0.42 cpu_u=2411 n=0 s=1876 i=8945 io=83 irq=0 sirq=4365
  [diag] progress t=60s delivered=1897037 matched=1900000 events~=190 subscribed=10000 rss_mib=473 swap_mib=0 fanout_done=false
[sys] 08:19:47 tcp_alloc=20022 tcp_mem_pages=768 PruneCalled=0 RcvPruned=0 TCPRcvCollapsed=0 TCPAbortOnMemory=0 TCPMemoryPressures=0 TCPMemoryPressuresChrono=0 TCPBacklogDrop=0 TCPZeroWindowDrop=0 TCPRcvQDrop=0 MemAvailable:6871M SwapFree:1023M Dirty:0M Slab:122M psi_mem=avg60=0.00 psi_cpu=avg60=2.24 load=4.93,1.40,0.48 cpu_u=2677 n=0 s=2044 i=9242 io=83 irq=0 sirq=4819
[sys] 08:19:52 tcp_alloc=20022 tcp_mem_pages=0 PruneCalled=0 RcvPruned=0 TCPRcvCollapsed=0 TCPAbortOnMemory=0 TCPMemoryPressures=0 TCPMemoryPressuresChrono=0 TCPBacklogDrop=0 TCPZeroWindowDrop=0 TCPRcvQDrop=0 MemAvailable:6867M SwapFree:1023M Dirty:0M Slab:123M psi_mem=avg60=0.00 psi_cpu=avg60=2.31 load=5.34,1.54,0.53 cpu_u=3091 n=0 s=2294 i=9684 io=83 irq=0 sirq=5235
  [diag] progress t=70s delivered=2587199 matched=2590000 events~=259 subscribed=10000 rss_mib=473 swap_mib=0 fanout_done=false
[sys] 08:19:57 tcp_alloc=20022 tcp_mem_pages=1024 PruneCalled=0 RcvPruned=0 TCPRcvCollapsed=0 TCPAbortOnMemory=0 TCPMemoryPressures=0 TCPMemoryPressuresChrono=0 TCPBacklogDrop=0 TCPZeroWindowDrop=0 TCPRcvQDrop=0 MemAvailable:6861M SwapFree:1023M Dirty:0M Slab:123M psi_mem=avg60=0.00 psi_cpu=avg60=2.36 load=5.71,1.68,0.58 cpu_u=3574 n=0 s=2612 i=10503 io=83 irq=0 sirq=5577
[sys] 08:20:02 tcp_alloc=20022 tcp_mem_pages=512 PruneCalled=0 RcvPruned=0 TCPRcvCollapsed=0 TCPAbortOnMemory=0 TCPMemoryPressures=0 TCPMemoryPressuresChrono=0 TCPBacklogDrop=0 TCPZeroWindowDrop=0 TCPRcvQDrop=0 MemAvailable:6859M SwapFree:1023M Dirty:0M Slab:123M psi_mem=avg60=0.00 psi_cpu=avg60=2.51 load=5.25,1.66,0.58 cpu_u=3687 n=0 s=2694 i=10671 io=83 irq=0 sirq=5911
  [diag] progress t=80s delivered=2813804 matched=2820000 events~=282 subscribed=10000 rss_mib=473 swap_mib=0 fanout_done=false
[sys] 08:20:07 tcp_alloc=20022 tcp_mem_pages=1024 PruneCalled=0 RcvPruned=0 TCPRcvCollapsed=0 TCPAbortOnMemory=0 TCPMemoryPressures=0 TCPMemoryPressuresChrono=0 TCPBacklogDrop=0 TCPZeroWindowDrop=0 TCPRcvQDrop=0 MemAvailable:6859M SwapFree:1023M Dirty:0M Slab:123M psi_mem=avg60=0.00 psi_cpu=avg60=2.60 load=5.80,1.83,0.64 cpu_u=3781 n=0 s=2771 i=10805 io=83 irq=0 sirq=6252
[sys] 08:20:13 tcp_alloc=20022 tcp_mem_pages=512 PruneCalled=0 RcvPruned=0 TCPRcvCollapsed=0 TCPAbortOnMemory=0 TCPMemoryPressures=0 TCPMemoryPressuresChrono=0 TCPBacklogDrop=0 TCPZeroWindowDrop=0 TCPRcvQDrop=0 MemAvailable:6850M SwapFree:1023M Dirty:0M Slab:123M psi_mem=avg60=0.00 psi_cpu=avg60=2.74 load=5.33,1.80,0.64 cpu_u=3992 n=0 s=2914 i=11061 io=83 irq=0 sirq=6600
  [diag] progress t=90s delivered=3030387 matched=3040000 events~=304 subscribed=10000 rss_mib=473 swap_mib=0 fanout_done=false
[sys] 08:20:18 tcp_alloc=20022 tcp_mem_pages=768 PruneCalled=0 RcvPruned=0 TCPRcvCollapsed=0 TCPAbortOnMemory=0 TCPMemoryPressures=0 TCPMemoryPressuresChrono=0 TCPBacklogDrop=0 TCPZeroWindowDrop=0 TCPRcvQDrop=0 MemAvailable:6847M SwapFree:1023M Dirty:0M Slab:126M psi_mem=avg60=0.00 psi_cpu=avg60=2.89 load=4.51,1.74,0.63 cpu_u=4040 n=0 s=2960 i=11104 io=83 irq=0 sirq=6892
[sys] 08:20:23 tcp_alloc=20022 tcp_mem_pages=512 PruneCalled=0 RcvPruned=0 TCPRcvCollapsed=0 TCPAbortOnMemory=0 TCPMemoryPressures=0 TCPMemoryPressuresChrono=0 TCPBacklogDrop=0 TCPZeroWindowDrop=0 TCPRcvQDrop=0 MemAvailable:6878M SwapFree:1023M Dirty:0M Slab:122M psi_mem=avg60=0.00 psi_cpu=avg60=2.99 load=4.95,1.87,0.68 cpu_u=4860 n=0 s=3451 i=12068 io=83 irq=0 sirq=7394
  [diag] progress t=100s delivered=3931812 matched=3940000 events~=394 subscribed=10000 rss_mib=474 swap_mib=0 fanout_done=false
[sys] 08:20:28 tcp_alloc=20022 tcp_mem_pages=0 PruneCalled=0 RcvPruned=0 TCPRcvCollapsed=0 TCPAbortOnMemory=0 TCPMemoryPressures=0 TCPMemoryPressuresChrono=0 TCPBacklogDrop=0 TCPZeroWindowDrop=0 TCPRcvQDrop=0 MemAvailable:6916M SwapFree:1023M Dirty:0M Slab:123M psi_mem=avg60=0.00 psi_cpu=avg60=2.86 load=5.36,2.01,0.73 cpu_u=5349 n=0 s=3746 i=12595 io=83 irq=0 sirq=7870
[sys] 08:20:33 tcp_alloc=20022 tcp_mem_pages=1024 PruneCalled=0 RcvPruned=0 TCPRcvCollapsed=0 TCPAbortOnMemory=0 TCPMemoryPressures=0 TCPMemoryPressuresChrono=0 TCPBacklogDrop=0 TCPZeroWindowDrop=0 TCPRcvQDrop=0 MemAvailable:6900M SwapFree:1023M Dirty:0M Slab:122M psi_mem=avg60=0.00 psi_cpu=avg60=2.83 load=4.93,1.97,0.73 cpu_u=5855 n=0 s=4047 i=13004 io=83 irq=0 sirq=8455
  [diag] progress t=110s delivered=4964175 matched=4970000 events~=497 subscribed=10000 rss_mib=474 swap_mib=0 fanout_done=false
  [diag] at window end: connected=10000 subscribed=10000 connect_failed=0 subscribed_at_start=10000 late_subscribers=0 (late subscribers' pre-subscribe events stay in the drop count)
  [diag] router: matched=5000000 delivered=5000000 dropped=0 faulted=0 events_fanned_out~=500 (matched/subscribed)
  [diag] undelivered breakdown (events): never_connected_x_events=0 pre_subscribe_loss=0 router_dropped=0 router_faulted=0 in_flight_or_unaccounted=0 sum=0 (attempted-delivered=0)
  [diag] completed=true (delivered 5000000 of 5000000 before the 120s window) peak_rss_mib=481
  [diag] finish: fanout_done=true reachable=5000000 delivered=5000000 elapsed_to_finish=112.21s
  [diag] stages events=500 match=3.53ms/ev deliver=217.31ms/ev ack_scan=0.34ms/ev busy=110.59s wall=112.21s busy_frac=0.986
  [diag] fanout_task_finished=true (true = replicator budget exhausted before the window closed)

=== nostos-bench-10k probe ===
  clients   : 10000
  events    : 500 (attempted deliveries: 5000000)
  window    : 120s
  ---------------------------
  delivered : 5000000
  ops/sec   : 44561
  drop%     : 0.00
  elapsed   : 112.21s
  elapsed_to_finish : 112.21s
  ops/sec (finish)  : 44561
SOAK rc=0 08:20:37
HOST tier=10000 end 18:20:37 load1=26.06 rc=0
HOST tier=50000 start 18:25:08 load1=6.86 waited=240s
env: Linux 7.0.12-linuxkit aarch64 nproc=10 nofile=1048576 mem=8124516kB swap=1048572kB tcp_rmem=4096-131072-33554432 tcp_wmem=4096-16384-4194304
SOAK start 08:25:08 clients=50000 events=500 window=180 ack=1 listeners=1
[sys] 08:25:08 tcp_alloc=23 tcp_mem_pages=256 PruneCalled=0 RcvPruned=0 TCPRcvCollapsed=0 TCPAbortOnMemory=0 TCPMemoryPressures=0 TCPMemoryPressuresChrono=0 TCPBacklogDrop=0 TCPZeroWindowDrop=0 TCPRcvQDrop=0 MemAvailable:7430M SwapFree:1023M Dirty:0M Slab:54M psi_mem=avg60=0.00 psi_cpu=avg60=0.02 load=0.13,0.80,0.54 cpu_u=6254 n=0 s=4307 i=284259 io=112 irq=0 sirq=8779
  [diag] listeners: ws://127.0.0.1:7835/sync
[sys] 08:25:13 tcp_alloc=73463 tcp_mem_pages=28160 PruneCalled=0 RcvPruned=0 TCPRcvCollapsed=0 TCPAbortOnMemory=0 TCPMemoryPressures=0 TCPMemoryPressuresChrono=0 TCPBacklogDrop=0 TCPZeroWindowDrop=0 TCPRcvQDrop=0 MemAvailable:6061M SwapFree:1023M Dirty:0M Slab:384M psi_mem=avg60=0.00 psi_cpu=avg60=0.11 load=0.12,0.78,0.53 cpu_u=6492 n=0 s=7834 i=284941 io=112 irq=0 sirq=8885
[sys] 08:25:18 tcp_alloc=92283 tcp_mem_pages=8704 PruneCalled=0 RcvPruned=0 TCPRcvCollapsed=0 TCPAbortOnMemory=0 TCPMemoryPressures=0 TCPMemoryPressuresChrono=0 TCPBacklogDrop=0 TCPZeroWindowDrop=0 TCPRcvQDrop=0 MemAvailable:5471M SwapFree:1023M Dirty:0M Slab:447M psi_mem=avg60=0.00 psi_cpu=avg60=0.16 load=0.11,0.77,0.53 cpu_u=6675 n=0 s=8020 i=289455 io=112 irq=0 sirq=8956
[sys] 08:25:23 tcp_alloc=97151 tcp_mem_pages=3584 PruneCalled=0 RcvPruned=0 TCPRcvCollapsed=0 TCPAbortOnMemory=0 TCPMemoryPressures=0 TCPMemoryPressuresChrono=0 TCPBacklogDrop=0 TCPZeroWindowDrop=0 TCPRcvQDrop=0 MemAvailable:5316M SwapFree:1023M Dirty:0M Slab:453M psi_mem=avg60=0.00 psi_cpu=avg60=0.15 load=0.10,0.76,0.53 cpu_u=6777 n=0 s=8101 i=294213 io=112 irq=0 sirq=8987
[sys] 08:25:28 tcp_alloc=98962 tcp_mem_pages=1280 PruneCalled=0 RcvPruned=0 TCPRcvCollapsed=0 TCPAbortOnMemory=0 TCPMemoryPressures=0 TCPMemoryPressuresChrono=0 TCPBacklogDrop=0 TCPZeroWindowDrop=0 TCPRcvQDrop=0 MemAvailable:5254M SwapFree:1023M Dirty:0M Slab:453M psi_mem=avg60=0.00 psi_cpu=avg60=0.13 load=0.17,0.76,0.53 cpu_u=6819 n=0 s=8127 i=299127 io=112 irq=0 sirq=9000
[sys] 08:25:33 tcp_alloc=99209 tcp_mem_pages=1280 PruneCalled=0 RcvPruned=0 TCPRcvCollapsed=0 TCPAbortOnMemory=0 TCPMemoryPressures=0 TCPMemoryPressuresChrono=0 TCPBacklogDrop=0 TCPZeroWindowDrop=0 TCPRcvQDrop=0 MemAvailable:5251M SwapFree:1023M Dirty:0M Slab:452M psi_mem=avg60=0.00 psi_cpu=avg60=0.12 load=0.16,0.75,0.53 cpu_u=6825 n=0 s=8132 i=304128 io=112 irq=0 sirq=9002
  [diag] subscribe quorum after 24.83s: connected=49185 subscribed=49185 connect_failed=0 complete=false (ceiling 250s, stall 5s)
[sys] 08:25:38 tcp_alloc=99209 tcp_mem_pages=10496 PruneCalled=0 RcvPruned=0 TCPRcvCollapsed=0 TCPAbortOnMemory=0 TCPMemoryPressures=0 TCPMemoryPressuresChrono=0 TCPBacklogDrop=0 TCPZeroWindowDrop=0 TCPRcvQDrop=0 MemAvailable:5181M SwapFree:1023M Dirty:0M Slab:452M psi_mem=avg60=0.00 psi_cpu=avg60=0.37 load=0.95,0.90,0.58 cpu_u=7362 n=0 s=8287 i=306010 io=112 irq=0 sirq=9163
[sys] 08:25:43 tcp_alloc=99338 tcp_mem_pages=4864 PruneCalled=0 RcvPruned=0 TCPRcvCollapsed=0 TCPAbortOnMemory=0 TCPMemoryPressures=0 TCPMemoryPressuresChrono=0 TCPBacklogDrop=0 TCPZeroWindowDrop=0 TCPRcvQDrop=0 MemAvailable:4983M SwapFree:1023M Dirty:0M Slab:454M psi_mem=avg60=0.00 psi_cpu=avg60=0.51 load=1.43,1.00,0.61 cpu_u=8255 n=0 s=8754 i=306990 io=113 irq=0 sirq=9594
  [diag] progress t=10s delivered=256344 matched=295393 events~=5 subscribed=49314 rss_mib=2025 swap_mib=0 fanout_done=false
[sys] 08:25:48 tcp_alloc=99338 tcp_mem_pages=8960 PruneCalled=0 RcvPruned=0 TCPRcvCollapsed=0 TCPAbortOnMemory=0 TCPMemoryPressures=0 TCPMemoryPressuresChrono=0 TCPBacklogDrop=0 TCPZeroWindowDrop=0 TCPRcvQDrop=0 MemAvailable:4950M SwapFree:1023M Dirty:0M Slab:453M psi_mem=avg60=0.00 psi_cpu=avg60=0.71 load=2.20,1.17,0.67 cpu_u=8715 n=0 s=9020 i=307387 io=113 irq=0 sirq=10038
  [diag] progress t=20s delivered=519541 matched=541963 events~=10 subscribed=49314 rss_mib=2101 swap_mib=0 fanout_done=false
[sys] 08:25:54 tcp_alloc=99338 tcp_mem_pages=7168 PruneCalled=0 RcvPruned=0 TCPRcvCollapsed=0 TCPAbortOnMemory=0 TCPMemoryPressures=0 TCPMemoryPressuresChrono=0 TCPBacklogDrop=0 TCPZeroWindowDrop=0 TCPRcvQDrop=0 MemAvailable:4904M SwapFree:1023M Dirty:0M Slab:449M psi_mem=avg60=0.00 psi_cpu=avg60=0.80 load=2.82,1.32,0.72 cpu_u=9464 n=0 s=9376 i=308143 io=113 irq=0 sirq=10511
[sys] 08:25:59 tcp_alloc=99338 tcp_mem_pages=11776 PruneCalled=0 RcvPruned=0 TCPRcvCollapsed=0 TCPAbortOnMemory=0 TCPMemoryPressures=0 TCPMemoryPressuresChrono=0 TCPBacklogDrop=0 TCPZeroWindowDrop=0 TCPRcvQDrop=0 MemAvailable:4861M SwapFree:1023M Dirty:0M Slab:457M psi_mem=avg60=0.00 psi_cpu=avg60=0.91 load=2.60,1.29,0.72 cpu_u=10330 n=0 s=9776 i=308929 io=113 irq=0 sirq=10901
  [diag] progress t=30s delivered=847248 matched=837847 events~=16 subscribed=49314 rss_mib=2190 swap_mib=0 fanout_done=false
[sys] 08:26:04 tcp_alloc=99338 tcp_mem_pages=7424 PruneCalled=0 RcvPruned=0 TCPRcvCollapsed=0 TCPAbortOnMemory=0 TCPMemoryPressures=0 TCPMemoryPressuresChrono=0 TCPBacklogDrop=0 TCPZeroWindowDrop=0 TCPRcvQDrop=0 MemAvailable:4821M SwapFree:1023M Dirty:0M Slab:450M psi_mem=avg60=0.00 psi_cpu=avg60=0.98 load=3.03,1.41,0.75 cpu_u=11163 n=0 s=10188 i=309693 io=113 irq=0 sirq=11401
[sys] 08:26:09 tcp_alloc=99467 tcp_mem_pages=3328 PruneCalled=0 RcvPruned=0 TCPRcvCollapsed=0 TCPAbortOnMemory=0 TCPMemoryPressures=0 TCPMemoryPressuresChrono=0 TCPBacklogDrop=0 TCPZeroWindowDrop=0 TCPRcvQDrop=0 MemAvailable:4798M SwapFree:1023M Dirty:0M Slab:454M psi_mem=avg60=0.00 psi_cpu=avg60=1.04 load=3.59,1.55,0.80 cpu_u=12154 n=0 s=10606 i=310613 io=113 irq=0 sirq=11832
  [diag] progress t=40s delivered=1091489 matched=1134118 events~=22 subscribed=49443 rss_mib=2198 swap_mib=0 fanout_done=false
[sys] 08:26:14 tcp_alloc=99467 tcp_mem_pages=4096 PruneCalled=0 RcvPruned=0 TCPRcvCollapsed=0 TCPAbortOnMemory=0 TCPMemoryPressures=0 TCPMemoryPressuresChrono=0 TCPBacklogDrop=0 TCPZeroWindowDrop=0 TCPRcvQDrop=0 MemAvailable:4838M SwapFree:1023M Dirty:0M Slab:454M psi_mem=avg60=0.00 psi_cpu=avg60=1.10 load=3.62,1.59,0.82 cpu_u=12682 n=0 s=10841 i=311086 io=114 irq=0 sirq=12334
[sys] 08:26:19 tcp_alloc=99467 tcp_mem_pages=1792 PruneCalled=0 RcvPruned=0 TCPRcvCollapsed=0 TCPAbortOnMemory=0 TCPMemoryPressures=0 TCPMemoryPressuresChrono=0 TCPBacklogDrop=0 TCPZeroWindowDrop=0 TCPRcvQDrop=0 MemAvailable:4799M SwapFree:1023M Dirty:0M Slab:454M psi_mem=avg60=0.00 psi_cpu=avg60=1.19 load=4.13,1.73,0.87 cpu_u=13528 n=0 s=11240 i=311887 io=114 irq=0 sirq=12793
  [diag] progress t=50s delivered=1394122 matched=1430776 events~=28 subscribed=49443 rss_mib=2246 swap_mib=0 fanout_done=false
[sys] 08:26:24 tcp_alloc=99467 tcp_mem_pages=22784 PruneCalled=0 RcvPruned=0 TCPRcvCollapsed=0 TCPAbortOnMemory=0 TCPMemoryPressures=0 TCPMemoryPressuresChrono=0 TCPBacklogDrop=0 TCPZeroWindowDrop=0 TCPRcvQDrop=0 MemAvailable:4783M SwapFree:1023M Dirty:0M Slab:467M psi_mem=avg60=0.00 psi_cpu=avg60=1.27 load=3.80,1.70,0.87 cpu_u=14104 n=0 s=11531 i=312516 io=114 irq=0 sirq=13276
[sys] 08:26:30 tcp_alloc=99467 tcp_mem_pages=3328 PruneCalled=0 RcvPruned=0 TCPRcvCollapsed=0 TCPAbortOnMemory=0 TCPMemoryPressures=0 TCPMemoryPressuresChrono=0 TCPBacklogDrop=0 TCPZeroWindowDrop=0 TCPRcvQDrop=0 MemAvailable:4843M SwapFree:1023M Dirty:0M Slab:453M psi_mem=avg60=0.00 psi_cpu=avg60=1.35 load=4.22,1.82,0.91 cpu_u=14843 n=0 s=11832 i=313606 io=114 irq=0 sirq=13627
  [diag] progress t=60s delivered=1516829 matched=1579105 events~=31 subscribed=49443 rss_mib=2258 swap_mib=0 fanout_done=false
[sys] 08:26:35 tcp_alloc=99467 tcp_mem_pages=3072 PruneCalled=0 RcvPruned=0 TCPRcvCollapsed=0 TCPAbortOnMemory=0 TCPMemoryPressures=0 TCPMemoryPressuresChrono=0 TCPBacklogDrop=0 TCPZeroWindowDrop=0 TCPRcvQDrop=0 MemAvailable:4830M SwapFree:1023M Dirty:0M Slab:455M psi_mem=avg60=0.00 psi_cpu=avg60=1.78 load=4.68,1.96,0.96 cpu_u=15440 n=0 s=12057 i=314524 io=114 irq=0 sirq=13955
[sys] 08:26:40 tcp_alloc=99467 tcp_mem_pages=14592 PruneCalled=0 RcvPruned=0 TCPRcvCollapsed=0 TCPAbortOnMemory=0 TCPMemoryPressures=0 TCPMemoryPressuresChrono=0 TCPBacklogDrop=0 TCPZeroWindowDrop=0 TCPRcvQDrop=0 MemAvailable:4746M SwapFree:1023M Dirty:0M Slab:457M psi_mem=avg60=0.00 psi_cpu=avg60=1.99 load=5.11,2.09,1.01 cpu_u=16346 n=0 s=12483 i=315557 io=114 irq=0 sirq=14363
  [diag] progress t=70s delivered=1695099 matched=1727434 events~=34 subscribed=49443 rss_mib=2315 swap_mib=0 fanout_done=false
[sys] 08:26:46 tcp_alloc=99467 tcp_mem_pages=3840 PruneCalled=0 RcvPruned=0 TCPRcvCollapsed=0 TCPAbortOnMemory=0 TCPMemoryPressures=0 TCPMemoryPressuresChrono=0 TCPBacklogDrop=0 TCPZeroWindowDrop=0 TCPRcvQDrop=0 MemAvailable:4755M SwapFree:1023M Dirty:0M Slab:456M psi_mem=avg60=0.00 psi_cpu=avg60=2.02 load=4.94,2.11,1.02 cpu_u=17029 n=0 s=12764 i=316856 io=115 irq=0 sirq=14649
[sys] 08:26:51 tcp_alloc=99467 tcp_mem_pages=2560 PruneCalled=0 RcvPruned=0 TCPRcvCollapsed=0 TCPAbortOnMemory=0 TCPMemoryPressures=0 TCPMemoryPressuresChrono=0 TCPBacklogDrop=0 TCPZeroWindowDrop=0 TCPRcvQDrop=0 MemAvailable:4702M SwapFree:1023M Dirty:0M Slab:456M psi_mem=avg60=0.00 psi_cpu=avg60=2.05 load=5.34,2.24,1.07 cpu_u=17509 n=0 s=12983 i=317507 io=115 irq=0 sirq=15036
  [diag] progress t=80s delivered=1887158 matched=1875763 events~=37 subscribed=49443 rss_mib=2366 swap_mib=0 fanout_done=false
[sys] 08:26:56 tcp_alloc=99467 tcp_mem_pages=5888 PruneCalled=0 RcvPruned=0 TCPRcvCollapsed=0 TCPAbortOnMemory=0 TCPMemoryPressures=0 TCPMemoryPressuresChrono=0 TCPBacklogDrop=0 TCPZeroWindowDrop=0 TCPRcvQDrop=0 MemAvailable:4693M SwapFree:1023M Dirty:0M Slab:449M psi_mem=avg60=0.00 psi_cpu=avg60=2.11 load=4.92,2.20,1.06 cpu_u=18421 n=0 s=13374 i=318399 io=115 irq=0 sirq=15478
[sys] 08:27:01 tcp_alloc=99760 tcp_mem_pages=3328 PruneCalled=0 RcvPruned=0 TCPRcvCollapsed=0 TCPAbortOnMemory=0 TCPMemoryPressures=0 TCPMemoryPressuresChrono=0 TCPBacklogDrop=0 TCPZeroWindowDrop=0 TCPRcvQDrop=0 MemAvailable:4696M SwapFree:1023M Dirty:0M Slab:450M psi_mem=avg60=0.00 psi_cpu=avg60=2.19 load=5.32,2.33,1.11 cpu_u=19099 n=0 s=13699 i=319274 io=119 irq=0 sirq=15908
  [diag] progress t=90s delivered=2097123 matched=2123276 events~=42 subscribed=50000 rss_mib=2366 swap_mib=0 fanout_done=false
[sys] 08:27:06 tcp_alloc=100024 tcp_mem_pages=12032 PruneCalled=0 RcvPruned=0 TCPRcvCollapsed=0 TCPAbortOnMemory=0 TCPMemoryPressures=0 TCPMemoryPressuresChrono=0 TCPBacklogDrop=0 TCPZeroWindowDrop=0 TCPRcvQDrop=0 MemAvailable:4693M SwapFree:1023M Dirty:0M Slab:456M psi_mem=avg60=0.00 psi_cpu=avg60=2.51 load=5.70,2.46,1.16 cpu_u=19601 n=0 s=13936 i=319885 io=119 irq=0 sirq=16321
[sys] 08:27:12 tcp_alloc=100024 tcp_mem_pages=6144 PruneCalled=0 RcvPruned=0 TCPRcvCollapsed=0 TCPAbortOnMemory=0 TCPMemoryPressures=0 TCPMemoryPressuresChrono=0 TCPBacklogDrop=0 TCPZeroWindowDrop=0 TCPRcvQDrop=0 MemAvailable:4681M SwapFree:1023M Dirty:0M Slab:453M psi_mem=avg60=0.00 psi_cpu=avg60=2.61 load=6.04,2.58,1.21 cpu_u=20025 n=0 s=14123 i=320342 io=119 irq=0 sirq=16798
  [diag] progress t=100s delivered=2186660 matched=2173276 events~=43 subscribed=50000 rss_mib=2370 swap_mib=0 fanout_done=false
[sys] 08:27:17 tcp_alloc=100024 tcp_mem_pages=3584 PruneCalled=0 RcvPruned=0 TCPRcvCollapsed=0 TCPAbortOnMemory=0 TCPMemoryPressures=0 TCPMemoryPressuresChrono=0 TCPBacklogDrop=0 TCPZeroWindowDrop=0 TCPRcvQDrop=0 MemAvailable:4678M SwapFree:1023M Dirty:0M Slab:451M psi_mem=avg60=0.00 psi_cpu=avg60=2.61 load=6.20,2.67,1.24 cpu_u=20921 n=0 s=14433 i=321520 io=119 irq=0 sirq=17196
[sys] 08:27:22 tcp_alloc=100024 tcp_mem_pages=10240 PruneCalled=0 RcvPruned=0 TCPRcvCollapsed=0 TCPAbortOnMemory=0 TCPMemoryPressures=0 TCPMemoryPressuresChrono=0 TCPBacklogDrop=0 TCPZeroWindowDrop=0 TCPRcvQDrop=0 MemAvailable:4670M SwapFree:1023M Dirty:0M Slab:460M psi_mem=avg60=0.00 psi_cpu=avg60=2.64 load=5.70,2.63,1.24 cpu_u=21512 n=0 s=14630 i=322257 io=119 irq=0 sirq=17582
  [diag] progress t=110s delivered=2297396 matched=2323276 events~=46 subscribed=50000 rss_mib=2392 swap_mib=0 fanout_done=false
[sys] 08:27:27 tcp_alloc=100024 tcp_mem_pages=2816 PruneCalled=0 RcvPruned=0 TCPRcvCollapsed=0 TCPAbortOnMemory=0 TCPMemoryPressures=0 TCPMemoryPressuresChrono=0 TCPBacklogDrop=0 TCPZeroWindowDrop=0 TCPRcvQDrop=0 MemAvailable:4680M SwapFree:1023M Dirty:0M Slab:454M psi_mem=avg60=0.00 psi_cpu=avg60=2.54 load=5.89,2.72,1.27 cpu_u=22365 n=0 s=15005 i=323530 io=119 irq=0 sirq=17975
[sys] 08:27:32 tcp_alloc=100024 tcp_mem_pages=9472 PruneCalled=0 RcvPruned=0 TCPRcvCollapsed=0 TCPAbortOnMemory=0 TCPMemoryPressures=0 TCPMemoryPressuresChrono=0 TCPBacklogDrop=0 TCPZeroWindowDrop=0 TCPRcvQDrop=0 MemAvailable:4675M SwapFree:1023M Dirty:0M Slab:455M psi_mem=avg60=0.00 psi_cpu=avg60=2.51 load=5.98,2.79,1.30 cpu_u=23182 n=0 s=15284 i=324353 io=119 irq=0 sirq=18401
  [diag] progress t=120s delivered=2452900 matched=2473276 events~=49 subscribed=50000 rss_mib=2384 swap_mib=0 fanout_done=false
[sys] 08:27:37 tcp_alloc=100024 tcp_mem_pages=6656 PruneCalled=0 RcvPruned=0 TCPRcvCollapsed=0 TCPAbortOnMemory=0 TCPMemoryPressures=0 TCPMemoryPressuresChrono=0 TCPBacklogDrop=0 TCPZeroWindowDrop=0 TCPRcvQDrop=0 MemAvailable:4663M SwapFree:1023M Dirty:0M Slab:457M psi_mem=avg60=0.00 psi_cpu=avg60=2.52 load=6.14,2.88,1.34 cpu_u=23650 n=0 s=15476 i=324921 io=119 irq=0 sirq=18753
[sys] 08:27:42 tcp_alloc=100024 tcp_mem_pages=12288 PruneCalled=0 RcvPruned=0 TCPRcvCollapsed=0 TCPAbortOnMemory=0 TCPMemoryPressures=0 TCPMemoryPressuresChrono=0 TCPBacklogDrop=0 TCPZeroWindowDrop=0 TCPRcvQDrop=0 MemAvailable:4658M SwapFree:1023M Dirty:0M Slab:457M psi_mem=avg60=0.00 psi_cpu=avg60=2.63 load=6.05,2.91,1.36 cpu_u=24096 n=0 s=15640 i=325412 io=120 irq=0 sirq=19182
  [diag] progress t=130s delivered=2582147 matched=2623276 events~=52 subscribed=50000 rss_mib=2384 swap_mib=0 fanout_done=false
[sys] 08:27:47 tcp_alloc=100024 tcp_mem_pages=3072 PruneCalled=0 RcvPruned=0 TCPRcvCollapsed=0 TCPAbortOnMemory=0 TCPMemoryPressures=0 TCPMemoryPressuresChrono=0 TCPBacklogDrop=0 TCPZeroWindowDrop=0 TCPRcvQDrop=0 MemAvailable:4696M SwapFree:1023M Dirty:0M Slab:454M psi_mem=avg60=0.00 psi_cpu=avg60=2.59 load=6.36,3.03,1.41 cpu_u=24677 n=0 s=15890 i=326073 io=120 irq=0 sirq=19621
[sys] 08:27:53 tcp_alloc=100024 tcp_mem_pages=3072 PruneCalled=0 RcvPruned=0 TCPRcvCollapsed=0 TCPAbortOnMemory=0 TCPMemoryPressures=0 TCPMemoryPressuresChrono=0 TCPBacklogDrop=0 TCPZeroWindowDrop=0 TCPRcvQDrop=0 MemAvailable:4701M SwapFree:1023M Dirty:0M Slab:453M psi_mem=avg60=0.00 psi_cpu=avg60=2.62 load=6.33,3.08,1.43 cpu_u=25128 n=0 s=16098 i=326638 io=120 irq=0 sirq=20033
  [diag] progress t=140s delivered=2705745 matched=2723276 events~=54 subscribed=50000 rss_mib=2386 swap_mib=0 fanout_done=false
[sys] 08:27:58 tcp_alloc=100024 tcp_mem_pages=1792 PruneCalled=0 RcvPruned=0 TCPRcvCollapsed=0 TCPAbortOnMemory=0 TCPMemoryPressures=0 TCPMemoryPressuresChrono=0 TCPBacklogDrop=0 TCPZeroWindowDrop=0 TCPRcvQDrop=0 MemAvailable:4669M SwapFree:1023M Dirty:0M Slab:453M psi_mem=avg60=0.00 psi_cpu=avg60=2.65 load=6.31,3.13,1.46 cpu_u=25856 n=0 s=16416 i=327540 io=120 irq=0 sirq=20453
[sys] 08:28:03 tcp_alloc=100024 tcp_mem_pages=2048 PruneCalled=0 RcvPruned=0 TCPRcvCollapsed=0 TCPAbortOnMemory=0 TCPMemoryPressures=0 TCPMemoryPressuresChrono=0 TCPBacklogDrop=0 TCPZeroWindowDrop=0 TCPRcvQDrop=0 MemAvailable:4690M SwapFree:1023M Dirty:0M Slab:454M psi_mem=avg60=0.00 psi_cpu=avg60=2.62 load=6.60,3.24,1.50 cpu_u=26569 n=0 s=16693 i=328238 io=120 irq=0 sirq=20896
  [diag] progress t=150s delivered=2916705 matched=2923276 events~=58 subscribed=50000 rss_mib=2386 swap_mib=0 fanout_done=false
[sys] 08:28:08 tcp_alloc=100024 tcp_mem_pages=15360 PruneCalled=0 RcvPruned=0 TCPRcvCollapsed=0 TCPAbortOnMemory=0 TCPMemoryPressures=0 TCPMemoryPressuresChrono=0 TCPBacklogDrop=0 TCPZeroWindowDrop=0 TCPRcvQDrop=0 MemAvailable:4683M SwapFree:1023M Dirty:0M Slab:460M psi_mem=avg60=0.00 psi_cpu=avg60=2.67 load=6.88,3.35,1.55 cpu_u=27118 n=0 s=16987 i=329010 io=120 irq=0 sirq=21250
[sys] 08:28:13 tcp_alloc=100024 tcp_mem_pages=5632 PruneCalled=0 RcvPruned=0 TCPRcvCollapsed=0 TCPAbortOnMemory=0 TCPMemoryPressures=0 TCPMemoryPressuresChrono=0 TCPBacklogDrop=0 TCPZeroWindowDrop=0 TCPRcvQDrop=0 MemAvailable:4660M SwapFree:1023M Dirty:0M Slab:450M psi_mem=avg60=0.00 psi_cpu=avg60=2.67 load=6.63,3.42,1.59 cpu_u=27811 n=0 s=17388 i=329712 io=120 irq=0 sirq=21711
  [diag] progress t=160s delivered=3282870 matched=3323276 events~=66 subscribed=50000 rss_mib=2419 swap_mib=0 fanout_done=false
[sys] 08:28:19 tcp_alloc=100024 tcp_mem_pages=2560 PruneCalled=0 RcvPruned=0 TCPRcvCollapsed=0 TCPAbortOnMemory=0 TCPMemoryPressures=0 TCPMemoryPressuresChrono=0 TCPBacklogDrop=0 TCPZeroWindowDrop=0 TCPRcvQDrop=0 MemAvailable:4689M SwapFree:1023M Dirty:0M Slab:450M psi_mem=avg60=0.00 psi_cpu=avg60=2.76 load=6.90,3.53,1.64 cpu_u=28501 n=0 s=17735 i=330634 io=120 irq=0 sirq=22079
  [diag] progress t=170s delivered=3493259 matched=3523276 events~=70 subscribed=50000 rss_mib=2394 swap_mib=0 fanout_done=false
[sys] 08:28:24 tcp_alloc=100024 tcp_mem_pages=15872 PruneCalled=0 RcvPruned=0 TCPRcvCollapsed=0 TCPAbortOnMemory=0 TCPMemoryPressures=0 TCPMemoryPressuresChrono=0 TCPBacklogDrop=0 TCPZeroWindowDrop=0 TCPRcvQDrop=0 MemAvailable:4685M SwapFree:1023M Dirty:0M Slab:461M psi_mem=avg60=0.00 psi_cpu=avg60=2.97 load=7.15,3.64,1.68 cpu_u=29175 n=0 s=17974 i=331634 io=120 irq=0 sirq=22398
[sys] 08:28:29 tcp_alloc=100024 tcp_mem_pages=14592 PruneCalled=0 RcvPruned=0 TCPRcvCollapsed=0 TCPAbortOnMemory=0 TCPMemoryPressures=0 TCPMemoryPressuresChrono=0 TCPBacklogDrop=0 TCPZeroWindowDrop=0 TCPRcvQDrop=0 MemAvailable:4675M SwapFree:1023M Dirty:0M Slab:459M psi_mem=avg60=0.00 psi_cpu=avg60=2.97 load=7.46,3.76,1.73 cpu_u=29560 n=0 s=18134 i=332128 io=120 irq=0 sirq=22755
  [diag] progress t=180s delivered=3660445 matched=3673276 events~=73 subscribed=50000 rss_mib=2419 swap_mib=0 fanout_done=false
  [diag] at window end: connected=50000 subscribed=50000 connect_failed=0 subscribed_at_start=49185 late_subscribers=815 (late subscribers' pre-subscribe events stay in the drop count)
  [diag] router: matched=3673276 delivered=3673276 dropped=0 faulted=0 events_fanned_out~=73 (matched/subscribed)
  [diag] undelivered breakdown (events): never_connected_x_events=0 pre_subscribe_or_not_yet_fanned_out=21326724 router_dropped=0 router_faulted=0 in_flight_or_unaccounted=12828 sum=21339552 (attempted-delivered=21339552)
  [diag] completed=false (delivered 3660448 of 25000000 before the 180s window) peak_rss_mib=2419
  [diag] finish: fanout_done=false reachable=3673276 delivered=3660448 elapsed_to_finish=n/a
  [diag] stages events=74 match=231.18ms/ev deliver=2099.05ms/ev ack_scan=92.86ms/ev busy=179.31s wall=180.02s busy_frac=0.996
  [diag] fanout_task_finished=false (true = replicator budget exhausted before the window closed)

=== nostos-bench-10k probe ===
  clients   : 50000
  events    : 500 (attempted deliveries: 25000000)
  window    : 180s
  ---------------------------
  delivered : 3660448
  ops/sec   : 20333
  drop%     : 85.36
  elapsed   : 180.02s
  elapsed_to_finish : n/a (window expired)
  ops/sec (finish)  : n/a
[sys] 08:28:34 tcp_alloc=99974 tcp_mem_pages=7424 PruneCalled=0 RcvPruned=0 TCPRcvCollapsed=0 TCPAbortOnMemory=0 TCPMemoryPressures=0 TCPMemoryPressuresChrono=0 TCPBacklogDrop=0 TCPZeroWindowDrop=0 TCPRcvQDrop=0 MemAvailable:7057M SwapFree:1023M Dirty:0M Slab:453M psi_mem=avg60=0.00 psi_cpu=avg60=2.97 load=7.66,3.87,1.78 cpu_u=30347 n=0 s=18492 i=333360 io=121 irq=0 sirq=23137
SOAK rc=0 08:28:35
HOST tier=50000 end 18:28:35 load1=23.24 rc=0
HOST tier=100000 start 18:41:06 load1=7.75 waited=720s
env: Linux 7.0.12-linuxkit aarch64 nproc=10 nofile=1048576 mem=8124516kB swap=1048572kB tcp_rmem=4096-131072-33554432 tcp_wmem=4096-16384-4194304
SOAK start 08:41:09 clients=100000 events=500 window=300 ack=1 listeners=2
[sys] 08:41:09 tcp_alloc=21 tcp_mem_pages=0 PruneCalled=0 RcvPruned=0 TCPRcvCollapsed=0 TCPAbortOnMemory=0 TCPMemoryPressures=0 TCPMemoryPressuresChrono=0 TCPBacklogDrop=0 TCPZeroWindowDrop=0 TCPRcvQDrop=0 MemAvailable:7411M SwapFree:1023M Dirty:0M Slab:39M psi_mem=avg60=0.00 psi_cpu=avg60=0.13 load=0.00,0.00,0.00 cpu_u=132 n=0 s=189 i=1543 io=68 irq=0 sirq=43
  [diag] listeners: ws://127.0.0.1:22569/sync ws://127.0.0.2:1995/sync
[sys] 08:41:14 tcp_alloc=80471 tcp_mem_pages=55040 PruneCalled=0 RcvPruned=0 TCPRcvCollapsed=0 TCPAbortOnMemory=0 TCPMemoryPressures=0 TCPMemoryPressuresChrono=0 TCPBacklogDrop=0 TCPZeroWindowDrop=0 TCPRcvQDrop=0 MemAvailable:6275M SwapFree:1023M Dirty:0M Slab:425M psi_mem=avg60=0.00 psi_cpu=avg60=0.41 load=0.88,0.18,0.06 cpu_u=290 n=0 s=2863 i=2181 io=70 irq=0 sirq=185
[sys] 08:41:19 tcp_alloc=89852 tcp_mem_pages=58112 PruneCalled=0 RcvPruned=0 TCPRcvCollapsed=0 TCPAbortOnMemory=0 TCPMemoryPressures=0 TCPMemoryPressuresChrono=0 TCPBacklogDrop=0 TCPZeroWindowDrop=0 TCPRcvQDrop=0 MemAvailable:6203M SwapFree:1023M Dirty:0M Slab:463M psi_mem=avg60=0.00 psi_cpu=avg60=0.93 load=2.33,0.50,0.16 cpu_u=335 n=0 s=5933 i=2446 io=70 irq=0 sirq=263
[sys] 08:41:24 tcp_alloc=100057 tcp_mem_pages=61440 PruneCalled=0 RcvPruned=0 TCPRcvCollapsed=0 TCPAbortOnMemory=0 TCPMemoryPressures=0 TCPMemoryPressuresChrono=0 TCPBacklogDrop=0 TCPZeroWindowDrop=0 TCPRcvQDrop=0 MemAvailable:6115M SwapFree:1023M Dirty:0M Slab:506M psi_mem=avg60=0.00 psi_cpu=avg60=1.00 load=2.95,0.65,0.21 cpu_u=382 n=0 s=9274 i=2634 io=70 irq=0 sirq=299
[sys] 08:41:29 tcp_alloc=109790 tcp_mem_pages=66304 PruneCalled=0 RcvPruned=0 TCPRcvCollapsed=0 TCPAbortOnMemory=0 TCPMemoryPressures=0 TCPMemoryPressuresChrono=0 TCPBacklogDrop=0 TCPZeroWindowDrop=0 TCPRcvQDrop=0 MemAvailable:6028M SwapFree:1023M Dirty:0M Slab:550M psi_mem=avg60=0.00 psi_cpu=avg60=0.97 load=3.27,0.76,0.25 cpu_u=427 n=0 s=12618 i=2795 io=70 irq=0 sirq=328
[sys] 08:41:35 tcp_alloc=118079 tcp_mem_pages=71168 PruneCalled=0 RcvPruned=0 TCPRcvCollapsed=0 TCPAbortOnMemory=0 TCPMemoryPressures=0 TCPMemoryPressuresChrono=0 TCPBacklogDrop=0 TCPZeroWindowDrop=0 TCPRcvQDrop=0 MemAvailable:5952M SwapFree:1023M Dirty:0M Slab:588M psi_mem=avg60=0.00 psi_cpu=avg60=0.94 load=3.81,0.91,0.30 cpu_u=467 n=0 s=16055 i=2958 io=70 irq=0 sirq=358
[sys] 08:41:40 tcp_alloc=129527 tcp_mem_pages=71424 PruneCalled=0 RcvPruned=0 TCPRcvCollapsed=0 TCPAbortOnMemory=0 TCPMemoryPressures=0 TCPMemoryPressuresChrono=0 TCPBacklogDrop=0 TCPZeroWindowDrop=0 TCPRcvQDrop=0 MemAvailable:5277M SwapFree:1023M Dirty:0M Slab:650M psi_mem=avg60=0.00 psi_cpu=avg60=1.04 load=4.23,1.05,0.35 cpu_u=856 n=0 s=17950 i=4165 io=70 irq=0 sirq=543
[sys] 08:41:45 tcp_alloc=145496 tcp_mem_pages=56320 PruneCalled=0 RcvPruned=0 TCPRcvCollapsed=0 TCPAbortOnMemory=0 TCPMemoryPressures=0 TCPMemoryPressuresChrono=0 TCPBacklogDrop=0 TCPZeroWindowDrop=0 TCPRcvQDrop=0 MemAvailable:4822M SwapFree:1023M Dirty:0M Slab:707M psi_mem=avg60=0.00 psi_cpu=avg60=1.58 load=4.69,1.20,0.40 cpu_u=1093 n=0 s=18164 i=7829 io=70 irq=0 sirq=706
[sys] 08:41:50 tcp_alloc=157205 tcp_mem_pages=42752 PruneCalled=0 RcvPruned=0 TCPRcvCollapsed=0 TCPAbortOnMemory=0 TCPMemoryPressures=0 TCPMemoryPressuresChrono=0 TCPBacklogDrop=0 TCPZeroWindowDrop=0 TCPRcvQDrop=0 MemAvailable:4432M SwapFree:1023M Dirty:0M Slab:750M psi_mem=avg60=0.00 psi_cpu=avg60=2.01 load=4.31,1.18,0.40 cpu_u=1315 n=0 s=18331 i=12314 io=71 irq=0 sirq=783
[sys] 08:41:55 tcp_alloc=162182 tcp_mem_pages=38144 PruneCalled=0 RcvPruned=0 TCPRcvCollapsed=0 TCPAbortOnMemory=0 TCPMemoryPressures=0 TCPMemoryPressuresChrono=0 TCPBacklogDrop=0 TCPZeroWindowDrop=0 TCPRcvQDrop=0 MemAvailable:4269M SwapFree:1023M Dirty:0M Slab:766M psi_mem=avg60=0.00 psi_cpu=avg60=1.88 load=3.97,1.16,0.40 cpu_u=1441 n=0 s=18416 i=17003 io=71 irq=0 sirq=849
[sys] 08:42:00 tcp_alloc=163132 tcp_mem_pages=37376 PruneCalled=0 RcvPruned=0 TCPRcvCollapsed=0 TCPAbortOnMemory=0 TCPMemoryPressures=0 TCPMemoryPressuresChrono=0 TCPBacklogDrop=0 TCPZeroWindowDrop=0 TCPRcvQDrop=0 MemAvailable:4248M SwapFree:1023M Dirty:0M Slab:769M psi_mem=avg60=0.00 psi_cpu=avg60=1.70 load=3.65,1.14,0.40 cpu_u=1466 n=0 s=18433 i=21958 io=71 irq=0 sirq=854
[sys] 08:42:05 tcp_alloc=165862 tcp_mem_pages=34816 PruneCalled=0 RcvPruned=0 TCPRcvCollapsed=0 TCPAbortOnMemory=0 TCPMemoryPressures=0 TCPMemoryPressuresChrono=0 TCPBacklogDrop=0 TCPZeroWindowDrop=0 TCPRcvQDrop=0 MemAvailable:4166M SwapFree:1023M Dirty:0M Slab:775M psi_mem=avg60=0.00 psi_cpu=avg60=1.59 load=3.36,1.12,0.39 cpu_u=1555 n=0 s=18567 i=26554 io=71 irq=0 sirq=899
[sys] 08:42:10 tcp_alloc=166239 tcp_mem_pages=34560 PruneCalled=0 RcvPruned=0 TCPRcvCollapsed=0 TCPAbortOnMemory=0 TCPMemoryPressures=0 TCPMemoryPressuresChrono=0 TCPBacklogDrop=0 TCPZeroWindowDrop=0 TCPRcvQDrop=0 MemAvailable:4161M SwapFree:1023M Dirty:0M Slab:776M psi_mem=avg60=0.00 psi_cpu=avg60=1.47 load=3.09,1.10,0.39 cpu_u=1567 n=0 s=18577 i=31529 io=71 irq=0 sirq=905
[sys] 08:42:15 tcp_alloc=166354 tcp_mem_pages=34304 PruneCalled=0 RcvPruned=0 TCPRcvCollapsed=0 TCPAbortOnMemory=0 TCPMemoryPressures=0 TCPMemoryPressuresChrono=0 TCPBacklogDrop=0 TCPZeroWindowDrop=0 TCPRcvQDrop=0 MemAvailable:4159M SwapFree:1023M Dirty:0M Slab:776M psi_mem=avg60=0.00 psi_cpu=avg60=1.37 load=2.84,1.08,0.39 cpu_u=1572 n=0 s=18607 i=36503 io=71 irq=0 sirq=907
[sys] 08:42:20 tcp_alloc=173174 tcp_mem_pages=27648 PruneCalled=0 RcvPruned=0 TCPRcvCollapsed=0 TCPAbortOnMemory=0 TCPMemoryPressures=0 TCPMemoryPressuresChrono=0 TCPBacklogDrop=0 TCPZeroWindowDrop=0 TCPRcvQDrop=0 MemAvailable:3926M SwapFree:1023M Dirty:0M Slab:796M psi_mem=avg60=0.00 psi_cpu=avg60=1.27 load=2.61,1.06,0.39 cpu_u=1727 n=0 s=18727 i=41049 io=71 irq=0 sirq=973
[sys] 08:42:25 tcp_alloc=173566 tcp_mem_pages=27392 PruneCalled=0 RcvPruned=0 TCPRcvCollapsed=0 TCPAbortOnMemory=0 TCPMemoryPressures=0 TCPMemoryPressuresChrono=0 TCPBacklogDrop=0 TCPZeroWindowDrop=0 TCPRcvQDrop=0 MemAvailable:3918M SwapFree:1023M Dirty:0M Slab:797M psi_mem=avg60=0.00 psi_cpu=avg60=1.19 load=2.40,1.04,0.38 cpu_u=1736 n=0 s=18734 i=46042 io=71 irq=0 sirq=975
  [diag] subscribe quorum after 79.14s: connected=73543 subscribed=73543 connect_failed=0 complete=false (ceiling 500s, stall 5s)
[sys] 08:42:30 tcp_alloc=173503 tcp_mem_pages=27392 PruneCalled=0 RcvPruned=0 TCPRcvCollapsed=0 TCPAbortOnMemory=0 TCPMemoryPressures=0 TCPMemoryPressuresChrono=0 TCPBacklogDrop=0 TCPZeroWindowDrop=0 TCPRcvQDrop=0 MemAvailable:3907M SwapFree:1023M Dirty:0M Slab:797M psi_mem=avg60=0.00 psi_cpu=avg60=1.08 load=2.21,1.03,0.38 cpu_u=1837 n=0 s=18759 i=50956 io=72 irq=0 sirq=987
[sys] 08:42:35 tcp_alloc=175188 tcp_mem_pages=32000 PruneCalled=0 RcvPruned=0 TCPRcvCollapsed=0 TCPAbortOnMemory=0 TCPMemoryPressures=0 TCPMemoryPressuresChrono=0 TCPBacklogDrop=0 TCPZeroWindowDrop=0 TCPRcvQDrop=0 MemAvailable:3821M SwapFree:1023M Dirty:0M Slab:798M psi_mem=avg60=0.00 psi_cpu=avg60=1.23 load=2.35,1.08,0.40 cpu_u=2999 n=0 s=19545 i=52378 io=72 irq=0 sirq=1321
  [diag] progress t=10s delivered=152594 matched=147793 events~=1 subscribed=75571 rss_mib=3047 swap_mib=0 fanout_done=false
[sys] 08:42:40 tcp_alloc=175730 tcp_mem_pages=35072 PruneCalled=0 RcvPruned=0 TCPRcvCollapsed=0 TCPAbortOnMemory=0 TCPMemoryPressures=0 TCPMemoryPressuresChrono=0 TCPBacklogDrop=0 TCPZeroWindowDrop=0 TCPRcvQDrop=0 MemAvailable:3721M SwapFree:1023M Dirty:0M Slab:797M psi_mem=avg60=0.00 psi_cpu=avg60=1.34 load=2.89,1.21,0.45 cpu_u=4036 n=0 s=20075 i=53468 io=72 irq=0 sirq=1697
[sys] 08:42:45 tcp_alloc=176172 tcp_mem_pages=35328 PruneCalled=0 RcvPruned=0 TCPRcvCollapsed=0 TCPAbortOnMemory=0 TCPMemoryPressures=0 TCPMemoryPressuresChrono=0 TCPBacklogDrop=0 TCPZeroWindowDrop=0 TCPRcvQDrop=0 MemAvailable:3681M SwapFree:1023M Dirty:0M Slab:797M psi_mem=avg60=0.00 psi_cpu=avg60=1.68 load=3.30,1.32,0.49 cpu_u=5055 n=0 s=20475 i=54393 io=72 irq=0 sirq=2114
  [diag] progress t=20s delivered=321814 matched=374413 events~=4 subscribed=76149 rss_mib=3061 swap_mib=0 fanout_done=false
[sys] 08:42:50 tcp_alloc=176172 tcp_mem_pages=47616 PruneCalled=0 RcvPruned=0 TCPRcvCollapsed=0 TCPAbortOnMemory=0 TCPMemoryPressures=0 TCPMemoryPressuresChrono=0 TCPBacklogDrop=0 TCPZeroWindowDrop=0 TCPRcvQDrop=0 MemAvailable:3723M SwapFree:1023M Dirty:0M Slab:796M psi_mem=avg60=0.00 psi_cpu=avg60=1.67 load=3.75,1.45,0.53 cpu_u=5923 n=0 s=20795 i=55170 io=72 irq=0 sirq=2472
[sys] 08:42:55 tcp_alloc=176172 tcp_mem_pages=28160 PruneCalled=0 RcvPruned=0 TCPRcvCollapsed=0 TCPAbortOnMemory=0 TCPMemoryPressures=0 TCPMemoryPressuresChrono=0 TCPBacklogDrop=0 TCPZeroWindowDrop=0 TCPRcvQDrop=0 MemAvailable:3735M SwapFree:1023M Dirty:0M Slab:797M psi_mem=avg60=0.00 psi_cpu=avg60=1.76 load=3.45,1.42,0.53 cpu_u=6480 n=0 s=21004 i=55853 io=72 irq=0 sirq=2924
  [diag] progress t=30s delivered=398987 matched=450562 events~=5 subscribed=76150 rss_mib=3090 swap_mib=0 fanout_done=false
[sys] 08:43:00 tcp_alloc=176187 tcp_mem_pages=55552 PruneCalled=0 RcvPruned=0 TCPRcvCollapsed=0 TCPAbortOnMemory=0 TCPMemoryPressures=0 TCPMemoryPressuresChrono=0 TCPBacklogDrop=0 TCPZeroWindowDrop=0 TCPRcvQDrop=0 MemAvailable:3714M SwapFree:1023M Dirty:0M Slab:798M psi_mem=avg60=0.00 psi_cpu=avg60=2.06 load=3.66,1.50,0.56 cpu_u=7100 n=0 s=21252 i=56579 io=72 irq=0 sirq=3280
[sys] 08:43:06 tcp_alloc=176240 tcp_mem_pages=49920 PruneCalled=0 RcvPruned=0 TCPRcvCollapsed=0 TCPAbortOnMemory=0 TCPMemoryPressures=0 TCPMemoryPressuresChrono=0 TCPBacklogDrop=0 TCPZeroWindowDrop=0 TCPRcvQDrop=0 MemAvailable:3623M SwapFree:1023M Dirty:0M Slab:798M psi_mem=avg60=0.00 psi_cpu=avg60=2.12 load=4.16,1.64,0.61 cpu_u=7970 n=0 s=21673 i=57321 io=73 irq=0 sirq=3647
  [diag] progress t=40s delivered=611603 matched=679096 events~=8 subscribed=76217 rss_mib=3169 swap_mib=0 fanout_done=false
[sys] 08:43:11 tcp_alloc=176240 tcp_mem_pages=46080 PruneCalled=0 RcvPruned=0 TCPRcvCollapsed=0 TCPAbortOnMemory=0 TCPMemoryPressures=0 TCPMemoryPressuresChrono=0 TCPBacklogDrop=0 TCPZeroWindowDrop=0 TCPRcvQDrop=0 MemAvailable:3585M SwapFree:1023M Dirty:0M Slab:796M psi_mem=avg60=0.00 psi_cpu=avg60=2.17 load=4.07,1.66,0.62 cpu_u=9073 n=0 s=22146 i=58591 io=73 irq=0 sirq=4039
[sys] 08:43:16 tcp_alloc=176254 tcp_mem_pages=29952 PruneCalled=0 RcvPruned=0 TCPRcvCollapsed=0 TCPAbortOnMemory=0 TCPMemoryPressures=0 TCPMemoryPressuresChrono=0 TCPBacklogDrop=0 TCPZeroWindowDrop=0 TCPRcvQDrop=0 MemAvailable:3580M SwapFree:1023M Dirty:0M Slab:795M psi_mem=avg60=0.00 psi_cpu=avg60=2.19 load=4.55,1.80,0.68 cpu_u=9826 n=0 s=22397 i=59562 io=74 irq=0 sirq=4357
  [diag] progress t=50s delivered=711892 matched=755313 events~=9 subscribed=76231 rss_mib=3207 swap_mib=0 fanout_done=false
[sys] 08:43:21 tcp_alloc=176254 tcp_mem_pages=52480 PruneCalled=0 RcvPruned=0 TCPRcvCollapsed=0 TCPAbortOnMemory=0 TCPMemoryPressures=0 TCPMemoryPressuresChrono=0 TCPBacklogDrop=0 TCPZeroWindowDrop=0 TCPRcvQDrop=0 MemAvailable:3579M SwapFree:1023M Dirty:0M Slab:796M psi_mem=avg60=0.00 psi_cpu=avg60=2.18 load=4.34,1.81,0.68 cpu_u=10399 n=0 s=22648 i=60223 io=74 irq=0 sirq=4709
  [diag] progress t=[sys] 08:43:44 tcp_alloc=176254 tcp_mem_pages=16384 PruneCalled=0 RcvPruned=0 TCPRcvCollapsed=0 TCPAbortOnMemory=0 TCPMemoryPressures=0 TCPMemoryPressuresChrono=0 TCPBacklogDrop=0 TCPZeroWindowDrop=0 TCPRcvQDrop=0 MemAvailable:3541M SwapFree:1023M Dirty:0M Slab:784M psi_mem=avg60=0.00 psi_cpu=avg60=4.80 load=8.64,3.00,1.11 cpu_u=10857 n=0 s=22808 i=60685 io=74 irq=0 sirq=6416
75s delivered=768183 matched=831544 events~=10 subscribed=76231 rss_mib=3246 swap_mib=0 fanout_done=false
  [diag] progress t=75s delivered=768186 matched=831544 events~=10 subscribed=76231 rss_mib=3246 swap_mib=0 fanout_done=false
[sys] 08:43:49 tcp_alloc=172070 tcp_mem_pages=61696 PruneCalled=0 RcvPruned=0 TCPRcvCollapsed=0 TCPAbortOnMemory=0 TCPMemoryPressures=0 TCPMemoryPressuresChrono=0 TCPBacklogDrop=0 TCPZeroWindowDrop=0 TCPRcvQDrop=0 MemAvailable:3542M SwapFree:1023M Dirty:0M Slab:805M psi_mem=avg60=0.00 psi_cpu=avg60=5.03 load=8.75,3.12,1.15 cpu_u=11758 n=0 s=23351 i=62250 io=74 irq=0 sirq=6789
  [diag] progress t=80s delivered=786043 matched=831544 events~=10 subscribed=76231 rss_mib=3247 swap_mib=0 fanout_done=false
[sys] 08:43:54 tcp_alloc=176035 tcp_mem_pages=16896 PruneCalled=0 RcvPruned=0 TCPRcvCollapsed=0 TCPAbortOnMemory=0 TCPMemoryPressures=0 TCPMemoryPressuresChrono=0 TCPBacklogDrop=0 TCPZeroWindowDrop=0 TCPRcvQDrop=0 MemAvailable:3413M SwapFree:1023M Dirty:0M Slab:799M psi_mem=avg60=0.00 psi_cpu=avg60=5.41 load=8.85,3.23,1.20 cpu_u=12585 n=0 s=24061 i=64207 io=74 irq=0 sirq=7066
[sys] 08:43:59 tcp_alloc=183510 tcp_mem_pages=33792 PruneCalled=0 RcvPruned=0 TCPRcvCollapsed=0 TCPAbortOnMemory=0 TCPMemoryPressures=0 TCPMemoryPressuresChrono=0 TCPBacklogDrop=0 TCPZeroWindowDrop=0 TCPRcvQDrop=0 MemAvailable:3377M SwapFree:1023M Dirty:0M Slab:820M psi_mem=avg60=0.00 psi_cpu=avg60=5.60 load=8.22,3.19,1.20 cpu_u=13216 n=0 s=24542 i=65282 io=74 irq=0 sirq=7393
  [diag] progress t=90s delivered=884800 matched=907775 events~=11 subscribed=79588 rss_mib=3390 swap_mib=0 fanout_done=false
[sys] 08:44:04 tcp_alloc=187722 tcp_mem_pages=23040 PruneCalled=0 RcvPruned=0 TCPRcvCollapsed=0 TCPAbortOnMemory=0 TCPMemoryPressures=0 TCPMemoryPressuresChrono=0 TCPBacklogDrop=0 TCPZeroWindowDrop=0 TCPRcvQDrop=0 MemAvailable:3267M SwapFree:1023M Dirty:0M Slab:835M psi_mem=avg60=0.00 psi_cpu=avg60=6.02 load=7.56,3.14,1.19 cpu_u=14036 n=0 s=24990 i=66605 io=74 irq=0 sirq=7697
  [diag] progress t=100s delivered=963513 matched=984006 events~=11 subscribed=86367 rss_mib=3494 swap_mib=0 fanout_done=false
[sys] 08:44:09 tcp_alloc=188010 tcp_mem_pages=36608 PruneCalled=0 RcvPruned=0 TCPRcvCollapsed=0 TCPAbortOnMemory=0 TCPMemoryPressures=0 TCPMemoryPressuresChrono=0 TCPBacklogDrop=0 TCPZeroWindowDrop=0 TCPRcvQDrop=0 MemAvailable:3245M SwapFree:1023M Dirty:0M Slab:837M psi_mem=avg60=0.00 psi_cpu=avg60=5.98 load=7.84,3.27,1.25 cpu_u=14669 n=0 s=25274 i=67605 io=75 irq=0 sirq=8060
[sys] 08:44:14 tcp_alloc=190258 tcp_mem_pages=33536 PruneCalled=0 RcvPruned=0 TCPRcvCollapsed=0 TCPAbortOnMemory=0 TCPMemoryPressures=0 TCPMemoryPressuresChrono=0 TCPBacklogDrop=0 TCPZeroWindowDrop=0 TCPRcvQDrop=0 MemAvailable:3138M SwapFree:1023M Dirty:0M Slab:841M psi_mem=avg60=0.00 psi_cpu=avg60=5.72 load=8.01,3.38,1.29 cpu_u=15696 n=0 s=25667 i=70060 io=75 irq=0 sirq=8355
  [diag] progress t=110s delivered=1072571 matched=1073421 events~=11 subscribed=90483 rss_mib=3570 swap_mib=0 fanout_done=false
[sys] 08:44:19 tcp_alloc=190627 tcp_mem_pages=10752 PruneCalled=0 RcvPruned=0 TCPRcvCollapsed=0 TCPAbortOnMemory=0 TCPMemoryPressures=0 TCPMemoryPressuresChrono=0 TCPBacklogDrop=0 TCPZeroWindowDrop=0 TCPRcvQDrop=0 MemAvailable:3128M SwapFree:1023M Dirty:0M Slab:842M psi_mem=avg60=0.00 psi_cpu=avg60=5.89 load=8.17,3.49,1.34 cpu_u=16389 n=0 s=25993 i=71341 io=75 irq=0 sirq=8701
[sys] 08:44:24 tcp_alloc=191111 tcp_mem_pages=16896 PruneCalled=0 RcvPruned=0 TCPRcvCollapsed=0 TCPAbortOnMemory=0 TCPMemoryPressures=0 TCPMemoryPressuresChrono=0 TCPBacklogDrop=0 TCPZeroWindowDrop=0 TCPRcvQDrop=0 MemAvailable:3104M SwapFree:1023M Dirty:0M Slab:843M psi_mem=avg60=0.00 psi_cpu=avg60=5.77 load=8.32,3.60,1.39 cpu_u=17364 n=0 s=26356 i=72413 io=75 irq=0 sirq=9167
  [diag] progress t=120s delivered=1200291 matched=1253749 events~=13 subscribed=92885 rss_mib=3609 swap_mib=0 fanout_done=false
[sys] 08:44:29 tcp_alloc=193269 tcp_mem_pages=24832 PruneCalled=0 RcvPruned=0 TCPRcvCollapsed=0 TCPAbortOnMemory=0 TCPMemoryPressures=0 TCPMemoryPressuresChrono=0 TCPBacklogDrop=0 TCPZeroWindowDrop=0 TCPRcvQDrop=0 MemAvailable:3048M SwapFree:1023M Dirty:0M Slab:849M psi_mem=avg60=0.00 psi_cpu=avg60=5.82 load=8.45,3.71,1.43 cpu_u=18366 n=0 s=26691 i=73878 io=76 irq=0 sirq=9643
[sys] 08:44:34 tcp_alloc=194806 tcp_mem_pages=8192 PruneCalled=0 RcvPruned=0 TCPRcvCollapsed=0 TCPAbortOnMemory=0 TCPMemoryPressures=0 TCPMemoryPressuresChrono=0 TCPBacklogDrop=0 TCPZeroWindowDrop=0 TCPRcvQDrop=0 MemAvailable:2941M SwapFree:1023M Dirty:0M Slab:849M psi_mem=avg60=0.00 psi_cpu=avg60=5.96 load=8.58,3.81,1.48 cpu_u=19244 n=0 s=27018 i=75541 io=76 irq=0 sirq=10021
  [diag] progress t=130s delivered=1319309 matched=1346413 events~=14 subscribed=94807 rss_mib=3701 swap_mib=0 fanout_done=false
[sys] 08:44:39 tcp_alloc=195072 tcp_mem_pages=19456 PruneCalled=0 RcvPruned=0 TCPRcvCollapsed=0 TCPAbortOnMemory=0 TCPMemoryPressures=0 TCPMemoryPressuresChrono=0 TCPBacklogDrop=0 TCPZeroWindowDrop=0 TCPRcvQDrop=0 MemAvailable:2932M SwapFree:1023M Dirty:0M Slab:850M psi_mem=avg60=0.00 psi_cpu=avg60=5.99 load=8.61,3.90,1.52 cpu_u=20182 n=0 s=27372 i=76796 io=76 irq=0 sirq=10440
[sys] 08:44:45 tcp_alloc=195087 tcp_mem_pages=9728 PruneCalled=0 RcvPruned=0 TCPRcvCollapsed=0 TCPAbortOnMemory=0 TCPMemoryPressures=0 TCPMemoryPressuresChrono=0 TCPBacklogDrop=0 TCPZeroWindowDrop=0 TCPRcvQDrop=0 MemAvailable:2840M SwapFree:1023M Dirty:0M Slab:848M psi_mem=avg60=0.00 psi_cpu=avg60=5.77 load=8.72,4.00,1.57 cpu_u=20688 n=0 s=27502 i=78214 io=76 irq=0 sirq=10782
  [diag] progress t=140s delivered=1418261 matched=1536521 events~=16 subscribed=95102 rss_mib=3815 swap_mib=0 fanout_done=false
[sys] 08:44:50 tcp_alloc=195145 tcp_mem_pages=19456 PruneCalled=0 RcvPruned=0 TCPRcvCollapsed=0 TCPAbortOnMemory=0 TCPMemoryPressures=0 TCPMemoryPressuresChrono=0 TCPBacklogDrop=0 TCPZeroWindowDrop=0 TCPRcvQDrop=0 MemAvailable:2816M SwapFree:1023M Dirty:0M Slab:861M psi_mem=avg60=0.00 psi_cpu=avg60=5.50 load=8.66,4.07,1.60 cpu_u=21830 n=0 s=27917 i=79677 io=76 irq=0 sirq=11196
[sys] 08:44:55 tcp_alloc=196067 tcp_mem_pages=5120 PruneCalled=0 RcvPruned=0 TCPRcvCollapsed=0 TCPAbortOnMemory=0 TCPMemoryPressures=0 TCPMemoryPressuresChrono=0 TCPBacklogDrop=0 TCPZeroWindowDrop=0 TCPRcvQDrop=0 MemAvailable:2843M SwapFree:1023M Dirty:0M Slab:851M psi_mem=avg60=0.00 psi_cpu=avg60=6.02 load=8.77,4.17,1.65 cpu_u=22612 n=0 s=28280 i=81063 io=77 irq=0 sirq=11547
  [diag] progress t=150s delivered=1548269 matched=1632329 events~=16 subscribed=96187 rss_mib=3909 swap_mib=0 fanout_done=false
[sys] 08:45:00 tcp_alloc=196670 tcp_mem_pages=19968 PruneCalled=0 RcvPruned=0 TCPRcvCollapsed=0 TCPAbortOnMemory=0 TCPMemoryPressures=0 TCPMemoryPressuresChrono=0 TCPBacklogDrop=0 TCPZeroWindowDrop=0 TCPRcvQDrop=0 MemAvailable:2746M SwapFree:1023M Dirty:0M Slab:852M psi_mem=avg60=0.00 psi_cpu=avg60=5.77 load=8.63,4.21,1.68 cpu_u=23339 n=0 s=28482 i=82289 io=77 irq=0 sirq=11964
[sys] 08:45:05 tcp_alloc=197438 tcp_mem_pages=22528 PruneCalled=0 RcvPruned=0 TCPRcvCollapsed=0 TCPAbortOnMemory=0 TCPMemoryPressures=0 TCPMemoryPressuresChrono=0 TCPBacklogDrop=0 TCPZeroWindowDrop=0 TCPRcvQDrop=0 MemAvailable:2707M SwapFree:1023M Dirty:0M Slab:855M psi_mem=avg60=0.00 psi_cpu=avg60=5.65 load=8.82,4.33,1.73 cpu_u=23956 n=0 s=28739 i=83200 io=78 irq=0 sirq=12338
  [diag] progress t=160s delivered=1637758 matched=1632329 events~=16 subscribed=97292 rss_mib=3955 swap_mib=0 fanout_done=false
[sys] 08:45:10 tcp_alloc=197681 tcp_mem_pages=7424 PruneCalled=0 RcvPruned=0 TCPRcvCollapsed=0 TCPAbortOnMemory=0 TCPMemoryPressures=0 TCPMemoryPressuresChrono=0 TCPBacklogDrop=0 TCPZeroWindowDrop=0 TCPRcvQDrop=0 MemAvailable:2712M SwapFree:1023M Dirty:0M Slab:851M psi_mem=avg60=0.00 psi_cpu=avg60=6.29 load=8.75,4.39,1.76 cpu_u=24751 n=0 s=29030 i=85003 io=78 irq=0 sirq=12576
[sys] 08:45:16 tcp_alloc=197744 tcp_mem_pages=22528 PruneCalled=0 RcvPruned=0 TCPRcvCollapsed=0 TCPAbortOnMemory=0 TCPMemoryPressures=0 TCPMemoryPressuresChrono=0 TCPBacklogDrop=0 TCPZeroWindowDrop=0 TCPRcvQDrop=0 MemAvailable:2717M SwapFree:1023M Dirty:0M Slab:852M psi_mem=avg60=0.00 psi_cpu=avg60=6.19 load=8.13,4.33,1.76 cpu_u=25349 n=0 s=29240 i=85761 io=78 irq=0 sirq=13003
  [diag] progress t=170s delivered=1728495 matched=1728495 events~=17 subscribed=97721 rss_mib=3959 swap_mib=0 fanout_done=false
[sys] 08:45:21 tcp_alloc=197744 tcp_mem_pages=4096 PruneCalled=0 RcvPruned=0 TCPRcvCollapsed=0 TCPAbortOnMemory=0 TCPMemoryPressures=0 TCPMemoryPressuresChrono=0 TCPBacklogDrop=0 TCPZeroWindowDrop=0 TCPRcvQDrop=0 MemAvailable:2672M SwapFree:1023M Dirty:0M Slab:845M psi_mem=avg60=0.00 psi_cpu=avg60=6.05 load=8.20,4.41,1.80 cpu_u=25956 n=0 s=29481 i=87406 io=78 irq=0 sirq=13275
[sys] 08:45:26 tcp_alloc=197744 tcp_mem_pages=37120 PruneCalled=0 RcvPruned=0 TCPRcvCollapsed=0 TCPAbortOnMemory=0 TCPMemoryPressures=0 TCPMemoryPressuresChrono=0 TCPBacklogDrop=0 TCPZeroWindowDrop=0 TCPRcvQDrop=0 MemAvailable:2639M SwapFree:1023M Dirty:0M Slab:860M psi_mem=avg60=0.00 psi_cpu=avg60=5.73 load=8.35,4.50,1.84 cpu_u=26567 n=0 s=29695 i=87938 io=78 irq=0 sirq=13685
  [diag] progress t=180s delivered=1759995 matched=1826216 events~=18 subscribed=97721 rss_mib=4060 swap_mib=0 fanout_done=false
[sys] 08:45:31 tcp_alloc=197744 tcp_mem_pages=49152 PruneCalled=0 RcvPruned=0 TCPRcvCollapsed=0 TCPAbortOnMemory=0 TCPMemoryPressures=0 TCPMemoryPressuresChrono=0 TCPBacklogDrop=0 TCPZeroWindowDrop=0 TCPRcvQDrop=0 MemAvailable:2624M SwapFree:1023M Dirty:0M Slab:874M psi_mem=avg60=0.00 psi_cpu=avg60=5.50 load=8.48,4.59,1.88 cpu_u=26837 n=0 s=29827 i=88273 io=78 irq=0 sirq=14061
[sys] 08:45:36 tcp_alloc=197744 tcp_mem_pages=6144 PruneCalled=0 RcvPruned=0 TCPRcvCollapsed=0 TCPAbortOnMemory=0 TCPMemoryPressures=0 TCPMemoryPressuresChrono=0 TCPBacklogDrop=0 TCPZeroWindowDrop=0 TCPRcvQDrop=0 MemAvailable:2778M SwapFree:1023M Dirty:0M Slab:849M psi_mem=avg60=0.00 psi_cpu=avg60=5.24 load=7.80,4.52,1.87 cpu_u=27833 n=0 s=30203 i=89663 io=79 irq=0 sirq=14398
  [diag] progress t=190s delivered=1849201 matched=1923937 events~=19 subscribed=97721 rss_mib=4122 swap_mib=0 fanout_done=false
[sys] 08:45:41 tcp_alloc=197744 tcp_mem_pages=15104 PruneCalled=0 RcvPruned=0 TCPRcvCollapsed=0 TCPAbortOnMemory=0 TCPMemoryPressures=0 TCPMemoryPressuresChrono=0 TCPBacklogDrop=0 TCPZeroWindowDrop=0 TCPRcvQDrop=0 MemAvailable:2664M SwapFree:1023M Dirty:0M Slab:849M psi_mem=avg60=0.00 psi_cpu=avg60=5.09 load=7.98,4.61,1.92 cpu_u=28230 n=0 s=30344 i=90070 io=79 irq=0 sirq=14747
[sys] 08:45:47 tcp_alloc=197744 tcp_mem_pages=34816 PruneCalled=0 RcvPruned=0 TCPRcvCollapsed=0 TCPAbortOnMemory=0 TCPMemoryPressures=0 TCPMemoryPressuresChrono=0 TCPBacklogDrop=0 TCPZeroWindowDrop=0 TCPRcvQDrop=0 MemAvailable:2639M SwapFree:1023M Dirty:0M Slab:858M psi_mem=avg60=0.00 psi_cpu=avg60=4.99 load=7.90,4.65,1.94 cpu_u=28754 n=0 s=30586 i=90963 io=80 irq=0 sirq=15129
  [diag] progress t=200s delivered=1927541 matched=2021658 events~=20 subscribed=97726 rss_mib=4131 swap_mib=0 fanout_done=false
[sys] 08:45:52 tcp_alloc=197633 tcp_mem_pages=22016 PruneCalled=0 RcvPruned=0 TCPRcvCollapsed=0 TCPAbortOnMemory=0 TCPMemoryPressures=0 TCPMemoryPressuresChrono=0 TCPBacklogDrop=0 TCPZeroWindowDrop=0 TCPRcvQDrop=0 MemAvailable:2559M SwapFree:1023M Dirty:0M Slab:851M psi_mem=avg60=0.00 psi_cpu=avg60=4.76 load=7.91,4.70,1.98 cpu_u=30130 n=0 s=31073 i=92903 io=80 irq=0 sirq=15348
[sys] 08:45:57 tcp_alloc=198051 tcp_mem_pages=38400 PruneCalled=0 RcvPruned=0 TCPRcvCollapsed=0 TCPAbortOnMemory=0 TCPMemoryPressures=0 TCPMemoryPressuresChrono=0 TCPBacklogDrop=0 TCPZeroWindowDrop=0 TCPRcvQDrop=0 MemAvailable:2500M SwapFree:1023M Dirty:0M Slab:867M psi_mem=avg60=0.00 psi_cpu=avg60=4.65 load=8.07,4.79,2.02 cpu_u=31133 n=0 s=31409 i=94189 io=80 irq=0 sirq=15693
  [diag] progress t=210s delivered=2092894 matched=2217104 events~=22 subscribed=97944 rss_mib=4225 swap_mib=0 fanout_done=false
[sys] 08:46:02 tcp_alloc=198138 tcp_mem_pages=15616 PruneCalled=0 RcvPruned=0 TCPRcvCollapsed=0 TCPAbortOnMemory=0 TCPMemoryPressures=0 TCPMemoryPressuresChrono=0 TCPBacklogDrop=0 TCPZeroWindowDrop=0 TCPRcvQDrop=0 MemAvailable:2528M SwapFree:1023M Dirty:0M Slab:858M psi_mem=avg60=0.00 psi_cpu=avg60=4.46 load=8.23,4.88,2.06 cpu_u=31749 n=0 s=31745 i=95482 io=80 irq=0 sirq=15994
[sys] 08:46:07 tcp_alloc=198868 tcp_mem_pages=2048 PruneCalled=0 RcvPruned=0 TCPRcvCollapsed=0 TCPAbortOnMemory=0 TCPMemoryPressures=0 TCPMemoryPressuresChrono=0 TCPBacklogDrop=0 TCPZeroWindowDrop=0 TCPRcvQDrop=0 MemAvailable:2545M SwapFree:1023M Dirty:0M Slab:842M psi_mem=avg60=0.00 psi_cpu=avg60=4.88 load=7.57,4.80,2.05 cpu_u=32468 n=0 s=32125 i=97003 io=82 irq=0 sirq=16335
  [diag] progress t=220s delivered=2229346 matched=2217104 events~=22 subscribed=98916 rss_mib=4313 swap_mib=0 fanout_done=false
[sys] 08:46:12 tcp_alloc=199080 tcp_mem_pages=15360 PruneCalled=0 RcvPruned=0 TCPRcvCollapsed=0 TCPAbortOnMemory=0 TCPMemoryPressures=0 TCPMemoryPressuresChrono=0 TCPBacklogDrop=0 TCPZeroWindowDrop=0 TCPRcvQDrop=0 MemAvailable:2453M SwapFree:1023M Dirty:0M Slab:842M psi_mem=avg60=0.00 psi_cpu=avg60=5.45 load=7.84,4.94,2.13 cpu_u=33236 n=0 s=32330 i=98021 io=83 irq=0 sirq=16710
[sys] 08:46:17 tcp_alloc=199742 tcp_mem_pages=13824 PruneCalled=0 RcvPruned=0 TCPRcvCollapsed=0 TCPAbortOnMemory=0 TCPMemoryPressures=0 TCPMemoryPressuresChrono=0 TCPBacklogDrop=0 TCPZeroWindowDrop=0 TCPRcvQDrop=0 MemAvailable:2388M SwapFree:1023M Dirty:0M Slab:856M psi_mem=avg60=0.00 psi_cpu=avg60=5.19 load=7.93,5.01,2.16 cpu_u=34271 n=0 s=32765 i=99046 io=83 irq=0 sirq=17019
  [diag] progress t=230s delivered=2332417 matched=2414827 events~=24 subscribed=99593 rss_mib=4314 swap_mib=0 fanout_done=false
[sys] 08:46:22 tcp_alloc=199742 tcp_mem_pages=5376 PruneCalled=0 RcvPruned=0 TCPRcvCollapsed=0 TCPAbortOnMemory=0 TCPMemoryPressures=0 TCPMemoryPressuresChrono=0 TCPBacklogDrop=0 TCPZeroWindowDrop=0 TCPRcvQDrop=0 MemAvailable:2456M SwapFree:1023M Dirty:0M Slab:849M psi_mem=avg60=0.00 psi_cpu=avg60=4.98 load=8.10,5.09,2.21 cpu_u=35394 n=0 s=33222 i=100439 io=84 irq=0 sirq=17405
[sys] 08:46:27 tcp_alloc=199979 tcp_mem_pages=25344 PruneCalled=0 RcvPruned=0 TCPRcvCollapsed=0 TCPAbortOnMemory=0 TCPMemoryPressures=0 TCPMemoryPressuresChrono=0 TCPBacklogDrop=0 TCPZeroWindowDrop=0 TCPRcvQDrop=0 MemAvailable:2387M SwapFree:1023M Dirty:0M Slab:856M psi_mem=avg60=0.00 psi_cpu=avg60=4.70 load=7.69,5.05,2.21 cpu_u=36304 n=0 s=33562 i=101683 io=84 irq=0 sirq=17800
  [diag] progress t=240s delivered=2484316 matched=2514533 events~=25 subscribed=99734 rss_mib=4404 swap_mib=0 fanout_done=false
[sys] 08:46:33 tcp_alloc=199999 tcp_mem_pages=21504 PruneCalled=0 RcvPruned=0 TCPRcvCollapsed=0 TCPAbortOnMemory=0 TCPMemoryPressures=0 TCPMemoryPressuresChrono=0 TCPBacklogDrop=0 TCPZeroWindowDrop=0 TCPRcvQDrop=0 MemAvailable:2343M SwapFree:1023M Dirty:0M Slab:852M psi_mem=avg60=0.00 psi_cpu=avg60=4.52 load=7.39,5.04,2.22 cpu_u=37655 n=0 s=34028 i=102912 io=84 irq=0 sirq=18260
[sys] 08:46:38 tcp_alloc=199999 tcp_mem_pages=17664 PruneCalled=0 RcvPruned=0 TCPRcvCollapsed=0 TCPAbortOnMemory=0 TCPMemoryPressures=0 TCPMemoryPressuresChrono=0 TCPBacklogDrop=0 TCPZeroWindowDrop=0 TCPRcvQDrop=0 MemAvailable:2384M SwapFree:1023M Dirty:0M Slab:848M psi_mem=avg60=0.00 psi_cpu=avg60=4.22 load=7.68,5.14,2.27 cpu_u=38854 n=0 s=34436 i=104075 io=84 irq=0 sirq=18676
  [diag] progress t=250s delivered=2670058 matched=2714226 events~=27 subscribed=99976 rss_mib=4369 swap_mib=0 fanout_done=false
[sys] 08:46:43 tcp_alloc=199999 tcp_mem_pages=15104 PruneCalled=0 RcvPruned=0 TCPRcvCollapsed=0 TCPAbortOnMemory=0 TCPMemoryPressures=0 TCPMemoryPressuresChrono=0 TCPBacklogDrop=0 TCPZeroWindowDrop=0 TCPRcvQDrop=0 MemAvailable:2431M SwapFree:1023M Dirty:0M Slab:845M psi_mem=avg60=0.00 psi_cpu=avg60=4.08 load=7.71,5.18,2.30 cpu_u=40035 n=0 s=34872 i=105391 io=84 irq=0 sirq=19104
[sys] 08:46:48 tcp_alloc=199999 tcp_mem_pages=8960 PruneCalled=0 RcvPruned=0 TCPRcvCollapsed=0 TCPAbortOnMemory=0 TCPMemoryPressures=0 TCPMemoryPressuresChrono=0 TCPBacklogDrop=0 TCPZeroWindowDrop=0 TCPRcvQDrop=0 MemAvailable:2408M SwapFree:1023M Dirty:0M Slab:844M psi_mem=avg60=0.00 psi_cpu=avg60=3.84 load=7.89,5.26,2.34 cpu_u=41291 n=0 s=35317 i=106690 io=84 irq=0 sirq=19553
  [diag] progress t=260s delivered=2891672 matched=2914178 events~=29 subscribed=99976 rss_mib=4388 swap_mib=0 fanout_done=false
[sys] 08:46:53 tcp_alloc=199999 tcp_mem_pages=5120 PruneCalled=0 RcvPruned=0 TCPRcvCollapsed=0 TCPAbortOnMemory=0 TCPMemoryPressures=0 TCPMemoryPressuresChrono=0 TCPBacklogDrop=0 TCPZeroWindowDrop=0 TCPRcvQDrop=0 MemAvailable:2311M SwapFree:1023M Dirty:0M Slab:842M psi_mem=avg60=0.00 psi_cpu=avg60=3.79 load=7.26,5.18,2.33 cpu_u=42236 n=0 s=35631 i=107669 io=85 irq=0 sirq=19982
[sys] 08:46:58 tcp_alloc=199999 tcp_mem_pages=15616 PruneCalled=0 RcvPruned=0 TCPRcvCollapsed=0 TCPAbortOnMemory=0 TCPMemoryPressures=0 TCPMemoryPressuresChrono=0 TCPBacklogDrop=0 TCPZeroWindowDrop=0 TCPRcvQDrop=0 MemAvailable:2227M SwapFree:1023M Dirty:0M Slab:845M psi_mem=avg60=0.00 psi_cpu=avg60=3.62 load=7.48,5.26,2.37 cpu_u=43274 n=0 s=35957 i=108755 io=85 irq=0 sirq=20458
  [diag] progress t=270s delivered=3006191 matched=3014154 events~=30 subscribed=99997 rss_mib=4548 swap_mib=0 fanout_done=false
[sys] 08:47:03 tcp_alloc=200023 tcp_mem_pages=21248 PruneCalled=0 RcvPruned=0 TCPRcvCollapsed=0 TCPAbortOnMemory=0 TCPMemoryPressures=0 TCPMemoryPressuresChrono=0 TCPBacklogDrop=0 TCPZeroWindowDrop=0 TCPRcvQDrop=0 MemAvailable:2219M SwapFree:1023M Dirty:0M Slab:850M psi_mem=avg60=0.00 psi_cpu=avg60=3.57 load=7.20,5.24,2.38 cpu_u=44633 n=0 s=36245 i=109714 io=85 irq=0 sirq=20834
[sys] 08:47:08 tcp_alloc=200023 tcp_mem_pages=51456 PruneCalled=0 RcvPruned=0 TCPRcvCollapsed=0 TCPAbortOnMemory=0 TCPMemoryPressures=0 TCPMemoryPressuresChrono=0 TCPBacklogDrop=0 TCPZeroWindowDrop=0 TCPRcvQDrop=0 MemAvailable:2174M SwapFree:1023M Dirty:0M Slab:883M psi_mem=avg60=0.00 psi_cpu=avg60=3.39 load=7.35,5.30,2.41 cpu_u=45341 n=0 s=36504 i=110737 io=85 irq=0 sirq=21278
  [diag] progress t=280s delivered=3078890 matched=3214123 events~=32 subscribed=100000 rss_mib=4532 swap_mib=0 fanout_done=false
[sys] 08:47:13 tcp_alloc=200023 tcp_mem_pages=3840 PruneCalled=0 RcvPruned=0 TCPRcvCollapsed=0 TCPAbortOnMemory=0 TCPMemoryPressures=0 TCPMemoryPressuresChrono=0 TCPBacklogDrop=0 TCPZeroWindowDrop=0 TCPRcvQDrop=0 MemAvailable:2224M SwapFree:1023M Dirty:0M Slab:847M psi_mem=avg60=0.00 psi_cpu=avg60=3.44 load=7.32,5.33,2.44 cpu_u=46401 n=0 s=36827 i=112446 io=85 irq=0 sirq=21498
[sys] 08:47:19 tcp_alloc=200023 tcp_mem_pages=16896 PruneCalled=0 RcvPruned=0 TCPRcvCollapsed=0 TCPAbortOnMemory=0 TCPMemoryPressures=0 TCPMemoryPressuresChrono=0 TCPBacklogDrop=0 TCPZeroWindowDrop=0 TCPRcvQDrop=0 MemAvailable:2198M SwapFree:1023M Dirty:0M Slab:847M psi_mem=avg60=0.00 psi_cpu=avg60=3.54 load=7.69,5.44,2.49 cpu_u=46957 n=0 s=37028 i=113157 io=85 irq=0 sirq=21872
  [diag] progress t=290s delivered=3146758 matched=3214123 events~=32 subscribed=100000 rss_mib=4576 swap_mib=0 fanout_done=false
[sys] 08:47:24 tcp_alloc=200023 tcp_mem_pages=26368 PruneCalled=0 RcvPruned=0 TCPRcvCollapsed=0 TCPAbortOnMemory=0 TCPMemoryPressures=0 TCPMemoryPressuresChrono=0 TCPBacklogDrop=0 TCPZeroWindowDrop=0 TCPRcvQDrop=0 MemAvailable:2173M SwapFree:1023M Dirty:0M Slab:858M psi_mem=avg60=0.00 psi_cpu=avg60=3.52 load=7.88,5.51,2.53 cpu_u=47368 n=0 s=37176 i=113746 io=85 irq=0 sirq=22248
  [diag] at window end: connected=100000 subscribed=100000 connect_failed=0 subscribed_at_start=73543 late_subscribers=26457 (late subscribers' pre-subscribe events stay in the drop count)
  [diag] router: matched=3314123 delivered=3314123 dropped=0 faulted=0 events_fanned_out~=33 (matched/subscribed)
  [diag] undelivered breakdown (events): never_connected_x_events=0 pre_subscribe_or_not_yet_fanned_out=46685877 router_dropped=0 router_faulted=0 in_flight_or_unaccounted=92975 sum=46778852 (attempted-delivered=46778852)
  [diag] completed=false (delivered 3221148 of 50000000 before the 300s window) peak_rss_mib=4575
  [diag] finish: fanout_done=false reachable=3314123 delivered=3221148 elapsed_to_finish=n/a
  [diag] stages events=37 match=1589.93ms/ev deliver=4702.93ms/ev ack_scan=1814.36ms/ev busy=299.97s wall=300.01s busy_frac=1.000
  [diag] fanout_task_finished=false (true = replicator budget exhausted before the window closed)
[sys] 08:47:29 tcp_alloc=200023 tcp_mem_pages=5376 PruneCalled=0 RcvPruned=0 TCPRcvCollapsed=0 TCPAbortOnMemory=0 TCPMemoryPressures=0 TCPMemoryPressuresChrono=0 TCPBacklogDrop=0 TCPZeroWindowDrop=0 TCPRcvQDrop=0 MemAvailable:2246M SwapFree:1023M Dirty:0M Slab:851M psi_mem=avg60=0.00 psi_cpu=avg60=3.45 load=7.65,5.50,2.55 cpu_u=48686 n=0 s=37537 i=115061 io=85 irq=0 sirq=22546

=== nostos-bench-10k probe ===
  clients   : 100000
  events    : 500 (attempted deliveries: 50000000)
  window    : 300s
  ---------------------------
  delivered : 3221148
  ops/sec   : 10737
  drop%     : 93.56
  elapsed   : 300.01s
  elapsed_to_finish : n/a (window expired)
  ops/sec (finish)  : n/a
[sys] 08:47:34 tcp_alloc=110922 tcp_mem_pages=60928 PruneCalled=0 RcvPruned=0 TCPRcvCollapsed=0 TCPAbortOnMemory=0 TCPMemoryPressures=0 TCPMemoryPressuresChrono=0 TCPBacklogDrop=0 TCPZeroWindowDrop=0 TCPRcvQDrop=0 MemAvailable:6947M SwapFree:1023M Dirty:0M Slab:607M psi_mem=avg60=0.00 psi_cpu=avg60=3.53 load=7.11,5.43,2.54 cpu_u=49125 n=0 s=37954 i=118140 io=86 irq=0 sirq=22831
SOAK rc=0 08:47:35
HOST tier=100000 end 18:47:35 load1=22.18 rc=0
LINUX_DIAG_EXIT=0
