BUILD start 12:11:57 tag=fanout-diag
    Finished `release` profile [optimized] target(s) in 0.30s
BUILD ok 12:11:57
HOST tier=100000 start 22:13:57 load1=5.88 waited=120s
env: Linux 7.0.12-linuxkit aarch64 nproc=10 nofile=1048576 mem=8124512kB swap=1048572kB tcp_rmem=4096-131072-33554432 tcp_wmem=4096-16384-4194304
SOAK start 12:13:58 clients=100000 events=500 window=300 ack=1 listeners=2
  [diag] listeners: ws://127.0.0.1:14821/sync ws://127.0.0.2:31745/sync
[sys] 12:13:58 tcp_alloc=12 tcp_mem_pages=682 PruneCalled=0 RcvPruned=0 TCPRcvCollapsed=0 TCPAbortOnMemory=0 TCPMemoryPressures=0 TCPMemoryPressuresChrono=0 TCPBacklogDrop=0 TCPZeroWindowDrop=0 TCPRcvQDrop=0 MemAvailable:7295M SwapFree:1023M Dirty:0M Slab:139M psi_mem=avg60=0.00 psi_cpu=avg60=0.22 load=0.27,1.53,0.95 cpu_u=34797 n=0 s=20343 i=335694 io=4424 irq=0 sirq=874
[sys] 12:14:03 tcp_alloc=103368 tcp_mem_pages=60842 PruneCalled=0 RcvPruned=0 TCPRcvCollapsed=0 TCPAbortOnMemory=0 TCPMemoryPressures=0 TCPMemoryPressuresChrono=0 TCPBacklogDrop=0 TCPZeroWindowDrop=0 TCPRcvQDrop=0 MemAvailable:5915M SwapFree:1023M Dirty:0M Slab:589M psi_mem=avg60=0.00 psi_cpu=avg60=0.24 load=1.05,1.67,1.00 cpu_u=34899 n=0 s=24719 i=335823 io=4424 irq=0 sirq=932
[sys] 12:14:08 tcp_alloc=124387 tcp_mem_pages=70314 PruneCalled=0 RcvPruned=0 TCPRcvCollapsed=0 TCPAbortOnMemory=0 TCPMemoryPressures=0 TCPMemoryPressuresChrono=0 TCPBacklogDrop=0 TCPZeroWindowDrop=0 TCPRcvQDrop=0 MemAvailable:5739M SwapFree:1023M Dirty:0M Slab:681M psi_mem=avg60=0.00 psi_cpu=avg60=0.28 load=1.77,1.81,1.05 cpu_u=34931 n=0 s=29474 i=335836 io=4424 irq=0 sirq=952
[sys] 12:14:13 tcp_alloc=159321 tcp_mem_pages=41130 PruneCalled=0 RcvPruned=0 TCPRcvCollapsed=0 TCPAbortOnMemory=0 TCPMemoryPressures=0 TCPMemoryPressuresChrono=0 TCPBacklogDrop=0 TCPZeroWindowDrop=0 TCPRcvQDrop=0 MemAvailable:4321M SwapFree:1023M Dirty:0M Slab:816M psi_mem=avg60=0.00 psi_cpu=avg60=0.39 load=2.43,1.94,1.09 cpu_u=35271 n=0 s=31283 i=338356 io=4424 irq=0 sirq=1076
[sys] 12:14:18 tcp_alloc=167601 tcp_mem_pages=34474 PruneCalled=0 RcvPruned=0 TCPRcvCollapsed=0 TCPAbortOnMemory=0 TCPMemoryPressures=0 TCPMemoryPressuresChrono=0 TCPBacklogDrop=0 TCPZeroWindowDrop=0 TCPRcvQDrop=0 MemAvailable:3982M SwapFree:1023M Dirty:0M Slab:840M psi_mem=avg60=0.00 psi_cpu=avg60=0.38 load=2.23,1.91,1.09 cpu_u=35392 n=0 s=31386 i=342987 io=4424 irq=0 sirq=1155
[sys] 12:14:23 tcp_alloc=177326 tcp_mem_pages=23722 PruneCalled=0 RcvPruned=0 TCPRcvCollapsed=0 TCPAbortOnMemory=0 TCPMemoryPressures=0 TCPMemoryPressuresChrono=0 TCPBacklogDrop=0 TCPZeroWindowDrop=0 TCPRcvQDrop=0 MemAvailable:3766M SwapFree:1023M Dirty:0M Slab:875M psi_mem=avg60=0.00 psi_cpu=avg60=0.45 load=2.05,1.88,1.08 cpu_u=35486 n=0 s=31457 i=347775 io=4424 irq=0 sirq=1183
[sys] 12:14:28 tcp_alloc=177417 tcp_mem_pages=23466 PruneCalled=0 RcvPruned=0 TCPRcvCollapsed=0 TCPAbortOnMemory=0 TCPMemoryPressures=0 TCPMemoryPressuresChrono=0 TCPBacklogDrop=0 TCPZeroWindowDrop=0 TCPRcvQDrop=0 MemAvailable:3766M SwapFree:1023M Dirty:0M Slab:875M psi_mem=avg60=0.00 psi_cpu=avg60=0.41 load=1.89,1.85,1.08 cpu_u=35492 n=0 s=31466 i=352772 io=4424 irq=0 sirq=1184
  [diag] subscribe quorum after 31.78s: connected=77403 subscribed=77403 connect_failed=0 complete=false (ceiling 500s, stall 5s)
[sys] 12:14:33 tcp_alloc=177417 tcp_mem_pages=25770 PruneCalled=0 RcvPruned=0 TCPRcvCollapsed=0 TCPAbortOnMemory=0 TCPMemoryPressures=0 TCPMemoryPressuresChrono=0 TCPBacklogDrop=0 TCPZeroWindowDrop=0 TCPRcvQDrop=0 MemAvailable:3698M SwapFree:1023M Dirty:0M Slab:878M psi_mem=avg60=0.00 psi_cpu=avg60=0.42 load=1.74,1.82,1.07 cpu_u=36678 n=0 s=31946 i=355477 io=4425 irq=0 sirq=1577
[sys] 12:14:38 tcp_alloc=181433 tcp_mem_pages=69802 PruneCalled=0 RcvPruned=0 TCPRcvCollapsed=0 TCPAbortOnMemory=0 TCPMemoryPressures=0 TCPMemoryPressuresChrono=0 TCPBacklogDrop=0 TCPZeroWindowDrop=0 TCPRcvQDrop=0 MemAvailable:3400M SwapFree:1023M Dirty:0M Slab:934M psi_mem=avg60=0.00 psi_cpu=avg60=0.57 load=2.40,1.95,1.12 cpu_u=38666 n=0 s=32784 i=356557 io=4425 irq=0 sirq=2224
  [diag] progress t=10s delivered=1101761 matched=1183117 events~=14 subscribed=81415 rss_mib=3249 swap_mib=0
[sys] 12:14:43 tcp_alloc=182016 tcp_mem_pages=29866 PruneCalled=0 RcvPruned=0 TCPRcvCollapsed=0 TCPAbortOnMemory=0 TCPMemoryPressures=0 TCPMemoryPressuresChrono=0 TCPBacklogDrop=0 TCPZeroWindowDrop=0 TCPRcvQDrop=0 MemAvailable:3461M SwapFree:1023M Dirty:0M Slab:891M psi_mem=avg60=0.00 psi_cpu=avg60=0.63 load=3.01,2.09,1.17 cpu_u=40540 n=0 s=33578 i=358043 io=4425 irq=0 sirq=2757
[sys] 12:14:48 tcp_alloc=182317 tcp_mem_pages=20138 PruneCalled=0 RcvPruned=0 TCPRcvCollapsed=0 TCPAbortOnMemory=0 TCPMemoryPressures=0 TCPMemoryPressuresChrono=0 TCPBacklogDrop=0 TCPZeroWindowDrop=0 TCPRcvQDrop=0 MemAvailable:3382M SwapFree:1023M Dirty:0M Slab:897M psi_mem=avg60=0.00 psi_cpu=avg60=0.69 load=3.57,2.22,1.21 cpu_u=42695 n=0 s=34509 i=358987 io=4425 irq=0 sirq=3398
  [diag] progress t=20s delivered=2874501 matched=2822232 events~=34 subscribed=82563 rss_mib=3345 swap_mib=0
[sys] 12:14:53 tcp_alloc=182577 tcp_mem_pages=24746 PruneCalled=0 RcvPruned=0 TCPRcvCollapsed=0 TCPAbortOnMemory=0 TCPMemoryPressures=0 TCPMemoryPressuresChrono=0 TCPBacklogDrop=0 TCPZeroWindowDrop=0 TCPRcvQDrop=0 MemAvailable:3372M SwapFree:1023M Dirty:0M Slab:892M psi_mem=avg60=0.00 psi_cpu=avg60=0.68 load=4.08,2.35,1.26 cpu_u=44660 n=0 s=35237 i=360593 io=4425 irq=0 sirq=3968
[sys] 12:14:58 tcp_alloc=182577 tcp_mem_pages=22186 PruneCalled=0 RcvPruned=0 TCPRcvCollapsed=0 TCPAbortOnMemory=0 TCPMemoryPressures=0 TCPMemoryPressuresChrono=0 TCPBacklogDrop=0 TCPZeroWindowDrop=0 TCPRcvQDrop=0 MemAvailable:3286M SwapFree:1023M Dirty:0M Slab:892M psi_mem=avg60=0.00 psi_cpu=avg60=0.71 load=4.56,2.48,1.31 cpu_u=47113 n=0 s=36018 i=361494 io=4425 irq=0 sirq=4498
  [diag] progress t=30s delivered=7596081 matched=7775883 events~=94 subscribed=82563 rss_mib=3430 swap_mib=0
[sys] 12:15:03 tcp_alloc=183158 tcp_mem_pages=21675 PruneCalled=0 RcvPruned=0 TCPRcvCollapsed=0 TCPAbortOnMemory=0 TCPMemoryPressures=0 TCPMemoryPressuresChrono=0 TCPBacklogDrop=0 TCPZeroWindowDrop=0 TCPRcvQDrop=0 MemAvailable:3221M SwapFree:1023M Dirty:0M Slab:893M psi_mem=avg60=0.00 psi_cpu=avg60=0.76 load=4.99,2.60,1.36 cpu_u=49502 n=0 s=36957 i=362211 io=4425 irq=0 sirq=5204
[sys] 12:15:08 tcp_alloc=186565 tcp_mem_pages=18859 PruneCalled=0 RcvPruned=0 TCPRcvCollapsed=0 TCPAbortOnMemory=0 TCPMemoryPressures=0 TCPMemoryPressuresChrono=0 TCPBacklogDrop=0 TCPZeroWindowDrop=0 TCPRcvQDrop=0 MemAvailable:3148M SwapFree:1023M Dirty:0M Slab:902M psi_mem=avg60=0.00 psi_cpu=avg60=0.75 load=5.31,2.71,1.40 cpu_u=51791 n=0 s=37968 i=362781 io=4425 irq=0 sirq=6013
  [diag] progress t=40s delivered=13670928 matched=13745547 events~=158 subscribed=86551 rss_mib=3554 swap_mib=0
[sys] 12:15:13 tcp_alloc=186565 tcp_mem_pages=21419 PruneCalled=0 RcvPruned=0 TCPRcvCollapsed=0 TCPAbortOnMemory=0 TCPMemoryPressures=0 TCPMemoryPressuresChrono=0 TCPBacklogDrop=0 TCPZeroWindowDrop=0 TCPRcvQDrop=0 MemAvailable:3117M SwapFree:1023M Dirty:0M Slab:902M psi_mem=avg60=0.00 psi_cpu=avg60=0.70 load=5.69,2.83,1.44 cpu_u=54125 n=0 s=39046 i=363344 io=4427 irq=0 sirq=6866
[sys] 12:15:18 tcp_alloc=186565 tcp_mem_pages=15787 PruneCalled=0 RcvPruned=0 TCPRcvCollapsed=0 TCPAbortOnMemory=0 TCPMemoryPressures=0 TCPMemoryPressuresChrono=0 TCPBacklogDrop=0 TCPZeroWindowDrop=0 TCPRcvQDrop=0 MemAvailable:3128M SwapFree:1023M Dirty:0M Slab:902M psi_mem=avg60=0.00 psi_cpu=avg60=0.73 load=6.04,2.95,1.49 cpu_u=56448 n=0 s=40120 i=363909 io=4433 irq=0 sirq=7717
  [diag] progress t=50s delivered=19719073 matched=19804117 events~=228 subscribed=86551 rss_mib=3572 swap_mib=0
[sys] 12:15:23 tcp_alloc=186565 tcp_mem_pages=27051 PruneCalled=0 RcvPruned=0 TCPRcvCollapsed=0 TCPAbortOnMemory=0 TCPMemoryPressures=0 TCPMemoryPressuresChrono=0 TCPBacklogDrop=0 TCPZeroWindowDrop=0 TCPRcvQDrop=0 MemAvailable:3141M SwapFree:1023M Dirty:0M Slab:902M psi_mem=avg60=0.00 psi_cpu=avg60=0.75 load=6.19,3.03,1.53 cpu_u=58752 n=0 s=41206 i=364497 io=4433 irq=0 sirq=8576
[sys] 12:15:28 tcp_alloc=186565 tcp_mem_pages=16556 PruneCalled=0 RcvPruned=0 TCPRcvCollapsed=0 TCPAbortOnMemory=0 TCPMemoryPressures=0 TCPMemoryPressuresChrono=0 TCPBacklogDrop=0 TCPZeroWindowDrop=0 TCPRcvQDrop=0 MemAvailable:3138M SwapFree:1023M Dirty:0M Slab:902M psi_mem=avg60=0.00 psi_cpu=avg60=0.74 load=6.50,3.15,1.57 cpu_u=61026 n=0 s=42285 i=365070 io=4433 irq=0 sirq=9444
  [diag] progress t=60s delivered=25180853 matched=25256830 events~=291 subscribed=86551 rss_mib=3573 swap_mib=0
[sys] 12:15:33 tcp_alloc=186751 tcp_mem_pages=28591 PruneCalled=0 RcvPruned=0 TCPRcvCollapsed=0 TCPAbortOnMemory=0 TCPMemoryPressures=0 TCPMemoryPressuresChrono=0 TCPBacklogDrop=0 TCPZeroWindowDrop=0 TCPRcvQDrop=0 MemAvailable:3096M SwapFree:1023M Dirty:0M Slab:903M psi_mem=avg60=0.00 psi_cpu=avg60=0.72 load=6.78,3.26,1.62 cpu_u=63374 n=0 s=43311 i=365678 io=4433 irq=0 sirq=10265
[sys] 12:15:38 tcp_alloc=186751 tcp_mem_pages=23727 PruneCalled=0 RcvPruned=0 TCPRcvCollapsed=0 TCPAbortOnMemory=0 TCPMemoryPressures=0 TCPMemoryPressuresChrono=0 TCPBacklogDrop=0 TCPZeroWindowDrop=0 TCPRcvQDrop=0 MemAvailable:3112M SwapFree:1023M Dirty:0M Slab:903M psi_mem=avg60=0.00 psi_cpu=avg60=0.72 load=7.04,3.37,1.66 cpu_u=65681 n=0 s=44310 i=366351 io=4433 irq=0 sirq=11068
  [diag] progress t=70s delivered=30556050 matched=30633263 events~=353 subscribed=86737 rss_mib=3597 swap_mib=0
[sys] 12:15:43 tcp_alloc=186751 tcp_mem_pages=18862 PruneCalled=0 RcvPruned=0 TCPRcvCollapsed=0 TCPAbortOnMemory=0 TCPMemoryPressures=0 TCPMemoryPressuresChrono=0 TCPBacklogDrop=0 TCPZeroWindowDrop=0 TCPRcvQDrop=0 MemAvailable:3116M SwapFree:1023M Dirty:0M Slab:903M psi_mem=avg60=0.00 psi_cpu=avg60=0.77 load=7.27,3.48,1.71 cpu_u=67979 n=0 s=45312 i=366891 io=4433 irq=0 sirq=11886
[sys] 12:15:48 tcp_alloc=186751 tcp_mem_pages=18350 PruneCalled=0 RcvPruned=0 TCPRcvCollapsed=0 TCPAbortOnMemory=0 TCPMemoryPressures=0 TCPMemoryPressuresChrono=0 TCPBacklogDrop=0 TCPZeroWindowDrop=0 TCPRcvQDrop=0 MemAvailable:3120M SwapFree:1023M Dirty:0M Slab:903M psi_mem=avg60=0.00 psi_cpu=avg60=0.69 load=7.49,3.59,1.75 cpu_u=70443 n=0 s=46354 i=367409 io=4433 irq=0 sirq=12705
  [diag] progress t=80s delivered=36217311 matched=36271168 events~=418 subscribed=86737 rss_mib=3597 swap_mib=0
[sys] 12:15:54 tcp_alloc=186751 tcp_mem_pages=32943 PruneCalled=0 RcvPruned=0 TCPRcvCollapsed=0 TCPAbortOnMemory=0 TCPMemoryPressures=0 TCPMemoryPressuresChrono=0 TCPBacklogDrop=0 TCPZeroWindowDrop=0 TCPRcvQDrop=0 MemAvailable:3100M SwapFree:1023M Dirty:0M Slab:903M psi_mem=avg60=0.00 psi_cpu=avg60=0.68 load=7.69,3.70,1.80 cpu_u=72835 n=0 s=47424 i=367977 io=4433 irq=0 sirq=13514
[sys] 12:15:59 tcp_alloc=187352 tcp_mem_pages=17576 PruneCalled=0 RcvPruned=0 TCPRcvCollapsed=0 TCPAbortOnMemory=0 TCPMemoryPressures=0 TCPMemoryPressuresChrono=0 TCPBacklogDrop=0 TCPZeroWindowDrop=0 TCPRcvQDrop=0 MemAvailable:3084M SwapFree:1023M Dirty:0M Slab:893M psi_mem=avg60=0.00 psi_cpu=avg60=0.61 load=7.88,3.80,1.84 cpu_u=75279 n=0 s=48542 i=368468 io=4433 irq=0 sirq=14318
  [diag] progress t=90s delivered=41619995 matched=41651762 events~=475 subscribed=87543 rss_mib=3624 swap_mib=0
[sys] 12:16:04 tcp_alloc=189715 tcp_mem_pages=11176 PruneCalled=0 RcvPruned=0 TCPRcvCollapsed=0 TCPAbortOnMemory=0 TCPMemoryPressures=0 TCPMemoryPressuresChrono=0 TCPBacklogDrop=0 TCPZeroWindowDrop=0 TCPRcvQDrop=0 MemAvailable:3008M SwapFree:1023M Dirty:0M Slab:893M psi_mem=avg60=0.00 psi_cpu=avg60=0.68 load=8.05,3.91,1.88 cpu_u=76855 n=0 s=49235 i=370484 io=4433 irq=0 sirq=14831
[sys] 12:16:09 tcp_alloc=189715 tcp_mem_pages=11176 PruneCalled=0 RcvPruned=0 TCPRcvCollapsed=0 TCPAbortOnMemory=0 TCPMemoryPressures=0 TCPMemoryPressuresChrono=0 TCPBacklogDrop=0 TCPZeroWindowDrop=0 TCPRcvQDrop=0 MemAvailable:3007M SwapFree:1023M Dirty:0M Slab:893M psi_mem=avg60=0.00 psi_cpu=avg60=0.64 load=7.40,3.84,1.87 cpu_u=76865 n=0 s=49239 i=375490 io=4434 irq=0 sirq=14833
  [diag] progress t=100s delivered=42708863 matched=42708863 events~=476 subscribed=89701 rss_mib=3685 swap_mib=0
[sys] 12:16:14 tcp_alloc=189715 tcp_mem_pages=11176 PruneCalled=0 RcvPruned=0 TCPRcvCollapsed=0 TCPAbortOnMemory=0 TCPMemoryPressures=0 TCPMemoryPressuresChrono=0 TCPBacklogDrop=0 TCPZeroWindowDrop=0 TCPRcvQDrop=0 MemAvailable:3006M SwapFree:1023M Dirty:0M Slab:893M psi_mem=avg60=0.00 psi_cpu=avg60=0.57 load=6.81,3.78,1.86 cpu_u=76882 n=0 s=49244 i=380475 io=4434 irq=0 sirq=14833
[sys] 12:16:19 tcp_alloc=199859 tcp_mem_pages=680 PruneCalled=0 RcvPruned=0 TCPRcvCollapsed=0 TCPAbortOnMemory=0 TCPMemoryPressures=0 TCPMemoryPressuresChrono=0 TCPBacklogDrop=0 TCPZeroWindowDrop=0 TCPRcvQDrop=0 MemAvailable:2764M SwapFree:1023M Dirty:0M Slab:902M psi_mem=avg60=0.00 psi_cpu=avg60=0.57 load=6.27,3.72,1.85 cpu_u=77180 n=0 s=49507 i=384746 io=4434 irq=0 sirq=14890
  [diag] progress t=110s delivered=42708863 matched=42708863 events~=427 subscribed=99845 rss_mib=3903 swap_mib=0
[sys] 12:16:24 tcp_alloc=199859 tcp_mem_pages=680 PruneCalled=0 RcvPruned=0 TCPRcvCollapsed=0 TCPAbortOnMemory=0 TCPMemoryPressures=0 TCPMemoryPressuresChrono=0 TCPBacklogDrop=0 TCPZeroWindowDrop=0 TCPRcvQDrop=0 MemAvailable:2766M SwapFree:1023M Dirty:0M Slab:902M psi_mem=avg60=0.00 psi_cpu=avg60=0.51 load=5.76,3.65,1.84 cpu_u=77185 n=0 s=49509 i=389756 io=4434 irq=0 sirq=14891
[sys] 12:16:29 tcp_alloc=199859 tcp_mem_pages=680 PruneCalled=0 RcvPruned=0 TCPRcvCollapsed=0 TCPAbortOnMemory=0 TCPMemoryPressures=0 TCPMemoryPressuresChrono=0 TCPBacklogDrop=0 TCPZeroWindowDrop=0 TCPRcvQDrop=0 MemAvailable:2766M SwapFree:1023M Dirty:0M Slab:902M psi_mem=avg60=0.00 psi_cpu=avg60=0.48 load=5.30,3.59,1.83 cpu_u=77190 n=0 s=49512 i=394762 io=4434 irq=0 sirq=14891
  [diag] progress t=120s delivered=42708863 matched=42708863 events~=427 subscribed=99845 rss_mib=3903 swap_mib=0
[sys] 12:16:34 tcp_alloc=200014 tcp_mem_pages=680 PruneCalled=0 RcvPruned=0 TCPRcvCollapsed=0 TCPAbortOnMemory=0 TCPMemoryPressures=0 TCPMemoryPressuresChrono=0 TCPBacklogDrop=0 TCPZeroWindowDrop=0 TCPRcvQDrop=0 MemAvailable:2765M SwapFree:1023M Dirty:0M Slab:902M psi_mem=avg60=0.00 psi_cpu=avg60=0.43 load=4.88,3.53,1.82 cpu_u=77203 n=0 s=49662 i=399611 io=4434 irq=0 sirq=14893
[sys] 12:16:39 tcp_alloc=200014 tcp_mem_pages=680 PruneCalled=0 RcvPruned=0 TCPRcvCollapsed=0 TCPAbortOnMemory=0 TCPMemoryPressures=0 TCPMemoryPressuresChrono=0 TCPBacklogDrop=0 TCPZeroWindowDrop=0 TCPRcvQDrop=0 MemAvailable:2765M SwapFree:1023M Dirty:0M Slab:902M psi_mem=avg60=0.00 psi_cpu=avg60=0.40 load=4.49,3.47,1.81 cpu_u=77208 n=0 s=49666 i=404614 io=4434 irq=0 sirq=14894
  [diag] progress t=130s delivered=42708863 matched=42708863 events~=427 subscribed=100000 rss_mib=3906 swap_mib=0
[sys] 12:16:44 tcp_alloc=200014 tcp_mem_pages=680 PruneCalled=0 RcvPruned=0 TCPRcvCollapsed=0 TCPAbortOnMemory=0 TCPMemoryPressures=0 TCPMemoryPressuresChrono=0 TCPBacklogDrop=0 TCPZeroWindowDrop=0 TCPRcvQDrop=0 MemAvailable:2765M SwapFree:1023M Dirty:0M Slab:902M psi_mem=avg60=0.00 psi_cpu=avg60=0.36 load=4.13,3.41,1.80 cpu_u=77214 n=0 s=49669 i=409612 io=4434 irq=0 sirq=14894
[sys] 12:16:49 tcp_alloc=200014 tcp_mem_pages=680 PruneCalled=0 RcvPruned=0 TCPRcvCollapsed=0 TCPAbortOnMemory=0 TCPMemoryPressures=0 TCPMemoryPressuresChrono=0 TCPBacklogDrop=0 TCPZeroWindowDrop=0 TCPRcvQDrop=0 MemAvailable:2765M SwapFree:1023M Dirty:0M Slab:902M psi_mem=avg60=0.00 psi_cpu=avg60=0.34 load=3.80,3.36,1.79 cpu_u=77219 n=0 s=49672 i=414612 io=4434 irq=0 sirq=14895
  [diag] progress t=140s delivered=42708863 matched=42708863 events~=427 subscribed=100000 rss_mib=3906 swap_mib=0
[sys] 12:16:54 tcp_alloc=200014 tcp_mem_pages=680 PruneCalled=0 RcvPruned=0 TCPRcvCollapsed=0 TCPAbortOnMemory=0 TCPMemoryPressures=0 TCPMemoryPressuresChrono=0 TCPBacklogDrop=0 TCPZeroWindowDrop=0 TCPRcvQDrop=0 MemAvailable:2765M SwapFree:1023M Dirty:0M Slab:902M psi_mem=avg60=0.00 psi_cpu=avg60=0.31 load=3.49,3.30,1.78 cpu_u=77225 n=0 s=49675 i=419616 io=4434 irq=0 sirq=14896
[sys] 12:16:59 tcp_alloc=200014 tcp_mem_pages=680 PruneCalled=0 RcvPruned=0 TCPRcvCollapsed=0 TCPAbortOnMemory=0 TCPMemoryPressures=0 TCPMemoryPressuresChrono=0 TCPBacklogDrop=0 TCPZeroWindowDrop=0 TCPRcvQDrop=0 MemAvailable:2763M SwapFree:1023M Dirty:0M Slab:902M psi_mem=avg60=0.00 psi_cpu=avg60=0.29 load=3.21,3.25,1.77 cpu_u=77233 n=0 s=49678 i=424614 io=4434 irq=0 sirq=14898
  [diag] progress t=150s delivered=42708863 matched=42708863 events~=427 subscribed=100000 rss_mib=3906 swap_mib=0
[sys] 12:17:04 tcp_alloc=200014 tcp_mem_pages=680 PruneCalled=0 RcvPruned=0 TCPRcvCollapsed=0 TCPAbortOnMemory=0 TCPMemoryPressures=0 TCPMemoryPressuresChrono=0 TCPBacklogDrop=0 TCPZeroWindowDrop=0 TCPRcvQDrop=0 MemAvailable:2762M SwapFree:1023M Dirty:0M Slab:902M psi_mem=avg60=0.00 psi_cpu=avg60=0.26 load=2.95,3.19,1.76 cpu_u=77239 n=0 s=49680 i=429614 io=4434 irq=0 sirq=14904
[sys] 12:17:09 tcp_alloc=200014 tcp_mem_pages=680 PruneCalled=0 RcvPruned=0 TCPRcvCollapsed=0 TCPAbortOnMemory=0 TCPMemoryPressures=0 TCPMemoryPressuresChrono=0 TCPBacklogDrop=0 TCPZeroWindowDrop=0 TCPRcvQDrop=0 MemAvailable:2758M SwapFree:1023M Dirty:0M Slab:902M psi_mem=avg60=0.00 psi_cpu=avg60=0.24 load=2.72,3.14,1.75 cpu_u=77248 n=0 s=49684 i=434614 io=4434 irq=0 sirq=14905
  [diag] progress t=160s delivered=42708863 matched=42708863 events~=427 subscribed=100000 rss_mib=3906 swap_mib=0
[sys] 12:17:14 tcp_alloc=200014 tcp_mem_pages=680 PruneCalled=0 RcvPruned=0 TCPRcvCollapsed=0 TCPAbortOnMemory=0 TCPMemoryPressures=0 TCPMemoryPressuresChrono=0 TCPBacklogDrop=0 TCPZeroWindowDrop=0 TCPRcvQDrop=0 MemAvailable:2757M SwapFree:1023M Dirty:0M Slab:902M psi_mem=avg60=0.00 psi_cpu=avg60=0.22 load=2.50,3.09,1.74 cpu_u=77255 n=0 s=49686 i=439611 io=4434 irq=0 sirq=14905
[sys] 12:17:19 tcp_alloc=200014 tcp_mem_pages=680 PruneCalled=0 RcvPruned=0 TCPRcvCollapsed=0 TCPAbortOnMemory=0 TCPMemoryPressures=0 TCPMemoryPressuresChrono=0 TCPBacklogDrop=0 TCPZeroWindowDrop=0 TCPRcvQDrop=0 MemAvailable:2757M SwapFree:1023M Dirty:0M Slab:902M psi_mem=avg60=0.00 psi_cpu=avg60=0.20 load=2.30,3.04,1.73 cpu_u=77261 n=0 s=49688 i=444608 io=4434 irq=0 sirq=14910
  [diag] progress t=170s delivered=42708863 matched=42708863 events~=427 subscribed=100000 rss_mib=3906 swap_mib=0
[sys] 12:17:24 tcp_alloc=200014 tcp_mem_pages=680 PruneCalled=0 RcvPruned=0 TCPRcvCollapsed=0 TCPAbortOnMemory=0 TCPMemoryPressures=0 TCPMemoryPressuresChrono=0 TCPBacklogDrop=0 TCPZeroWindowDrop=0 TCPRcvQDrop=0 MemAvailable:2757M SwapFree:1023M Dirty:0M Slab:902M psi_mem=avg60=0.00 psi_cpu=avg60=0.18 load=2.12,2.98,1.72 cpu_u=77266 n=0 s=49690 i=449610 io=4434 irq=0 sirq=14913
[sys] 12:17:29 tcp_alloc=200014 tcp_mem_pages=680 PruneCalled=0 RcvPruned=0 TCPRcvCollapsed=0 TCPAbortOnMemory=0 TCPMemoryPressures=0 TCPMemoryPressuresChrono=0 TCPBacklogDrop=0 TCPZeroWindowDrop=0 TCPRcvQDrop=0 MemAvailable:2757M SwapFree:1023M Dirty:0M Slab:902M psi_mem=avg60=0.00 psi_cpu=avg60=0.17 load=1.95,2.93,1.72 cpu_u=77272 n=0 s=49693 i=454615 io=4434 irq=0 sirq=14914
  [diag] progress t=180s delivered=42708863 matched=42708863 events~=427 subscribed=100000 rss_mib=3906 swap_mib=0
[sys] 12:17:34 tcp_alloc=200014 tcp_mem_pages=680 PruneCalled=0 RcvPruned=0 TCPRcvCollapsed=0 TCPAbortOnMemory=0 TCPMemoryPressures=0 TCPMemoryPressuresChrono=0 TCPBacklogDrop=0 TCPZeroWindowDrop=0 TCPRcvQDrop=0 MemAvailable:2757M SwapFree:1023M Dirty:0M Slab:902M psi_mem=avg60=0.00 psi_cpu=avg60=0.15 load=1.79,2.89,1.71 cpu_u=77276 n=0 s=49696 i=459614 io=4435 irq=0 sirq=14915
[sys] 12:17:39 tcp_alloc=200014 tcp_mem_pages=680 PruneCalled=0 RcvPruned=0 TCPRcvCollapsed=0 TCPAbortOnMemory=0 TCPMemoryPressures=0 TCPMemoryPressuresChrono=0 TCPBacklogDrop=0 TCPZeroWindowDrop=0 TCPRcvQDrop=0 MemAvailable:2757M SwapFree:1023M Dirty:0M Slab:902M psi_mem=avg60=0.00 psi_cpu=avg60=0.14 load=1.65,2.84,1.70 cpu_u=77282 n=0 s=49701 i=464643 io=4435 irq=0 sirq=14920
  [diag] progress t=190s delivered=42708863 matched=42708863 events~=427 subscribed=100000 rss_mib=3906 swap_mib=0
[sys] 12:17:44 tcp_alloc=200014 tcp_mem_pages=680 PruneCalled=0 RcvPruned=0 TCPRcvCollapsed=0 TCPAbortOnMemory=0 TCPMemoryPressures=0 TCPMemoryPressuresChrono=0 TCPBacklogDrop=0 TCPZeroWindowDrop=0 TCPRcvQDrop=0 MemAvailable:2757M SwapFree:1023M Dirty:0M Slab:902M psi_mem=avg60=0.00 psi_cpu=avg60=0.13 load=1.51,2.79,1.69 cpu_u=77286 n=0 s=49704 i=469653 io=4435 irq=0 sirq=14920
[sys] 12:17:49 tcp_alloc=200014 tcp_mem_pages=680 PruneCalled=0 RcvPruned=0 TCPRcvCollapsed=0 TCPAbortOnMemory=0 TCPMemoryPressures=0 TCPMemoryPressuresChrono=0 TCPBacklogDrop=0 TCPZeroWindowDrop=0 TCPRcvQDrop=0 MemAvailable:2761M SwapFree:1023M Dirty:0M Slab:902M psi_mem=avg60=0.00 psi_cpu=avg60=0.12 load=1.39,2.74,1.68 cpu_u=77290 n=0 s=49707 i=474655 io=4435 irq=0 sirq=14921
  [diag] progress t=200s delivered=42708863 matched=42708863 events~=427 subscribed=100000 rss_mib=3906 swap_mib=0
[sys] 12:17:54 tcp_alloc=200014 tcp_mem_pages=680 PruneCalled=0 RcvPruned=0 TCPRcvCollapsed=0 TCPAbortOnMemory=0 TCPMemoryPressures=0 TCPMemoryPressuresChrono=0 TCPBacklogDrop=0 TCPZeroWindowDrop=0 TCPRcvQDrop=0 MemAvailable:2760M SwapFree:1023M Dirty:0M Slab:902M psi_mem=avg60=0.00 psi_cpu=avg60=0.11 load=1.28,2.70,1.67 cpu_u=77294 n=0 s=49710 i=479651 io=4435 irq=0 sirq=14922
[sys] 12:17:59 tcp_alloc=200014 tcp_mem_pages=680 PruneCalled=0 RcvPruned=0 TCPRcvCollapsed=0 TCPAbortOnMemory=0 TCPMemoryPressures=0 TCPMemoryPressuresChrono=0 TCPBacklogDrop=0 TCPZeroWindowDrop=0 TCPRcvQDrop=0 MemAvailable:2759M SwapFree:1023M Dirty:0M Slab:902M psi_mem=avg60=0.00 psi_cpu=avg60=0.10 load=1.18,2.65,1.66 cpu_u=77297 n=0 s=49712 i=484652 io=4435 irq=0 sirq=14924
  [diag] progress t=210s delivered=42708863 matched=42708863 events~=427 subscribed=100000 rss_mib=3906 swap_mib=0
[sys] 12:18:04 tcp_alloc=200014 tcp_mem_pages=680 PruneCalled=0 RcvPruned=0 TCPRcvCollapsed=0 TCPAbortOnMemory=0 TCPMemoryPressures=0 TCPMemoryPressuresChrono=0 TCPBacklogDrop=0 TCPZeroWindowDrop=0 TCPRcvQDrop=0 MemAvailable:2761M SwapFree:1023M Dirty:0M Slab:902M psi_mem=avg60=0.00 psi_cpu=avg60=0.09 load=1.08,2.61,1.65 cpu_u=77303 n=0 s=49715 i=489653 io=4435 irq=0 sirq=14925
[sys] 12:18:09 tcp_alloc=200014 tcp_mem_pages=680 PruneCalled=0 RcvPruned=0 TCPRcvCollapsed=0 TCPAbortOnMemory=0 TCPMemoryPressures=0 TCPMemoryPressuresChrono=0 TCPBacklogDrop=0 TCPZeroWindowDrop=0 TCPRcvQDrop=0 MemAvailable:2760M SwapFree:1023M Dirty:0M Slab:902M psi_mem=avg60=0.00 psi_cpu=avg60=0.08 load=1.00,2.57,1.64 cpu_u=77308 n=0 s=49718 i=494653 io=4435 irq=0 sirq=14929
  [diag] progress t=220s delivered=42708863 matched=42708863 events~=427 subscribed=100000 rss_mib=3906 swap_mib=0
[sys] 12:18:14 tcp_alloc=200014 tcp_mem_pages=680 PruneCalled=0 RcvPruned=0 TCPRcvCollapsed=0 TCPAbortOnMemory=0 TCPMemoryPressures=0 TCPMemoryPressuresChrono=0 TCPBacklogDrop=0 TCPZeroWindowDrop=0 TCPRcvQDrop=0 MemAvailable:2760M SwapFree:1023M Dirty:0M Slab:902M psi_mem=avg60=0.00 psi_cpu=avg60=0.07 load=0.92,2.52,1.63 cpu_u=77320 n=0 s=49721 i=499654 io=4435 irq=0 sirq=14932
[sys] 12:18:19 tcp_alloc=200014 tcp_mem_pages=680 PruneCalled=0 RcvPruned=0 TCPRcvCollapsed=0 TCPAbortOnMemory=0 TCPMemoryPressures=0 TCPMemoryPressuresChrono=0 TCPBacklogDrop=0 TCPZeroWindowDrop=0 TCPRcvQDrop=0 MemAvailable:2760M SwapFree:1023M Dirty:0M Slab:902M psi_mem=avg60=0.00 psi_cpu=avg60=0.07 load=0.84,2.48,1.62 cpu_u=77325 n=0 s=49723 i=504662 io=4435 irq=0 sirq=14933
  [diag] progress t=230s delivered=42708863 matched=42708863 events~=427 subscribed=100000 rss_mib=3906 swap_mib=0
[sys] 12:18:24 tcp_alloc=200014 tcp_mem_pages=680 PruneCalled=0 RcvPruned=0 TCPRcvCollapsed=0 TCPAbortOnMemory=0 TCPMemoryPressures=0 TCPMemoryPressuresChrono=0 TCPBacklogDrop=0 TCPZeroWindowDrop=0 TCPRcvQDrop=0 MemAvailable:2759M SwapFree:1023M Dirty:0M Slab:902M psi_mem=avg60=0.00 psi_cpu=avg60=0.06 load=0.77,2.44,1.61 cpu_u=77330 n=0 s=49727 i=509667 io=4435 irq=0 sirq=14936
[sys] 12:18:29 tcp_alloc=200014 tcp_mem_pages=680 PruneCalled=0 RcvPruned=0 TCPRcvCollapsed=0 TCPAbortOnMemory=0 TCPMemoryPressures=0 TCPMemoryPressuresChrono=0 TCPBacklogDrop=0 TCPZeroWindowDrop=0 TCPRcvQDrop=0 MemAvailable:2759M SwapFree:1023M Dirty:0M Slab:902M psi_mem=avg60=0.00 psi_cpu=avg60=0.05 load=0.71,2.40,1.61 cpu_u=77335 n=0 s=49731 i=514673 io=4435 irq=0 sirq=14937
  [diag] progress t=240s delivered=42708863 matched=42708863 events~=427 subscribed=100000 rss_mib=3906 swap_mib=0
[sys] 12:18:34 tcp_alloc=200014 tcp_mem_pages=680 PruneCalled=0 RcvPruned=0 TCPRcvCollapsed=0 TCPAbortOnMemory=0 TCPMemoryPressures=0 TCPMemoryPressuresChrono=0 TCPBacklogDrop=0 TCPZeroWindowDrop=0 TCPRcvQDrop=0 MemAvailable:2758M SwapFree:1023M Dirty:0M Slab:902M psi_mem=avg60=0.00 psi_cpu=avg60=0.05 load=0.65,2.36,1.60 cpu_u=77339 n=0 s=49734 i=519673 io=4435 irq=0 sirq=14939
[sys] 12:18:39 tcp_alloc=200014 tcp_mem_pages=680 PruneCalled=0 RcvPruned=0 TCPRcvCollapsed=0 TCPAbortOnMemory=0 TCPMemoryPressures=0 TCPMemoryPressuresChrono=0 TCPBacklogDrop=0 TCPZeroWindowDrop=0 TCPRcvQDrop=0 MemAvailable:2760M SwapFree:1023M Dirty:0M Slab:902M psi_mem=avg60=0.00 psi_cpu=avg60=0.04 load=0.60,2.32,1.59 cpu_u=77345 n=0 s=49737 i=524678 io=4435 irq=0 sirq=14939
  [diag] progress t=250s delivered=42708863 matched=42708863 events~=427 subscribed=100000 rss_mib=3906 swap_mib=0
[sys] 12:18:44 tcp_alloc=200014 tcp_mem_pages=680 PruneCalled=0 RcvPruned=0 TCPRcvCollapsed=0 TCPAbortOnMemory=0 TCPMemoryPressures=0 TCPMemoryPressuresChrono=0 TCPBacklogDrop=0 TCPZeroWindowDrop=0 TCPRcvQDrop=0 MemAvailable:2764M SwapFree:1023M Dirty:0M Slab:902M psi_mem=avg60=0.00 psi_cpu=avg60=0.04 load=0.55,2.28,1.58 cpu_u=77350 n=0 s=49739 i=529680 io=4435 irq=0 sirq=14940
[sys] 12:18:49 tcp_alloc=200014 tcp_mem_pages=680 PruneCalled=0 RcvPruned=0 TCPRcvCollapsed=0 TCPAbortOnMemory=0 TCPMemoryPressures=0 TCPMemoryPressuresChrono=0 TCPBacklogDrop=0 TCPZeroWindowDrop=0 TCPRcvQDrop=0 MemAvailable:2763M SwapFree:1023M Dirty:0M Slab:902M psi_mem=avg60=0.00 psi_cpu=avg60=0.04 load=0.51,2.24,1.57 cpu_u=77357 n=0 s=49743 i=534683 io=4435 irq=0 sirq=14940
  [diag] progress t=260s delivered=42708863 matched=42708863 events~=427 subscribed=100000 rss_mib=3906 swap_mib=0
[sys] 12:18:54 tcp_alloc=200014 tcp_mem_pages=680 PruneCalled=0 RcvPruned=0 TCPRcvCollapsed=0 TCPAbortOnMemory=0 TCPMemoryPressures=0 TCPMemoryPressuresChrono=0 TCPBacklogDrop=0 TCPZeroWindowDrop=0 TCPRcvQDrop=0 MemAvailable:2759M SwapFree:1023M Dirty:0M Slab:902M psi_mem=avg60=0.00 psi_cpu=avg60=0.03 load=0.47,2.20,1.56 cpu_u=77364 n=0 s=49749 i=539682 io=4435 irq=0 sirq=14941
[sys] 12:18:59 tcp_alloc=200014 tcp_mem_pages=680 PruneCalled=0 RcvPruned=0 TCPRcvCollapsed=0 TCPAbortOnMemory=0 TCPMemoryPressures=0 TCPMemoryPressuresChrono=0 TCPBacklogDrop=0 TCPZeroWindowDrop=0 TCPRcvQDrop=0 MemAvailable:2759M SwapFree:1023M Dirty:0M Slab:902M psi_mem=avg60=0.00 psi_cpu=avg60=0.03 load=0.43,2.17,1.55 cpu_u=77370 n=0 s=49752 i=544687 io=4435 irq=0 sirq=14947
  [diag] progress t=270s delivered=42708863 matched=42708863 events~=427 subscribed=100000 rss_mib=3906 swap_mib=0
[sys] 12:19:04 tcp_alloc=200014 tcp_mem_pages=680 PruneCalled=0 RcvPruned=0 TCPRcvCollapsed=0 TCPAbortOnMemory=0 TCPMemoryPressures=0 TCPMemoryPressuresChrono=0 TCPBacklogDrop=0 TCPZeroWindowDrop=0 TCPRcvQDrop=0 MemAvailable:2759M SwapFree:1023M Dirty:0M Slab:902M psi_mem=avg60=0.00 psi_cpu=avg60=0.02 load=0.40,2.13,1.54 cpu_u=77376 n=0 s=49758 i=549690 io=4435 irq=0 sirq=14949
[sys] 12:19:09 tcp_alloc=200014 tcp_mem_pages=680 PruneCalled=0 RcvPruned=0 TCPRcvCollapsed=0 TCPAbortOnMemory=0 TCPMemoryPressures=0 TCPMemoryPressuresChrono=0 TCPBacklogDrop=0 TCPZeroWindowDrop=0 TCPRcvQDrop=0 MemAvailable:2762M SwapFree:1023M Dirty:0M Slab:901M psi_mem=avg60=0.00 psi_cpu=avg60=0.02 load=0.36,2.10,1.54 cpu_u=77383 n=0 s=49762 i=554693 io=4435 irq=0 sirq=14951
  [diag] progress t=280s delivered=42708863 matched=42708863 events~=427 subscribed=100000 rss_mib=3906 swap_mib=0
[sys] 12:19:14 tcp_alloc=200014 tcp_mem_pages=680 PruneCalled=0 RcvPruned=0 TCPRcvCollapsed=0 TCPAbortOnMemory=0 TCPMemoryPressures=0 TCPMemoryPressuresChrono=0 TCPBacklogDrop=0 TCPZeroWindowDrop=0 TCPRcvQDrop=0 MemAvailable:2765M SwapFree:1023M Dirty:0M Slab:901M psi_mem=avg60=0.00 psi_cpu=avg60=0.02 load=0.33,2.06,1.53 cpu_u=77387 n=0 s=49767 i=559689 io=4435 irq=0 sirq=14952
[sys] 12:19:19 tcp_alloc=200014 tcp_mem_pages=680 PruneCalled=0 RcvPruned=0 TCPRcvCollapsed=0 TCPAbortOnMemory=0 TCPMemoryPressures=0 TCPMemoryPressuresChrono=0 TCPBacklogDrop=0 TCPZeroWindowDrop=0 TCPRcvQDrop=0 MemAvailable:2765M SwapFree:1023M Dirty:0M Slab:901M psi_mem=avg60=0.00 psi_cpu=avg60=0.02 load=0.31,2.03,1.52 cpu_u=77392 n=0 s=49771 i=564701 io=4436 irq=0 sirq=14953
  [diag] progress t=290s delivered=42708863 matched=42708863 events~=427 subscribed=100000 rss_mib=3906 swap_mib=0
[sys] 12:19:24 tcp_alloc=200014 tcp_mem_pages=680 PruneCalled=0 RcvPruned=0 TCPRcvCollapsed=0 TCPAbortOnMemory=0 TCPMemoryPressures=0 TCPMemoryPressuresChrono=0 TCPBacklogDrop=0 TCPZeroWindowDrop=0 TCPRcvQDrop=0 MemAvailable:2765M SwapFree:1023M Dirty:0M Slab:902M psi_mem=avg60=0.00 psi_cpu=avg60=0.01 load=0.28,1.99,1.51 cpu_u=77398 n=0 s=49776 i=569696 io=4436 irq=0 sirq=14953
[sys] 12:19:29 tcp_alloc=200014 tcp_mem_pages=680 PruneCalled=0 RcvPruned=0 TCPRcvCollapsed=0 TCPAbortOnMemory=0 TCPMemoryPressures=0 TCPMemoryPressuresChrono=0 TCPBacklogDrop=0 TCPZeroWindowDrop=0 TCPRcvQDrop=0 MemAvailable:2765M SwapFree:1023M Dirty:0M Slab:902M psi_mem=avg60=0.00 psi_cpu=avg60=0.01 load=0.26,1.96,1.50 cpu_u=77402 n=0 s=49779 i=574700 io=4437 irq=0 sirq=14954
  [diag] at window end: connected=100000 subscribed=100000 connect_failed=0 subscribed_at_start=77403 late_subscribers=22597 (late subscribers' pre-subscribe events stay in the drop count)
  [diag] router: matched=42708863 delivered=42708863 dropped=0 faulted=0 events_fanned_out~=427 (matched/subscribed)
  [diag] undelivered breakdown: never_connected=0 not_reached_in_window=7300000 router_dropped=0 in_flight_or_unaccounted=0
  [diag] progress t=300s delivered=42708863 matched=42708863 events~=427 subscribed=100000 rss_mib=3906 swap_mib=0
  [diag] completed=false (delivered 42708863 of 50000000 before the 300s window) peak_rss_mib=3906

=== nostos-bench-10k probe ===
  clients   : 100000
  events    : 500 (attempted deliveries: 50000000)
  window    : 300s
  ---------------------------
  delivered : 42708863
  ops/sec   : 142357
  drop%     : 14.58
  elapsed   : 300.01s
SOAK rc=0 12:19:31
HOST tier=100000 end 22:19:31 load1=3.00 rc=143
HOST tier=50000 start 22:20:01 load1=3.92 waited=0s
env: Linux 7.0.12-linuxkit aarch64 nproc=10 nofile=1048576 mem=8124512kB swap=1048572kB tcp_rmem=4096-131072-33554432 tcp_wmem=4096-16384-4194304
SOAK start 12:20:01 clients=50000 events=500 window=120 ack=1 listeners=1
  [diag] listeners: ws://127.0.0.1:18851/sync
[sys] 12:20:01 tcp_alloc=12 tcp_mem_pages=680 PruneCalled=0 RcvPruned=0 TCPRcvCollapsed=0 TCPAbortOnMemory=0 TCPMemoryPressures=0 TCPMemoryPressuresChrono=0 TCPBacklogDrop=0 TCPZeroWindowDrop=0 TCPRcvQDrop=0 MemAvailable:7302M SwapFree:1023M Dirty:0M Slab:164M psi_mem=avg60=0.00 psi_cpu=avg60=0.08 load=0.14,1.74,1.45 cpu_u=77714 n=0 s=49951 i=606161 io=4442 irq=0 sirq=15070
[sys] 12:20:06 tcp_alloc=83494 tcp_mem_pages=17832 PruneCalled=0 RcvPruned=0 TCPRcvCollapsed=0 TCPAbortOnMemory=0 TCPMemoryPressures=0 TCPMemoryPressuresChrono=0 TCPBacklogDrop=0 TCPZeroWindowDrop=0 TCPRcvQDrop=0 MemAvailable:5640M SwapFree:1023M Dirty:0M Slab:494M psi_mem=avg60=0.00 psi_cpu=avg60=0.11 load=0.93,1.88,1.49 cpu_u=77968 n=0 s=52664 i=607951 io=4442 irq=0 sirq=15157
[sys] 12:20:11 tcp_alloc=91887 tcp_mem_pages=8872 PruneCalled=0 RcvPruned=0 TCPRcvCollapsed=0 TCPAbortOnMemory=0 TCPMemoryPressures=0 TCPMemoryPressuresChrono=0 TCPBacklogDrop=0 TCPZeroWindowDrop=0 TCPRcvQDrop=0 MemAvailable:5383M SwapFree:1023M Dirty:0M Slab:517M psi_mem=avg60=0.00 psi_cpu=avg60=0.13 load=0.86,1.85,1.48 cpu_u=78063 n=0 s=52749 i=612706 io=4442 irq=0 sirq=15192
[sys] 12:20:17 tcp_alloc=94932 tcp_mem_pages=5800 PruneCalled=0 RcvPruned=0 TCPRcvCollapsed=0 TCPAbortOnMemory=0 TCPMemoryPressures=0 TCPMemoryPressuresChrono=0 TCPBacklogDrop=0 TCPZeroWindowDrop=0 TCPRcvQDrop=0 MemAvailable:5278M SwapFree:1023M Dirty:0M Slab:522M psi_mem=avg60=0.00 psi_cpu=avg60=0.12 load=0.79,1.82,1.47 cpu_u=78105 n=0 s=52792 i=617601 io=4442 irq=0 sirq=15210
[sys] 12:20:22 tcp_alloc=96651 tcp_mem_pages=3752 PruneCalled=0 RcvPruned=0 TCPRcvCollapsed=0 TCPAbortOnMemory=0 TCPMemoryPressures=0 TCPMemoryPressuresChrono=0 TCPBacklogDrop=0 TCPZeroWindowDrop=0 TCPRcvQDrop=0 MemAvailable:5224M SwapFree:1023M Dirty:0M Slab:526M psi_mem=avg60=0.00 psi_cpu=avg60=0.11 load=0.73,1.79,1.47 cpu_u=78124 n=0 s=52812 i=622554 io=4442 irq=0 sirq=15220
[sys] 12:20:27 tcp_alloc=96778 tcp_mem_pages=3752 PruneCalled=0 RcvPruned=0 TCPRcvCollapsed=0 TCPAbortOnMemory=0 TCPMemoryPressures=0 TCPMemoryPressuresChrono=0 TCPBacklogDrop=0 TCPZeroWindowDrop=0 TCPRcvQDrop=0 MemAvailable:5222M SwapFree:1023M Dirty:0M Slab:527M psi_mem=avg60=0.00 psi_cpu=avg60=0.10 load=0.67,1.76,1.46 cpu_u=78127 n=0 s=52817 i=627569 io=4442 irq=0 sirq=15220
[sys] 12:20:32 tcp_alloc=97112 tcp_mem_pages=3496 PruneCalled=0 RcvPruned=0 TCPRcvCollapsed=0 TCPAbortOnMemory=0 TCPMemoryPressures=0 TCPMemoryPressuresChrono=0 TCPBacklogDrop=0 TCPZeroWindowDrop=0 TCPRcvQDrop=0 MemAvailable:5215M SwapFree:1023M Dirty:0M Slab:527M psi_mem=avg60=0.00 psi_cpu=avg60=0.09 load=0.61,1.73,1.45 cpu_u=78139 n=0 s=52824 i=632543 io=4442 irq=0 sirq=15234
  [diag] subscribe quorum after 34.81s: connected=47099 subscribed=47099 connect_failed=0 complete=false (ceiling 250s, stall 5s)
[sys] 12:20:37 tcp_alloc=97112 tcp_mem_pages=3496 PruneCalled=0 RcvPruned=0 TCPRcvCollapsed=0 TCPAbortOnMemory=0 TCPMemoryPressures=0 TCPMemoryPressuresChrono=0 TCPBacklogDrop=0 TCPZeroWindowDrop=0 TCPRcvQDrop=0 MemAvailable:5208M SwapFree:1023M Dirty:0M Slab:527M psi_mem=avg60=0.00 psi_cpu=avg60=0.08 load=0.56,1.70,1.44 cpu_u=78161 n=0 s=52827 i=637528 io=4442 irq=0 sirq=15234
[sys] 12:20:42 tcp_alloc=97112 tcp_mem_pages=15259 PruneCalled=0 RcvPruned=0 TCPRcvCollapsed=0 TCPAbortOnMemory=0 TCPMemoryPressures=0 TCPMemoryPressuresChrono=0 TCPBacklogDrop=0 TCPZeroWindowDrop=0 TCPRcvQDrop=0 MemAvailable:4042M SwapFree:1023M Dirty:0M Slab:527M psi_mem=avg60=0.00 psi_cpu=avg60=0.17 load=1.32,1.84,1.49 cpu_u=80497 n=0 s=53434 i=638973 io=4442 irq=0 sirq=15494
  [diag] progress t=10s delivered=6666130 matched=6782256 events~=144 subscribed=47099 rss_mib=2829 swap_mib=0
[sys] 12:20:47 tcp_alloc=97112 tcp_mem_pages=4753 PruneCalled=0 RcvPruned=0 TCPRcvCollapsed=0 TCPAbortOnMemory=0 TCPMemoryPressures=0 TCPMemoryPressuresChrono=0 TCPBacklogDrop=0 TCPZeroWindowDrop=0 TCPRcvQDrop=0 MemAvailable:4034M SwapFree:1023M Dirty:0M Slab:526M psi_mem=avg60=0.00 psi_cpu=avg60=0.25 load=2.02,1.97,1.53 cpu_u=83027 n=0 s=54203 i=639778 io=4442 irq=0 sirq=15995
[sys] 12:20:52 tcp_alloc=97112 tcp_mem_pages=6803 PruneCalled=0 RcvPruned=0 TCPRcvCollapsed=0 TCPAbortOnMemory=0 TCPMemoryPressures=0 TCPMemoryPressuresChrono=0 TCPBacklogDrop=0 TCPZeroWindowDrop=0 TCPRcvQDrop=0 MemAvailable:4032M SwapFree:1023M Dirty:0M Slab:526M psi_mem=avg60=0.00 psi_cpu=avg60=0.27 load=2.66,2.10,1.58 cpu_u=85418 n=0 s=55073 i=640366 io=4442 irq=0 sirq=16677
  [diag] progress t=20s delivered=13996131 matched=14082601 events~=299 subscribed=47099 rss_mib=2831 swap_mib=0
[sys] 12:20:57 tcp_alloc=97112 tcp_mem_pages=6024 PruneCalled=0 RcvPruned=0 TCPRcvCollapsed=0 TCPAbortOnMemory=0 TCPMemoryPressures=0 TCPMemoryPressuresChrono=0 TCPBacklogDrop=0 TCPZeroWindowDrop=0 TCPRcvQDrop=0 MemAvailable:4030M SwapFree:1023M Dirty:0M Slab:526M psi_mem=avg60=0.00 psi_cpu=avg60=0.30 load=3.24,2.24,1.63 cpu_u=87671 n=0 s=55989 i=641169 io=4442 irq=0 sirq=17396
[sys] 12:21:02 tcp_alloc=97567 tcp_mem_pages=4222 PruneCalled=0 RcvPruned=0 TCPRcvCollapsed=0 TCPAbortOnMemory=0 TCPMemoryPressures=0 TCPMemoryPressuresChrono=0 TCPBacklogDrop=0 TCPZeroWindowDrop=0 TCPRcvQDrop=0 MemAvailable:4009M SwapFree:1023M Dirty:0M Slab:525M psi_mem=avg60=0.00 psi_cpu=avg60=0.37 load=3.79,2.37,1.67 cpu_u=89891 n=0 s=56716 i=642153 io=4443 irq=0 sirq=17930
  [diag] progress t=30s delivered=22568120 matched=22682353 events~=476 subscribed=47554 rss_mib=2853 swap_mib=0
[sys] 12:21:07 tcp_alloc=97567 tcp_mem_pages=6009 PruneCalled=0 RcvPruned=0 TCPRcvCollapsed=0 TCPAbortOnMemory=0 TCPMemoryPressures=0 TCPMemoryPressuresChrono=0 TCPBacklogDrop=0 TCPZeroWindowDrop=0 TCPRcvQDrop=0 MemAvailable:4008M SwapFree:1023M Dirty:0M Slab:525M psi_mem=avg60=0.00 psi_cpu=avg60=0.41 load=4.28,2.49,1.72 cpu_u=92434 n=0 s=57403 i=643115 io=4443 irq=0 sirq=18360
[sys] 12:21:12 tcp_alloc=97567 tcp_mem_pages=3688 PruneCalled=0 RcvPruned=0 TCPRcvCollapsed=0 TCPAbortOnMemory=0 TCPMemoryPressures=0 TCPMemoryPressuresChrono=0 TCPBacklogDrop=0 TCPZeroWindowDrop=0 TCPRcvQDrop=0 MemAvailable:4001M SwapFree:1023M Dirty:0M Slab:525M psi_mem=avg60=0.00 psi_cpu=avg60=0.40 load=3.94,2.45,1.71 cpu_u=92781 n=0 s=57512 i=647575 io=4443 irq=0 sirq=18423
  [diag] progress t=40s delivered=23633433 matched=23633433 events~=496 subscribed=47554 rss_mib=2856 swap_mib=0
[sys] 12:21:17 tcp_alloc=97567 tcp_mem_pages=3688 PruneCalled=0 RcvPruned=0 TCPRcvCollapsed=0 TCPAbortOnMemory=0 TCPMemoryPressures=0 TCPMemoryPressuresChrono=0 TCPBacklogDrop=0 TCPZeroWindowDrop=0 TCPRcvQDrop=0 MemAvailable:4001M SwapFree:1023M Dirty:0M Slab:525M psi_mem=avg60=0.00 psi_cpu=avg60=0.37 load=3.62,2.41,1.70 cpu_u=92785 n=0 s=57514 i=652572 io=4443 irq=0 sirq=18426
[sys] 12:21:22 tcp_alloc=97567 tcp_mem_pages=3688 PruneCalled=0 RcvPruned=0 TCPRcvCollapsed=0 TCPAbortOnMemory=0 TCPMemoryPressures=0 TCPMemoryPressuresChrono=0 TCPBacklogDrop=0 TCPZeroWindowDrop=0 TCPRcvQDrop=0 MemAvailable:4000M SwapFree:1023M Dirty:0M Slab:525M psi_mem=avg60=0.00 psi_cpu=avg60=0.34 load=3.33,2.37,1.69 cpu_u=92787 n=0 s=57517 i=657576 io=4443 irq=0 sirq=18426
  [diag] progress t=50s delivered=23633433 matched=23633433 events~=496 subscribed=47554 rss_mib=2856 swap_mib=0
[sys] 12:21:27 tcp_alloc=97567 tcp_mem_pages=3688 PruneCalled=0 RcvPruned=0 TCPRcvCollapsed=0 TCPAbortOnMemory=0 TCPMemoryPressures=0 TCPMemoryPressuresChrono=0 TCPBacklogDrop=0 TCPZeroWindowDrop=0 TCPRcvQDrop=0 MemAvailable:4000M SwapFree:1023M Dirty:0M Slab:525M psi_mem=avg60=0.00 psi_cpu=avg60=0.31 load=3.23,2.36,1.69 cpu_u=92789 n=0 s=57519 i=662585 io=4443 irq=0 sirq=18427
[sys] 12:21:32 tcp_alloc=97567 tcp_mem_pages=3688 PruneCalled=0 RcvPruned=0 TCPRcvCollapsed=0 TCPAbortOnMemory=0 TCPMemoryPressures=0 TCPMemoryPressuresChrono=0 TCPBacklogDrop=0 TCPZeroWindowDrop=0 TCPRcvQDrop=0 MemAvailable:4000M SwapFree:1023M Dirty:0M Slab:525M psi_mem=avg60=0.00 psi_cpu=avg60=0.28 load=2.97,2.32,1.68 cpu_u=92794 n=0 s=57522 i=667582 io=4443 irq=0 sirq=18429
  [diag] progress t=60s delivered=23633433 matched=23633433 events~=496 subscribed=47554 rss_mib=2856 swap_mib=0
[sys] 12:21:37 tcp_alloc=97567 tcp_mem_pages=3688 PruneCalled=0 RcvPruned=0 TCPRcvCollapsed=0 TCPAbortOnMemory=0 TCPMemoryPressures=0 TCPMemoryPressuresChrono=0 TCPBacklogDrop=0 TCPZeroWindowDrop=0 TCPRcvQDrop=0 MemAvailable:4000M SwapFree:1023M Dirty:0M Slab:525M psi_mem=avg60=0.00 psi_cpu=avg60=0.26 load=2.73,2.28,1.67 cpu_u=92796 n=0 s=57524 i=672590 io=4443 irq=0 sirq=18431
[sys] 12:21:42 tcp_alloc=97567 tcp_mem_pages=3688 PruneCalled=0 RcvPruned=0 TCPRcvCollapsed=0 TCPAbortOnMemory=0 TCPMemoryPressures=0 TCPMemoryPressuresChrono=0 TCPBacklogDrop=0 TCPZeroWindowDrop=0 TCPRcvQDrop=0 MemAvailable:4000M SwapFree:1023M Dirty:0M Slab:525M psi_mem=avg60=0.00 psi_cpu=avg60=0.24 load=2.51,2.25,1.66 cpu_u=92799 n=0 s=57526 i=677596 io=4443 irq=0 sirq=18433
  [diag] progress t=70s delivered=23633433 matched=23633433 events~=496 subscribed=47554 rss_mib=2856 swap_mib=0
[sys] 12:21:47 tcp_alloc=97567 tcp_mem_pages=3688 PruneCalled=0 RcvPruned=0 TCPRcvCollapsed=0 TCPAbortOnMemory=0 TCPMemoryPressures=0 TCPMemoryPressuresChrono=0 TCPBacklogDrop=0 TCPZeroWindowDrop=0 TCPRcvQDrop=0 MemAvailable:4000M SwapFree:1023M Dirty:0M Slab:525M psi_mem=avg60=0.00 psi_cpu=avg60=0.22 load=2.31,2.21,1.65 cpu_u=92801 n=0 s=57528 i=682595 io=4443 irq=0 sirq=18435
[sys] 12:21:52 tcp_alloc=99258 tcp_mem_pages=872 PruneCalled=0 RcvPruned=0 TCPRcvCollapsed=0 TCPAbortOnMemory=0 TCPMemoryPressures=0 TCPMemoryPressuresChrono=0 TCPBacklogDrop=0 TCPZeroWindowDrop=0 TCPRcvQDrop=0 MemAvailable:4041M SwapFree:1023M Dirty:0M Slab:518M psi_mem=avg60=0.00 psi_cpu=avg60=0.20 load=2.12,2.17,1.64 cpu_u=92929 n=0 s=57672 i=687313 io=4443 irq=0 sirq=18452
  [diag] progress t=80s delivered=23633433 matched=23633433 events~=472 subscribed=50000 rss_mib=2858 swap_mib=0
[sys] 12:21:57 tcp_alloc=100013 tcp_mem_pages=104 PruneCalled=0 RcvPruned=0 TCPRcvCollapsed=0 TCPAbortOnMemory=0 TCPMemoryPressures=0 TCPMemoryPressuresChrono=0 TCPBacklogDrop=0 TCPZeroWindowDrop=0 TCPRcvQDrop=0 MemAvailable:4041M SwapFree:1023M Dirty:0M Slab:516M psi_mem=avg60=0.00 psi_cpu=avg60=0.19 load=1.95,2.14,1.63 cpu_u=92966 n=0 s=57713 i=692245 io=4443 irq=0 sirq=18457
[sys] 12:22:02 tcp_alloc=100013 tcp_mem_pages=104 PruneCalled=0 RcvPruned=0 TCPRcvCollapsed=0 TCPAbortOnMemory=0 TCPMemoryPressures=0 TCPMemoryPressuresChrono=0 TCPBacklogDrop=0 TCPZeroWindowDrop=0 TCPRcvQDrop=0 MemAvailable:4041M SwapFree:1023M Dirty:0M Slab:516M psi_mem=avg60=0.00 psi_cpu=avg60=0.17 load=1.80,2.10,1.63 cpu_u=92970 n=0 s=57716 i=697246 io=4443 irq=0 sirq=18458
  [diag] progress t=90s delivered=23633433 matched=23633433 events~=472 subscribed=50000 rss_mib=2858 swap_mib=0
[sys] 12:22:07 tcp_alloc=100013 tcp_mem_pages=104 PruneCalled=0 RcvPruned=0 TCPRcvCollapsed=0 TCPAbortOnMemory=0 TCPMemoryPressures=0 TCPMemoryPressuresChrono=0 TCPBacklogDrop=0 TCPZeroWindowDrop=0 TCPRcvQDrop=0 MemAvailable:4052M SwapFree:1023M Dirty:0M Slab:516M psi_mem=avg60=0.00 psi_cpu=avg60=0.16 load=1.65,2.06,1.62 cpu_u=92980 n=0 s=57721 i=702236 io=4443 irq=0 sirq=18459
[sys] 12:22:12 tcp_alloc=100013 tcp_mem_pages=104 PruneCalled=0 RcvPruned=0 TCPRcvCollapsed=0 TCPAbortOnMemory=0 TCPMemoryPressures=0 TCPMemoryPressuresChrono=0 TCPBacklogDrop=0 TCPZeroWindowDrop=0 TCPRcvQDrop=0 MemAvailable:4052M SwapFree:1023M Dirty:0M Slab:516M psi_mem=avg60=0.00 psi_cpu=avg60=0.14 load=1.52,2.03,1.61 cpu_u=92993 n=0 s=57724 i=707233 io=4444 irq=0 sirq=18461
  [diag] progress t=100s delivered=23633433 matched=23633433 events~=472 subscribed=50000 rss_mib=2858 swap_mib=0
[sys] 12:22:17 tcp_alloc=100013 tcp_mem_pages=104 PruneCalled=0 RcvPruned=0 TCPRcvCollapsed=0 TCPAbortOnMemory=0 TCPMemoryPressures=0 TCPMemoryPressuresChrono=0 TCPBacklogDrop=0 TCPZeroWindowDrop=0 TCPRcvQDrop=0 MemAvailable:4052M SwapFree:1023M Dirty:0M Slab:516M psi_mem=avg60=0.00 psi_cpu=avg60=0.13 load=1.40,2.00,1.60 cpu_u=92998 n=0 s=57727 i=712236 io=4444 irq=0 sirq=18463
[sys] 12:22:22 tcp_alloc=100013 tcp_mem_pages=104 PruneCalled=0 RcvPruned=0 TCPRcvCollapsed=0 TCPAbortOnMemory=0 TCPMemoryPressures=0 TCPMemoryPressuresChrono=0 TCPBacklogDrop=0 TCPZeroWindowDrop=0 TCPRcvQDrop=0 MemAvailable:4052M SwapFree:1023M Dirty:0M Slab:516M psi_mem=avg60=0.00 psi_cpu=avg60=0.12 load=1.29,1.96,1.59 cpu_u=93002 n=0 s=57730 i=717250 io=4444 irq=0 sirq=18468
  [diag] progress t=110s delivered=23633433 matched=23633433 events~=472 subscribed=50000 rss_mib=2858 swap_mib=0
[sys] 12:22:27 tcp_alloc=100013 tcp_mem_pages=104 PruneCalled=0 RcvPruned=0 TCPRcvCollapsed=0 TCPAbortOnMemory=0 TCPMemoryPressures=0 TCPMemoryPressuresChrono=0 TCPBacklogDrop=0 TCPZeroWindowDrop=0 TCPRcvQDrop=0 MemAvailable:4052M SwapFree:1023M Dirty:0M Slab:516M psi_mem=avg60=0.00 psi_cpu=avg60=0.11 load=1.18,1.93,1.58 cpu_u=93007 n=0 s=57732 i=722252 io=4444 irq=0 sirq=18472
[sys] 12:22:32 tcp_alloc=100013 tcp_mem_pages=104 PruneCalled=0 RcvPruned=0 TCPRcvCollapsed=0 TCPAbortOnMemory=0 TCPMemoryPressures=0 TCPMemoryPressuresChrono=0 TCPBacklogDrop=0 TCPZeroWindowDrop=0 TCPRcvQDrop=0 MemAvailable:4051M SwapFree:1023M Dirty:0M Slab:516M psi_mem=avg60=0.00 psi_cpu=avg60=0.10 load=1.09,1.90,1.57 cpu_u=93011 n=0 s=57735 i=727253 io=4444 irq=0 sirq=18472
  [diag] at window end: connected=50000 subscribed=50000 connect_failed=0 subscribed_at_start=47099 late_subscribers=2901 (late subscribers' pre-subscribe events stay in the drop count)
  [diag] router: matched=23633433 delivered=23633433 dropped=0 faulted=0 events_fanned_out~=472 (matched/subscribed)
  [diag] undelivered breakdown: never_connected=0 not_reached_in_window=1400000 router_dropped=0 in_flight_or_unaccounted=0
  [diag] completed=false (delivered 23633433 of 25000000 before the 120s window) peak_rss_mib=2858
  [diag] progress t=120s delivered=23633433 matched=23633433 events~=472 subscribed=50000 rss_mib=2858 swap_mib=0

=== nostos-bench-10k probe ===
  clients   : 50000
  events    : 500 (attempted deliveries: 25000000)
  window    : 120s
  ---------------------------
  delivered : 23633433
  ops/sec   : 196926
  drop%     : 5.47
  elapsed   : 120.01s
[sys] 12:22:37 tcp_alloc=86866 tcp_mem_pages=18280 PruneCalled=0 RcvPruned=0 TCPRcvCollapsed=0 TCPAbortOnMemory=0 TCPMemoryPressures=0 TCPMemoryPressuresChrono=0 TCPBacklogDrop=0 TCPZeroWindowDrop=0 TCPRcvQDrop=0 MemAvailable:6930M SwapFree:1023M Dirty:0M Slab:497M psi_mem=avg60=0.00 psi_cpu=avg60=0.09 load=1.00,1.87,1.56 cpu_u=93177 n=0 s=57797 i=731963 io=4444 irq=0 sirq=18512
SOAK rc=0 12:22:37
HOST tier=50000 end 22:22:37 load1=3.37 rc=143
LINUX_DIAG_EXIT=0
