cargo run --release --bin nostos-bench -- \
		--clients 1000 \
		--events 100000 \
		--out-dir benches/results/remeasure-2026-09-02/pass1
   Compiling serde_core v1.0.228
   Compiling const-oid v0.9.6
   Compiling libc v0.2.186
   Compiling getrandom v0.4.3
   Compiling der_derive v0.7.3
   Compiling flagset v0.4.7
   Compiling dunce v1.0.5
   Compiling fs_extra v1.3.0
   Compiling bitflags v2.13.0
   Compiling aws-lc-rs v1.17.0
   Compiling futures-channel v0.3.32
   Compiling getrandom v0.3.4
   Compiling tinyvec_macros v0.1.1
   Compiling rustls v0.23.41
   Compiling tinyvec v1.11.0
   Compiling chacha20 v0.10.2
   Compiling ahash v0.8.12
   Compiling unicode-bidi v0.3.18
   Compiling unicode-properties v0.1.4
   Compiling time-macros v0.2.30
   Compiling unicode-normalization v0.1.25
   Compiling objc2-core-foundation v0.3.2
   Compiling crypto-common v0.2.2
   Compiling digest v0.10.7
   Compiling der v0.7.10
   Compiling stringprep v0.1.5
   Compiling hmac v0.12.1
   Compiling sha2 v0.10.9
   Compiling signature v2.2.0
   Compiling hkdf v0.12.4
   Compiling rfc6979 v0.4.0
   Compiling sha1 v0.10.6
   Compiling hmac-sha256 v1.1.14
   Compiling rand_core v0.9.5
   Compiling hmac-sha512 v1.1.12
   Compiling digest v0.11.3
   Compiling cipher v0.5.2
   Compiling rand v0.10.1
   Compiling fallible-iterator v0.2.0
   Compiling siphasher v1.0.3
   Compiling jobserver v0.1.34
   Compiling sha3 v0.11.0
   Compiling signature v3.0.0
   Compiling aes v0.9.2
   Compiling hmac v0.13.0
   Compiling cc v1.2.65
   Compiling md-5 v0.11.0
   Compiling sha2 v0.11.0
   Compiling phf_shared v0.13.1
   Compiling ed25519-compact v2.4.0
   Compiling aes-keywrap v0.9.0
   Compiling rand_chacha v0.9.0
   Compiling ml-dsa v0.1.0-rc.11
   Compiling curve25519-dalek v4.1.3
   Compiling objc2-system-configuration v0.3.2
   Compiling whoami v2.1.2
   Compiling spki v0.7.3
   Compiling pkcs8 v0.10.2
   Compiling cmake v0.1.58
   Compiling ring v0.17.14
   Compiling serde v1.0.228
   Compiling aws-lc-sys v0.41.0
   Compiling serde_json v1.0.150
   Compiling sec1 v0.7.3
   Compiling elliptic-curve v0.13.8
   Compiling bytes v1.12.0
   Compiling openssl-sys v0.9.117
   Compiling pkcs1 v0.7.5
   Compiling ecdsa v0.16.9
   Compiling primeorder v0.13.6
   Compiling tokio v1.52.3
   Compiling http v1.4.2
   Compiling rsa v0.9.10
   Compiling uuid v1.23.4
   Compiling p256 v0.13.2
   Compiling p384 v0.13.1
   Compiling openssl v0.10.81
   Compiling http-body v1.0.1
   Compiling http-body-util v0.1.3
   Compiling deranged v0.5.8
   Compiling tungstenite v0.24.0
   Compiling superboring v0.1.13
   Compiling k256 v0.13.4
   Compiling postgres-protocol v0.6.12
   Compiling time v0.3.51
   Compiling serde_urlencoded v0.7.1
   Compiling serde_spanned v0.6.9
   Compiling toml_datetime v0.6.11
   Compiling ed25519 v2.2.3
   Compiling toml_edit v0.22.27
   Compiling ed25519-dalek v2.2.0
   Compiling jwt-simple v0.12.17
   Compiling postgres-types v0.2.14
   Compiling axum-core v0.4.5
   Compiling ece v2.3.1
   Compiling tokio-util v0.7.18
   Compiling tower v0.5.3
   Compiling h2 v0.4.19
   Compiling tower-http v0.6.11
   Compiling tokio-tungstenite v0.24.0
   Compiling simple_asn1 v0.6.4
   Compiling tungstenite v0.23.0
   Compiling nostos-domain v0.2.0 (/Volumes/developer_ssd/Developer/nostos/crates/nostos-domain)
   Compiling http v0.2.12
   Compiling serde_path_to_error v0.1.20
   Compiling hashbrown v0.14.5
   Compiling rand v0.9.4
   Compiling phf v0.13.1
   Compiling webpki-roots v0.26.11
   Compiling tokio-postgres v0.7.18
   Compiling dashmap v6.2.1
   Compiling web-push v0.11.0
   Compiling nostos-application v0.2.0 (/Volumes/developer_ssd/Developer/nostos/crates/nostos-application)
   Compiling tokio-tungstenite v0.23.1
   Compiling jsonwebtoken v10.4.0
   Compiling toml v0.8.23
   Compiling tracing-serde v0.2.0
   Compiling pgoutput v0.0.7
   Compiling tracing-subscriber v0.3.23
   Compiling hyper v1.10.1
   Compiling nix v0.29.0
   Compiling hyper-util v0.1.20
   Compiling axum v0.7.9
   Compiling rustls-webpki v0.103.13
   Compiling tokio-rustls v0.26.4
   Compiling hyper-rustls v0.27.9
   Compiling pgwire-replication v0.3.2
   Compiling reqwest v0.12.28
   Compiling nostos-infra v0.2.0 (/Volumes/developer_ssd/Developer/nostos/crates/nostos-infra)
   Compiling nostos-bench v0.2.0 (/Volumes/developer_ssd/Developer/nostos/crates/nostos-bench)
    Finished `release` profile [optimized] target(s) in 3m 12s
     Running `target/release/nostos-bench --clients 1000 --events 100000 --out-dir benches/results/remeasure-2026-09-02/pass1`
[2m2026-09-02T00:06:55.968736Z[0m [32m INFO[0m [2mnostos_bench[0m[2m:[0m starting nostos-bench [3mcfg[0m[2m=[0mBenchConfig { clients: [1000], events: 100000, profile: "small", buffer: 1024, out_dir: "benches/results/remeasure-2026-09-02/pass1", timeout_secs: 120 }
[2m2026-09-02T00:06:55.968900Z[0m [32m INFO[0m [2mnostos_bench[0m[2m:[0m run starting [3mclients[0m[2m=[0m1000 [3mevents[0m[2m=[0m100000
[2m2026-09-02T00:11:56.484451Z[0m [32m INFO[0m [2mnostos_bench[0m[2m:[0m fan-out didn't finish within 3min grace; aborting (10k regime)
[2m2026-09-02T00:11:57.731560Z[0m [32m INFO[0m [2mnostos_bench[0m[2m:[0m run complete [3mclients[0m[2m=[0m1000 [3mdelivered[0m[2m=[0m84770165 [3mmatched[0m[2m=[0m0 [3mops_per_sec[0m[2m=[0m706412.0084666068 [3mdrop_rate[0m[2m=[0m0.15229835000000003

=== Nostos Week-1 Benchmark ===

 clients        ops/sec      drop%   p50(ms)    p99(ms)  delivered
    1000         706412     15.23%      0.00      0.00   84770165

Results written to benches/results/remeasure-2026-09-02/pass1/
[1;36m✓ results written to benches/results/remeasure-2026-09-02/pass1/[0m
