BUILD start 09:22:04 tag=fanout-diag
warn: this might cause rustup commands to take longer time to finish than expected
info: you may opt out with `RUSTUP_AUTO_INSTALL=0` or `rustup set auto-install disable`
    Finished `release` profile [optimized] target(s) in 0.23s
BUILD ok 09:22:09
HOST tier=100000 start 19:22:10 load1=7.24 waited=0s
env: Linux 7.0.12-linuxkit aarch64 nproc=10 nofile=1048576 mem=8124516kB swap=1048572kB tcp_rmem=4096-131072-33554432 tcp_wmem=4096-16384-4194304
SOAK start 09:22:10 clients=100000 events=500 window=300 ack=1 listeners=2
  [diag] listeners: ws://127.0.0.1:10613/sync ws://127.0.0.2:32049/sync
[sys] 09:22:10 tcp_alloc=26 tcp_mem_pages=4 PruneCalled=0 RcvPruned=0 TCPRcvCollapsed=0 TCPAbortOnMemory=0 TCPMemoryPressures=0 TCPMemoryPressuresChrono=0 TCPBacklogDrop=0 TCPZeroWindowDrop=0 TCPRcvQDrop=0 MemAvailable:7225M SwapFree:1023M Dirty:0M Slab:141M psi_mem=avg60=0.00 psi_cpu=avg60=0.62 load=3.45,5.70,4.08 cpu_u=216000 n=0 s=117004 i=587668 io=904 irq=0 sirq=73048
[sys] 09:22:15 tcp_alloc=99658 tcp_mem_pages=48388 PruneCalled=0 RcvPruned=0 TCPRcvCollapsed=0 TCPAbortOnMemory=0 TCPMemoryPressures=0 TCPMemoryPressuresChrono=0 TCPBacklogDrop=0 TCPZeroWindowDrop=0 TCPRcvQDrop=0 MemAvailable:5963M SwapFree:1023M Dirty:0M Slab:529M psi_mem=avg60=0.00 psi_cpu=avg60=0.65 load=3.97,5.77,4.11 cpu_u=216109 n=0 s=121235 i=587865 io=904 irq=0 sirq=73118
[sys] 09:22:20 tcp_alloc=116866 tcp_mem_pages=54788 PruneCalled=0 RcvPruned=0 TCPRcvCollapsed=0 TCPAbortOnMemory=0 TCPMemoryPressures=0 TCPMemoryPressuresChrono=0 TCPBacklogDrop=0 TCPZeroWindowDrop=0 TCPRcvQDrop=0 MemAvailable:5816M SwapFree:1023M Dirty:0M Slab:596M psi_mem=avg60=0.00 psi_cpu=avg60=0.64 load=4.45,5.84,4.14 cpu_u=216145 n=0 s=125790 i=587893 io=906 irq=0 sirq=73138
[sys] 09:22:25 tcp_alloc=148189 tcp_mem_pages=54276 PruneCalled=0 RcvPruned=0 TCPRcvCollapsed=0 TCPAbortOnMemory=0 TCPMemoryPressures=0 TCPMemoryPressuresChrono=0 TCPBacklogDrop=0 TCPZeroWindowDrop=0 TCPRcvQDrop=0 MemAvailable:4600M SwapFree:1023M Dirty:0M Slab:741M psi_mem=avg60=0.00 psi_cpu=avg60=0.74 load=4.90,5.91,4.17 cpu_u=216509 n=0 s=129547 i=588381 io=910 irq=0 sirq=73241
[sys] 09:22:30 tcp_alloc=171426 tcp_mem_pages=28676 PruneCalled=0 RcvPruned=0 TCPRcvCollapsed=0 TCPAbortOnMemory=0 TCPMemoryPressures=0 TCPMemoryPressuresChrono=0 TCPBacklogDrop=0 TCPZeroWindowDrop=0 TCPRcvQDrop=0 MemAvailable:3864M SwapFree:1023M Dirty:0M Slab:822M psi_mem=avg60=0.00 psi_cpu=avg60=0.72 load=4.50,5.81,4.15 cpu_u=216769 n=0 s=129783 i=592735 io=910 irq=0 sirq=73325
[sys] 09:22:35 tcp_alloc=180925 tcp_mem_pages=19716 PruneCalled=0 RcvPruned=0 TCPRcvCollapsed=0 TCPAbortOnMemory=0 TCPMemoryPressures=0 TCPMemoryPressuresChrono=0 TCPBacklogDrop=0 TCPZeroWindowDrop=0 TCPRcvQDrop=0 MemAvailable:3605M SwapFree:1023M Dirty:0M Slab:853M psi_mem=avg60=0.00 psi_cpu=avg60=0.65 load=4.14,5.72,4.13 cpu_u=216885 n=0 s=129874 i=597483 io=910 irq=0 sirq=73360
[sys] 09:22:40 tcp_alloc=182074 tcp_mem_pages=19204 PruneCalled=0 RcvPruned=0 TCPRcvCollapsed=0 TCPAbortOnMemory=0 TCPMemoryPressures=0 TCPMemoryPressuresChrono=0 TCPBacklogDrop=0 TCPZeroWindowDrop=0 TCPRcvQDrop=0 MemAvailable:3577M SwapFree:1023M Dirty:0M Slab:856M psi_mem=avg60=0.00 psi_cpu=avg60=0.61 load=3.81,5.62,4.10 cpu_u=216906 n=0 s=129889 i=602433 io=910 irq=0 sirq=73371
[sys] 09:22:45 tcp_alloc=182171 tcp_mem_pages=19204 PruneCalled=0 RcvPruned=0 TCPRcvCollapsed=0 TCPAbortOnMemory=0 TCPMemoryPressures=0 TCPMemoryPressuresChrono=0 TCPBacklogDrop=0 TCPZeroWindowDrop=0 TCPRcvQDrop=0 MemAvailable:3577M SwapFree:1023M Dirty:0M Slab:856M psi_mem=avg60=0.00 psi_cpu=avg60=0.55 load=3.51,5.53,4.08 cpu_u=216909 n=0 s=129892 i=607434 io=910 irq=0 sirq=73372
[sys] 09:22:50 tcp_alloc=188077 tcp_mem_pages=13060 PruneCalled=0 RcvPruned=0 TCPRcvCollapsed=0 TCPAbortOnMemory=0 TCPMemoryPressures=0 TCPMemoryPressuresChrono=0 TCPBacklogDrop=0 TCPZeroWindowDrop=0 TCPRcvQDrop=0 MemAvailable:3374M SwapFree:1023M Dirty:0M Slab:868M psi_mem=avg60=0.00 psi_cpu=avg60=0.51 load=3.39,5.47,4.07 cpu_u=217026 n=0 s=129971 i=612194 io=911 irq=0 sirq=73411
[sys] 09:22:56 tcp_alloc=188548 tcp_mem_pages=12804 PruneCalled=0 RcvPruned=0 TCPRcvCollapsed=0 TCPAbortOnMemory=0 TCPMemoryPressures=0 TCPMemoryPressuresChrono=0 TCPBacklogDrop=0 TCPZeroWindowDrop=0 TCPRcvQDrop=0 MemAvailable:3366M SwapFree:1023M Dirty:0M Slab:869M psi_mem=avg60=0.00 psi_cpu=avg60=0.46 load=3.11,5.38,4.05 cpu_u=217036 n=0 s=129978 i=617181 io=911 irq=0 sirq=73415
  [diag] subscribe quorum after 46.37s: connected=88521 subscribed=88521 connect_failed=0 complete=false (ceiling 500s, stall 5s)
[sys] 09:23:01 tcp_alloc=188548 tcp_mem_pages=27140 PruneCalled=0 RcvPruned=0 TCPRcvCollapsed=0 TCPAbortOnMemory=0 TCPMemoryPressures=0 TCPMemoryPressuresChrono=0 TCPBacklogDrop=0 TCPZeroWindowDrop=0 TCPRcvQDrop=0 MemAvailable:3340M SwapFree:1023M Dirty:0M Slab:868M psi_mem=avg60=0.00 psi_cpu=avg60=0.43 load=2.86,5.29,4.03 cpu_u=217886 n=0 s=130236 i=619997 io=911 irq=0 sirq=73704
[sys] 09:23:06 tcp_alloc=188548 tcp_mem_pages=16900 PruneCalled=0 RcvPruned=0 TCPRcvCollapsed=0 TCPAbortOnMemory=0 TCPMemoryPressures=0 TCPMemoryPressuresChrono=0 TCPBacklogDrop=0 TCPZeroWindowDrop=0 TCPRcvQDrop=0 MemAvailable:3235M SwapFree:1023M Dirty:0M Slab:866M psi_mem=avg60=0.00 psi_cpu=avg60=0.52 load=3.04,5.28,4.03 cpu_u=218841 n=0 s=130606 i=621216 io=911 irq=0 sirq=74123
  [diag] progress t=10s delivered=110100 matched=88521 events~=1 subscribed=88521 rss_mib=3419 swap_mib=0 fanout_done=false
[sys] 09:23:11 tcp_alloc=188548 tcp_mem_pages=15364 PruneCalled=0 RcvPruned=0 TCPRcvCollapsed=0 TCPAbortOnMemory=0 TCPMemoryPressures=0 TCPMemoryPressuresChrono=0 TCPBacklogDrop=0 TCPZeroWindowDrop=0 TCPRcvQDrop=0 MemAvailable:3218M SwapFree:1023M Dirty:0M Slab:865M psi_mem=avg60=0.00 psi_cpu=avg60=0.58 load=3.35,5.31,4.05 cpu_u=220099 n=0 s=131041 i=622528 io=911 irq=0 sirq=74572
[sys] 09:23:16 tcp_alloc=188548 tcp_mem_pages=26372 PruneCalled=0 RcvPruned=0 TCPRcvCollapsed=0 TCPAbortOnMemory=0 TCPMemoryPressures=0 TCPMemoryPressuresChrono=0 TCPBacklogDrop=0 TCPZeroWindowDrop=0 TCPRcvQDrop=0 MemAvailable:3216M SwapFree:1023M Dirty:0M Slab:864M psi_mem=avg60=0.00 psi_cpu=avg60=0.75 load=3.89,5.39,4.08 cpu_u=220999 n=0 s=131342 i=623417 io=912 irq=0 sirq=75029
  [diag] progress t=20s delivered=233954 matched=265563 events~=3 subscribed=88521 rss_mib=3451 swap_mib=0 fanout_done=false
[sys] 09:23:21 tcp_alloc=189241 tcp_mem_pages=34308 PruneCalled=0 RcvPruned=0 TCPRcvCollapsed=0 TCPAbortOnMemory=0 TCPMemoryPressures=0 TCPMemoryPressuresChrono=0 TCPBacklogDrop=0 TCPZeroWindowDrop=0 TCPRcvQDrop=0 MemAvailable:3130M SwapFree:1023M Dirty:0M Slab:855M psi_mem=avg60=0.00 psi_cpu=avg60=1.02 load=4.38,5.47,4.11 cpu_u=222553 n=0 s=131762 i=624697 io=912 irq=0 sirq=75521
[sys] 09:23:26 tcp_alloc=190414 tcp_mem_pages=29444 PruneCalled=0 RcvPruned=0 TCPRcvCollapsed=0 TCPAbortOnMemory=0 TCPMemoryPressures=0 TCPMemoryPressuresChrono=0 TCPBacklogDrop=0 TCPZeroWindowDrop=0 TCPRcvQDrop=0 MemAvailable:3093M SwapFree:1023M Dirty:0M Slab:883M psi_mem=avg60=0.00 psi_cpu=avg60=1.15 load=4.59,5.49,4.13 cpu_u=223851 n=0 s=132242 i=626222 io=912 irq=0 sirq=75944
  [diag] progress t=30s delivered=360832 matched=442890 events~=4 subscribed=89288 rss_mib=3601 swap_mib=0 fanout_done=false
[sys] 09:23:31 tcp_alloc=190934 tcp_mem_pages=21764 PruneCalled=0 RcvPruned=0 TCPRcvCollapsed=0 TCPAbortOnMemory=0 TCPMemoryPressures=0 TCPMemoryPressuresChrono=0 TCPBacklogDrop=0 TCPZeroWindowDrop=0 TCPRcvQDrop=0 MemAvailable:3050M SwapFree:1023M Dirty:0M Slab:880M psi_mem=avg60=0.00 psi_cpu=avg60=1.27 load=5.02,5.57,4.16 cpu_u=224637 n=0 s=132700 i=627385 io=912 irq=0 sirq=76264
[sys] 09:23:36 tcp_alloc=191152 tcp_mem_pages=14852 PruneCalled=0 RcvPruned=0 TCPRcvCollapsed=0 TCPAbortOnMemory=0 TCPMemoryPressures=0 TCPMemoryPressuresChrono=0 TCPBacklogDrop=0 TCPZeroWindowDrop=0 TCPRcvQDrop=0 MemAvailable:3091M SwapFree:1023M Dirty:0M Slab:877M psi_mem=avg60=0.00 psi_cpu=avg60=1.46 load=5.18,5.59,4.18 cpu_u=226080 n=0 s=133115 i=628563 io=912 irq=0 sirq=76633
  [diag] progress t=40s delivered=463286 matched=532080 events~=5 subscribed=91067 rss_mib=3616 swap_mib=0 fanout_done=false
[sys] 09:23:41 tcp_alloc=191930 tcp_mem_pages=9220 PruneCalled=0 RcvPruned=0 TCPRcvCollapsed=0 TCPAbortOnMemory=0 TCPMemoryPressures=0 TCPMemoryPressuresChrono=0 TCPBacklogDrop=0 TCPZeroWindowDrop=0 TCPRcvQDrop=0 MemAvailable:3075M SwapFree:1023M Dirty:0M Slab:875M psi_mem=avg60=0.00 psi_cpu=avg60=1.65 load=5.56,5.67,4.21 cpu_u=227042 n=0 s=133550 i=630194 io=912 irq=0 sirq=76977
[sys] 09:23:46 tcp_alloc=192664 tcp_mem_pages=29956 PruneCalled=0 RcvPruned=0 TCPRcvCollapsed=0 TCPAbortOnMemory=0 TCPMemoryPressures=0 TCPMemoryPressuresChrono=0 TCPBacklogDrop=0 TCPZeroWindowDrop=0 TCPRcvQDrop=0 MemAvailable:3047M SwapFree:1023M Dirty:0M Slab:878M psi_mem=avg60=0.00 psi_cpu=avg60=2.00 load=5.20,5.59,4.19 cpu_u=227766 n=0 s=133803 i=631037 io=913 irq=0 sirq=77417
  [diag] progress t=50s delivered=577085 matched=623136 events~=6 subscribed=92387 rss_mib=3654 swap_mib=0 fanout_done=false
[sys] 09:23:51 tcp_alloc=192726 tcp_mem_pages=14084 PruneCalled=0 RcvPruned=0 TCPRcvCollapsed=0 TCPAbortOnMemory=0 TCPMemoryPressures=0 TCPMemoryPressuresChrono=0 TCPBacklogDrop=0 TCPZeroWindowDrop=0 TCPRcvQDrop=0 MemAvailable:2958M SwapFree:1023M Dirty:0M Slab:875M psi_mem=avg60=0.00 psi_cpu=avg60=2.04 load=5.02,5.55,4.18 cpu_u=228726 n=0 s=134184 i=632940 io=913 irq=0 sirq=77775
[sys] 09:23:56 tcp_alloc=193182 tcp_mem_pages=9476 PruneCalled=0 RcvPruned=0 TCPRcvCollapsed=0 TCPAbortOnMemory=0 TCPMemoryPressures=0 TCPMemoryPressuresChrono=0 TCPBacklogDrop=0 TCPZeroWindowDrop=0 TCPRcvQDrop=0 MemAvailable:2938M SwapFree:1023M Dirty:0M Slab:874M psi_mem=avg60=0.00 psi_cpu=avg60=2.00 load=5.10,5.55,4.19 cpu_u=230117 n=0 s=134687 i=634223 io=913 irq=0 sirq=78249
  [diag] progress t=60s delivered=753755 matched=715774 events~=7 subscribed=93094 rss_mib=3761 swap_mib=0 fanout_done=false
[sys] 09:24:01 tcp_alloc=193912 tcp_mem_pages=11780 PruneCalled=0 RcvPruned=0 TCPRcvCollapsed=0 TCPAbortOnMemory=0 TCPMemoryPressures=0 TCPMemoryPressuresChrono=0 TCPBacklogDrop=0 TCPZeroWindowDrop=0 TCPRcvQDrop=0 MemAvailable:2931M SwapFree:1023M Dirty:0M Slab:874M psi_mem=avg60=0.00 psi_cpu=avg60=2.12 load=4.93,5.51,4.19 cpu_u=231229 n=0 s=135095 i=635659 io=913 irq=0 sirq=78669
[sys] 09:24:06 tcp_alloc=193948 tcp_mem_pages=22788 PruneCalled=0 RcvPruned=0 TCPRcvCollapsed=0 TCPAbortOnMemory=0 TCPMemoryPressures=0 TCPMemoryPressuresChrono=0 TCPBacklogDrop=0 TCPZeroWindowDrop=0 TCPRcvQDrop=0 MemAvailable:2909M SwapFree:1023M Dirty:0M Slab:874M psi_mem=avg60=0.00 psi_cpu=avg60=2.15 load=4.54,5.42,4.16 cpu_u=232301 n=0 s=135448 i=636819 io=914 irq=0 sirq=79110
  [diag] progress t=70s delivered=879001 matched=901717 events~=9 subscribed=93922 rss_mib=3780 swap_mib=0 fanout_done=false
[sys] 09:24:12 tcp_alloc=193944 tcp_mem_pages=35844 PruneCalled=0 RcvPruned=0 TCPRcvCollapsed=0 TCPAbortOnMemory=0 TCPMemoryPressures=0 TCPMemoryPressuresChrono=0 TCPBacklogDrop=0 TCPZeroWindowDrop=0 TCPRcvQDrop=0 MemAvailable:2968M SwapFree:1023M Dirty:0M Slab:872M psi_mem=avg60=0.00 psi_cpu=avg60=2.46 load=4.97,5.50,4.19 cpu_u=233562 n=0 s=135863 i=637955 io=914 irq=0 sirq=79629
[sys] 09:24:17 tcp_alloc=195632 tcp_mem_pages=10500 PruneCalled=0 RcvPruned=0 TCPRcvCollapsed=0 TCPAbortOnMemory=0 TCPMemoryPressures=0 TCPMemoryPressuresChrono=0 TCPBacklogDrop=0 TCPZeroWindowDrop=0 TCPRcvQDrop=0 MemAvailable:2949M SwapFree:1023M Dirty:0M Slab:870M psi_mem=avg60=0.00 psi_cpu=avg60=2.43 load=5.38,5.57,4.23 cpu_u=234635 n=0 s=136680 i=639337 io=914 irq=0 sirq=79925
  [diag] progress t=80s delivered=1014604 matched=995561 events~=10 subscribed=95068 rss_mib=3746 swap_mib=0 fanout_done=false
[sys] 09:24:22 tcp_alloc=196205 tcp_mem_pages=14084 PruneCalled=0 RcvPruned=0 TCPRcvCollapsed=0 TCPAbortOnMemory=0 TCPMemoryPressures=0 TCPMemoryPressuresChrono=0 TCPBacklogDrop=0 TCPZeroWindowDrop=0 TCPRcvQDrop=0 MemAvailable:2873M SwapFree:1023M Dirty:0M Slab:870M psi_mem=avg60=0.00 psi_cpu=avg60=2.95 load=5.75,5.64,4.26 cpu_u=236091 n=0 s=137278 i=640431 io=914 irq=0 sirq=80398
[sys] 09:24:27 tcp_alloc=195364 tcp_mem_pages=15620 PruneCalled=0 RcvPruned=0 TCPRcvCollapsed=0 TCPAbortOnMemory=0 TCPMemoryPressures=0 TCPMemoryPressuresChrono=0 TCPBacklogDrop=0 TCPZeroWindowDrop=0 TCPRcvQDrop=0 MemAvailable:2875M SwapFree:1023M Dirty:0M Slab:862M psi_mem=avg60=0.00 psi_cpu=avg60=2.92 load=5.29,5.55,4.23 cpu_u=237574 n=0 s=137828 i=641840 io=914 irq=0 sirq=80885
  [diag] progress t=90s delivered=1218059 matched=1184792 events~=12 subscribed=96524 rss_mib=3844 swap_mib=0 fanout_done=false
[sys] 09:24:32 tcp_alloc=199357 tcp_mem_pages=2820 PruneCalled=0 RcvPruned=0 TCPRcvCollapsed=0 TCPAbortOnMemory=0 TCPMemoryPressures=0 TCPMemoryPressuresChrono=0 TCPBacklogDrop=0 TCPZeroWindowDrop=0 TCPRcvQDrop=0 MemAvailable:2818M SwapFree:1023M Dirty:0M Slab:864M psi_mem=avg60=0.00 psi_cpu=avg60=2.83 load=5.59,5.61,4.26 cpu_u=239396 n=0 s=138661 i=643273 io=914 irq=0 sirq=81299
[sys] 09:24:37 tcp_alloc=199494 tcp_mem_pages=21252 PruneCalled=0 RcvPruned=0 TCPRcvCollapsed=0 TCPAbortOnMemory=0 TCPMemoryPressures=0 TCPMemoryPressuresChrono=0 TCPBacklogDrop=0 TCPZeroWindowDrop=0 TCPRcvQDrop=0 MemAvailable:2808M SwapFree:1023M Dirty:0M Slab:873M psi_mem=avg60=0.00 psi_cpu=avg60=2.88 load=5.86,5.66,4.29 cpu_u=240505 n=0 s=139012 i=644720 io=914 irq=0 sirq=81713
  [diag] progress t=100s delivered=1409933 matched=1377950 events~=13 subscribed=99447 rss_mib=3901 swap_mib=0 fanout_done=false
[sys] 09:24:42 tcp_alloc=199646 tcp_mem_pages=5124 PruneCalled=0 RcvPruned=0 TCPRcvCollapsed=0 TCPAbortOnMemory=0 TCPMemoryPressures=0 TCPMemoryPressuresChrono=0 TCPBacklogDrop=0 TCPZeroWindowDrop=0 TCPRcvQDrop=0 MemAvailable:2787M SwapFree:1023M Dirty:0M Slab:861M psi_mem=avg60=0.00 psi_cpu=avg60=2.73 load=6.42,5.79,4.34 cpu_u=242199 n=0 s=139573 i=646301 io=915 irq=0 sirq=82190
  [diag] progress t=110s delivered=1679620 matched=1776066 events~=17 subscribed=99663 rss_mib=3947 swap_mib=0 fanout_done=false
[sys] 09:24:47 tcp_alloc=199689 tcp_mem_pages=8452 PruneCalled=0 RcvPruned=0 TCPRcvCollapsed=0 TCPAbortOnMemory=0 TCPMemoryPressures=0 TCPMemoryPressuresChrono=0 TCPBacklogDrop=0 TCPZeroWindowDrop=0 TCPRcvQDrop=0 MemAvailable:2782M SwapFree:1023M Dirty:0M Slab:867M psi_mem=avg60=0.00 psi_cpu=avg60=2.61 load=6.79,5.88,4.38 cpu_u=243692 n=0 s=140022 i=647669 io=915 irq=0 sirq=82630
[sys] 09:24:52 tcp_alloc=199689 tcp_mem_pages=22788 PruneCalled=0 RcvPruned=0 TCPRcvCollapsed=0 TCPAbortOnMemory=0 TCPMemoryPressures=0 TCPMemoryPressuresChrono=0 TCPBacklogDrop=0 TCPZeroWindowDrop=0 TCPRcvQDrop=0 MemAvailable:2611M SwapFree:1023M Dirty:0M Slab:875M psi_mem=avg60=0.00 psi_cpu=avg60=2.56 load=6.25,5.78,4.35 cpu_u=245032 n=0 s=140562 i=648833 io=915 irq=0 sirq=83164
  [diag] progress t=120s delivered=1979864 matched=1975392 events~=19 subscribed=99663 rss_mib=4178 swap_mib=0 fanout_done=false
[sys] 09:24:57 tcp_alloc=199689 tcp_mem_pages=8452 PruneCalled=0 RcvPruned=0 TCPRcvCollapsed=0 TCPAbortOnMemory=0 TCPMemoryPressures=0 TCPMemoryPressuresChrono=0 TCPBacklogDrop=0 TCPZeroWindowDrop=0 TCPRcvQDrop=0 MemAvailable:2603M SwapFree:1023M Dirty:0M Slab:862M psi_mem=avg60=0.00 psi_cpu=avg60=2.49 load=6.55,5.85,4.39 cpu_u=246422 n=0 s=141054 i=650162 io=916 irq=0 sirq=83633
[sys] 09:25:02 tcp_alloc=199689 tcp_mem_pages=11012 PruneCalled=0 RcvPruned=0 TCPRcvCollapsed=0 TCPAbortOnMemory=0 TCPMemoryPressures=0 TCPMemoryPressuresChrono=0 TCPBacklogDrop=0 TCPZeroWindowDrop=0 TCPRcvQDrop=0 MemAvailable:2618M SwapFree:1023M Dirty:0M Slab:864M psi_mem=avg60=0.00 psi_cpu=avg60=2.37 load=6.82,5.92,4.42 cpu_u=248080 n=0 s=141587 i=651784 io=916 irq=0 sirq=84091
  [diag] progress t=130s delivered=2245396 matched=2374044 events~=23 subscribed=99663 rss_mib=4230 swap_mib=0 fanout_done=false
[sys] 09:25:07 tcp_alloc=199689 tcp_mem_pages=13060 PruneCalled=0 RcvPruned=0 TCPRcvCollapsed=0 TCPAbortOnMemory=0 TCPMemoryPressures=0 TCPMemoryPressuresChrono=0 TCPBacklogDrop=0 TCPZeroWindowDrop=0 TCPRcvQDrop=0 MemAvailable:2522M SwapFree:1023M Dirty:0M Slab:883M psi_mem=avg60=0.00 psi_cpu=avg60=2.29 load=6.92,5.95,4.43 cpu_u=250112 n=0 s=142186 i=652979 io=916 irq=0 sirq=84580
[sys] 09:25:12 tcp_alloc=199689 tcp_mem_pages=5892 PruneCalled=0 RcvPruned=0 TCPRcvCollapsed=0 TCPAbortOnMemory=0 TCPMemoryPressures=0 TCPMemoryPressuresChrono=0 TCPBacklogDrop=0 TCPZeroWindowDrop=0 TCPRcvQDrop=0 MemAvailable:2527M SwapFree:1023M Dirty:0M Slab:868M psi_mem=avg60=0.00 psi_cpu=avg60=2.16 load=7.16,6.02,4.47 cpu_u=252136 n=0 s=142868 i=654237 io=916 irq=0 sirq=85101
  [diag] progress t=140s delivered=2728040 matched=2772696 events~=27 subscribed=99663 rss_mib=4230 swap_mib=0 fanout_done=false
[sys] 09:25:17 tcp_alloc=199689 tcp_mem_pages=32004 PruneCalled=0 RcvPruned=0 TCPRcvCollapsed=0 TCPAbortOnMemory=0 TCPMemoryPressures=0 TCPMemoryPressuresChrono=0 TCPBacklogDrop=0 TCPZeroWindowDrop=0 TCPRcvQDrop=0 MemAvailable:2506M SwapFree:1023M Dirty:0M Slab:885M psi_mem=avg60=0.00 psi_cpu=avg60=2.08 load=7.39,6.09,4.50 cpu_u=254146 n=0 s=143553 i=655428 io=917 irq=0 sirq=85668
[sys] 09:25:22 tcp_alloc=199689 tcp_mem_pages=3844 PruneCalled=0 RcvPruned=0 TCPRcvCollapsed=0 TCPAbortOnMemory=0 TCPMemoryPressures=0 TCPMemoryPressuresChrono=0 TCPBacklogDrop=0 TCPZeroWindowDrop=0 TCPRcvQDrop=0 MemAvailable:2521M SwapFree:1023M Dirty:0M Slab:862M psi_mem=avg60=0.00 psi_cpu=avg60=1.98 load=7.60,6.15,4.52 cpu_u=256097 n=0 s=144315 i=656775 io=917 irq=0 sirq=86228
  [diag] progress t=150s delivered=3319620 matched=3370674 events~=33 subscribed=99663 rss_mib=4367 swap_mib=0 fanout_done=false
[sys] 09:25:27 tcp_alloc=199689 tcp_mem_pages=5380 PruneCalled=0 RcvPruned=0 TCPRcvCollapsed=0 TCPAbortOnMemory=0 TCPMemoryPressures=0 TCPMemoryPressuresChrono=0 TCPBacklogDrop=0 TCPZeroWindowDrop=0 TCPRcvQDrop=0 MemAvailable:2372M SwapFree:1023M Dirty:0M Slab:876M psi_mem=avg60=0.00 psi_cpu=avg60=1.82 load=7.79,6.22,4.55 cpu_u=258091 n=0 s=145086 i=658248 io=917 irq=0 sirq=86792
[sys] 09:25:32 tcp_alloc=199698 tcp_mem_pages=2820 PruneCalled=0 RcvPruned=0 TCPRcvCollapsed=0 TCPAbortOnMemory=0 TCPMemoryPressures=0 TCPMemoryPressuresChrono=0 TCPBacklogDrop=0 TCPZeroWindowDrop=0 TCPRcvQDrop=0 MemAvailable:2275M SwapFree:1023M Dirty:0M Slab:863M psi_mem=avg60=0.00 psi_cpu=avg60=1.74 load=7.97,6.28,4.58 cpu_u=260141 n=0 s=145886 i=659637 io=917 irq=0 sirq=87367
  [diag] progress t=160s delivered=3933857 matched=3968670 events~=39 subscribed=99672 rss_mib=4561 swap_mib=0 fanout_done=false
[sys] 09:25:38 tcp_alloc=199716 tcp_mem_pages=4100 PruneCalled=0 RcvPruned=0 TCPRcvCollapsed=0 TCPAbortOnMemory=0 TCPMemoryPressures=0 TCPMemoryPressuresChrono=0 TCPBacklogDrop=0 TCPZeroWindowDrop=0 TCPRcvQDrop=0 MemAvailable:2146M SwapFree:1023M Dirty:0M Slab:865M psi_mem=avg60=0.00 psi_cpu=avg60=1.66 load=7.97,6.31,4.60 cpu_u=262162 n=0 s=146530 i=660898 io=917 irq=0 sirq=87901
[sys] 09:25:43 tcp_alloc=199718 tcp_mem_pages=516 PruneCalled=0 RcvPruned=0 TCPRcvCollapsed=0 TCPAbortOnMemory=0 TCPMemoryPressures=0 TCPMemoryPressuresChrono=0 TCPBacklogDrop=0 TCPZeroWindowDrop=0 TCPRcvQDrop=0 MemAvailable:2142M SwapFree:1023M Dirty:0M Slab:857M psi_mem=avg60=0.00 psi_cpu=avg60=1.59 load=8.06,6.35,4.63 cpu_u=264052 n=0 s=147244 i=662512 io=917 irq=0 sirq=88448
  [diag] progress t=170s delivered=4377015 matched=4367416 events~=43 subscribed=99913 rss_mib=4637 swap_mib=0 fanout_done=false
[sys] 09:25:48 tcp_alloc=199939 tcp_mem_pages=2308 PruneCalled=0 RcvPruned=0 TCPRcvCollapsed=0 TCPAbortOnMemory=0 TCPMemoryPressures=0 TCPMemoryPressuresChrono=0 TCPBacklogDrop=0 TCPZeroWindowDrop=0 TCPRcvQDrop=0 MemAvailable:2133M SwapFree:1023M Dirty:0M Slab:858M psi_mem=avg60=0.00 psi_cpu=avg60=1.60 load=7.49,6.27,4.61 cpu_u=265569 n=0 s=147808 i=663600 io=917 irq=0 sirq=88943
[sys] 09:25:53 tcp_alloc=200026 tcp_mem_pages=7684 PruneCalled=0 RcvPruned=0 TCPRcvCollapsed=0 TCPAbortOnMemory=0 TCPMemoryPressures=0 TCPMemoryPressuresChrono=0 TCPBacklogDrop=0 TCPZeroWindowDrop=0 TCPRcvQDrop=0 MemAvailable:2123M SwapFree:1023M Dirty:0M Slab:863M psi_mem=avg60=0.00 psi_cpu=avg60=1.56 load=7.45,6.28,4.62 cpu_u=267299 n=0 s=148417 i=665271 io=917 irq=0 sirq=89436
  [diag] progress t=180s delivered=4767244 matched=4766978 events~=47 subscribed=100000 rss_mib=4657 swap_mib=0 fanout_done=false
[sys] 09:25:58 tcp_alloc=200026 tcp_mem_pages=9476 PruneCalled=0 RcvPruned=0 TCPRcvCollapsed=0 TCPAbortOnMemory=0 TCPMemoryPressures=0 TCPMemoryPressuresChrono=0 TCPBacklogDrop=0 TCPZeroWindowDrop=0 TCPRcvQDrop=0 MemAvailable:2140M SwapFree:1023M Dirty:0M Slab:863M psi_mem=avg60=0.00 psi_cpu=avg60=1.50 load=6.93,6.19,4.60 cpu_u=268869 n=0 s=148939 i=666820 io=917 irq=0 sirq=89904
[sys] 09:26:03 tcp_alloc=200026 tcp_mem_pages=8196 PruneCalled=0 RcvPruned=0 TCPRcvCollapsed=0 TCPAbortOnMemory=0 TCPMemoryPressures=0 TCPMemoryPressuresChrono=0 TCPBacklogDrop=0 TCPZeroWindowDrop=0 TCPRcvQDrop=0 MemAvailable:2084M SwapFree:1023M Dirty:0M Slab:859M psi_mem=avg60=0.00 psi_cpu=avg60=1.44 load=6.78,6.17,4.60 cpu_u=270587 n=0 s=149518 i=668579 io=917 irq=0 sirq=90378
  [diag] progress t=190s delivered=5094081 matched=5066978 events~=50 subscribed=100000 rss_mib=4608 swap_mib=0 fanout_done=false
[sys] 09:26:08 tcp_alloc=200026 tcp_mem_pages=2564 PruneCalled=0 RcvPruned=0 TCPRcvCollapsed=0 TCPAbortOnMemory=0 TCPMemoryPressures=0 TCPMemoryPressuresChrono=0 TCPBacklogDrop=0 TCPZeroWindowDrop=0 TCPRcvQDrop=0 MemAvailable:2133M SwapFree:1023M Dirty:0M Slab:866M psi_mem=avg60=0.00 psi_cpu=avg60=1.36 load=6.72,6.17,4.61 cpu_u=272128 n=0 s=150012 i=670055 io=917 irq=0 sirq=90885
[sys] 09:26:13 tcp_alloc=200026 tcp_mem_pages=8452 PruneCalled=0 RcvPruned=0 TCPRcvCollapsed=0 TCPAbortOnMemory=0 TCPMemoryPressures=0 TCPMemoryPressuresChrono=0 TCPBacklogDrop=0 TCPZeroWindowDrop=0 TCPRcvQDrop=0 MemAvailable:2146M SwapFree:1023M Dirty:0M Slab:861M psi_mem=avg60=0.00 psi_cpu=avg60=1.37 load=6.26,6.08,4.59 cpu_u=273700 n=0 s=150525 i=671478 io=918 irq=0 sirq=91374
  [diag] progress t=200s delivered=5423982 matched=5466978 events~=54 subscribed=100000 rss_mib=4608 swap_mib=0 fanout_done=false
[sys] 09:26:18 tcp_alloc=200026 tcp_mem_pages=12548 PruneCalled=0 RcvPruned=0 TCPRcvCollapsed=0 TCPAbortOnMemory=0 TCPMemoryPressures=0 TCPMemoryPressuresChrono=0 TCPBacklogDrop=0 TCPZeroWindowDrop=0 TCPRcvQDrop=0 MemAvailable:2088M SwapFree:1023M Dirty:0M Slab:872M psi_mem=avg60=0.00 psi_cpu=avg60=1.36 load=6.56,6.15,4.62 cpu_u=275415 n=0 s=151128 i=672804 io=918 irq=0 sirq=91900
[sys] 09:26:23 tcp_alloc=200026 tcp_mem_pages=5380 PruneCalled=0 RcvPruned=0 TCPRcvCollapsed=0 TCPAbortOnMemory=0 TCPMemoryPressures=0 TCPMemoryPressuresChrono=0 TCPBacklogDrop=0 TCPZeroWindowDrop=0 TCPRcvQDrop=0 MemAvailable:2148M SwapFree:1023M Dirty:0M Slab:862M psi_mem=avg60=0.00 psi_cpu=avg60=1.34 load=6.83,6.21,4.65 cpu_u=277034 n=0 s=151675 i=673997 io=918 irq=0 sirq=92410
  [diag] progress t=210s delivered=5736041 matched=5766978 events~=57 subscribed=100000 rss_mib=4624 swap_mib=0 fanout_done=false
[sys] 09:26:28 tcp_alloc=200026 tcp_mem_pages=5380 PruneCalled=0 RcvPruned=0 TCPRcvCollapsed=0 TCPAbortOnMemory=0 TCPMemoryPressures=0 TCPMemoryPressuresChrono=0 TCPBacklogDrop=0 TCPZeroWindowDrop=0 TCPRcvQDrop=0 MemAvailable:2149M SwapFree:1023M Dirty:0M Slab:870M psi_mem=avg60=0.00 psi_cpu=avg60=1.34 load=7.09,6.27,4.68 cpu_u=278673 n=0 s=152155 i=675018 io=918 irq=0 sirq=92920
[sys] 09:26:33 tcp_alloc=200026 tcp_mem_pages=3844 PruneCalled=0 RcvPruned=0 TCPRcvCollapsed=0 TCPAbortOnMemory=0 TCPMemoryPressures=0 TCPMemoryPressuresChrono=0 TCPBacklogDrop=0 TCPZeroWindowDrop=0 TCPRcvQDrop=0 MemAvailable:2163M SwapFree:1023M Dirty:0M Slab:865M psi_mem=avg60=0.00 psi_cpu=avg60=1.38 load=6.84,6.24,4.67 cpu_u=279907 n=0 s=152592 i=676234 io=918 irq=0 sirq=93400
  [diag] progress t=220s delivered=6000490 matched=6066978 events~=60 subscribed=100000 rss_mib=4632 swap_mib=0 fanout_done=false
[sys] 09:26:38 tcp_alloc=200026 tcp_mem_pages=4356 PruneCalled=0 RcvPruned=0 TCPRcvCollapsed=0 TCPAbortOnMemory=0 TCPMemoryPressures=0 TCPMemoryPressuresChrono=0 TCPBacklogDrop=0 TCPZeroWindowDrop=0 TCPRcvQDrop=0 MemAvailable:2112M SwapFree:1023M Dirty:0M Slab:864M psi_mem=avg60=0.00 psi_cpu=avg60=1.37 load=7.01,6.28,4.70 cpu_u=281289 n=0 s=153092 i=677168 io=918 irq=0 sirq=93959
[sys] 09:26:43 tcp_alloc=200026 tcp_mem_pages=11524 PruneCalled=0 RcvPruned=0 TCPRcvCollapsed=0 TCPAbortOnMemory=0 TCPMemoryPressures=0 TCPMemoryPressuresChrono=0 TCPBacklogDrop=0 TCPZeroWindowDrop=0 TCPRcvQDrop=0 MemAvailable:2109M SwapFree:1023M Dirty:0M Slab:864M psi_mem=avg60=0.00 psi_cpu=avg60=1.35 load=6.61,6.21,4.68 cpu_u=283077 n=0 s=153678 i=678471 io=919 irq=0 sirq=94475
  [diag] progress t=230s delivered=6395372 matched=6466978 events~=64 subscribed=100000 rss_mib=4659 swap_mib=0 fanout_done=false
[sys] 09:26:48 tcp_alloc=200026 tcp_mem_pages=32772 PruneCalled=0 RcvPruned=0 TCPRcvCollapsed=0 TCPAbortOnMemory=0 TCPMemoryPressures=0 TCPMemoryPressuresChrono=0 TCPBacklogDrop=0 TCPZeroWindowDrop=0 TCPRcvQDrop=0 MemAvailable:2072M SwapFree:1023M Dirty:0M Slab:889M psi_mem=avg60=0.00 psi_cpu=avg60=1.35 load=6.72,6.24,4.70 cpu_u=284279 n=0 s=154090 i=679292 io=919 irq=0 sirq=95011
[sys] 09:26:53 tcp_alloc=200026 tcp_mem_pages=32772 PruneCalled=0 RcvPruned=0 TCPRcvCollapsed=0 TCPAbortOnMemory=0 TCPMemoryPressures=0 TCPMemoryPressuresChrono=0 TCPBacklogDrop=0 TCPZeroWindowDrop=0 TCPRcvQDrop=0 MemAvailable:2039M SwapFree:1023M Dirty:0M Slab:888M psi_mem=avg60=0.00 psi_cpu=avg60=1.38 load=6.99,6.30,4.73 cpu_u=285758 n=0 s=154643 i=680534 io=919 irq=0 sirq=95524
  [diag] progress t=240s delivered=6786968 matched=6766978 events~=67 subscribed=100000 rss_mib=4659 swap_mib=0 fanout_done=false
[sys] 09:26:58 tcp_alloc=200026 tcp_mem_pages=7428 PruneCalled=0 RcvPruned=0 TCPRcvCollapsed=0 TCPAbortOnMemory=0 TCPMemoryPressures=0 TCPMemoryPressuresChrono=0 TCPBacklogDrop=0 TCPZeroWindowDrop=0 TCPRcvQDrop=0 MemAvailable:2099M SwapFree:1023M Dirty:0M Slab:867M psi_mem=avg60=0.00 psi_cpu=avg60=1.35 load=7.23,6.36,4.76 cpu_u=287339 n=0 s=155258 i=681839 io=919 irq=0 sirq=96062
[sys] 09:27:04 tcp_alloc=200026 tcp_mem_pages=6404 PruneCalled=0 RcvPruned=0 TCPRcvCollapsed=0 TCPAbortOnMemory=0 TCPMemoryPressures=0 TCPMemoryPressuresChrono=0 TCPBacklogDrop=0 TCPZeroWindowDrop=0 TCPRcvQDrop=0 MemAvailable:2088M SwapFree:1023M Dirty:0M Slab:858M psi_mem=avg60=0.00 psi_cpu=avg60=1.28 load=7.45,6.42,4.79 cpu_u=288925 n=0 s=155826 i=683374 io=919 irq=0 sirq=96595
  [diag] progress t=250s delivered=7190103 matched=7166978 events~=71 subscribed=100000 rss_mib=4659 swap_mib=0 fanout_done=false
[sys] 09:27:09 tcp_alloc=200026 tcp_mem_pages=516 PruneCalled=0 RcvPruned=0 TCPRcvCollapsed=0 TCPAbortOnMemory=0 TCPMemoryPressures=0 TCPMemoryPressuresChrono=0 TCPBacklogDrop=0 TCPZeroWindowDrop=0 TCPRcvQDrop=0 MemAvailable:2039M SwapFree:1023M Dirty:0M Slab:861M psi_mem=avg60=0.00 psi_cpu=avg60=1.27 load=7.65,6.48,4.82 cpu_u=290585 n=0 s=156377 i=684836 io=919 irq=0 sirq=97096
[sys] 09:27:14 tcp_alloc=200026 tcp_mem_pages=4612 PruneCalled=0 RcvPruned=0 TCPRcvCollapsed=0 TCPAbortOnMemory=0 TCPMemoryPressures=0 TCPMemoryPressuresChrono=0 TCPBacklogDrop=0 TCPZeroWindowDrop=0 TCPRcvQDrop=0 MemAvailable:2088M SwapFree:1023M Dirty:0M Slab:858M psi_mem=avg60=0.00 psi_cpu=avg60=1.21 load=7.84,6.54,4.84 cpu_u=292413 n=0 s=156979 i=686122 io=919 irq=0 sirq=97643
  [diag] progress t=260s delivered=7666978 matched=7666978 events~=76 subscribed=100000 rss_mib=4659 swap_mib=0 fanout_done=false
[sys] 09:27:19 tcp_alloc=200026 tcp_mem_pages=3844 PruneCalled=0 RcvPruned=0 TCPRcvCollapsed=0 TCPAbortOnMemory=0 TCPMemoryPressures=0 TCPMemoryPressuresChrono=0 TCPBacklogDrop=0 TCPZeroWindowDrop=0 TCPRcvQDrop=0 MemAvailable:2086M SwapFree:1023M Dirty:0M Slab:862M psi_mem=avg60=0.00 psi_cpu=avg60=1.16 load=7.37,6.47,4.83 cpu_u=294355 n=0 s=157647 i=687792 io=919 irq=0 sirq=98178
[sys] 09:27:24 tcp_alloc=200026 tcp_mem_pages=1540 PruneCalled=0 RcvPruned=0 TCPRcvCollapsed=0 TCPAbortOnMemory=0 TCPMemoryPressures=0 TCPMemoryPressuresChrono=0 TCPBacklogDrop=0 TCPZeroWindowDrop=0 TCPRcvQDrop=0 MemAvailable:2068M SwapFree:1023M Dirty:0M Slab:860M psi_mem=avg60=0.00 psi_cpu=avg60=1.08 load=7.58,6.53,4.86 cpu_u=296503 n=0 s=158393 i=689057 io=919 irq=0 sirq=98760
  [diag] progress t=270s delivered=8266978 matched=8266978 events~=82 subscribed=100000 rss_mib=4665 swap_mib=0 fanout_done=false
[sys] 09:27:29 tcp_alloc=200026 tcp_mem_pages=1284 PruneCalled=0 RcvPruned=0 TCPRcvCollapsed=0 TCPAbortOnMemory=0 TCPMemoryPressures=0 TCPMemoryPressuresChrono=0 TCPBacklogDrop=0 TCPZeroWindowDrop=0 TCPRcvQDrop=0 MemAvailable:2068M SwapFree:1023M Dirty:0M Slab:858M psi_mem=avg60=0.00 psi_cpu=avg60=1.07 load=7.14,6.45,4.84 cpu_u=298537 n=0 s=159081 i=690633 io=919 irq=0 sirq=99278
[sys] 09:27:34 tcp_alloc=200026 tcp_mem_pages=12036 PruneCalled=0 RcvPruned=0 TCPRcvCollapsed=0 TCPAbortOnMemory=0 TCPMemoryPressures=0 TCPMemoryPressuresChrono=0 TCPBacklogDrop=0 TCPZeroWindowDrop=0 TCPRcvQDrop=0 MemAvailable:2027M SwapFree:1023M Dirty:0M Slab:865M psi_mem=avg60=0.00 psi_cpu=avg60=0.97 load=7.37,6.51,4.87 cpu_u=300697 n=0 s=159830 i=691876 io=920 irq=0 sirq=99863
  [diag] progress t=280s delivered=8804199 matched=8866978 events~=88 subscribed=100000 rss_mib=4665 swap_mib=0 fanout_done=false
[sys] 09:27:39 tcp_alloc=200026 tcp_mem_pages=13316 PruneCalled=0 RcvPruned=0 TCPRcvCollapsed=0 TCPAbortOnMemory=0 TCPMemoryPressures=0 TCPMemoryPressuresChrono=0 TCPBacklogDrop=0 TCPZeroWindowDrop=0 TCPRcvQDrop=0 MemAvailable:2080M SwapFree:1023M Dirty:0M Slab:872M psi_mem=avg60=0.00 psi_cpu=avg60=0.97 load=7.74,6.60,4.91 cpu_u=302272 n=0 s=160385 i=692941 io=920 irq=0 sirq=100387
[sys] 09:27:44 tcp_alloc=200026 tcp_mem_pages=36100 PruneCalled=0 RcvPruned=0 TCPRcvCollapsed=0 TCPAbortOnMemory=0 TCPMemoryPressures=0 TCPMemoryPressuresChrono=0 TCPBacklogDrop=0 TCPZeroWindowDrop=0 TCPRcvQDrop=0 MemAvailable:2052M SwapFree:1023M Dirty:0M Slab:891M psi_mem=avg60=0.00 psi_cpu=avg60=0.97 load=7.92,6.66,4.93 cpu_u=303532 n=0 s=160901 i=693850 io=920 irq=0 sirq=100986
  [diag] progress t=290s delivered=9220381 matched=9266978 events~=92 subscribed=100000 rss_mib=4668 swap_mib=0 fanout_done=false
[sys] 09:27:49 tcp_alloc=200026 tcp_mem_pages=17156 PruneCalled=0 RcvPruned=0 TCPRcvCollapsed=0 TCPAbortOnMemory=0 TCPMemoryPressures=0 TCPMemoryPressuresChrono=0 TCPBacklogDrop=0 TCPZeroWindowDrop=0 TCPRcvQDrop=0 MemAvailable:2058M SwapFree:1023M Dirty:0M Slab:872M psi_mem=avg60=0.00 psi_cpu=avg60=0.98 load=8.01,6.70,4.96 cpu_u=305018 n=0 s=161482 i=695170 io=920 irq=0 sirq=101499
[sys] 09:27:54 tcp_alloc=200026 tcp_mem_pages=11268 PruneCalled=0 RcvPruned=0 TCPRcvCollapsed=0 TCPAbortOnMemory=0 TCPMemoryPressures=0 TCPMemoryPressuresChrono=0 TCPBacklogDrop=0 TCPZeroWindowDrop=0 TCPRcvQDrop=0 MemAvailable:2089M SwapFree:1023M Dirty:0M Slab:869M psi_mem=avg60=0.00 psi_cpu=avg60=1.01 load=8.17,6.75,4.98 cpu_u=306814 n=0 s=162095 i=696446 io=920 irq=0 sirq=102042
  [diag] progress t=300s delivered=9711724 matched=9666978 events~=96 subscribed=100000 rss_mib=4690 swap_mib=0 fanout_done=false
  [diag] at window end: connected=100000 subscribed=100000 connect_failed=0 subscribed_at_start=88521 late_subscribers=11479 (late subscribers' pre-subscribe events stay in the drop count)
  [diag] router: matched=9666978 delivered=9666978 dropped=0 faulted=0 events_fanned_out~=96 (matched/subscribed)
  [diag] undelivered breakdown (events): never_connected_x_events=0 pre_subscribe_or_not_yet_fanned_out=40333022 router_dropped=0 router_faulted=0 in_flight_or_unaccounted=0 sum=40333022 (attempted-delivered=40288110)
  [diag] completed=false (delivered 9711890 of 50000000 before the 300s window) peak_rss_mib=4717
  [diag] finish: fanout_done=false reachable=9666978 delivered=9711890 elapsed_to_finish=n/a
  [diag] stages events=98 match=754.20ms/ev deliver=1945.84ms/ev ack_scan=348.98ms/ev busy=298.80s wall=300.01s busy_frac=0.996
  [diag] cpu proc_cpu=2172.49s wall=300.01s cores_used=7.24 nproc=10
  [diag] fanout_task_finished=false (true = replicator budget exhausted before the window closed)

=== nostos-bench-10k probe ===
  clients   : 100000
  events    : 500 (attempted deliveries: 50000000)
  window    : 300s
  ---------------------------
  delivered : 9711890
  ops/sec   : 32372
  drop%     : 80.58
  elapsed   : 300.01s
  elapsed_to_finish : n/a (window expired)
  ops/sec (finish)  : n/a
SOAK rc=0 09:27:59
HOST tier=100000 end 19:27:59 load1=13.76 rc=0
HOST tier=100000 start 19:29:29 load1=4.79 waited=60s
env: Linux 7.0.12-linuxkit aarch64 nproc=10 nofile=1048576 mem=8124516kB swap=1048572kB tcp_rmem=4096-131072-33554432 tcp_wmem=4096-16384-4194304
SOAK start 09:29:29 clients=100000 events=500 window=300 ack=16 listeners=2
  [diag] listeners: ws://127.0.0.1:30347/sync ws://127.0.0.2:10137/sync
[sys] 09:29:29 tcp_alloc=25 tcp_mem_pages=1028 PruneCalled=0 RcvPruned=0 TCPRcvCollapsed=0 TCPAbortOnMemory=0 TCPMemoryPressures=0 TCPMemoryPressuresChrono=0 TCPBacklogDrop=0 TCPZeroWindowDrop=0 TCPRcvQDrop=0 MemAvailable:7334M SwapFree:1023M Dirty:0M Slab:147M psi_mem=avg60=0.00 psi_cpu=avg60=0.22 load=1.85,5.03,4.54 cpu_u=308134 n=0 s=162692 i=789194 io=927 irq=0 sirq=102427
[sys] 09:29:34 tcp_alloc=99434 tcp_mem_pages=66052 PruneCalled=0 RcvPruned=0 TCPRcvCollapsed=0 TCPAbortOnMemory=0 TCPMemoryPressures=0 TCPMemoryPressuresChrono=0 TCPBacklogDrop=0 TCPZeroWindowDrop=0 TCPRcvQDrop=0 MemAvailable:5991M SwapFree:1023M Dirty:0M Slab:537M psi_mem=avg60=0.00 psi_cpu=avg60=0.26 load=2.50,5.11,4.57 cpu_u=308268 n=0 s=166789 i=789495 io=927 irq=0 sirq=102487
[sys] 09:29:39 tcp_alloc=114427 tcp_mem_pages=79108 PruneCalled=0 RcvPruned=0 TCPRcvCollapsed=0 TCPAbortOnMemory=0 TCPMemoryPressures=0 TCPMemoryPressuresChrono=0 TCPBacklogDrop=0 TCPZeroWindowDrop=0 TCPRcvQDrop=0 MemAvailable:5888M SwapFree:1023M Dirty:0M Slab:611M psi_mem=avg60=0.00 psi_cpu=avg60=0.23 load=3.10,5.20,4.60 cpu_u=308297 n=0 s=171317 i=789552 io=927 irq=0 sirq=102505
[sys] 09:29:44 tcp_alloc=151892 tcp_mem_pages=48388 PruneCalled=0 RcvPruned=0 TCPRcvCollapsed=0 TCPAbortOnMemory=0 TCPMemoryPressures=0 TCPMemoryPressuresChrono=0 TCPBacklogDrop=0 TCPZeroWindowDrop=0 TCPRcvQDrop=0 MemAvailable:4602M SwapFree:1023M Dirty:0M Slab:745M psi_mem=avg60=0.00 psi_cpu=avg60=0.25 load=2.85,5.11,4.58 cpu_u=308583 n=0 s=173249 i=792018 io=927 irq=0 sirq=102600
[sys] 09:29:49 tcp_alloc=158611 tcp_mem_pages=41732 PruneCalled=0 RcvPruned=0 TCPRcvCollapsed=0 TCPAbortOnMemory=0 TCPMemoryPressures=0 TCPMemoryPressuresChrono=0 TCPBacklogDrop=0 TCPZeroWindowDrop=0 TCPRcvQDrop=0 MemAvailable:4400M SwapFree:1023M Dirty:0M Slab:764M psi_mem=avg60=0.00 psi_cpu=avg60=0.23 load=2.62,5.02,4.55 cpu_u=308662 n=0 s=173322 i=796829 io=927 irq=0 sirq=102625
[sys] 09:29:54 tcp_alloc=162392 tcp_mem_pages=38148 PruneCalled=0 RcvPruned=0 TCPRcvCollapsed=0 TCPAbortOnMemory=0 TCPMemoryPressures=0 TCPMemoryPressuresChrono=0 TCPBacklogDrop=0 TCPZeroWindowDrop=0 TCPRcvQDrop=0 MemAvailable:4274M SwapFree:1023M Dirty:0M Slab:775M psi_mem=avg60=0.00 psi_cpu=avg60=0.21 load=2.41,4.94,4.53 cpu_u=308716 n=0 s=173366 i=801711 io=927 irq=0 sirq=102644
[sys] 09:30:00 tcp_alloc=162710 tcp_mem_pages=38148 PruneCalled=0 RcvPruned=0 TCPRcvCollapsed=0 TCPAbortOnMemory=0 TCPMemoryPressures=0 TCPMemoryPressuresChrono=0 TCPBacklogDrop=0 TCPZeroWindowDrop=0 TCPRcvQDrop=0 MemAvailable:4270M SwapFree:1023M Dirty:0M Slab:776M psi_mem=avg60=0.00 psi_cpu=avg60=0.19 load=2.22,4.86,4.50 cpu_u=308722 n=0 s=173372 i=806712 io=927 irq=0 sirq=102647
  [diag] subscribe quorum after 33.17s: connected=62684 subscribed=62684 connect_failed=0 complete=false (ceiling 500s, stall 5s)
[sys] 09:30:05 tcp_alloc=162710 tcp_mem_pages=48900 PruneCalled=0 RcvPruned=0 TCPRcvCollapsed=0 TCPAbortOnMemory=0 TCPMemoryPressures=0 TCPMemoryPressuresChrono=0 TCPBacklogDrop=0 TCPZeroWindowDrop=0 TCPRcvQDrop=0 MemAvailable:4132M SwapFree:1023M Dirty:0M Slab:776M psi_mem=avg60=0.00 psi_cpu=avg60=0.18 load=2.04,4.78,4.48 cpu_u=309219 n=0 s=173543 i=810736 io=927 irq=0 sirq=102817
[sys] 09:30:10 tcp_alloc=170274 tcp_mem_pages=31236 PruneCalled=0 RcvPruned=0 TCPRcvCollapsed=0 TCPAbortOnMemory=0 TCPMemoryPressures=0 TCPMemoryPressuresChrono=0 TCPBacklogDrop=0 TCPZeroWindowDrop=0 TCPRcvQDrop=0 MemAvailable:3701M SwapFree:1023M Dirty:0M Slab:804M psi_mem=avg60=0.00 psi_cpu=avg60=0.38 load=2.68,4.86,4.51 cpu_u=310854 n=0 s=174232 i=812376 io=927 irq=0 sirq=103355
  [diag] progress t=10s delivered=551056 matched=598017 events~=8 subscribed=71188 rss_mib=3101 swap_mib=0 fanout_done=false
[sys] 09:30:15 tcp_alloc=171343 tcp_mem_pages=44036 PruneCalled=0 RcvPruned=0 TCPRcvCollapsed=0 TCPAbortOnMemory=0 TCPMemoryPressures=0 TCPMemoryPressuresChrono=0 TCPBacklogDrop=0 TCPZeroWindowDrop=0 TCPRcvQDrop=0 MemAvailable:3563M SwapFree:1023M Dirty:0M Slab:807M psi_mem=avg60=0.00 psi_cpu=avg60=0.42 load=3.27,4.95,4.54 cpu_u=312660 n=0 s=175029 i=813620 io=927 irq=0 sirq=103955
[sys] 09:30:20 tcp_alloc=171863 tcp_mem_pages=36868 PruneCalled=0 RcvPruned=0 TCPRcvCollapsed=0 TCPAbortOnMemory=0 TCPMemoryPressures=0 TCPMemoryPressuresChrono=0 TCPBacklogDrop=0 TCPZeroWindowDrop=0 TCPRcvQDrop=0 MemAvailable:3459M SwapFree:1023M Dirty:0M Slab:808M psi_mem=avg60=0.00 psi_cpu=avg60=0.57 load=3.16,4.90,4.53 cpu_u=314476 n=0 s=175796 i=814848 io=928 irq=0 sirq=104528
  [diag] progress t=20s delivered=1621538 matched=1673478 events~=23 subscribed=71968 rss_mib=3325 swap_mib=0 fanout_done=false
[sys] 09:30:25 tcp_alloc=171994 tcp_mem_pages=33284 PruneCalled=0 RcvPruned=0 TCPRcvCollapsed=0 TCPAbortOnMemory=0 TCPMemoryPressures=0 TCPMemoryPressuresChrono=0 TCPBacklogDrop=0 TCPZeroWindowDrop=0 TCPRcvQDrop=0 MemAvailable:3461M SwapFree:1023M Dirty:0M Slab:808M psi_mem=avg60=0.00 psi_cpu=avg60=0.53 load=3.71,4.99,4.56 cpu_u=316561 n=0 s=176798 i=815784 io=928 irq=0 sirq=105253
[sys] 09:30:30 tcp_alloc=172389 tcp_mem_pages=31748 PruneCalled=0 RcvPruned=0 TCPRcvCollapsed=0 TCPAbortOnMemory=0 TCPMemoryPressures=0 TCPMemoryPressuresChrono=0 TCPBacklogDrop=0 TCPZeroWindowDrop=0 TCPRcvQDrop=0 MemAvailable:3311M SwapFree:1023M Dirty:0M Slab:807M psi_mem=avg60=0.00 psi_cpu=avg60=0.55 load=4.22,5.07,4.58 cpu_u=318601 n=0 s=177662 i=816874 io=928 irq=0 sirq=105900
  [diag] progress t=30s delivered=2500905 matched=2539543 events~=35 subscribed=72363 rss_mib=3417 swap_mib=0 fanout_done=false
[sys] 09:30:35 tcp_alloc=172518 tcp_mem_pages=59908 PruneCalled=0 RcvPruned=0 TCPRcvCollapsed=0 TCPAbortOnMemory=0 TCPMemoryPressures=0 TCPMemoryPressuresChrono=0 TCPBacklogDrop=0 TCPZeroWindowDrop=0 TCPRcvQDrop=0 MemAvailable:3333M SwapFree:1023M Dirty:0M Slab:813M psi_mem=avg60=0.00 psi_cpu=avg60=0.58 load=4.68,5.15,4.61 cpu_u=320467 n=0 s=178319 i=818108 io=928 irq=0 sirq=106450
[sys] 09:30:40 tcp_alloc=177683 tcp_mem_pages=32004 PruneCalled=0 RcvPruned=0 TCPRcvCollapsed=0 TCPAbortOnMemory=0 TCPMemoryPressures=0 TCPMemoryPressuresChrono=0 TCPBacklogDrop=0 TCPZeroWindowDrop=0 TCPRcvQDrop=0 MemAvailable:3348M SwapFree:1023M Dirty:0M Slab:823M psi_mem=avg60=0.00 psi_cpu=avg60=0.68 load=5.11,5.23,4.64 cpu_u=322363 n=0 s=179126 i=819297 io=928 irq=0 sirq=107065
  [diag] progress t=40s delivered=3206568 matched=3197684 events~=40 subscribed=79255 rss_mib=3462 swap_mib=0 fanout_done=false
[sys] 09:30:45 tcp_alloc=179373 tcp_mem_pages=23812 PruneCalled=0 RcvPruned=0 TCPRcvCollapsed=0 TCPAbortOnMemory=0 TCPMemoryPressures=0 TCPMemoryPressuresChrono=0 TCPBacklogDrop=0 TCPZeroWindowDrop=0 TCPRcvQDrop=0 MemAvailable:3305M SwapFree:1023M Dirty:0M Slab:828M psi_mem=avg60=0.00 psi_cpu=avg60=0.70 load=5.02,5.21,4.64 cpu_u=324206 n=0 s=179848 i=820756 io=929 irq=0 sirq=107602
[sys] 09:30:50 tcp_alloc=179880 tcp_mem_pages=31492 PruneCalled=0 RcvPruned=0 TCPRcvCollapsed=0 TCPAbortOnMemory=0 TCPMemoryPressures=0 TCPMemoryPressuresChrono=0 TCPBacklogDrop=0 TCPZeroWindowDrop=0 TCPRcvQDrop=0 MemAvailable:3309M SwapFree:1023M Dirty:0M Slab:831M psi_mem=avg60=0.00 psi_cpu=avg60=0.73 load=5.42,5.29,4.67 cpu_u=326236 n=0 s=180603 i=822013 io=929 irq=0 sirq=108182
  [diag] progress t=50s delivered=3692273 matched=3674881 events~=45 subscribed=80115 rss_mib=3492 swap_mib=0 fanout_done=false
[sys] 09:30:55 tcp_alloc=180376 tcp_mem_pages=22020 PruneCalled=0 RcvPruned=0 TCPRcvCollapsed=0 TCPAbortOnMemory=0 TCPMemoryPressures=0 TCPMemoryPressuresChrono=0 TCPBacklogDrop=0 TCPZeroWindowDrop=0 TCPRcvQDrop=0 MemAvailable:3320M SwapFree:1023M Dirty:0M Slab:830M psi_mem=avg60=0.00 psi_cpu=avg60=0.75 load=5.78,5.37,4.70 cpu_u=328280 n=0 s=181318 i=823240 io=929 irq=0 sirq=108767
[sys] 09:31:00 tcp_alloc=180376 tcp_mem_pages=22020 PruneCalled=0 RcvPruned=0 TCPRcvCollapsed=0 TCPAbortOnMemory=0 TCPMemoryPressures=0 TCPMemoryPressuresChrono=0 TCPBacklogDrop=0 TCPZeroWindowDrop=0 TCPRcvQDrop=0 MemAvailable:3319M SwapFree:1023M Dirty:0M Slab:830M psi_mem=avg60=0.00 psi_cpu=avg60=0.74 load=6.12,5.45,4.73 cpu_u=330361 n=0 s=182110 i=824410 io=929 irq=0 sirq=109386
  [diag] progress t=60s delivered=4381858 matched=4397300 events~=54 subscribed=80350 rss_mib=3430 swap_mib=0 fanout_done=false
[sys] 09:31:05 tcp_alloc=180376 tcp_mem_pages=25348 PruneCalled=0 RcvPruned=0 TCPRcvCollapsed=0 TCPAbortOnMemory=0 TCPMemoryPressures=0 TCPMemoryPressuresChrono=0 TCPBacklogDrop=0 TCPZeroWindowDrop=0 TCPRcvQDrop=0 MemAvailable:3289M SwapFree:1023M Dirty:0M Slab:830M psi_mem=avg60=0.00 psi_cpu=avg60=0.72 load=6.43,5.52,4.75 cpu_u=332437 n=0 s=182886 i=825631 io=929 irq=0 sirq=109993
[sys] 09:31:10 tcp_alloc=181377 tcp_mem_pages=22020 PruneCalled=0 RcvPruned=0 TCPRcvCollapsed=0 TCPAbortOnMemory=0 TCPMemoryPressures=0 TCPMemoryPressuresChrono=0 TCPBacklogDrop=0 TCPZeroWindowDrop=0 TCPRcvQDrop=0 MemAvailable:3194M SwapFree:1023M Dirty:0M Slab:833M psi_mem=avg60=0.00 psi_cpu=avg60=0.72 load=6.16,5.48,4.74 cpu_u=334470 n=0 s=183686 i=826761 io=929 irq=0 sirq=110617
  [diag] progress t=70s delivered=5191698 matched=5207463 events~=64 subscribed=81351 rss_mib=3493 swap_mib=0 fanout_done=false
[sys] 09:31:15 tcp_alloc=181377 tcp_mem_pages=23044 PruneCalled=0 RcvPruned=0 TCPRcvCollapsed=0 TCPAbortOnMemory=0 TCPMemoryPressures=0 TCPMemoryPressuresChrono=0 TCPBacklogDrop=0 TCPZeroWindowDrop=0 TCPRcvQDrop=0 MemAvailable:3209M SwapFree:1023M Dirty:0M Slab:833M psi_mem=avg60=0.00 psi_cpu=avg60=0.70 load=5.74,5.41,4.72 cpu_u=336480 n=0 s=184540 i=827831 io=929 irq=0 sirq=111256
[sys] 09:31:20 tcp_alloc=181377 tcp_mem_pages=40708 PruneCalled=0 RcvPruned=0 TCPRcvCollapsed=0 TCPAbortOnMemory=0 TCPMemoryPressures=0 TCPMemoryPressuresChrono=0 TCPBacklogDrop=0 TCPZeroWindowDrop=0 TCPRcvQDrop=0 MemAvailable:3197M SwapFree:1023M Dirty:0M Slab:833M psi_mem=avg60=0.00 psi_cpu=avg60=0.70 load=6.09,5.48,4.75 cpu_u=338506 n=0 s=185355 i=828850 io=930 irq=0 sirq=111903
  [diag] progress t=80s delivered=6063319 matched=6102324 events~=75 subscribed=81351 rss_mib=3610 swap_mib=0 fanout_done=false
[sys] 09:31:25 tcp_alloc=181377 tcp_mem_pages=24068 PruneCalled=0 RcvPruned=0 TCPRcvCollapsed=0 TCPAbortOnMemory=0 TCPMemoryPressures=0 TCPMemoryPressuresChrono=0 TCPBacklogDrop=0 TCPZeroWindowDrop=0 TCPRcvQDrop=0 MemAvailable:3143M SwapFree:1023M Dirty:0M Slab:833M psi_mem=avg60=0.00 psi_cpu=avg60=0.72 load=6.40,5.56,4.78 cpu_u=340507 n=0 s=186209 i=830073 io=930 irq=0 sirq=112500
[sys] 09:31:30 tcp_alloc=181701 tcp_mem_pages=22276 PruneCalled=0 RcvPruned=0 TCPRcvCollapsed=0 TCPAbortOnMemory=0 TCPMemoryPressures=0 TCPMemoryPressuresChrono=0 TCPBacklogDrop=0 TCPZeroWindowDrop=0 TCPRcvQDrop=0 MemAvailable:3152M SwapFree:1023M Dirty:0M Slab:836M psi_mem=avg60=0.00 psi_cpu=avg60=0.71 load=6.69,5.63,4.81 cpu_u=342658 n=0 s=187169 i=831114 io=930 irq=0 sirq=113168
  [diag] progress t=90s delivered=7192663 matched=7160891 events~=87 subscribed=81675 rss_mib=3691 swap_mib=0 fanout_done=false
[sys] 09:31:35 tcp_alloc=182018 tcp_mem_pages=20996 PruneCalled=0 RcvPruned=0 TCPRcvCollapsed=0 TCPAbortOnMemory=0 TCPMemoryPressures=0 TCPMemoryPressuresChrono=0 TCPBacklogDrop=0 TCPZeroWindowDrop=0 TCPRcvQDrop=0 MemAvailable:3077M SwapFree:1023M Dirty:0M Slab:833M psi_mem=avg60=0.00 psi_cpu=avg60=0.73 load=6.79,5.67,4.83 cpu_u=344729 n=0 s=187990 i=832128 io=930 irq=0 sirq=113770
[sys] 09:31:40 tcp_alloc=182025 tcp_mem_pages=26628 PruneCalled=0 RcvPruned=0 TCPRcvCollapsed=0 TCPAbortOnMemory=0 TCPMemoryPressures=0 TCPMemoryPressuresChrono=0 TCPBacklogDrop=0 TCPZeroWindowDrop=0 TCPRcvQDrop=0 MemAvailable:3015M SwapFree:1023M Dirty:0M Slab:833M psi_mem=avg60=0.00 psi_cpu=avg60=0.75 load=6.97,5.73,4.85 cpu_u=346822 n=0 s=188730 i=833308 io=930 irq=0 sirq=114365
  [diag] progress t=100s delivered=7874207 matched=7897748 events~=96 subscribed=81999 rss_mib=3745 swap_mib=0 fanout_done=false
[sys] 09:31:45 tcp_alloc=179594 tcp_mem_pages=21508 PruneCalled=0 RcvPruned=0 TCPRcvCollapsed=0 TCPAbortOnMemory=0 TCPMemoryPressures=0 TCPMemoryPressuresChrono=0 TCPBacklogDrop=0 TCPZeroWindowDrop=0 TCPRcvQDrop=0 MemAvailable:3007M SwapFree:1023M Dirty:0M Slab:810M psi_mem=avg60=0.00 psi_cpu=avg60=0.77 load=7.21,5.80,4.88 cpu_u=348723 n=0 s=189564 i=834562 io=930 irq=0 sirq=114941
[sys] 09:31:50 tcp_alloc=197368 tcp_mem_pages=4356 PruneCalled=0 RcvPruned=0 TCPRcvCollapsed=0 TCPAbortOnMemory=0 TCPMemoryPressures=0 TCPMemoryPressuresChrono=0 TCPBacklogDrop=0 TCPZeroWindowDrop=0 TCPRcvQDrop=0 MemAvailable:2871M SwapFree:1023M Dirty:0M Slab:866M psi_mem=avg60=0.00 psi_cpu=avg60=0.98 load=6.79,5.73,4.86 cpu_u=350609 n=0 s=190432 i=836059 io=930 irq=0 sirq=115455
  [diag] progress t=110s delivered=8387123 matched=8407943 events~=85 subscribed=98465 rss_mib=3913 swap_mib=0 fanout_done=false
[sys] 09:31:56 tcp_alloc=198746 tcp_mem_pages=4100 PruneCalled=0 RcvPruned=0 TCPRcvCollapsed=0 TCPAbortOnMemory=0 TCPMemoryPressures=0 TCPMemoryPressuresChrono=0 TCPBacklogDrop=0 TCPZeroWindowDrop=0 TCPRcvQDrop=0 MemAvailable:2836M SwapFree:1023M Dirty:0M Slab:863M psi_mem=avg60=0.00 psi_cpu=avg60=0.98 load=7.13,5.82,4.89 cpu_u=352520 n=0 s=191051 i=837720 io=930 irq=0 sirq=115946
[sys] 09:32:01 tcp_alloc=198746 tcp_mem_pages=8452 PruneCalled=0 RcvPruned=0 TCPRcvCollapsed=0 TCPAbortOnMemory=0 TCPMemoryPressures=0 TCPMemoryPressuresChrono=0 TCPBacklogDrop=0 TCPZeroWindowDrop=0 TCPRcvQDrop=0 MemAvailable:2770M SwapFree:1023M Dirty:0M Slab:862M psi_mem=avg60=0.00 psi_cpu=avg60=0.95 load=7.36,5.89,4.92 cpu_u=354578 n=0 s=191817 i=838964 io=930 irq=0 sirq=116531
  [diag] progress t=120s delivered=9052865 matched=8999837 events~=91 subscribed=98723 rss_mib=3973 swap_mib=0 fanout_done=false
[sys] 09:32:06 tcp_alloc=198749 tcp_mem_pages=24580 PruneCalled=0 RcvPruned=0 TCPRcvCollapsed=0 TCPAbortOnMemory=0 TCPMemoryPressures=0 TCPMemoryPressuresChrono=0 TCPBacklogDrop=0 TCPZeroWindowDrop=0 TCPRcvQDrop=0 MemAvailable:2815M SwapFree:1023M Dirty:0M Slab:877M psi_mem=avg60=0.00 psi_cpu=avg60=0.89 load=7.49,5.94,4.94 cpu_u=356717 n=0 s=192542 i=840290 io=930 irq=0 sirq=117115
[sys] 09:32:11 tcp_alloc=198834 tcp_mem_pages=2564 PruneCalled=0 RcvPruned=0 TCPRcvCollapsed=0 TCPAbortOnMemory=0 TCPMemoryPressures=0 TCPMemoryPressuresChrono=0 TCPBacklogDrop=0 TCPZeroWindowDrop=0 TCPRcvQDrop=0 MemAvailable:2737M SwapFree:1023M Dirty:0M Slab:856M psi_mem=avg60=0.00 psi_cpu=avg60=0.90 load=7.69,6.01,4.97 cpu_u=358855 n=0 s=193325 i=841530 io=931 irq=0 sirq=117657
  [diag] progress t=130s delivered=9657700 matched=9592260 events~=97 subscribed=98808 rss_mib=4053 swap_mib=0 fanout_done=false
[sys] 09:32:16 tcp_alloc=198834 tcp_mem_pages=7684 PruneCalled=0 RcvPruned=0 TCPRcvCollapsed=0 TCPAbortOnMemory=0 TCPMemoryPressures=0 TCPMemoryPressuresChrono=0 TCPBacklogDrop=0 TCPZeroWindowDrop=0 TCPRcvQDrop=0 MemAvailable:2666M SwapFree:1023M Dirty:0M Slab:856M psi_mem=avg60=0.00 psi_cpu=avg60=0.88 load=7.88,6.08,5.00 cpu_u=360828 n=0 s=193937 i=842747 io=931 irq=0 sirq=118213
[sys] 09:32:21 tcp_alloc=198834 tcp_mem_pages=4612 PruneCalled=0 RcvPruned=0 TCPRcvCollapsed=0 TCPAbortOnMemory=0 TCPMemoryPressures=0 TCPMemoryPressuresChrono=0 TCPBacklogDrop=0 TCPZeroWindowDrop=0 TCPRcvQDrop=0 MemAvailable:2558M SwapFree:1023M Dirty:0M Slab:862M psi_mem=avg60=0.00 psi_cpu=avg60=0.88 load=7.97,6.13,5.02 cpu_u=363039 n=0 s=194664 i=844100 io=931 irq=0 sirq=118795
  [diag] progress t=140s delivered=10088335 matched=10086300 events~=102 subscribed=98808 rss_mib=4281 swap_mib=0 fanout_done=false
[sys] 09:32:26 tcp_alloc=198834 tcp_mem_pages=8196 PruneCalled=0 RcvPruned=0 TCPRcvCollapsed=0 TCPAbortOnMemory=0 TCPMemoryPressures=0 TCPMemoryPressuresChrono=0 TCPBacklogDrop=0 TCPZeroWindowDrop=0 TCPRcvQDrop=0 MemAvailable:2490M SwapFree:1023M Dirty:0M Slab:862M psi_mem=avg60=0.00 psi_cpu=avg60=0.86 load=8.13,6.19,5.05 cpu_u=365101 n=0 s=195404 i=845381 io=931 irq=0 sirq=119394
[sys] 09:32:31 tcp_alloc=198834 tcp_mem_pages=8196 PruneCalled=0 RcvPruned=0 TCPRcvCollapsed=0 TCPAbortOnMemory=0 TCPMemoryPressures=0 TCPMemoryPressuresChrono=0 TCPBacklogDrop=0 TCPZeroWindowDrop=0 TCPRcvQDrop=0 MemAvailable:2488M SwapFree:1023M Dirty:0M Slab:863M psi_mem=avg60=0.00 psi_cpu=avg60=0.87 load=8.36,6.27,5.08 cpu_u=367167 n=0 s=196111 i=846711 io=931 irq=0 sirq=119979
  [diag] progress t=150s delivered=10622159 matched=10580340 events~=107 subscribed=98808 rss_mib=4319 swap_mib=0 fanout_done=false
[sys] 09:32:36 tcp_alloc=199680 tcp_mem_pages=48132 PruneCalled=0 RcvPruned=0 TCPRcvCollapsed=0 TCPAbortOnMemory=0 TCPMemoryPressures=0 TCPMemoryPressuresChrono=0 TCPBacklogDrop=0 TCPZeroWindowDrop=0 TCPRcvQDrop=0 MemAvailable:2377M SwapFree:1023M Dirty:0M Slab:914M psi_mem=avg60=0.00 psi_cpu=avg60=0.91 load=8.33,6.30,5.10 cpu_u=369215 n=0 s=196876 i=847899 io=931 irq=0 sirq=120526
[sys] 09:32:41 tcp_alloc=200026 tcp_mem_pages=3332 PruneCalled=0 RcvPruned=0 TCPRcvCollapsed=0 TCPAbortOnMemory=0 TCPMemoryPressures=0 TCPMemoryPressuresChrono=0 TCPBacklogDrop=0 TCPZeroWindowDrop=0 TCPRcvQDrop=0 MemAvailable:2434M SwapFree:1023M Dirty:0M Slab:861M psi_mem=avg60=0.00 psi_cpu=avg60=0.92 load=8.47,6.36,5.12 cpu_u=371305 n=0 s=197726 i=849105 io=931 irq=0 sirq=121138
  [diag] progress t=160s delivered=11284102 matched=11277304 events~=112 subscribed=100000 rss_mib=4322 swap_mib=0 fanout_done=false
[sys] 09:32:46 tcp_alloc=200026 tcp_mem_pages=516 PruneCalled=0 RcvPruned=0 TCPRcvCollapsed=0 TCPAbortOnMemory=0 TCPMemoryPressures=0 TCPMemoryPressuresChrono=0 TCPBacklogDrop=0 TCPZeroWindowDrop=0 TCPRcvQDrop=0 MemAvailable:2481M SwapFree:1023M Dirty:0M Slab:856M psi_mem=avg60=0.00 psi_cpu=avg60=0.93 load=8.51,6.41,5.14 cpu_u=373379 n=0 s=198457 i=850470 io=931 irq=0 sirq=121727
[sys] 09:32:51 tcp_alloc=200026 tcp_mem_pages=16644 PruneCalled=0 RcvPruned=0 TCPRcvCollapsed=0 TCPAbortOnMemory=0 TCPMemoryPressures=0 TCPMemoryPressuresChrono=0 TCPBacklogDrop=0 TCPZeroWindowDrop=0 TCPRcvQDrop=0 MemAvailable:2351M SwapFree:1023M Dirty:0M Slab:870M psi_mem=avg60=0.00 psi_cpu=avg60=0.93 load=8.63,6.47,5.17 cpu_u=375540 n=0 s=199175 i=851781 io=931 irq=0 sirq=122300
  [diag] progress t=170s delivered=11877304 matched=11877304 events~=118 subscribed=100000 rss_mib=4463 swap_mib=0 fanout_done=false
[sys] 09:32:56 tcp_alloc=200026 tcp_mem_pages=9476 PruneCalled=0 RcvPruned=0 TCPRcvCollapsed=0 TCPAbortOnMemory=0 TCPMemoryPressures=0 TCPMemoryPressuresChrono=0 TCPBacklogDrop=0 TCPZeroWindowDrop=0 TCPRcvQDrop=0 MemAvailable:2265M SwapFree:1023M Dirty:0M Slab:864M psi_mem=avg60=0.00 psi_cpu=avg60=0.87 load=8.58,6.49,5.19 cpu_u=377640 n=0 s=199904 i=853066 io=931 irq=0 sirq=122903
[sys] 09:33:01 tcp_alloc=200026 tcp_mem_pages=1796 PruneCalled=0 RcvPruned=0 TCPRcvCollapsed=0 TCPAbortOnMemory=0 TCPMemoryPressures=0 TCPMemoryPressuresChrono=0 TCPBacklogDrop=0 TCPZeroWindowDrop=0 TCPRcvQDrop=0 MemAvailable:2270M SwapFree:1023M Dirty:0M Slab:857M psi_mem=avg60=0.00 psi_cpu=avg60=0.88 load=8.69,6.55,5.21 cpu_u=379807 n=0 s=200680 i=854305 io=932 irq=0 sirq=123486
  [diag] progress t=180s delivered=12527168 matched=12477304 events~=124 subscribed=100000 rss_mib=4510 swap_mib=0 fanout_done=false
[sys] 09:33:06 tcp_alloc=200026 tcp_mem_pages=68868 PruneCalled=0 RcvPruned=0 TCPRcvCollapsed=0 TCPAbortOnMemory=0 TCPMemoryPressures=0 TCPMemoryPressuresChrono=0 TCPBacklogDrop=0 TCPZeroWindowDrop=0 TCPRcvQDrop=0 MemAvailable:2183M SwapFree:1023M Dirty:0M Slab:928M psi_mem=avg60=0.00 psi_cpu=avg60=0.89 load=8.72,6.59,5.23 cpu_u=382027 n=0 s=201348 i=855264 io=932 irq=0 sirq=124119
[sys] 09:33:11 tcp_alloc=200026 tcp_mem_pages=772 PruneCalled=0 RcvPruned=0 TCPRcvCollapsed=0 TCPAbortOnMemory=0 TCPMemoryPressures=0 TCPMemoryPressuresChrono=0 TCPBacklogDrop=0 TCPZeroWindowDrop=0 TCPRcvQDrop=0 MemAvailable:2205M SwapFree:1023M Dirty:0M Slab:856M psi_mem=avg60=0.00 psi_cpu=avg60=0.90 load=8.82,6.65,5.26 cpu_u=384210 n=0 s=202100 i=856631 io=932 irq=0 sirq=124650
  [diag] progress t=190s delivered=13087099 matched=13077304 events~=130 subscribed=100000 rss_mib=4525 swap_mib=0 fanout_done=false
[sys] 09:33:16 tcp_alloc=200026 tcp_mem_pages=772 PruneCalled=0 RcvPruned=0 TCPRcvCollapsed=0 TCPAbortOnMemory=0 TCPMemoryPressures=0 TCPMemoryPressuresChrono=0 TCPBacklogDrop=0 TCPZeroWindowDrop=0 TCPRcvQDrop=0 MemAvailable:2255M SwapFree:1023M Dirty:0M Slab:858M psi_mem=avg60=0.00 psi_cpu=avg60=0.85 load=8.92,6.70,5.28 cpu_u=386399 n=0 s=202854 i=857868 io=932 irq=0 sirq=125249
[sys] 09:33:21 tcp_alloc=200026 tcp_mem_pages=5892 PruneCalled=0 RcvPruned=0 TCPRcvCollapsed=0 TCPAbortOnMemory=0 TCPMemoryPressures=0 TCPMemoryPressuresChrono=0 TCPBacklogDrop=0 TCPZeroWindowDrop=0 TCPRcvQDrop=0 MemAvailable:2277M SwapFree:1023M Dirty:0M Slab:870M psi_mem=avg60=0.00 psi_cpu=avg60=0.89 load=9.00,6.76,5.31 cpu_u=388294 n=0 s=203476 i=859127 io=932 irq=0 sirq=125768
  [diag] progress t=200s delivered=13553111 matched=13577304 events~=135 subscribed=100000 rss_mib=4492 swap_mib=0 fanout_done=false
[sys] 09:33:26 tcp_alloc=200026 tcp_mem_pages=19972 PruneCalled=0 RcvPruned=0 TCPRcvCollapsed=0 TCPAbortOnMemory=0 TCPMemoryPressures=0 TCPMemoryPressuresChrono=0 TCPBacklogDrop=0 TCPZeroWindowDrop=0 TCPRcvQDrop=0 MemAvailable:2197M SwapFree:1023M Dirty:0M Slab:873M psi_mem=avg60=0.00 psi_cpu=avg60=0.90 load=9.08,6.81,5.33 cpu_u=390346 n=0 s=204132 i=860462 io=932 irq=0 sirq=126318
[sys] 09:33:31 tcp_alloc=200026 tcp_mem_pages=6148 PruneCalled=0 RcvPruned=0 TCPRcvCollapsed=0 TCPAbortOnMemory=0 TCPMemoryPressures=0 TCPMemoryPressuresChrono=0 TCPBacklogDrop=0 TCPZeroWindowDrop=0 TCPRcvQDrop=0 MemAvailable:2193M SwapFree:1023M Dirty:0M Slab:866M psi_mem=avg60=0.00 psi_cpu=avg60=0.94 load=9.16,6.87,5.36 cpu_u=392570 n=0 s=204783 i=861764 io=932 irq=0 sirq=126893
  [diag] progress t=210s delivered=13951633 matched=13977304 events~=139 subscribed=100000 rss_mib=4527 swap_mib=0 fanout_done=false
[sys] 09:33:36 tcp_alloc=200026 tcp_mem_pages=8964 PruneCalled=0 RcvPruned=0 TCPRcvCollapsed=0 TCPAbortOnMemory=0 TCPMemoryPressures=0 TCPMemoryPressuresChrono=0 TCPBacklogDrop=0 TCPZeroWindowDrop=0 TCPRcvQDrop=0 MemAvailable:2266M SwapFree:1023M Dirty:0M Slab:861M psi_mem=avg60=0.00 psi_cpu=avg60=0.91 load=9.22,6.92,5.39 cpu_u=394747 n=0 s=205534 i=863011 io=932 irq=0 sirq=127471
[sys] 09:33:41 tcp_alloc=200026 tcp_mem_pages=12548 PruneCalled=0 RcvPruned=0 TCPRcvCollapsed=0 TCPAbortOnMemory=0 TCPMemoryPressures=0 TCPMemoryPressuresChrono=0 TCPBacklogDrop=0 TCPZeroWindowDrop=0 TCPRcvQDrop=0 MemAvailable:2246M SwapFree:1023M Dirty:0M Slab:865M psi_mem=avg60=0.00 psi_cpu=avg60=0.88 load=9.37,6.99,5.42 cpu_u=396752 n=0 s=206175 i=864492 io=933 irq=0 sirq=128042
  [diag] progress t=220s delivered=14463121 matched=14477304 events~=144 subscribed=100000 rss_mib=4496 swap_mib=0 fanout_done=false
[sys] 09:33:46 tcp_alloc=200026 tcp_mem_pages=2564 PruneCalled=0 RcvPruned=0 TCPRcvCollapsed=0 TCPAbortOnMemory=0 TCPMemoryPressures=0 TCPMemoryPressuresChrono=0 TCPBacklogDrop=0 TCPZeroWindowDrop=0 TCPRcvQDrop=0 MemAvailable:2222M SwapFree:1023M Dirty:0M Slab:859M psi_mem=avg60=0.00 psi_cpu=avg60=0.86 load=9.42,7.04,5.44 cpu_u=398828 n=0 s=206888 i=865739 io=933 irq=0 sirq=128638
[sys] 09:33:51 tcp_alloc=200026 tcp_mem_pages=1028 PruneCalled=0 RcvPruned=0 TCPRcvCollapsed=0 TCPAbortOnMemory=0 TCPMemoryPressures=0 TCPMemoryPressuresChrono=0 TCPBacklogDrop=0 TCPZeroWindowDrop=0 TCPRcvQDrop=0 MemAvailable:2261M SwapFree:1023M Dirty:0M Slab:859M psi_mem=avg60=0.00 psi_cpu=avg60=0.87 load=9.46,7.09,5.47 cpu_u=400951 n=0 s=207605 i=867010 io=933 irq=0 sirq=129205
  [diag] progress t=230s delivered=15059009 matched=15077304 events~=150 subscribed=100000 rss_mib=4492 swap_mib=0 fanout_done=false
[sys] 09:33:56 tcp_alloc=200026 tcp_mem_pages=4356 PruneCalled=0 RcvPruned=0 TCPRcvCollapsed=0 TCPAbortOnMemory=0 TCPMemoryPressures=0 TCPMemoryPressuresChrono=0 TCPBacklogDrop=0 TCPZeroWindowDrop=0 TCPRcvQDrop=0 MemAvailable:2289M SwapFree:1023M Dirty:0M Slab:862M psi_mem=avg60=0.00 psi_cpu=avg60=0.88 load=9.51,7.13,5.49 cpu_u=403046 n=0 s=208276 i=868255 io=933 irq=0 sirq=129790
[sys] 09:34:02 tcp_alloc=200026 tcp_mem_pages=3588 PruneCalled=0 RcvPruned=0 TCPRcvCollapsed=0 TCPAbortOnMemory=0 TCPMemoryPressures=0 TCPMemoryPressuresChrono=0 TCPBacklogDrop=0 TCPZeroWindowDrop=0 TCPRcvQDrop=0 MemAvailable:2200M SwapFree:1023M Dirty:0M Slab:856M psi_mem=avg60=0.00 psi_cpu=avg60=0.89 load=9.55,7.18,5.51 cpu_u=405340 n=0 s=209033 i=869374 io=933 irq=0 sirq=130386
  [diag] progress t=240s delivered=15596262 matched=15577304 events~=155 subscribed=100000 rss_mib=4496 swap_mib=0 fanout_done=false
[sys] 09:34:07 tcp_alloc=200026 tcp_mem_pages=16388 PruneCalled=0 RcvPruned=0 TCPRcvCollapsed=0 TCPAbortOnMemory=0 TCPMemoryPressures=0 TCPMemoryPressuresChrono=0 TCPBacklogDrop=0 TCPZeroWindowDrop=0 TCPRcvQDrop=0 MemAvailable:2208M SwapFree:1023M Dirty:0M Slab:870M psi_mem=avg60=0.00 psi_cpu=avg60=0.90 load=9.50,7.21,5.53 cpu_u=407553 n=0 s=209659 i=870469 io=933 irq=0 sirq=130982
[sys] 09:34:12 tcp_alloc=200026 tcp_mem_pages=16388 PruneCalled=0 RcvPruned=0 TCPRcvCollapsed=0 TCPAbortOnMemory=0 TCPMemoryPressures=0 TCPMemoryPressuresChrono=0 TCPBacklogDrop=0 TCPZeroWindowDrop=0 TCPRcvQDrop=0 MemAvailable:2224M SwapFree:1023M Dirty:0M Slab:870M psi_mem=avg60=0.00 psi_cpu=avg60=0.88 load=9.54,7.26,5.56 cpu_u=409699 n=0 s=210367 i=871852 io=933 irq=0 sirq=131545
  [diag] progress t=250s delivered=16038763 matched=16077304 events~=160 subscribed=100000 rss_mib=4492 swap_mib=0 fanout_done=false
[sys] 09:34:17 tcp_alloc=200026 tcp_mem_pages=53508 PruneCalled=0 RcvPruned=0 TCPRcvCollapsed=0 TCPAbortOnMemory=0 TCPMemoryPressures=0 TCPMemoryPressuresChrono=0 TCPBacklogDrop=0 TCPZeroWindowDrop=0 TCPRcvQDrop=0 MemAvailable:2153M SwapFree:1023M Dirty:0M Slab:911M psi_mem=avg60=0.00 psi_cpu=avg60=0.89 load=9.50,7.29,5.58 cpu_u=411930 n=0 s=211084 i=873082 io=933 irq=0 sirq=132103
[sys] 09:34:22 tcp_alloc=200026 tcp_mem_pages=11012 PruneCalled=0 RcvPruned=0 TCPRcvCollapsed=0 TCPAbortOnMemory=0 TCPMemoryPressures=0 TCPMemoryPressuresChrono=0 TCPBacklogDrop=0 TCPZeroWindowDrop=0 TCPRcvQDrop=0 MemAvailable:2239M SwapFree:1023M Dirty:0M Slab:867M psi_mem=avg60=0.00 psi_cpu=avg60=0.90 load=9.38,7.30,5.59 cpu_u=413900 n=0 s=211796 i=874467 io=934 irq=0 sirq=132624
  [diag] progress t=260s delivered=16592764 matched=16577304 events~=165 subscribed=100000 rss_mib=4529 swap_mib=0 fanout_done=false
[sys] 09:34:27 tcp_alloc=200026 tcp_mem_pages=8708 PruneCalled=0 RcvPruned=0 TCPRcvCollapsed=0 TCPAbortOnMemory=0 TCPMemoryPressures=0 TCPMemoryPressuresChrono=0 TCPBacklogDrop=0 TCPZeroWindowDrop=0 TCPRcvQDrop=0 MemAvailable:2253M SwapFree:1023M Dirty:0M Slab:861M psi_mem=avg60=0.00 psi_cpu=avg60=0.87 load=9.43,7.35,5.61 cpu_u=415999 n=0 s=212463 i=875606 io=934 irq=0 sirq=133163
[sys] 09:34:32 tcp_alloc=200026 tcp_mem_pages=30212 PruneCalled=0 RcvPruned=0 TCPRcvCollapsed=0 TCPAbortOnMemory=0 TCPMemoryPressures=0 TCPMemoryPressuresChrono=0 TCPBacklogDrop=0 TCPZeroWindowDrop=0 TCPRcvQDrop=0 MemAvailable:2237M SwapFree:1023M Dirty:0M Slab:885M psi_mem=avg60=0.00 psi_cpu=avg60=0.88 load=9.47,7.39,5.64 cpu_u=417758 n=0 s=212995 i=876971 io=934 irq=0 sirq=133671
  [diag] progress t=270s delivered=16961723 matched=16977304 events~=169 subscribed=100000 rss_mib=4505 swap_mib=0 fanout_done=false
[sys] 09:34:37 tcp_alloc=200026 tcp_mem_pages=3588 PruneCalled=0 RcvPruned=0 TCPRcvCollapsed=0 TCPAbortOnMemory=0 TCPMemoryPressures=0 TCPMemoryPressuresChrono=0 TCPBacklogDrop=0 TCPZeroWindowDrop=0 TCPRcvQDrop=0 MemAvailable:2269M SwapFree:1023M Dirty:0M Slab:864M psi_mem=avg60=0.00 psi_cpu=avg60=0.89 load=9.52,7.43,5.66 cpu_u=419535 n=0 s=213644 i=878304 io=934 irq=0 sirq=134185
[sys] 09:34:42 tcp_alloc=200026 tcp_mem_pages=7684 PruneCalled=0 RcvPruned=0 TCPRcvCollapsed=0 TCPAbortOnMemory=0 TCPMemoryPressures=0 TCPMemoryPressuresChrono=0 TCPBacklogDrop=0 TCPZeroWindowDrop=0 TCPRcvQDrop=0 MemAvailable:2273M SwapFree:1023M Dirty:0M Slab:860M psi_mem=avg60=0.00 psi_cpu=avg60=0.93 load=9.00,7.36,5.65 cpu_u=421263 n=0 s=214176 i=879741 io=934 irq=0 sirq=134671
  [diag] progress t=280s delivered=17337250 matched=17377304 events~=173 subscribed=100000 rss_mib=4496 swap_mib=0 fanout_done=false
[sys] 09:34:47 tcp_alloc=200026 tcp_mem_pages=10244 PruneCalled=0 RcvPruned=0 TCPRcvCollapsed=0 TCPAbortOnMemory=0 TCPMemoryPressures=0 TCPMemoryPressuresChrono=0 TCPBacklogDrop=0 TCPZeroWindowDrop=0 TCPRcvQDrop=0 MemAvailable:2276M SwapFree:1023M Dirty:0M Slab:862M psi_mem=avg60=0.00 psi_cpu=avg60=0.94 load=8.91,7.37,5.66 cpu_u=423298 n=0 s=214861 i=881009 io=934 irq=0 sirq=135221
[sys] 09:34:52 tcp_alloc=200026 tcp_mem_pages=65796 PruneCalled=0 RcvPruned=0 TCPRcvCollapsed=0 TCPAbortOnMemory=0 TCPMemoryPressures=0 TCPMemoryPressuresChrono=0 TCPBacklogDrop=0 TCPZeroWindowDrop=0 TCPRcvQDrop=0 MemAvailable:2155M SwapFree:1023M Dirty:0M Slab:925M psi_mem=avg60=0.00 psi_cpu=avg60=0.94 load=9.08,7.43,5.69 cpu_u=425508 n=0 s=215489 i=882282 io=934 irq=0 sirq=135781
  [diag] progress t=290s delivered=17730393 matched=17777304 events~=177 subscribed=100000 rss_mib=4527 swap_mib=0 fanout_done=false
[sys] 09:34:57 tcp_alloc=200026 tcp_mem_pages=8708 PruneCalled=0 RcvPruned=0 TCPRcvCollapsed=0 TCPAbortOnMemory=0 TCPMemoryPressures=0 TCPMemoryPressuresChrono=0 TCPBacklogDrop=0 TCPZeroWindowDrop=0 TCPRcvQDrop=0 MemAvailable:2223M SwapFree:1023M Dirty:0M Slab:866M psi_mem=avg60=0.00 psi_cpu=avg60=0.98 load=8.83,7.41,5.69 cpu_u=427244 n=0 s=216109 i=883737 io=934 irq=0 sirq=136295
[sys] 09:35:02 tcp_alloc=200026 tcp_mem_pages=12292 PruneCalled=0 RcvPruned=0 TCPRcvCollapsed=0 TCPAbortOnMemory=0 TCPMemoryPressures=0 TCPMemoryPressuresChrono=0 TCPBacklogDrop=0 TCPZeroWindowDrop=0 TCPRcvQDrop=0 MemAvailable:2171M SwapFree:1023M Dirty:0M Slab:865M psi_mem=avg60=0.00 psi_cpu=avg60=0.95 load=9.02,7.49,5.74 cpu_u=429354 n=0 s=216789 i=885048 io=934 irq=0 sirq=136852
  [diag] at window end: connected=100000 subscribed=100000 connect_failed=0 subscribed_at_start=62684 late_subscribers=37316 (late subscribers' pre-subscribe events stay in the drop count)
  [diag] router: matched=18177304 delivered=18177304 dropped=0 faulted=0 events_fanned_out~=181 (matched/subscribed)
  [diag] undelivered breakdown (events): never_connected_x_events=0 pre_subscribe_or_not_yet_fanned_out=31822696 router_dropped=0 router_faulted=0 in_flight_or_unaccounted=60574 sum=31883270 (attempted-delivered=31883270)
  [diag] completed=false (delivered 18116730 of 50000000 before the 300s window) peak_rss_mib=4577
  [diag] finish: fanout_done=false reachable=18177304 delivered=18116730 elapsed_to_finish=n/a
  [diag] stages events=207 match=483.39ms/ev deliver=950.99ms/ev ack_scan=11.02ms/ev busy=299.20s wall=300.01s busy_frac=0.997
  [diag] progress t=300s delivered=18116732 matched=18177304 events~=181 subscribed=100000 rss_mib=4502 swap_mib=0 fanout_done=false
  [diag] cpu proc_cpu=2214.22s wall=300.01s cores_used=7.38 nproc=10
  [diag] fanout_task_finished=false (true = replicator budget exhausted before the window closed)

=== nostos-bench-10k probe ===
  clients   : 100000
  events    : 500 (attempted deliveries: 50000000)
  window    : 300s
  ---------------------------
  delivered : 18116730
  ops/sec   : 60387
  drop%     : 63.77
  elapsed   : 300.01s
  elapsed_to_finish : n/a (window expired)
  ops/sec (finish)  : n/a
SOAK rc=0 09:35:06
HOST tier=100000 end 19:35:06 load1=15.37 rc=0
HOST tier=100000 start 19:36:36 load1=6.17 waited=60s
env: Linux 7.0.12-linuxkit aarch64 nproc=10 nofile=1048576 mem=8124516kB swap=1048572kB tcp_rmem=4096-131072-33554432 tcp_wmem=4096-16384-4194304
SOAK start 09:36:36 clients=100000 events=500 window=300 ack=100 listeners=2
  [diag] listeners: ws://127.0.0.1:31427/sync ws://127.0.0.2:23665/sync
[sys] 09:36:36 tcp_alloc=24 tcp_mem_pages=0 PruneCalled=0 RcvPruned=0 TCPRcvCollapsed=0 TCPAbortOnMemory=0 TCPMemoryPressures=0 TCPMemoryPressuresChrono=0 TCPBacklogDrop=0 TCPZeroWindowDrop=0 TCPRcvQDrop=0 MemAvailable:7354M SwapFree:1023M Dirty:0M Slab:134M psi_mem=avg60=0.00 psi_cpu=avg60=0.24 load=2.01,5.54,5.20 cpu_u=430137 n=0 s=217167 i=977190 io=941 irq=0 sirq=137108
[sys] 09:36:41 tcp_alloc=96585 tcp_mem_pages=40708 PruneCalled=0 RcvPruned=0 TCPRcvCollapsed=0 TCPAbortOnMemory=0 TCPMemoryPressures=0 TCPMemoryPressuresChrono=0 TCPBacklogDrop=0 TCPZeroWindowDrop=0 TCPRcvQDrop=0 MemAvailable:6091M SwapFree:1023M Dirty:0M Slab:519M psi_mem=avg60=0.00 psi_cpu=avg60=0.35 load=2.65,5.61,5.23 cpu_u=430261 n=0 s=221157 i=977521 io=941 irq=0 sirq=137181
[sys] 09:36:46 tcp_alloc=122135 tcp_mem_pages=32260 PruneCalled=0 RcvPruned=0 TCPRcvCollapsed=0 TCPAbortOnMemory=0 TCPMemoryPressures=0 TCPMemoryPressuresChrono=0 TCPBacklogDrop=0 TCPZeroWindowDrop=0 TCPRcvQDrop=0 MemAvailable:5854M SwapFree:1023M Dirty:0M Slab:615M psi_mem=avg60=0.00 psi_cpu=avg60=0.35 load=3.24,5.69,5.25 cpu_u=430309 n=0 s=225660 i=977558 io=942 irq=0 sirq=137204
[sys] 09:36:51 tcp_alloc=145787 tcp_mem_pages=56068 PruneCalled=0 RcvPruned=0 TCPRcvCollapsed=0 TCPAbortOnMemory=0 TCPMemoryPressures=0 TCPMemoryPressuresChrono=0 TCPBacklogDrop=0 TCPZeroWindowDrop=0 TCPRcvQDrop=0 MemAvailable:4559M SwapFree:1023M Dirty:0M Slab:726M psi_mem=avg60=0.00 psi_cpu=avg60=0.36 load=3.78,5.76,5.28 cpu_u=430727 n=0 s=229343 i=978030 io=942 irq=0 sirq=137337
[sys] 09:36:56 tcp_alloc=164344 tcp_mem_pages=35844 PruneCalled=0 RcvPruned=0 TCPRcvCollapsed=0 TCPAbortOnMemory=0 TCPMemoryPressures=0 TCPMemoryPressuresChrono=0 TCPBacklogDrop=0 TCPZeroWindowDrop=0 TCPRcvQDrop=0 MemAvailable:3947M SwapFree:1023M Dirty:0M Slab:794M psi_mem=avg60=0.00 psi_cpu=avg60=0.51 load=3.47,5.66,5.25 cpu_u=430992 n=0 s=229542 i=982421 io=942 irq=0 sirq=137424
[sys] 09:37:01 tcp_alloc=170605 tcp_mem_pages=30724 PruneCalled=0 RcvPruned=0 TCPRcvCollapsed=0 TCPAbortOnMemory=0 TCPMemoryPressures=0 TCPMemoryPressuresChrono=0 TCPBacklogDrop=0 TCPZeroWindowDrop=0 TCPRcvQDrop=0 MemAvailable:3783M SwapFree:1023M Dirty:0M Slab:817M psi_mem=avg60=0.00 psi_cpu=avg60=0.50 load=3.92,5.72,5.27 cpu_u=431086 n=0 s=229611 i=987139 io=942 irq=0 sirq=137466
[sys] 09:37:06 tcp_alloc=171618 tcp_mem_pages=29956 PruneCalled=0 RcvPruned=0 TCPRcvCollapsed=0 TCPAbortOnMemory=0 TCPMemoryPressures=0 TCPMemoryPressuresChrono=0 TCPBacklogDrop=0 TCPZeroWindowDrop=0 TCPRcvQDrop=0 MemAvailable:3765M SwapFree:1023M Dirty:0M Slab:820M psi_mem=avg60=0.00 psi_cpu=avg60=0.46 load=3.60,5.62,5.24 cpu_u=431110 n=0 s=229622 i=992101 io=942 irq=0 sirq=137473
[sys] 09:37:11 tcp_alloc=171706 tcp_mem_pages=29956 PruneCalled=0 RcvPruned=0 TCPRcvCollapsed=0 TCPAbortOnMemory=0 TCPMemoryPressures=0 TCPMemoryPressuresChrono=0 TCPBacklogDrop=0 TCPZeroWindowDrop=0 TCPRcvQDrop=0 MemAvailable:3763M SwapFree:1023M Dirty:0M Slab:821M psi_mem=avg60=0.00 psi_cpu=avg60=0.43 load=3.31,5.53,5.21 cpu_u=431113 n=0 s=229626 i=997104 io=942 irq=0 sirq=137474
[sys] 09:37:16 tcp_alloc=173909 tcp_mem_pages=26372 PruneCalled=0 RcvPruned=0 TCPRcvCollapsed=0 TCPAbortOnMemory=0 TCPMemoryPressures=0 TCPMemoryPressuresChrono=0 TCPBacklogDrop=0 TCPZeroWindowDrop=0 TCPRcvQDrop=0 MemAvailable:3698M SwapFree:1023M Dirty:0M Slab:828M psi_mem=avg60=0.00 psi_cpu=avg60=0.38 load=3.85,5.60,5.24 cpu_u=431169 n=0 s=229656 i=1002003 io=942 irq=0 sirq=137493
[sys] 09:37:21 tcp_alloc=175013 tcp_mem_pages=25860 PruneCalled=0 RcvPruned=0 TCPRcvCollapsed=0 TCPAbortOnMemory=0 TCPMemoryPressures=0 TCPMemoryPressuresChrono=0 TCPBacklogDrop=0 TCPZeroWindowDrop=0 TCPRcvQDrop=0 MemAvailable:3672M SwapFree:1023M Dirty:0M Slab:832M psi_mem=avg60=0.00 psi_cpu=avg60=0.36 load=3.54,5.51,5.21 cpu_u=431194 n=0 s=229672 i=1006955 io=942 irq=0 sirq=137513
  [diag] subscribe quorum after 46.25s: connected=74971 subscribed=74971 connect_failed=0 complete=false (ceiling 500s, stall 5s)
[sys] 09:37:26 tcp_alloc=175013 tcp_mem_pages=58372 PruneCalled=0 RcvPruned=0 TCPRcvCollapsed=0 TCPAbortOnMemory=0 TCPMemoryPressures=0 TCPMemoryPressuresChrono=0 TCPBacklogDrop=0 TCPZeroWindowDrop=0 TCPRcvQDrop=0 MemAvailable:3363M SwapFree:1023M Dirty:0M Slab:832M psi_mem=avg60=0.00 psi_cpu=avg60=0.32 load=3.26,5.42,5.18 cpu_u=432559 n=0 s=230191 i=1009559 io=942 irq=0 sirq=137895
[sys] 09:37:31 tcp_alloc=175042 tcp_mem_pages=32772 PruneCalled=0 RcvPruned=0 TCPRcvCollapsed=0 TCPAbortOnMemory=0 TCPMemoryPressures=0 TCPMemoryPressuresChrono=0 TCPBacklogDrop=0 TCPZeroWindowDrop=0 TCPRcvQDrop=0 MemAvailable:3279M SwapFree:1023M Dirty:0M Slab:833M psi_mem=avg60=0.00 psi_cpu=avg60=0.33 load=3.80,5.50,5.21 cpu_u=434708 n=0 s=231049 i=1010750 io=943 irq=0 sirq=138473
  [diag] progress t=10s delivered=775322 matched=749769 events~=9 subscribed=75001 rss_mib=3582 swap_mib=0 fanout_done=false
[sys] 09:37:36 tcp_alloc=175042 tcp_mem_pages=28932 PruneCalled=0 RcvPruned=0 TCPRcvCollapsed=0 TCPAbortOnMemory=0 TCPMemoryPressures=0 TCPMemoryPressuresChrono=0 TCPBacklogDrop=0 TCPZeroWindowDrop=0 TCPRcvQDrop=0 MemAvailable:3050M SwapFree:1023M Dirty:0M Slab:831M psi_mem=avg60=0.00 psi_cpu=avg60=0.33 load=4.30,5.57,5.24 cpu_u=436727 n=0 s=231935 i=1011847 io=943 irq=0 sirq=139095
[sys] 09:37:41 tcp_alloc=175042 tcp_mem_pages=27908 PruneCalled=0 RcvPruned=0 TCPRcvCollapsed=0 TCPAbortOnMemory=0 TCPMemoryPressures=0 TCPMemoryPressuresChrono=0 TCPBacklogDrop=0 TCPZeroWindowDrop=0 TCPRcvQDrop=0 MemAvailable:2898M SwapFree:1023M Dirty:0M Slab:831M psi_mem=avg60=0.00 psi_cpu=avg60=0.34 load=4.67,5.63,5.26 cpu_u=438849 n=0 s=232873 i=1012954 io=943 irq=0 sirq=139742
  [diag] progress t=20s delivered=1815602 matched=1799783 events~=23 subscribed=75001 rss_mib=3843 swap_mib=0 fanout_done=false
[sys] 09:37:46 tcp_alloc=176473 tcp_mem_pages=30724 PruneCalled=0 RcvPruned=0 TCPRcvCollapsed=0 TCPAbortOnMemory=0 TCPMemoryPressures=0 TCPMemoryPressuresChrono=0 TCPBacklogDrop=0 TCPZeroWindowDrop=0 TCPRcvQDrop=0 MemAvailable:2885M SwapFree:1023M Dirty:0M Slab:836M psi_mem=avg60=0.00 psi_cpu=avg60=0.41 load=5.10,5.70,5.28 cpu_u=440886 n=0 s=233723 i=1014071 io=943 irq=0 sirq=140359
[sys] 09:37:51 tcp_alloc=176473 tcp_mem_pages=30724 PruneCalled=0 RcvPruned=0 TCPRcvCollapsed=0 TCPAbortOnMemory=0 TCPMemoryPressures=0 TCPMemoryPressuresChrono=0 TCPBacklogDrop=0 TCPZeroWindowDrop=0 TCPRcvQDrop=0 MemAvailable:2879M SwapFree:1023M Dirty:0M Slab:839M psi_mem=avg60=0.00 psi_cpu=avg60=0.44 load=5.49,5.77,5.31 cpu_u=442947 n=0 s=234527 i=1015373 io=943 irq=0 sirq=140940
  [diag] progress t=30s delivered=2500600 matched=2559693 events~=33 subscribed=76444 rss_mib=3827 swap_mib=0 fanout_done=false
[sys] 09:37:57 tcp_alloc=176473 tcp_mem_pages=31748 PruneCalled=0 RcvPruned=0 TCPRcvCollapsed=0 TCPAbortOnMemory=0 TCPMemoryPressures=0 TCPMemoryPressuresChrono=0 TCPBacklogDrop=0 TCPZeroWindowDrop=0 TCPRcvQDrop=0 MemAvailable:2875M SwapFree:1023M Dirty:0M Slab:836M psi_mem=avg60=0.00 psi_cpu=avg60=0.50 load=5.69,5.81,5.32 cpu_u=444959 n=0 s=235258 i=1016623 io=943 irq=0 sirq=141465
[sys] 09:38:02 tcp_alloc=176473 tcp_mem_pages=25092 PruneCalled=0 RcvPruned=0 TCPRcvCollapsed=0 TCPAbortOnMemory=0 TCPMemoryPressures=0 TCPMemoryPressuresChrono=0 TCPBacklogDrop=0 TCPZeroWindowDrop=0 TCPRcvQDrop=0 MemAvailable:2845M SwapFree:1023M Dirty:0M Slab:836M psi_mem=avg60=0.00 psi_cpu=avg60=0.54 load=5.88,5.85,5.34 cpu_u=447045 n=0 s=235998 i=1017887 io=943 irq=0 sirq=142013
  [diag] progress t=40s delivered=3043833 matched=3094801 events~=40 subscribed=76444 rss_mib=3816 swap_mib=0 fanout_done=false
[sys] 09:38:07 tcp_alloc=176473 tcp_mem_pages=25092 PruneCalled=0 RcvPruned=0 TCPRcvCollapsed=0 TCPAbortOnMemory=0 TCPMemoryPressures=0 TCPMemoryPressuresChrono=0 TCPBacklogDrop=0 TCPZeroWindowDrop=0 TCPRcvQDrop=0 MemAvailable:2872M SwapFree:1023M Dirty:0M Slab:836M psi_mem=avg60=0.00 psi_cpu=avg60=0.57 load=6.21,5.92,5.36 cpu_u=449096 n=0 s=236786 i=1019116 io=943 irq=0 sirq=142600
[sys] 09:38:12 tcp_alloc=176473 tcp_mem_pages=29956 PruneCalled=0 RcvPruned=0 TCPRcvCollapsed=0 TCPAbortOnMemory=0 TCPMemoryPressures=0 TCPMemoryPressuresChrono=0 TCPBacklogDrop=0 TCPZeroWindowDrop=0 TCPRcvQDrop=0 MemAvailable:2853M SwapFree:1023M Dirty:0M Slab:837M psi_mem=avg60=0.00 psi_cpu=avg60=0.55 load=6.43,5.97,5.38 cpu_u=451134 n=0 s=237602 i=1020311 io=943 irq=0 sirq=143191
  [diag] progress t=50s delivered=3755219 matched=3706353 events~=48 subscribed=76444 rss_mib=3895 swap_mib=0 fanout_done=false
[sys] 09:38:17 tcp_alloc=176473 tcp_mem_pages=37124 PruneCalled=0 RcvPruned=0 TCPRcvCollapsed=0 TCPAbortOnMemory=0 TCPMemoryPressures=0 TCPMemoryPressuresChrono=0 TCPBacklogDrop=0 TCPZeroWindowDrop=0 TCPRcvQDrop=0 MemAvailable:2876M SwapFree:1023M Dirty:0M Slab:836M psi_mem=avg60=0.00 psi_cpu=avg60=0.58 load=6.72,6.03,5.41 cpu_u=453236 n=0 s=238449 i=1021340 io=943 irq=0 sirq=143813
[sys] 09:38:22 tcp_alloc=176473 tcp_mem_pages=26372 PruneCalled=0 RcvPruned=0 TCPRcvCollapsed=0 TCPAbortOnMemory=0 TCPMemoryPressures=0 TCPMemoryPressuresChrono=0 TCPBacklogDrop=0 TCPZeroWindowDrop=0 TCPRcvQDrop=0 MemAvailable:2819M SwapFree:1023M Dirty:0M Slab:836M psi_mem=avg60=0.00 psi_cpu=avg60=0.58 load=6.98,6.10,5.43 cpu_u=455342 n=0 s=239338 i=1022517 io=943 irq=0 sirq=144425
  [diag] progress t=60s delivered=4639835 matched=4623681 events~=60 subscribed=76444 rss_mib=3855 swap_mib=0 fanout_done=false
[sys] 09:38:27 tcp_alloc=176473 tcp_mem_pages=27396 PruneCalled=0 RcvPruned=0 TCPRcvCollapsed=0 TCPAbortOnMemory=0 TCPMemoryPressures=0 TCPMemoryPressuresChrono=0 TCPBacklogDrop=0 TCPZeroWindowDrop=0 TCPRcvQDrop=0 MemAvailable:2792M SwapFree:1023M Dirty:0M Slab:836M psi_mem=avg60=0.00 psi_cpu=avg60=0.61 load=7.22,6.16,5.46 cpu_u=457327 n=0 s=240109 i=1023639 io=944 irq=0 sirq=145021
[sys] 09:38:32 tcp_alloc=176473 tcp_mem_pages=33540 PruneCalled=0 RcvPruned=0 TCPRcvCollapsed=0 TCPAbortOnMemory=0 TCPMemoryPressures=0 TCPMemoryPressuresChrono=0 TCPBacklogDrop=0 TCPZeroWindowDrop=0 TCPRcvQDrop=0 MemAvailable:2824M SwapFree:1023M Dirty:0M Slab:838M psi_mem=avg60=0.00 psi_cpu=avg60=0.55 load=7.45,6.23,5.48 cpu_u=459497 n=0 s=240988 i=1024791 io=944 irq=0 sirq=145668
  [diag] progress t=70s delivered=5400498 matched=5464565 events~=71 subscribed=76444 rss_mib=3920 swap_mib=0 fanout_done=false
[sys] 09:38:37 tcp_alloc=176473 tcp_mem_pages=25092 PruneCalled=0 RcvPruned=0 TCPRcvCollapsed=0 TCPAbortOnMemory=0 TCPMemoryPressures=0 TCPMemoryPressuresChrono=0 TCPBacklogDrop=0 TCPZeroWindowDrop=0 TCPRcvQDrop=0 MemAvailable:2854M SwapFree:1023M Dirty:0M Slab:836M psi_mem=avg60=0.00 psi_cpu=avg60=0.55 load=7.09,6.18,5.47 cpu_u=461672 n=0 s=241830 i=1025999 io=944 irq=0 sirq=146251
[sys] 09:38:42 tcp_alloc=181559 tcp_mem_pages=24324 PruneCalled=0 RcvPruned=0 TCPRcvCollapsed=0 TCPAbortOnMemory=0 TCPMemoryPressures=0 TCPMemoryPressuresChrono=0 TCPBacklogDrop=0 TCPZeroWindowDrop=0 TCPRcvQDrop=0 MemAvailable:2791M SwapFree:1023M Dirty:0M Slab:848M psi_mem=avg60=0.00 psi_cpu=avg60=0.72 load=6.71,6.12,5.46 cpu_u=463518 n=0 s=242993 i=1027142 io=944 irq=0 sirq=146775
  [diag] progress t=80s delivered=6076780 matched=6076780 events~=73 subscribed=82666 rss_mib=3901 swap_mib=0 fanout_done=false
[sys] 09:38:47 tcp_alloc=184807 tcp_mem_pages=16388 PruneCalled=0 RcvPruned=0 TCPRcvCollapsed=0 TCPAbortOnMemory=0 TCPMemoryPressures=0 TCPMemoryPressuresChrono=0 TCPBacklogDrop=0 TCPZeroWindowDrop=0 TCPRcvQDrop=0 MemAvailable:2825M SwapFree:1023M Dirty:0M Slab:855M psi_mem=avg60=0.00 psi_cpu=avg60=0.70 load=6.26,6.04,5.43 cpu_u=465476 n=0 s=243744 i=1028493 io=944 irq=0 sirq=147341
[sys] 09:38:52 tcp_alloc=186089 tcp_mem_pages=17412 PruneCalled=0 RcvPruned=0 TCPRcvCollapsed=0 TCPAbortOnMemory=0 TCPMemoryPressures=0 TCPMemoryPressuresChrono=0 TCPBacklogDrop=0 TCPZeroWindowDrop=0 TCPRcvQDrop=0 MemAvailable:2832M SwapFree:1023M Dirty:0M Slab:858M psi_mem=avg60=0.00 psi_cpu=avg60=0.73 load=6.32,6.05,5.44 cpu_u=467740 n=0 s=244591 i=1029655 io=944 irq=0 sirq=147920
  [diag] progress t=90s delivered=6688308 matched=6751327 events~=78 subscribed=86058 rss_mib=3859 swap_mib=0 fanout_done=false
[sys] 09:38:57 tcp_alloc=186330 tcp_mem_pages=16132 PruneCalled=0 RcvPruned=0 TCPRcvCollapsed=0 TCPAbortOnMemory=0 TCPMemoryPressures=0 TCPMemoryPressuresChrono=0 TCPBacklogDrop=0 TCPZeroWindowDrop=0 TCPRcvQDrop=0 MemAvailable:2785M SwapFree:1023M Dirty:0M Slab:858M psi_mem=avg60=0.00 psi_cpu=avg60=0.75 load=6.61,6.12,5.47 cpu_u=469834 n=0 s=245355 i=1030905 io=945 irq=0 sirq=148533
[sys] 09:39:02 tcp_alloc=186591 tcp_mem_pages=31492 PruneCalled=0 RcvPruned=0 TCPRcvCollapsed=0 TCPAbortOnMemory=0 TCPMemoryPressures=0 TCPMemoryPressuresChrono=0 TCPBacklogDrop=0 TCPZeroWindowDrop=0 TCPRcvQDrop=0 MemAvailable:2791M SwapFree:1023M Dirty:0M Slab:858M psi_mem=avg60=0.00 psi_cpu=avg60=0.71 load=6.72,6.15,5.48 cpu_u=471959 n=0 s=246118 i=1032205 io=945 irq=0 sirq=149154
  [diag] progress t=100s delivered=7251664 matched=7269310 events~=83 subscribed=86565 rss_mib=3903 swap_mib=0 fanout_done=false
[sys] 09:39:07 tcp_alloc=186619 tcp_mem_pages=85764 PruneCalled=0 RcvPruned=0 TCPRcvCollapsed=0 TCPAbortOnMemory=0 TCPMemoryPressures=0 TCPMemoryPressuresChrono=0 TCPBacklogDrop=0 TCPZeroWindowDrop=0 TCPRcvQDrop=0 MemAvailable:2707M SwapFree:1023M Dirty:0M Slab:895M psi_mem=avg60=0.00 psi_cpu=avg60=0.73 load=6.26,6.06,5.46 cpu_u=473949 n=0 s=246752 i=1033448 io=945 irq=0 sirq=149729
[sys] 09:39:12 tcp_alloc=186619 tcp_mem_pages=56836 PruneCalled=0 RcvPruned=0 TCPRcvCollapsed=0 TCPAbortOnMemory=0 TCPMemoryPressures=0 TCPMemoryPressuresChrono=0 TCPBacklogDrop=0 TCPZeroWindowDrop=0 TCPRcvQDrop=0 MemAvailable:2747M SwapFree:1023M Dirty:0M Slab:863M psi_mem=avg60=0.00 psi_cpu=avg60=0.69 load=6.56,6.13,5.48 cpu_u=476150 n=0 s=247560 i=1034659 io=945 irq=0 sirq=150302
  [diag] progress t=110s delivered=7770376 matched=7788784 events~=89 subscribed=86593 rss_mib=4022 swap_mib=0 fanout_done=false
[sys] 09:39:17 tcp_alloc=186619 tcp_mem_pages=36868 PruneCalled=0 RcvPruned=0 TCPRcvCollapsed=0 TCPAbortOnMemory=0 TCPMemoryPressures=0 TCPMemoryPressuresChrono=0 TCPBacklogDrop=0 TCPZeroWindowDrop=0 TCPRcvQDrop=0 MemAvailable:2706M SwapFree:1023M Dirty:0M Slab:859M psi_mem=avg60=0.00 psi_cpu=avg60=0.67 load=6.84,6.19,5.50 cpu_u=478168 n=0 s=248392 i=1035929 io=945 irq=0 sirq=150918
[sys] 09:39:22 tcp_alloc=186619 tcp_mem_pages=17412 PruneCalled=0 RcvPruned=0 TCPRcvCollapsed=0 TCPAbortOnMemory=0 TCPMemoryPressures=0 TCPMemoryPressuresChrono=0 TCPBacklogDrop=0 TCPZeroWindowDrop=0 TCPRcvQDrop=0 MemAvailable:2794M SwapFree:1023M Dirty:0M Slab:859M psi_mem=avg60=0.00 psi_cpu=avg60=0.70 load=6.37,6.11,5.48 cpu_u=480293 n=0 s=249221 i=1037171 io=945 irq=0 sirq=151484
  [diag] progress t=120s delivered=8556286 matched=8568121 events~=98 subscribed=86593 rss_mib=3930 swap_mib=0 fanout_done=false
[sys] 09:39:27 tcp_alloc=186619 tcp_mem_pages=33540 PruneCalled=0 RcvPruned=0 TCPRcvCollapsed=0 TCPAbortOnMemory=0 TCPMemoryPressures=0 TCPMemoryPressuresChrono=0 TCPBacklogDrop=0 TCPZeroWindowDrop=0 TCPRcvQDrop=0 MemAvailable:2797M SwapFree:1023M Dirty:0M Slab:859M psi_mem=avg60=0.00 psi_cpu=avg60=0.69 load=6.66,6.17,5.50 cpu_u=482453 n=0 s=250111 i=1038300 io=945 irq=0 sirq=152110
[sys] 09:39:32 tcp_alloc=186619 tcp_mem_pages=16388 PruneCalled=0 RcvPruned=0 TCPRcvCollapsed=0 TCPAbortOnMemory=0 TCPMemoryPressures=0 TCPMemoryPressuresChrono=0 TCPBacklogDrop=0 TCPZeroWindowDrop=0 TCPRcvQDrop=0 MemAvailable:2750M SwapFree:1023M Dirty:0M Slab:858M psi_mem=avg60=0.00 psi_cpu=avg60=0.69 load=6.93,6.24,5.53 cpu_u=484614 n=0 s=250988 i=1039468 io=945 irq=0 sirq=152741
  [diag] progress t=130s delivered=9482694 matched=9434051 events~=108 subscribed=86593 rss_mib=3931 swap_mib=0 fanout_done=false
[sys] 09:39:37 tcp_alloc=186619 tcp_mem_pages=15364 PruneCalled=0 RcvPruned=0 TCPRcvCollapsed=0 TCPAbortOnMemory=0 TCPMemoryPressures=0 TCPMemoryPressuresChrono=0 TCPBacklogDrop=0 TCPZeroWindowDrop=0 TCPRcvQDrop=0 MemAvailable:2780M SwapFree:1023M Dirty:0M Slab:858M psi_mem=avg60=0.00 psi_cpu=avg60=0.64 load=7.18,6.30,5.55 cpu_u=486783 n=0 s=251883 i=1040582 io=945 irq=0 sirq=153392
[sys] 09:39:42 tcp_alloc=186619 tcp_mem_pages=22532 PruneCalled=0 RcvPruned=0 TCPRcvCollapsed=0 TCPAbortOnMemory=0 TCPMemoryPressures=0 TCPMemoryPressuresChrono=0 TCPBacklogDrop=0 TCPZeroWindowDrop=0 TCPRcvQDrop=0 MemAvailable:2767M SwapFree:1023M Dirty:0M Slab:858M psi_mem=avg60=0.00 psi_cpu=avg60=0.64 load=7.16,6.31,5.56 cpu_u=488873 n=0 s=252682 i=1041831 io=946 irq=0 sirq=153978
  [diag] progress t=140s delivered=10326276 matched=10299981 events~=118 subscribed=86593 rss_mib=3984 swap_mib=0 fanout_done=false
[sys] 09:39:48 tcp_alloc=186619 tcp_mem_pages=15364 PruneCalled=0 RcvPruned=0 TCPRcvCollapsed=0 TCPAbortOnMemory=0 TCPMemoryPressures=0 TCPMemoryPressuresChrono=0 TCPBacklogDrop=0 TCPZeroWindowDrop=0 TCPRcvQDrop=0 MemAvailable:2750M SwapFree:1023M Dirty:0M Slab:859M psi_mem=avg60=0.00 psi_cpu=avg60=0.63 load=6.99,6.29,5.56 cpu_u=490982 n=0 s=253569 i=1043020 io=946 irq=0 sirq=154583
[sys] 09:39:53 tcp_alloc=186619 tcp_mem_pages=15364 PruneCalled=0 RcvPruned=0 TCPRcvCollapsed=0 TCPAbortOnMemory=0 TCPMemoryPressures=0 TCPMemoryPressuresChrono=0 TCPBacklogDrop=0 TCPZeroWindowDrop=0 TCPRcvQDrop=0 MemAvailable:2801M SwapFree:1023M Dirty:0M Slab:859M psi_mem=avg60=0.00 psi_cpu=avg60=0.60 load=7.23,6.35,5.58 cpu_u=493112 n=0 s=254500 i=1044168 io=946 irq=0 sirq=155227
  [diag] progress t=150s delivered=11283122 matched=11252504 events~=129 subscribed=86593 rss_mib=3931 swap_mib=0 fanout_done=false
[sys] 09:39:58 tcp_alloc=186619 tcp_mem_pages=41220 PruneCalled=0 RcvPruned=0 TCPRcvCollapsed=0 TCPAbortOnMemory=0 TCPMemoryPressures=0 TCPMemoryPressuresChrono=0 TCPBacklogDrop=0 TCPZeroWindowDrop=0 TCPRcvQDrop=0 MemAvailable:2766M SwapFree:1023M Dirty:0M Slab:859M psi_mem=avg60=0.00 psi_cpu=avg60=0.60 load=6.89,6.29,5.57 cpu_u=495156 n=0 s=255291 i=1045215 io=946 irq=0 sirq=155849
[sys] 09:40:03 tcp_alloc=186619 tcp_mem_pages=56836 PruneCalled=0 RcvPruned=0 TCPRcvCollapsed=0 TCPAbortOnMemory=0 TCPMemoryPressures=0 TCPMemoryPressuresChrono=0 TCPBacklogDrop=0 TCPZeroWindowDrop=0 TCPRcvQDrop=0 MemAvailable:2788M SwapFree:1023M Dirty:0M Slab:863M psi_mem=avg60=0.00 psi_cpu=avg60=0.57 load=7.06,6.34,5.59 cpu_u=497224 n=0 s=256162 i=1046327 io=948 irq=0 sirq=156506
  [diag] progress t=160s delivered=12047123 matched=12118434 events~=139 subscribed=86593 rss_mib=3980 swap_mib=0 fanout_done=false
[sys] 09:40:08 tcp_alloc=186619 tcp_mem_pages=38404 PruneCalled=0 RcvPruned=0 TCPRcvCollapsed=0 TCPAbortOnMemory=0 TCPMemoryPressures=0 TCPMemoryPressuresChrono=0 TCPBacklogDrop=0 TCPZeroWindowDrop=0 TCPRcvQDrop=0 MemAvailable:2781M SwapFree:1023M Dirty:0M Slab:859M psi_mem=avg60=0.00 psi_cpu=avg60=0.60 load=7.22,6.38,5.60 cpu_u=499229 n=0 s=256982 i=1047611 io=948 irq=0 sirq=157110
[sys] 09:40:13 tcp_alloc=186619 tcp_mem_pages=19716 PruneCalled=0 RcvPruned=0 TCPRcvCollapsed=0 TCPAbortOnMemory=0 TCPMemoryPressures=0 TCPMemoryPressuresChrono=0 TCPBacklogDrop=0 TCPZeroWindowDrop=0 TCPRcvQDrop=0 MemAvailable:2801M SwapFree:1023M Dirty:0M Slab:861M psi_mem=avg60=0.00 psi_cpu=avg60=0.60 load=7.04,6.36,5.60 cpu_u=501376 n=0 s=257915 i=1048752 io=948 irq=0 sirq=157744
  [diag] progress t=170s delivered=12957758 matched=12984364 events~=149 subscribed=86593 rss_mib=3931 swap_mib=0 fanout_done=false
[sys] 09:40:18 tcp_alloc=186619 tcp_mem_pages=64772 PruneCalled=0 RcvPruned=0 TCPRcvCollapsed=0 TCPAbortOnMemory=0 TCPMemoryPressures=0 TCPMemoryPressuresChrono=0 TCPBacklogDrop=0 TCPZeroWindowDrop=0 TCPRcvQDrop=0 MemAvailable:2734M SwapFree:1023M Dirty:0M Slab:871M psi_mem=avg60=0.00 psi_cpu=avg60=0.59 load=6.87,6.34,5.60 cpu_u=503564 n=0 s=258759 i=1049880 io=948 irq=0 sirq=158359
  [diag] progress t=180s delivered=13877474 matched=13850294 events~=159 subscribed=86593 rss_mib=3980 swap_mib=0 fanout_done=false
[sys] 09:40:23 tcp_alloc=186619 tcp_mem_pages=21508 PruneCalled=0 RcvPruned=0 TCPRcvCollapsed=0 TCPAbortOnMemory=0 TCPMemoryPressures=0 TCPMemoryPressuresChrono=0 TCPBacklogDrop=0 TCPZeroWindowDrop=0 TCPRcvQDrop=0 MemAvailable:2755M SwapFree:1023M Dirty:0M Slab:859M psi_mem=avg60=0.00 psi_cpu=avg60=0.60 load=7.12,6.40,5.62 cpu_u=505630 n=0 s=259642 i=1051049 io=948 irq=0 sirq=158979
[sys] 09:40:28 tcp_alloc=189820 tcp_mem_pages=15108 PruneCalled=0 RcvPruned=0 TCPRcvCollapsed=0 TCPAbortOnMemory=0 TCPMemoryPressures=0 TCPMemoryPressuresChrono=0 TCPBacklogDrop=0 TCPZeroWindowDrop=0 TCPRcvQDrop=0 MemAvailable:2777M SwapFree:1023M Dirty:0M Slab:852M psi_mem=avg60=0.00 psi_cpu=avg60=0.70 load=7.27,6.44,5.64 cpu_u=507584 n=0 s=261047 i=1051978 io=948 irq=0 sirq=159488
  [diag] progress t=190s delivered=14728563 matched=14740105 events~=155 subscribed=94677 rss_mib=4014 swap_mib=0 fanout_done=false
[sys] 09:40:33 tcp_alloc=194863 tcp_mem_pages=7172 PruneCalled=0 RcvPruned=0 TCPRcvCollapsed=0 TCPAbortOnMemory=0 TCPMemoryPressures=0 TCPMemoryPressuresChrono=0 TCPBacklogDrop=0 TCPZeroWindowDrop=0 TCPRcvQDrop=0 MemAvailable:2718M SwapFree:1023M Dirty:0M Slab:861M psi_mem=avg60=0.00 psi_cpu=avg60=0.72 load=7.49,6.50,5.66 cpu_u=509803 n=0 s=261936 i=1053079 io=949 irq=0 sirq=160113
[sys] 09:40:38 tcp_alloc=196234 tcp_mem_pages=9732 PruneCalled=0 RcvPruned=0 TCPRcvCollapsed=0 TCPAbortOnMemory=0 TCPMemoryPressures=0 TCPMemoryPressuresChrono=0 TCPBacklogDrop=0 TCPZeroWindowDrop=0 TCPRcvQDrop=0 MemAvailable:2638M SwapFree:1023M Dirty:0M Slab:861M psi_mem=avg60=0.00 psi_cpu=avg60=0.75 load=7.69,6.56,5.69 cpu_u=511884 n=0 s=262740 i=1054189 io=950 irq=0 sirq=160738
  [diag] progress t=200s delivered=15471017 matched=15504870 events~=161 subscribed=96208 rss_mib=4085 swap_mib=0 fanout_done=false
[sys] 09:40:43 tcp_alloc=196234 tcp_mem_pages=11268 PruneCalled=0 RcvPruned=0 TCPRcvCollapsed=0 TCPAbortOnMemory=0 TCPMemoryPressures=0 TCPMemoryPressuresChrono=0 TCPBacklogDrop=0 TCPZeroWindowDrop=0 TCPRcvQDrop=0 MemAvailable:2646M SwapFree:1023M Dirty:0M Slab:861M psi_mem=avg60=0.00 psi_cpu=avg60=0.73 load=7.88,6.62,5.71 cpu_u=513990 n=0 s=263518 i=1055380 io=950 irq=0 sirq=161319
[sys] 09:40:48 tcp_alloc=196424 tcp_mem_pages=5892 PruneCalled=0 RcvPruned=0 TCPRcvCollapsed=0 TCPAbortOnMemory=0 TCPMemoryPressures=0 TCPMemoryPressuresChrono=0 TCPBacklogDrop=0 TCPZeroWindowDrop=0 TCPRcvQDrop=0 MemAvailable:2584M SwapFree:1023M Dirty:0M Slab:860M psi_mem=avg60=0.00 psi_cpu=avg60=0.75 load=8.13,6.69,5.74 cpu_u=516174 n=0 s=264221 i=1056687 io=951 irq=0 sirq=161880
  [diag] progress t=210s delivered=15901726 matched=15890237 events~=164 subscribed=96398 rss_mib=4150 swap_mib=0 fanout_done=false
[sys] 09:40:53 tcp_alloc=196424 tcp_mem_pages=8196 PruneCalled=0 RcvPruned=0 TCPRcvCollapsed=0 TCPAbortOnMemory=0 TCPMemoryPressures=0 TCPMemoryPressuresChrono=0 TCPBacklogDrop=0 TCPZeroWindowDrop=0 TCPRcvQDrop=0 MemAvailable:2591M SwapFree:1023M Dirty:0M Slab:870M psi_mem=avg60=0.00 psi_cpu=avg60=0.80 load=8.04,6.69,5.75 cpu_u=518394 n=0 s=264914 i=1057859 io=951 irq=0 sirq=162462
[sys] 09:40:58 tcp_alloc=196424 tcp_mem_pages=12804 PruneCalled=0 RcvPruned=0 TCPRcvCollapsed=0 TCPAbortOnMemory=0 TCPMemoryPressures=0 TCPMemoryPressuresChrono=0 TCPBacklogDrop=0 TCPZeroWindowDrop=0 TCPRcvQDrop=0 MemAvailable:2647M SwapFree:1023M Dirty:0M Slab:860M psi_mem=avg60=0.00 psi_cpu=avg60=0.76 load=8.04,6.72,5.76 cpu_u=520626 n=0 s=265708 i=1058936 io=951 irq=0 sirq=163041
  [diag] progress t=220s delivered=16517189 matched=16468625 events~=170 subscribed=96398 rss_mib=4177 swap_mib=0 fanout_done=false
[sys] 09:41:03 tcp_alloc=196424 tcp_mem_pages=5380 PruneCalled=0 RcvPruned=0 TCPRcvCollapsed=0 TCPAbortOnMemory=0 TCPMemoryPressures=0 TCPMemoryPressuresChrono=0 TCPBacklogDrop=0 TCPZeroWindowDrop=0 TCPRcvQDrop=0 MemAvailable:2579M SwapFree:1023M Dirty:0M Slab:864M psi_mem=avg60=0.00 psi_cpu=avg60=0.77 load=7.79,6.69,5.75 cpu_u=522655 n=0 s=266445 i=1060250 io=951 irq=0 sirq=163614
[sys] 09:41:08 tcp_alloc=196424 tcp_mem_pages=11268 PruneCalled=0 RcvPruned=0 TCPRcvCollapsed=0 TCPAbortOnMemory=0 TCPMemoryPressures=0 TCPMemoryPressuresChrono=0 TCPBacklogDrop=0 TCPZeroWindowDrop=0 TCPRcvQDrop=0 MemAvailable:2516M SwapFree:1023M Dirty:0M Slab:860M psi_mem=avg60=0.00 psi_cpu=avg60=0.76 load=7.97,6.74,5.78 cpu_u=524867 n=0 s=267215 i=1061526 io=951 irq=0 sirq=164175
  [diag] progress t=230s delivered=17151774 matched=17143411 events~=177 subscribed=96398 rss_mib=4225 swap_mib=0 fanout_done=false
[sys] 09:41:13 tcp_alloc=196424 tcp_mem_pages=8964 PruneCalled=0 RcvPruned=0 TCPRcvCollapsed=0 TCPAbortOnMemory=0 TCPMemoryPressures=0 TCPMemoryPressuresChrono=0 TCPBacklogDrop=0 TCPZeroWindowDrop=0 TCPRcvQDrop=0 MemAvailable:2546M SwapFree:1023M Dirty:0M Slab:860M psi_mem=avg60=0.00 psi_cpu=avg60=0.74 load=8.37,6.85,5.82 cpu_u=527000 n=0 s=268015 i=1062796 io=952 irq=0 sirq=164766
[sys] 09:41:18 tcp_alloc=196424 tcp_mem_pages=8708 PruneCalled=0 RcvPruned=0 TCPRcvCollapsed=0 TCPAbortOnMemory=0 TCPMemoryPressures=0 TCPMemoryPressuresChrono=0 TCPBacklogDrop=0 TCPZeroWindowDrop=0 TCPRcvQDrop=0 MemAvailable:2538M SwapFree:1023M Dirty:0M Slab:860M psi_mem=avg60=0.00 psi_cpu=avg60=0.70 load=8.50,6.90,5.84 cpu_u=529094 n=0 s=268822 i=1064156 io=952 irq=0 sirq=165358
  [diag] progress t=240s delivered=17941506 matched=17914595 events~=185 subscribed=96398 rss_mib=4232 swap_mib=0 fanout_done=false
[sys] 09:41:23 tcp_alloc=196424 tcp_mem_pages=9732 PruneCalled=0 RcvPruned=0 TCPRcvCollapsed=0 TCPAbortOnMemory=0 TCPMemoryPressures=0 TCPMemoryPressuresChrono=0 TCPBacklogDrop=0 TCPZeroWindowDrop=0 TCPRcvQDrop=0 MemAvailable:2490M SwapFree:1023M Dirty:0M Slab:866M psi_mem=avg60=0.00 psi_cpu=avg60=0.69 load=8.62,6.95,5.86 cpu_u=531353 n=0 s=269645 i=1065326 io=952 irq=0 sirq=165959
[sys] 09:41:28 tcp_alloc=196424 tcp_mem_pages=9220 PruneCalled=0 RcvPruned=0 TCPRcvCollapsed=0 TCPAbortOnMemory=0 TCPMemoryPressures=0 TCPMemoryPressuresChrono=0 TCPBacklogDrop=0 TCPZeroWindowDrop=0 TCPRcvQDrop=0 MemAvailable:2519M SwapFree:1023M Dirty:0M Slab:862M psi_mem=avg60=0.00 psi_cpu=avg60=0.65 load=8.41,6.94,5.86 cpu_u=533501 n=0 s=270423 i=1066621 io=952 irq=0 sirq=166579
  [diag] progress t=250s delivered=18604165 matched=18685779 events~=193 subscribed=96398 rss_mib=4232 swap_mib=0 fanout_done=false
[sys] 09:41:33 tcp_alloc=196424 tcp_mem_pages=57860 PruneCalled=0 RcvPruned=0 TCPRcvCollapsed=0 TCPAbortOnMemory=0 TCPMemoryPressures=0 TCPMemoryPressuresChrono=0 TCPBacklogDrop=0 TCPZeroWindowDrop=0 TCPRcvQDrop=0 MemAvailable:2419M SwapFree:1023M Dirty:0M Slab:902M psi_mem=avg60=0.00 psi_cpu=avg60=0.67 load=8.54,6.99,5.89 cpu_u=535635 n=0 s=271118 i=1067738 io=952 irq=0 sirq=167160
[sys] 09:41:38 tcp_alloc=196424 tcp_mem_pages=5124 PruneCalled=0 RcvPruned=0 TCPRcvCollapsed=0 TCPAbortOnMemory=0 TCPMemoryPressures=0 TCPMemoryPressuresChrono=0 TCPBacklogDrop=0 TCPZeroWindowDrop=0 TCPRcvQDrop=0 MemAvailable:2473M SwapFree:1023M Dirty:0M Slab:861M psi_mem=avg60=0.00 psi_cpu=avg60=0.67 load=8.66,7.04,5.91 cpu_u=537818 n=0 s=271890 i=1068952 io=952 irq=0 sirq=167686
  [diag] progress t=260s delivered=19321906 matched=19264167 events~=199 subscribed=96398 rss_mib=4269 swap_mib=0 fanout_done=false
[sys] 09:41:43 tcp_alloc=196424 tcp_mem_pages=4100 PruneCalled=0 RcvPruned=0 TCPRcvCollapsed=0 TCPAbortOnMemory=0 TCPMemoryPressures=0 TCPMemoryPressuresChrono=0 TCPBacklogDrop=0 TCPZeroWindowDrop=0 TCPRcvQDrop=0 MemAvailable:2448M SwapFree:1023M Dirty:0M Slab:860M psi_mem=avg60=0.00 psi_cpu=avg60=0.69 load=8.77,7.09,5.93 cpu_u=539955 n=0 s=272707 i=1070073 io=952 irq=0 sirq=168331
[sys] 09:41:48 tcp_alloc=196424 tcp_mem_pages=18948 PruneCalled=0 RcvPruned=0 TCPRcvCollapsed=0 TCPAbortOnMemory=0 TCPMemoryPressures=0 TCPMemoryPressuresChrono=0 TCPBacklogDrop=0 TCPZeroWindowDrop=0 TCPRcvQDrop=0 MemAvailable:2435M SwapFree:1023M Dirty:0M Slab:882M psi_mem=avg60=0.00 psi_cpu=avg60=0.69 load=8.62,7.08,5.94 cpu_u=542138 n=0 s=273359 i=1071299 io=952 irq=0 sirq=168837
  [diag] progress t=270s delivered=19880800 matched=19938953 events~=206 subscribed=96398 rss_mib=4291 swap_mib=0 fanout_done=false
[sys] 09:41:54 tcp_alloc=196424 tcp_mem_pages=7428 PruneCalled=0 RcvPruned=0 TCPRcvCollapsed=0 TCPAbortOnMemory=0 TCPMemoryPressures=0 TCPMemoryPressuresChrono=0 TCPBacklogDrop=0 TCPZeroWindowDrop=0 TCPRcvQDrop=0 MemAvailable:2378M SwapFree:1023M Dirty:0M Slab:864M psi_mem=avg60=0.00 psi_cpu=avg60=0.68 load=8.49,7.08,5.94 cpu_u=544202 n=0 s=274210 i=1072562 io=952 irq=0 sirq=169443
[sys] 09:41:59 tcp_alloc=196424 tcp_mem_pages=9476 PruneCalled=0 RcvPruned=0 TCPRcvCollapsed=0 TCPAbortOnMemory=0 TCPMemoryPressures=0 TCPMemoryPressuresChrono=0 TCPBacklogDrop=0 TCPZeroWindowDrop=0 TCPRcvQDrop=0 MemAvailable:2407M SwapFree:1023M Dirty:0M Slab:860M psi_mem=avg60=0.00 psi_cpu=avg60=0.67 load=8.61,7.13,5.96 cpu_u=546348 n=0 s=274959 i=1073661 io=952 irq=0 sirq=170046
  [diag] progress t=280s delivered=20516361 matched=20517341 events~=212 subscribed=96398 rss_mib=4291 swap_mib=0 fanout_done=false
[sys] 09:42:04 tcp_alloc=196424 tcp_mem_pages=11012 PruneCalled=0 RcvPruned=0 TCPRcvCollapsed=0 TCPAbortOnMemory=0 TCPMemoryPressures=0 TCPMemoryPressuresChrono=0 TCPBacklogDrop=0 TCPZeroWindowDrop=0 TCPRcvQDrop=0 MemAvailable:2418M SwapFree:1023M Dirty:0M Slab:860M psi_mem=avg60=0.00 psi_cpu=avg60=0.70 load=8.73,7.18,5.99 cpu_u=548415 n=0 s=275704 i=1074822 io=952 irq=0 sirq=170592
[sys] 09:42:09 tcp_alloc=196424 tcp_mem_pages=10500 PruneCalled=0 RcvPruned=0 TCPRcvCollapsed=0 TCPAbortOnMemory=0 TCPMemoryPressures=0 TCPMemoryPressuresChrono=0 TCPBacklogDrop=0 TCPZeroWindowDrop=0 TCPRcvQDrop=0 MemAvailable:2407M SwapFree:1023M Dirty:0M Slab:860M psi_mem=avg60=0.00 psi_cpu=avg60=0.69 load=8.11,7.08,5.96 cpu_u=550474 n=0 s=276359 i=1076161 io=952 irq=0 sirq=171126
  [diag] progress t=290s delivered=21037638 matched=20999331 events~=217 subscribed=96398 rss_mib=4320 swap_mib=0 fanout_done=false
[sys] 09:42:14 tcp_alloc=196424 tcp_mem_pages=8196 PruneCalled=0 RcvPruned=0 TCPRcvCollapsed=0 TCPAbortOnMemory=0 TCPMemoryPressures=0 TCPMemoryPressuresChrono=0 TCPBacklogDrop=0 TCPZeroWindowDrop=0 TCPRcvQDrop=0 MemAvailable:2434M SwapFree:1023M Dirty:0M Slab:864M psi_mem=avg60=0.00 psi_cpu=avg60=0.71 load=8.26,7.13,5.98 cpu_u=552680 n=0 s=277141 i=1077386 io=952 irq=0 sirq=171714
[sys] 09:42:19 tcp_alloc=196424 tcp_mem_pages=11780 PruneCalled=0 RcvPruned=0 TCPRcvCollapsed=0 TCPAbortOnMemory=0 TCPMemoryPressures=0 TCPMemoryPressuresChrono=0 TCPBacklogDrop=0 TCPZeroWindowDrop=0 TCPRcvQDrop=0 MemAvailable:2432M SwapFree:1023M Dirty:0M Slab:860M psi_mem=avg60=0.00 psi_cpu=avg60=0.71 load=8.32,7.16,6.00 cpu_u=554787 n=0 s=277941 i=1078632 io=952 irq=0 sirq=172328
  [diag] at window end: connected=96398 subscribed=96398 connect_failed=0 subscribed_at_start=74971 late_subscribers=21427 (late subscribers' pre-subscribe events stay in the drop count)
  [diag] router: matched=21577719 delivered=21577719 dropped=0 faulted=0 events_fanned_out~=223 (matched/subscribed)
  [diag] undelivered breakdown (events): never_connected_x_events=1801000 pre_subscribe_or_not_yet_fanned_out=26621281 router_dropped=0 router_faulted=0 in_flight_or_unaccounted=0 sum=28422281 (attempted-delivered=28376868)
  [diag] progress t=300s delivered=21623159 matched=21577719 events~=223 subscribed=96398 rss_mib=4291 swap_mib=0 fanout_done=false
  [diag] completed=false (delivered 21623132 of 50000000 before the 300s window) peak_rss_mib=4353
  [diag] finish: fanout_done=false reachable=21577719 delivered=21623132 elapsed_to_finish=n/a
  [diag] stages events=251 match=357.66ms/ev deliver=824.48ms/ev ack_scan=1.72ms/ev busy=297.15s wall=300.11s busy_frac=0.990
  [diag] cpu proc_cpu=2258.29s wall=300.11s cores_used=7.52 nproc=10
  [diag] fanout_task_finished=false (true = replicator budget exhausted before the window closed)
[sys] 09:42:24 tcp_alloc=195756 tcp_mem_pages=8708 PruneCalled=0 RcvPruned=0 TCPRcvCollapsed=0 TCPAbortOnMemory=0 TCPMemoryPressures=0 TCPMemoryPressuresChrono=0 TCPBacklogDrop=0 TCPZeroWindowDrop=0 TCPRcvQDrop=0 MemAvailable:2452M SwapFree:1023M Dirty:0M Slab:860M psi_mem=avg60=0.00 psi_cpu=avg60=1.03 load=7.89,7.09,5.98 cpu_u=556310 n=0 s=278483 i=1079682 io=952 irq=0 sirq=172786

=== nostos-bench-10k probe ===
  clients   : 100000
  events    : 500 (attempted deliveries: 50000000)
  window    : 300s
  ---------------------------
  delivered : 21623132
  ops/sec   : 72051
  drop%     : 56.75
  elapsed   : 300.11s
  elapsed_to_finish : n/a (window expired)
  ops/sec (finish)  : n/a
SOAK rc=0 09:42:26
HOST tier=100000 end 19:42:26 load1=18.88 rc=0
LINUX_DIAG_EXIT=0
