BUILD start 09:13:44 tag=fanout-diag
warn: this might cause rustup commands to take longer time to finish than expected
info: you may opt out with `RUSTUP_AUTO_INSTALL=0` or `rustup set auto-install disable`
    Finished `release` profile [optimized] target(s) in 0.30s
BUILD ok 09:13:51
HOST tier=100000 start 19:14:52 load1=5.59 waited=60s
env: Linux 7.0.12-linuxkit aarch64 nproc=10 nofile=1048576 mem=8124516kB swap=1048572kB tcp_rmem=4096-131072-33554432 tcp_wmem=4096-16384-4194304
SOAK start 09:14:52 clients=100000 events=500 window=300 ack=100 listeners=2
  [diag] listeners: ws://127.0.0.1:12691/sync ws://127.0.0.2:26419/sync
[sys] 09:14:52 tcp_alloc=24 tcp_mem_pages=0 PruneCalled=0 RcvPruned=0 TCPRcvCollapsed=0 TCPAbortOnMemory=0 TCPMemoryPressures=0 TCPMemoryPressuresChrono=0 TCPBacklogDrop=0 TCPZeroWindowDrop=0 TCPRcvQDrop=0 MemAvailable:7239M SwapFree:1023M Dirty:0M Slab:138M psi_mem=avg60=0.00 psi_cpu=avg60=0.18 load=1.10,4.02,2.63 cpu_u=123276 n=0 s=63192 i=412014 io=719 irq=0 sirq=41231
[sys] 09:14:57 tcp_alloc=93725 tcp_mem_pages=55551 PruneCalled=0 RcvPruned=0 TCPRcvCollapsed=0 TCPAbortOnMemory=0 TCPMemoryPressures=0 TCPMemoryPressuresChrono=0 TCPBacklogDrop=0 TCPZeroWindowDrop=0 TCPRcvQDrop=0 MemAvailable:5945M SwapFree:1023M Dirty:0M Slab:501M psi_mem=avg60=0.00 psi_cpu=avg60=0.25 load=1.81,4.12,2.67 cpu_u=123454 n=0 s=66872 i=412370 io=719 irq=0 sirq=41331
[sys] 09:15:02 tcp_alloc=104290 tcp_mem_pages=58367 PruneCalled=0 RcvPruned=0 TCPRcvCollapsed=0 TCPAbortOnMemory=0 TCPMemoryPressures=0 TCPMemoryPressuresChrono=0 TCPBacklogDrop=0 TCPZeroWindowDrop=0 TCPRcvQDrop=0 MemAvailable:5847M SwapFree:1023M Dirty:0M Slab:546M psi_mem=avg60=0.00 psi_cpu=avg60=0.40 load=2.39,4.20,2.71 cpu_u=123500 n=0 s=70364 i=412486 io=719 irq=0 sirq=41386
[sys] 09:15:07 tcp_alloc=114238 tcp_mem_pages=54783 PruneCalled=0 RcvPruned=0 TCPRcvCollapsed=0 TCPAbortOnMemory=0 TCPMemoryPressures=0 TCPMemoryPressuresChrono=0 TCPBacklogDrop=0 TCPZeroWindowDrop=0 TCPRcvQDrop=0 MemAvailable:5766M SwapFree:1023M Dirty:0M Slab:583M psi_mem=avg60=0.00 psi_cpu=avg60=1.21 load=3.00,4.30,2.75 cpu_u=123556 n=0 s=73496 i=412579 io=719 irq=0 sirq=41468
[sys] 09:15:13 tcp_alloc=125317 tcp_mem_pages=57087 PruneCalled=0 RcvPruned=0 TCPRcvCollapsed=0 TCPAbortOnMemory=0 TCPMemoryPressures=0 TCPMemoryPressuresChrono=0 TCPBacklogDrop=0 TCPZeroWindowDrop=0 TCPRcvQDrop=0 MemAvailable:5675M SwapFree:1023M Dirty:0M Slab:626M psi_mem=avg60=0.00 psi_cpu=avg60=1.23 load=3.56,4.39,2.78 cpu_u=123594 n=0 s=76999 i=412657 io=719 irq=0 sirq=41502
[sys] 09:15:18 tcp_alloc=139716 tcp_mem_pages=67839 PruneCalled=0 RcvPruned=0 TCPRcvCollapsed=0 TCPAbortOnMemory=0 TCPMemoryPressures=0 TCPMemoryPressuresChrono=0 TCPBacklogDrop=0 TCPZeroWindowDrop=0 TCPRcvQDrop=0 MemAvailable:5312M SwapFree:1023M Dirty:0M Slab:694M psi_mem=avg60=0.00 psi_cpu=avg60=1.71 load=4.07,4.49,2.82 cpu_u=123770 n=0 s=80302 i=413003 io=719 irq=0 sirq=41589
[sys] 09:15:23 tcp_alloc=158769 tcp_mem_pages=42239 PruneCalled=0 RcvPruned=0 TCPRcvCollapsed=0 TCPAbortOnMemory=0 TCPMemoryPressures=0 TCPMemoryPressuresChrono=0 TCPBacklogDrop=0 TCPZeroWindowDrop=0 TCPRcvQDrop=0 MemAvailable:4335M SwapFree:1023M Dirty:0M Slab:769M psi_mem=avg60=0.00 psi_cpu=avg60=1.76 load=3.75,4.41,2.81 cpu_u=124154 n=0 s=80805 i=416718 io=719 irq=0 sirq=41714
[sys] 09:15:28 tcp_alloc=162611 tcp_mem_pages=38399 PruneCalled=0 RcvPruned=0 TCPRcvCollapsed=0 TCPAbortOnMemory=0 TCPMemoryPressures=0 TCPMemoryPressuresChrono=0 TCPBacklogDrop=0 TCPZeroWindowDrop=0 TCPRcvQDrop=0 MemAvailable:4233M SwapFree:1023M Dirty:0M Slab:779M psi_mem=avg60=0.00 psi_cpu=avg60=1.59 load=3.45,4.34,2.79 cpu_u=124232 n=0 s=80854 i=421538 io=720 irq=0 sirq=41741
[sys] 09:15:33 tcp_alloc=168661 tcp_mem_pages=31487 PruneCalled=0 RcvPruned=0 TCPRcvCollapsed=0 TCPAbortOnMemory=0 TCPMemoryPressures=0 TCPMemoryPressuresChrono=0 TCPBacklogDrop=0 TCPZeroWindowDrop=0 TCPRcvQDrop=0 MemAvailable:4039M SwapFree:1023M Dirty:0M Slab:798M psi_mem=avg60=0.00 psi_cpu=avg60=1.48 load=3.17,4.27,2.78 cpu_u=124340 n=0 s=80934 i=426300 io=720 irq=0 sirq=41783
[sys] 09:15:38 tcp_alloc=170550 tcp_mem_pages=29951 PruneCalled=0 RcvPruned=0 TCPRcvCollapsed=0 TCPAbortOnMemory=0 TCPMemoryPressures=0 TCPMemoryPressuresChrono=0 TCPBacklogDrop=0 TCPZeroWindowDrop=0 TCPRcvQDrop=0 MemAvailable:3975M SwapFree:1023M Dirty:0M Slab:803M psi_mem=avg60=0.00 psi_cpu=avg60=1.34 load=2.92,4.20,2.76 cpu_u=124377 n=0 s=80967 i=431232 io=720 irq=0 sirq=41794
[sys] 09:15:43 tcp_alloc=170602 tcp_mem_pages=29695 PruneCalled=0 RcvPruned=0 TCPRcvCollapsed=0 TCPAbortOnMemory=0 TCPMemoryPressures=0 TCPMemoryPressuresChrono=0 TCPBacklogDrop=0 TCPZeroWindowDrop=0 TCPRcvQDrop=0 MemAvailable:3974M SwapFree:1023M Dirty:0M Slab:803M psi_mem=avg60=0.00 psi_cpu=avg60=1.26 load=2.68,4.13,2.75 cpu_u=124379 n=0 s=80969 i=436238 io=720 irq=0 sirq=41794
[sys] 09:15:48 tcp_alloc=170897 tcp_mem_pages=29951 PruneCalled=0 RcvPruned=0 TCPRcvCollapsed=0 TCPAbortOnMemory=0 TCPMemoryPressures=0 TCPMemoryPressuresChrono=0 TCPBacklogDrop=0 TCPZeroWindowDrop=0 TCPRcvQDrop=0 MemAvailable:3972M SwapFree:1023M Dirty:0M Slab:804M psi_mem=avg60=0.00 psi_cpu=avg60=1.14 load=2.47,4.06,2.73 cpu_u=124388 n=0 s=80975 i=441230 io=720 irq=0 sirq=41798
[sys] 09:15:53 tcp_alloc=170925 tcp_mem_pages=29951 PruneCalled=0 RcvPruned=0 TCPRcvCollapsed=0 TCPAbortOnMemory=0 TCPMemoryPressures=0 TCPMemoryPressuresChrono=0 TCPBacklogDrop=0 TCPZeroWindowDrop=0 TCPRcvQDrop=0 MemAvailable:3971M SwapFree:1023M Dirty:0M Slab:804M psi_mem=avg60=0.00 psi_cpu=avg60=1.06 load=2.27,3.99,2.72 cpu_u=124391 n=0 s=80978 i=446235 io=720 irq=0 sirq=41798
[sys] 09:15:58 tcp_alloc=170955 tcp_mem_pages=29951 PruneCalled=0 RcvPruned=0 TCPRcvCollapsed=0 TCPAbortOnMemory=0 TCPMemoryPressures=0 TCPMemoryPressuresChrono=0 TCPBacklogDrop=0 TCPZeroWindowDrop=0 TCPRcvQDrop=0 MemAvailable:3970M SwapFree:1023M Dirty:0M Slab:804M psi_mem=avg60=0.00 psi_cpu=avg60=0.96 load=2.09,3.92,2.70 cpu_u=124394 n=0 s=80981 i=451242 io=720 irq=0 sirq=41800
[sys] 09:16:03 tcp_alloc=174005 tcp_mem_pages=26111 PruneCalled=0 RcvPruned=0 TCPRcvCollapsed=0 TCPAbortOnMemory=0 TCPMemoryPressures=0 TCPMemoryPressuresChrono=0 TCPBacklogDrop=0 TCPZeroWindowDrop=0 TCPRcvQDrop=0 MemAvailable:3876M SwapFree:1023M Dirty:0M Slab:813M psi_mem=avg60=0.00 psi_cpu=avg60=0.90 load=1.92,3.86,2.69 cpu_u=124457 n=0 s=81021 i=456110 io=720 irq=0 sirq=41831
[sys] 09:16:08 tcp_alloc=174416 tcp_mem_pages=25855 PruneCalled=0 RcvPruned=0 TCPRcvCollapsed=0 TCPAbortOnMemory=0 TCPMemoryPressures=0 TCPMemoryPressuresChrono=0 TCPBacklogDrop=0 TCPZeroWindowDrop=0 TCPRcvQDrop=0 MemAvailable:3864M SwapFree:1023M Dirty:0M Slab:814M psi_mem=avg60=0.00 psi_cpu=avg60=0.81 load=1.77,3.79,2.67 cpu_u=124467 n=0 s=81029 i=461100 io=721 irq=0 sirq=41833
[sys] 09:16:13 tcp_alloc=174794 tcp_mem_pages=25343 PruneCalled=0 RcvPruned=0 TCPRcvCollapsed=0 TCPAbortOnMemory=0 TCPMemoryPressures=0 TCPMemoryPressuresChrono=0 TCPBacklogDrop=0 TCPZeroWindowDrop=0 TCPRcvQDrop=0 MemAvailable:3853M SwapFree:1023M Dirty:0M Slab:814M psi_mem=avg60=0.00 psi_cpu=avg60=0.76 load=1.62,3.73,2.66 cpu_u=124482 n=0 s=81174 i=465930 io=721 irq=0 sirq=41839
  [diag] subscribe quorum after 82.12s: connected=74768 subscribed=74768 connect_failed=0 complete=false (ceiling 500s, stall 5s)
[sys] 09:16:18 tcp_alloc=174794 tcp_mem_pages=30719 PruneCalled=0 RcvPruned=0 TCPRcvCollapsed=0 TCPAbortOnMemory=0 TCPMemoryPressures=0 TCPMemoryPressuresChrono=0 TCPBacklogDrop=0 TCPZeroWindowDrop=0 TCPRcvQDrop=0 MemAvailable:3734M SwapFree:1023M Dirty:0M Slab:813M psi_mem=avg60=0.00 psi_cpu=avg60=0.72 load=2.30,3.83,2.70 cpu_u=125134 n=0 s=81427 i=469366 io=721 irq=0 sirq=42068
[sys] 09:16:23 tcp_alloc=174794 tcp_mem_pages=33791 PruneCalled=0 RcvPruned=0 TCPRcvCollapsed=0 TCPAbortOnMemory=0 TCPMemoryPressures=0 TCPMemoryPressuresChrono=0 TCPBacklogDrop=0 TCPZeroWindowDrop=0 TCPRcvQDrop=0 MemAvailable:3557M SwapFree:1023M Dirty:0M Slab:812M psi_mem=avg60=0.00 psi_cpu=avg60=0.74 load=2.91,3.94,2.74 cpu_u=126454 n=0 s=82010 i=470564 io=721 irq=0 sirq=42560
  [diag] progress t=10s delivered=419488 matched=448608 events~=6 subscribed=74768 rss_mib=3207 swap_mib=0 fanout_done=false
[sys] 09:16:28 tcp_alloc=174794 tcp_mem_pages=32255 PruneCalled=0 RcvPruned=0 TCPRcvCollapsed=0 TCPAbortOnMemory=0 TCPMemoryPressures=0 TCPMemoryPressuresChrono=0 TCPBacklogDrop=0 TCPZeroWindowDrop=0 TCPRcvQDrop=0 MemAvailable:3505M SwapFree:1023M Dirty:0M Slab:813M psi_mem=avg60=0.00 psi_cpu=avg60=0.76 load=3.48,4.04,2.78 cpu_u=127491 n=0 s=82541 i=471315 io=721 irq=0 sirq=43139
[sys] 09:16:33 tcp_alloc=174794 tcp_mem_pages=34047 PruneCalled=0 RcvPruned=0 TCPRcvCollapsed=0 TCPAbortOnMemory=0 TCPMemoryPressures=0 TCPMemoryPressuresChrono=0 TCPBacklogDrop=0 TCPZeroWindowDrop=0 TCPRcvQDrop=0 MemAvailable:3515M SwapFree:1023M Dirty:0M Slab:817M psi_mem=avg60=0.00 psi_cpu=avg60=0.81 load=4.00,4.14,2.82 cpu_u=128384 n=0 s=82952 i=472380 io=721 irq=0 sirq=43605
  [diag] progress t=20s delivered=683083 matched=747680 events~=10 subscribed=74768 rss_mib=3361 swap_mib=0 fanout_done=false
[sys] 09:16:38 tcp_alloc=174794 tcp_mem_pages=27903 PruneCalled=0 RcvPruned=0 TCPRcvCollapsed=0 TCPAbortOnMemory=0 TCPMemoryPressures=0 TCPMemoryPressuresChrono=0 TCPBacklogDrop=0 TCPZeroWindowDrop=0 TCPRcvQDrop=0 MemAvailable:3443M SwapFree:1023M Dirty:0M Slab:820M psi_mem=avg60=0.00 psi_cpu=avg60=0.89 load=4.32,4.20,2.84 cpu_u=129574 n=0 s=83449 i=473605 io=721 irq=0 sirq=44042
[sys] 09:16:43 tcp_alloc=174794 tcp_mem_pages=69375 PruneCalled=0 RcvPruned=0 TCPRcvCollapsed=0 TCPAbortOnMemory=0 TCPMemoryPressures=0 TCPMemoryPressuresChrono=0 TCPBacklogDrop=0 TCPZeroWindowDrop=0 TCPRcvQDrop=0 MemAvailable:3303M SwapFree:1023M Dirty:0M Slab:846M psi_mem=avg60=0.00 psi_cpu=avg60=0.96 load=4.78,4.30,2.88 cpu_u=130873 n=0 s=83956 i=474649 io=722 irq=0 sirq=44482
  [diag] progress t=30s delivered=993743 matched=1046752 events~=14 subscribed=74768 rss_mib=3436 swap_mib=0 fanout_done=false
[sys] 09:16:48 tcp_alloc=174794 tcp_mem_pages=32511 PruneCalled=0 RcvPruned=0 TCPRcvCollapsed=0 TCPAbortOnMemory=0 TCPMemoryPressures=0 TCPMemoryPressuresChrono=0 TCPBacklogDrop=0 TCPZeroWindowDrop=0 TCPRcvQDrop=0 MemAvailable:3280M SwapFree:1023M Dirty:0M Slab:816M psi_mem=avg60=0.00 psi_cpu=avg60=0.97 load=5.20,4.39,2.92 cpu_u=132628 n=0 s=84721 i=475969 io=722 irq=0 sirq=44994
[sys] 09:16:53 tcp_alloc=174794 tcp_mem_pages=37887 PruneCalled=0 RcvPruned=0 TCPRcvCollapsed=0 TCPAbortOnMemory=0 TCPMemoryPressures=0 TCPMemoryPressuresChrono=0 TCPBacklogDrop=0 TCPZeroWindowDrop=0 TCPRcvQDrop=0 MemAvailable:3128M SwapFree:1023M Dirty:0M Slab:816M psi_mem=avg60=0.00 psi_cpu=avg60=1.00 load=5.66,4.50,2.96 cpu_u=134443 n=0 s=85517 i=476951 io=722 irq=0 sirq=45557
  [diag] progress t=40s delivered=1677250 matched=1719664 events~=23 subscribed=74768 rss_mib=3663 swap_mib=0 fanout_done=false
[sys] 09:16:58 tcp_alloc=174794 tcp_mem_pages=34303 PruneCalled=0 RcvPruned=0 TCPRcvCollapsed=0 TCPAbortOnMemory=0 TCPMemoryPressures=0 TCPMemoryPressuresChrono=0 TCPBacklogDrop=0 TCPZeroWindowDrop=0 TCPRcvQDrop=0 MemAvailable:3108M SwapFree:1023M Dirty:0M Slab:812M psi_mem=avg60=0.00 psi_cpu=avg60=1.00 load=6.01,4.59,3.00 cpu_u=136384 n=0 s=86415 i=478109 io=722 irq=0 sirq=46151
[sys] 09:17:03 tcp_alloc=174794 tcp_mem_pages=56831 PruneCalled=0 RcvPruned=0 TCPRcvCollapsed=0 TCPAbortOnMemory=0 TCPMemoryPressures=0 TCPMemoryPressuresChrono=0 TCPBacklogDrop=0 TCPZeroWindowDrop=0 TCPRcvQDrop=0 MemAvailable:3098M SwapFree:1023M Dirty:0M Slab:832M psi_mem=avg60=0.00 psi_cpu=avg60=0.97 load=6.33,4.68,3.04 cpu_u=138262 n=0 s=87309 i=479134 io=722 irq=0 sirq=46761
  [diag] progress t=50s delivered=2716443 matched=2766416 events~=37 subscribed=74768 rss_mib=3655 swap_mib=0 fanout_done=false
[sys] 09:17:15 tcp_alloc=174773 tcp_mem_pages=4351 PruneCalled=0 RcvPruned=0 TCPRcvCollapsed=0 TCPAbortOnMemory=0 TCPMemoryPressures=0 TCPMemoryPressuresChrono=0 TCPBacklogDrop=0 TCPZeroWindowDrop=0 TCPRcvQDrop=0 MemAvailable:3156M SwapFree:1023M Dirty:0M Slab:779M psi_mem=avg60=0.00 psi_cpu=avg60=2.24 load=6.09,4.69,3.06 cpu_u=139144 n=0 s=87671 i=480136 io=724 irq=0 sirq=47823
  [diag] progress t=60s delivered=2780651 matched=2766416 events~=37 subscribed=74768 rss_mib=3655 swap_mib=0 fanout_done=false
[sys] 09:17:20 tcp_alloc=178522 tcp_mem_pages=23039 PruneCalled=0 RcvPruned=0 TCPRcvCollapsed=0 TCPAbortOnMemory=0 TCPMemoryPressures=0 TCPMemoryPressuresChrono=0 TCPBacklogDrop=0 TCPZeroWindowDrop=0 TCPRcvQDrop=0 MemAvailable:3078M SwapFree:1023M Dirty:0M Slab:826M psi_mem=avg60=0.00 psi_cpu=avg60=3.97 load=6.57,4.81,3.11 cpu_u=140544 n=0 s=88561 i=481876 io=724 irq=0 sirq=48103
[sys] 09:17:25 tcp_alloc=180350 tcp_mem_pages=40191 PruneCalled=0 RcvPruned=0 TCPRcvCollapsed=0 TCPAbortOnMemory=0 TCPMemoryPressures=0 TCPMemoryPressuresChrono=0 TCPBacklogDrop=0 TCPZeroWindowDrop=0 TCPRcvQDrop=0 MemAvailable:3020M SwapFree:1023M Dirty:0M Slab:857M psi_mem=avg60=0.00 psi_cpu=avg60=4.70 load=6.76,4.88,3.14 cpu_u=141403 n=0 s=88859 i=482946 io=724 irq=0 sirq=48601
  [diag] progress t=70s delivered=2905821 matched=2991754 events~=37 subscribed=79427 rss_mib=3694 swap_mib=0 fanout_done=false
[sys] 09:17:30 tcp_alloc=182890 tcp_mem_pages=22015 PruneCalled=0 RcvPruned=0 TCPRcvCollapsed=0 TCPAbortOnMemory=0 TCPMemoryPressures=0 TCPMemoryPressuresChrono=0 TCPBacklogDrop=0 TCPZeroWindowDrop=0 TCPRcvQDrop=0 MemAvailable:3054M SwapFree:1023M Dirty:0M Slab:847M psi_mem=avg60=0.00 psi_cpu=avg60=4.65 load=6.94,4.95,3.17 cpu_u=142563 n=0 s=89361 i=484279 io=724 irq=0 sirq=49081
  [diag] progress t=80s delivered=3155511 matched=3149156 events~=35 subscribed=88756 rss_mib=3755 swap_mib=0 fanout_done=false
[sys] 09:17:35 tcp_alloc=188986 tcp_mem_pages=18687 PruneCalled=0 RcvPruned=0 TCPRcvCollapsed=0 TCPAbortOnMemory=0 TCPMemoryPressures=0 TCPMemoryPressuresChrono=0 TCPBacklogDrop=0 TCPZeroWindowDrop=0 TCPRcvQDrop=0 MemAvailable:2983M SwapFree:1023M Dirty:0M Slab:857M psi_mem=avg60=0.00 psi_cpu=avg60=4.53 load=6.95,4.99,3.19 cpu_u=143769 n=0 s=89817 i=486251 io=724 irq=0 sirq=49472
[sys] 09:17:40 tcp_alloc=191535 tcp_mem_pages=17663 PruneCalled=0 RcvPruned=0 TCPRcvCollapsed=0 TCPAbortOnMemory=0 TCPMemoryPressures=0 TCPMemoryPressuresChrono=0 TCPBacklogDrop=0 TCPZeroWindowDrop=0 TCPRcvQDrop=0 MemAvailable:2970M SwapFree:1023M Dirty:0M Slab:864M psi_mem=avg60=0.00 psi_cpu=avg60=4.49 load=6.87,5.00,3.21 cpu_u=145098 n=0 s=90229 i=487216 io=724 irq=0 sirq=49994
  [diag] progress t=90s delivered=3330956 matched=3325833 events~=36 subscribed=91949 rss_mib=3836 swap_mib=0 fanout_done=false
[sys] 09:17:46 tcp_alloc=191985 tcp_mem_pages=9983 PruneCalled=0 RcvPruned=0 TCPRcvCollapsed=0 TCPAbortOnMemory=0 TCPMemoryPressures=0 TCPMemoryPressuresChrono=0 TCPBacklogDrop=0 TCPZeroWindowDrop=0 TCPRcvQDrop=0 MemAvailable:2935M SwapFree:1023M Dirty:0M Slab:865M psi_mem=avg60=0.00 psi_cpu=avg60=4.25 load=7.12,5.09,3.25 cpu_u=145911 n=0 s=90585 i=488283 io=724 irq=0 sirq=50477
[sys] 09:17:51 tcp_alloc=192251 tcp_mem_pages=68607 PruneCalled=0 RcvPruned=0 TCPRcvCollapsed=0 TCPAbortOnMemory=0 TCPMemoryPressures=0 TCPMemoryPressuresChrono=0 TCPBacklogDrop=0 TCPZeroWindowDrop=0 TCPRcvQDrop=0 MemAvailable:2874M SwapFree:1023M Dirty:0M Slab:897M psi_mem=avg60=0.00 psi_cpu=avg60=4.13 load=7.35,5.17,3.28 cpu_u=147891 n=0 s=91202 i=489377 io=724 irq=0 sirq=51017
  [diag] progress t=100s delivered=3607374 matched=3692367 events~=39 subscribed=92723 rss_mib=3786 swap_mib=0 fanout_done=false
[sys] 09:17:56 tcp_alloc=193833 tcp_mem_pages=21759 PruneCalled=0 RcvPruned=0 TCPRcvCollapsed=0 TCPAbortOnMemory=0 TCPMemoryPressures=0 TCPMemoryPressuresChrono=0 TCPBacklogDrop=0 TCPZeroWindowDrop=0 TCPRcvQDrop=0 MemAvailable:2937M SwapFree:1023M Dirty:0M Slab:891M psi_mem=avg60=0.00 psi_cpu=avg60=4.03 load=7.56,5.25,3.32 cpu_u=149543 n=0 s=91827 i=490759 io=725 irq=0 sirq=51532
[sys] 09:18:01 tcp_alloc=194595 tcp_mem_pages=9727 PruneCalled=0 RcvPruned=0 TCPRcvCollapsed=0 TCPAbortOnMemory=0 TCPMemoryPressures=0 TCPMemoryPressuresChrono=0 TCPBacklogDrop=0 TCPZeroWindowDrop=0 TCPRcvQDrop=0 MemAvailable:2863M SwapFree:1023M Dirty:0M Slab:863M psi_mem=avg60=0.00 psi_cpu=avg60=3.83 load=7.20,5.21,3.32 cpu_u=151436 n=0 s=92538 i=492245 io=725 irq=0 sirq=52080
  [diag] progress t=110s delivered=3929555 matched=3974026 events~=42 subscribed=94569 rss_mib=3829 swap_mib=0 fanout_done=false
[sys] 09:18:06 tcp_alloc=194595 tcp_mem_pages=22527 PruneCalled=0 RcvPruned=0 TCPRcvCollapsed=0 TCPAbortOnMemory=0 TCPMemoryPressures=0 TCPMemoryPressuresChrono=0 TCPBacklogDrop=0 TCPZeroWindowDrop=0 TCPRcvQDrop=0 MemAvailable:2865M SwapFree:1023M Dirty:0M Slab:863M psi_mem=avg60=0.00 psi_cpu=avg60=3.56 load=6.70,5.14,3.30 cpu_u=152711 n=0 s=92935 i=493413 io=725 irq=0 sirq=52524
[sys] 09:18:11 tcp_alloc=194739 tcp_mem_pages=58367 PruneCalled=0 RcvPruned=0 TCPRcvCollapsed=0 TCPAbortOnMemory=0 TCPMemoryPressures=0 TCPMemoryPressuresChrono=0 TCPBacklogDrop=0 TCPZeroWindowDrop=0 TCPRcvQDrop=0 MemAvailable:2811M SwapFree:1023M Dirty:0M Slab:895M psi_mem=avg60=0.00 psi_cpu=avg60=3.49 load=6.97,5.22,3.34 cpu_u=153828 n=0 s=93276 i=494122 io=725 irq=0 sirq=52989
  [diag] progress t=120s delivered=4102966 matched=4163179 events~=43 subscribed=94713 rss_mib=3962 swap_mib=0 fanout_done=false
[sys] 09:18:16 tcp_alloc=194739 tcp_mem_pages=36095 PruneCalled=0 RcvPruned=0 TCPRcvCollapsed=0 TCPAbortOnMemory=0 TCPMemoryPressures=0 TCPMemoryPressuresChrono=0 TCPBacklogDrop=0 TCPZeroWindowDrop=0 TCPRcvQDrop=0 MemAvailable:2768M SwapFree:1023M Dirty:0M Slab:873M psi_mem=avg60=0.00 psi_cpu=avg60=3.29 load=7.21,5.30,3.38 cpu_u=154979 n=0 s=93710 i=495267 io=725 irq=0 sirq=53393
[sys] 09:18:21 tcp_alloc=194863 tcp_mem_pages=15615 PruneCalled=0 RcvPruned=0 TCPRcvCollapsed=0 TCPAbortOnMemory=0 TCPMemoryPressures=0 TCPMemoryPressuresChrono=0 TCPBacklogDrop=0 TCPZeroWindowDrop=0 TCPRcvQDrop=0 MemAvailable:2785M SwapFree:1023M Dirty:0M Slab:878M psi_mem=avg60=0.00 psi_cpu=avg60=3.16 load=7.43,5.38,3.41 cpu_u=156069 n=0 s=94075 i=496381 io=725 irq=0 sirq=53766
  [diag] progress t=130s delivered=4204001 matched=4257763 events~=44 subscribed=94713 rss_mib=3964 swap_mib=0 fanout_done=false
[sys] 09:18:26 tcp_alloc=194998 tcp_mem_pages=48895 PruneCalled=0 RcvPruned=0 TCPRcvCollapsed=0 TCPAbortOnMemory=0 TCPMemoryPressures=0 TCPMemoryPressuresChrono=0 TCPBacklogDrop=0 TCPZeroWindowDrop=0 TCPRcvQDrop=0 MemAvailable:2773M SwapFree:1023M Dirty:0M Slab:886M psi_mem=avg60=0.00 psi_cpu=avg60=3.12 load=7.64,5.46,3.45 cpu_u=156976 n=0 s=94310 i=497054 io=725 irq=0 sirq=54196
[sys] 09:18:31 tcp_alloc=195651 tcp_mem_pages=30975 PruneCalled=0 RcvPruned=0 TCPRcvCollapsed=0 TCPAbortOnMemory=0 TCPMemoryPressures=0 TCPMemoryPressuresChrono=0 TCPBacklogDrop=0 TCPZeroWindowDrop=0 TCPRcvQDrop=0 MemAvailable:2764M SwapFree:1023M Dirty:0M Slab:876M psi_mem=avg60=0.00 psi_cpu=avg60=2.98 load=7.91,5.55,3.49 cpu_u=157929 n=0 s=94735 i=498308 io=725 irq=0 sirq=54648
  [diag] progress t=140s delivered=4384031 matched=4447189 events~=46 subscribed=96233 rss_mib=3882 swap_mib=0 fanout_done=false
[sys] 09:18:36 tcp_alloc=196349 tcp_mem_pages=25855 PruneCalled=0 RcvPruned=0 TCPRcvCollapsed=0 TCPAbortOnMemory=0 TCPMemoryPressures=0 TCPMemoryPressuresChrono=0 TCPBacklogDrop=0 TCPZeroWindowDrop=0 TCPRcvQDrop=0 MemAvailable:2853M SwapFree:1023M Dirty:0M Slab:873M psi_mem=avg60=0.00 psi_cpu=avg60=3.01 load=8.00,5.61,3.52 cpu_u=158911 n=0 s=95127 i=499351 io=725 irq=0 sirq=55094
[sys] 09:18:41 tcp_alloc=196479 tcp_mem_pages=31231 PruneCalled=0 RcvPruned=0 TCPRcvCollapsed=0 TCPAbortOnMemory=0 TCPMemoryPressures=0 TCPMemoryPressuresChrono=0 TCPBacklogDrop=0 TCPZeroWindowDrop=0 TCPRcvQDrop=0 MemAvailable:2849M SwapFree:1023M Dirty:0M Slab:877M psi_mem=avg60=0.00 psi_cpu=avg60=2.88 load=7.36,5.51,3.50 cpu_u=160072 n=0 s=95516 i=500694 io=725 irq=0 sirq=55546
  [diag] progress t=150s delivered=4566089 matched=4639670 events~=48 subscribed=96484 rss_mib=3928 swap_mib=0 fanout_done=false
[sys] 09:18:46 tcp_alloc=196513 tcp_mem_pages=66815 PruneCalled=0 RcvPruned=0 TCPRcvCollapsed=0 TCPAbortOnMemory=0 TCPMemoryPressures=0 TCPMemoryPressuresChrono=0 TCPBacklogDrop=0 TCPZeroWindowDrop=0 TCPRcvQDrop=0 MemAvailable:2796M SwapFree:1023M Dirty:0M Slab:916M psi_mem=avg60=0.00 psi_cpu=avg60=2.76 load=7.57,5.59,3.53 cpu_u=161720 n=0 s=96015 i=501802 io=725 irq=0 sirq=56040
[sys] 09:18:52 tcp_alloc=196513 tcp_mem_pages=12031 PruneCalled=0 RcvPruned=0 TCPRcvCollapsed=0 TCPAbortOnMemory=0 TCPMemoryPressures=0 TCPMemoryPressuresChrono=0 TCPBacklogDrop=0 TCPZeroWindowDrop=0 TCPRcvQDrop=0 MemAvailable:2854M SwapFree:1023M Dirty:0M Slab:862M psi_mem=avg60=0.00 psi_cpu=avg60=2.59 load=7.76,5.66,3.57 cpu_u=163834 n=0 s=96852 i=503038 io=726 irq=0 sirq=56609
  [diag] progress t=160s delivered=5236197 matched=5315048 events~=55 subscribed=96493 rss_mib=3980 swap_mib=0 fanout_done=false
[sys] 09:18:57 tcp_alloc=196521 tcp_mem_pages=15615 PruneCalled=0 RcvPruned=0 TCPRcvCollapsed=0 TCPAbortOnMemory=0 TCPMemoryPressures=0 TCPMemoryPressuresChrono=0 TCPBacklogDrop=0 TCPZeroWindowDrop=0 TCPRcvQDrop=0 MemAvailable:2847M SwapFree:1023M Dirty:0M Slab:865M psi_mem=avg60=0.00 psi_cpu=avg60=2.49 load=7.94,5.73,3.60 cpu_u=165916 n=0 s=97691 i=504106 io=726 irq=0 sirq=57195
[sys] 09:19:02 tcp_alloc=196521 tcp_mem_pages=4095 PruneCalled=0 RcvPruned=0 TCPRcvCollapsed=0 TCPAbortOnMemory=0 TCPMemoryPressures=0 TCPMemoryPressuresChrono=0 TCPBacklogDrop=0 TCPZeroWindowDrop=0 TCPRcvQDrop=0 MemAvailable:2663M SwapFree:1023M Dirty:0M Slab:863M psi_mem=avg60=0.00 psi_cpu=avg60=2.35 load=7.63,5.71,3.61 cpu_u=168041 n=0 s=98551 i=505141 io=726 irq=0 sirq=57817
  [diag] progress t=170s delivered=5998866 matched=6087006 events~=63 subscribed=96495 rss_mib=4007 swap_mib=0 fanout_done=false
[sys] 09:19:07 tcp_alloc=196521 tcp_mem_pages=7423 PruneCalled=0 RcvPruned=0 TCPRcvCollapsed=0 TCPAbortOnMemory=0 TCPMemoryPressures=0 TCPMemoryPressuresChrono=0 TCPBacklogDrop=0 TCPZeroWindowDrop=0 TCPRcvQDrop=0 MemAvailable:2713M SwapFree:1023M Dirty:0M Slab:868M psi_mem=avg60=0.00 psi_cpu=avg60=2.26 load=7.74,5.76,3.64 cpu_u=170110 n=0 s=99275 i=506299 io=726 irq=0 sirq=58365
[sys] 09:19:12 tcp_alloc=196521 tcp_mem_pages=4607 PruneCalled=0 RcvPruned=0 TCPRcvCollapsed=0 TCPAbortOnMemory=0 TCPMemoryPressures=0 TCPMemoryPressuresChrono=0 TCPBacklogDrop=0 TCPZeroWindowDrop=0 TCPRcvQDrop=0 MemAvailable:2689M SwapFree:1023M Dirty:0M Slab:859M psi_mem=avg60=0.00 psi_cpu=avg60=2.14 load=7.92,5.83,3.67 cpu_u=172207 n=0 s=100054 i=507455 io=726 irq=0 sirq=58979
  [diag] progress t=180s delivered=6755381 matched=6665976 events~=69 subscribed=96511 rss_mib=4116 swap_mib=0 fanout_done=false
[sys] 09:19:17 tcp_alloc=196537 tcp_mem_pages=15359 PruneCalled=0 RcvPruned=0 TCPRcvCollapsed=0 TCPAbortOnMemory=0 TCPMemoryPressures=0 TCPMemoryPressuresChrono=0 TCPBacklogDrop=0 TCPZeroWindowDrop=0 TCPRcvQDrop=0 MemAvailable:2697M SwapFree:1023M Dirty:0M Slab:859M psi_mem=avg60=0.00 psi_cpu=avg60=2.03 load=8.08,5.90,3.70 cpu_u=174300 n=0 s=100879 i=508600 io=726 irq=0 sirq=59612
[sys] 09:19:22 tcp_alloc=196537 tcp_mem_pages=9471 PruneCalled=0 RcvPruned=0 TCPRcvCollapsed=0 TCPAbortOnMemory=0 TCPMemoryPressures=0 TCPMemoryPressuresChrono=0 TCPBacklogDrop=0 TCPZeroWindowDrop=0 TCPRcvQDrop=0 MemAvailable:2654M SwapFree:1023M Dirty:0M Slab:862M psi_mem=avg60=0.00 psi_cpu=avg60=1.93 load=8.24,5.97,3.74 cpu_u=176382 n=0 s=101689 i=509638 io=726 irq=0 sirq=60234
  [diag] progress t=190s delivered=7521926 matched=7534559 events~=78 subscribed=96511 rss_mib=4145 swap_mib=0 fanout_done=false
[sys] 09:19:27 tcp_alloc=196537 tcp_mem_pages=9471 PruneCalled=0 RcvPruned=0 TCPRcvCollapsed=0 TCPAbortOnMemory=0 TCPMemoryPressures=0 TCPMemoryPressuresChrono=0 TCPBacklogDrop=0 TCPZeroWindowDrop=0 TCPRcvQDrop=0 MemAvailable:2519M SwapFree:1023M Dirty:0M Slab:861M psi_mem=avg60=0.00 psi_cpu=avg60=1.84 load=8.38,6.04,3.77 cpu_u=178593 n=0 s=102578 i=510616 io=726 irq=0 sirq=60846
[sys] 09:19:32 tcp_alloc=197239 tcp_mem_pages=6399 PruneCalled=0 RcvPruned=0 TCPRcvCollapsed=0 TCPAbortOnMemory=0 TCPMemoryPressures=0 TCPMemoryPressuresChrono=0 TCPBacklogDrop=0 TCPZeroWindowDrop=0 TCPRcvQDrop=0 MemAvailable:2548M SwapFree:1023M Dirty:0M Slab:854M psi_mem=avg60=0.00 psi_cpu=avg60=1.79 load=8.51,6.10,3.81 cpu_u=180772 n=0 s=103459 i=511760 io=726 irq=0 sirq=61461
  [diag] progress t=200s delivered=8261575 matched=8210838 events~=82 subscribed=98960 rss_mib=4237 swap_mib=0 fanout_done=false
[sys] 09:19:37 tcp_alloc=199482 tcp_mem_pages=9471 PruneCalled=0 RcvPruned=0 TCPRcvCollapsed=0 TCPAbortOnMemory=0 TCPMemoryPressures=0 TCPMemoryPressuresChrono=0 TCPBacklogDrop=0 TCPZeroWindowDrop=0 TCPRcvQDrop=0 MemAvailable:2476M SwapFree:1023M Dirty:0M Slab:859M psi_mem=avg60=0.00 psi_cpu=avg60=1.83 load=8.96,6.28,3.89 cpu_u=182470 n=0 s=104132 i=513114 io=726 irq=0 sirq=62007
[sys] 09:19:42 tcp_alloc=199877 tcp_mem_pages=6143 PruneCalled=0 RcvPruned=0 TCPRcvCollapsed=0 TCPAbortOnMemory=0 TCPMemoryPressures=0 TCPMemoryPressuresChrono=0 TCPBacklogDrop=0 TCPZeroWindowDrop=0 TCPRcvQDrop=0 MemAvailable:2476M SwapFree:1023M Dirty:0M Slab:863M psi_mem=avg60=0.00 psi_cpu=avg60=2.03 load=9.04,6.34,3.92 cpu_u=183839 n=0 s=104782 i=514026 io=727 irq=0 sirq=62563
  [diag] progress t=210s delivered=8670680 matched=8707077 events~=87 subscribed=99949 rss_mib=4231 swap_mib=0 fanout_done=false
[sys] 09:19:47 tcp_alloc=200026 tcp_mem_pages=17663 PruneCalled=0 RcvPruned=0 TCPRcvCollapsed=0 TCPAbortOnMemory=0 TCPMemoryPressures=0 TCPMemoryPressuresChrono=0 TCPBacklogDrop=0 TCPZeroWindowDrop=0 TCPRcvQDrop=0 MemAvailable:2455M SwapFree:1023M Dirty:0M Slab:870M psi_mem=avg60=0.00 psi_cpu=avg60=2.16 load=8.40,6.25,3.91 cpu_u=185232 n=0 s=105380 i=515014 io=727 irq=0 sirq=63101
[sys] 09:19:52 tcp_alloc=200026 tcp_mem_pages=16383 PruneCalled=0 RcvPruned=0 TCPRcvCollapsed=0 TCPAbortOnMemory=0 TCPMemoryPressures=0 TCPMemoryPressuresChrono=0 TCPBacklogDrop=0 TCPZeroWindowDrop=0 TCPRcvQDrop=0 MemAvailable:2425M SwapFree:1023M Dirty:0M Slab:868M psi_mem=avg60=0.00 psi_cpu=avg60=2.05 load=8.37,6.28,3.93 cpu_u=186708 n=0 s=105975 i=515970 io=727 irq=0 sirq=63678
  [diag] progress t=220s delivered=9171959 matched=9106945 events~=91 subscribed=100000 rss_mib=4329 swap_mib=0 fanout_done=false
[sys] 09:19:57 tcp_alloc=200026 tcp_mem_pages=3071 PruneCalled=0 RcvPruned=0 TCPRcvCollapsed=0 TCPAbortOnMemory=0 TCPMemoryPressures=0 TCPMemoryPressuresChrono=0 TCPBacklogDrop=0 TCPZeroWindowDrop=0 TCPRcvQDrop=0 MemAvailable:2430M SwapFree:1023M Dirty:0M Slab:860M psi_mem=avg60=0.00 psi_cpu=avg60=2.01 load=8.50,6.34,3.96 cpu_u=188356 n=0 s=106623 i=516977 io=727 irq=0 sirq=64253
[sys] 09:20:02 tcp_alloc=200026 tcp_mem_pages=1535 PruneCalled=0 RcvPruned=0 TCPRcvCollapsed=0 TCPAbortOnMemory=0 TCPMemoryPressures=0 TCPMemoryPressuresChrono=0 TCPBacklogDrop=0 TCPZeroWindowDrop=0 TCPRcvQDrop=0 MemAvailable:2425M SwapFree:1023M Dirty:0M Slab:856M psi_mem=avg60=0.00 psi_cpu=avg60=1.91 load=8.62,6.41,3.99 cpu_u=190017 n=0 s=107235 i=518278 io=727 irq=0 sirq=64809
  [diag] progress t=230s delivered=9608918 matched=9606945 events~=96 subscribed=100000 rss_mib=4329 swap_mib=0 fanout_done=false
[sys] 09:20:07 tcp_alloc=200026 tcp_mem_pages=23295 PruneCalled=0 RcvPruned=0 TCPRcvCollapsed=0 TCPAbortOnMemory=0 TCPMemoryPressures=0 TCPMemoryPressuresChrono=0 TCPBacklogDrop=0 TCPZeroWindowDrop=0 TCPRcvQDrop=0 MemAvailable:2414M SwapFree:1023M Dirty:0M Slab:876M psi_mem=avg60=0.00 psi_cpu=avg60=1.83 load=8.73,6.47,4.03 cpu_u=191522 n=0 s=107752 i=519304 io=727 irq=0 sirq=65322
[sys] 09:20:12 tcp_alloc=200026 tcp_mem_pages=21759 PruneCalled=0 RcvPruned=0 TCPRcvCollapsed=0 TCPAbortOnMemory=0 TCPMemoryPressures=0 TCPMemoryPressuresChrono=0 TCPBacklogDrop=0 TCPZeroWindowDrop=0 TCPRcvQDrop=0 MemAvailable:2383M SwapFree:1023M Dirty:0M Slab:874M psi_mem=avg60=0.00 psi_cpu=avg60=1.80 load=8.91,6.54,4.06 cpu_u=192688 n=0 s=108186 i=520109 io=727 irq=0 sirq=65873
  [diag] progress t=240s delivered=10026045 matched=10006945 events~=100 subscribed=100000 rss_mib=4395 swap_mib=0 fanout_done=false
[sys] 09:20:17 tcp_alloc=200026 tcp_mem_pages=1023 PruneCalled=0 RcvPruned=0 TCPRcvCollapsed=0 TCPAbortOnMemory=0 TCPMemoryPressures=0 TCPMemoryPressuresChrono=0 TCPBacklogDrop=0 TCPZeroWindowDrop=0 TCPRcvQDrop=0 MemAvailable:2425M SwapFree:1023M Dirty:0M Slab:856M psi_mem=avg60=0.00 psi_cpu=avg60=1.69 load=8.92,6.58,4.09 cpu_u=194586 n=0 s=108972 i=521496 io=727 irq=0 sirq=66437
[sys] 09:20:22 tcp_alloc=200026 tcp_mem_pages=6655 PruneCalled=0 RcvPruned=0 TCPRcvCollapsed=0 TCPAbortOnMemory=0 TCPMemoryPressures=0 TCPMemoryPressuresChrono=0 TCPBacklogDrop=0 TCPZeroWindowDrop=0 TCPRcvQDrop=0 MemAvailable:2411M SwapFree:1023M Dirty:0M Slab:857M psi_mem=avg60=0.00 psi_cpu=avg60=1.62 load=9.09,6.66,4.13 cpu_u=196829 n=0 s=109772 i=522589 io=727 irq=0 sirq=67071
  [diag] progress t=250s delivered=10820497 matched=10806945 events~=108 subscribed=100000 rss_mib=4369 swap_mib=0 fanout_done=false
[sys] 09:20:27 tcp_alloc=200026 tcp_mem_pages=21247 PruneCalled=0 RcvPruned=0 TCPRcvCollapsed=0 TCPAbortOnMemory=0 TCPMemoryPressures=0 TCPMemoryPressuresChrono=0 TCPBacklogDrop=0 TCPZeroWindowDrop=0 TCPRcvQDrop=0 MemAvailable:2331M SwapFree:1023M Dirty:0M Slab:882M psi_mem=avg60=0.00 psi_cpu=avg60=1.49 load=9.16,6.71,4.16 cpu_u=199035 n=0 s=110591 i=523719 io=727 irq=0 sirq=67668
[sys] 09:20:32 tcp_alloc=200026 tcp_mem_pages=3327 PruneCalled=0 RcvPruned=0 TCPRcvCollapsed=0 TCPAbortOnMemory=0 TCPMemoryPressures=0 TCPMemoryPressuresChrono=0 TCPBacklogDrop=0 TCPZeroWindowDrop=0 TCPRcvQDrop=0 MemAvailable:2324M SwapFree:1023M Dirty:0M Slab:862M psi_mem=avg60=0.00 psi_cpu=avg60=1.43 load=8.42,6.60,4.14 cpu_u=201129 n=0 s=111408 i=524895 io=727 irq=0 sirq=68251
  [diag] progress t=260s delivered=11514799 matched=11606945 events~=116 subscribed=100000 rss_mib=4419 swap_mib=0 fanout_done=false
[sys] 09:20:37 tcp_alloc=200026 tcp_mem_pages=8447 PruneCalled=0 RcvPruned=0 TCPRcvCollapsed=0 TCPAbortOnMemory=0 TCPMemoryPressures=0 TCPMemoryPressuresChrono=0 TCPBacklogDrop=0 TCPZeroWindowDrop=0 TCPRcvQDrop=0 MemAvailable:2336M SwapFree:1023M Dirty:0M Slab:861M psi_mem=avg60=0.00 psi_cpu=avg60=1.42 load=8.55,6.66,4.17 cpu_u=202740 n=0 s=112075 i=525899 io=727 irq=0 sirq=68789
[sys] 09:20:43 tcp_alloc=200026 tcp_mem_pages=3071 PruneCalled=0 RcvPruned=0 TCPRcvCollapsed=0 TCPAbortOnMemory=0 TCPMemoryPressures=0 TCPMemoryPressuresChrono=0 TCPBacklogDrop=0 TCPZeroWindowDrop=0 TCPRcvQDrop=0 MemAvailable:2266M SwapFree:1023M Dirty:0M Slab:864M psi_mem=avg60=0.00 psi_cpu=avg60=1.42 load=8.67,6.71,4.20 cpu_u=204069 n=0 s=112628 i=526887 io=728 irq=0 sirq=69369
  [diag] progress t=270s delivered=11954581 matched=12006945 events~=120 subscribed=100000 rss_mib=4437 swap_mib=0 fanout_done=false
[sys] 09:20:48 tcp_alloc=200026 tcp_mem_pages=18687 PruneCalled=0 RcvPruned=0 TCPRcvCollapsed=0 TCPAbortOnMemory=0 TCPMemoryPressures=0 TCPMemoryPressuresChrono=0 TCPBacklogDrop=0 TCPZeroWindowDrop=0 TCPRcvQDrop=0 MemAvailable:2243M SwapFree:1023M Dirty:0M Slab:871M psi_mem=avg60=0.00 psi_cpu=avg60=1.45 load=8.77,6.77,4.23 cpu_u=205523 n=0 s=113153 i=527917 io=728 irq=0 sirq=69862
[sys] 09:20:53 tcp_alloc=200026 tcp_mem_pages=11775 PruneCalled=0 RcvPruned=0 TCPRcvCollapsed=0 TCPAbortOnMemory=0 TCPMemoryPressures=0 TCPMemoryPressuresChrono=0 TCPBacklogDrop=0 TCPZeroWindowDrop=0 TCPRcvQDrop=0 MemAvailable:2292M SwapFree:1023M Dirty:0M Slab:874M psi_mem=avg60=0.00 psi_cpu=avg60=1.45 load=8.95,6.84,4.27 cpu_u=206734 n=0 s=113626 i=528976 io=728 irq=0 sirq=70356
  [diag] progress t=280s delivered=12269412 matched=12306945 events~=123 subscribed=100000 rss_mib=4437 swap_mib=0 fanout_done=false
[sys] 09:20:58 tcp_alloc=200026 tcp_mem_pages=8959 PruneCalled=0 RcvPruned=0 TCPRcvCollapsed=0 TCPAbortOnMemory=0 TCPMemoryPressures=0 TCPMemoryPressuresChrono=0 TCPBacklogDrop=0 TCPZeroWindowDrop=0 TCPRcvQDrop=0 MemAvailable:2279M SwapFree:1023M Dirty:0M Slab:866M psi_mem=avg60=0.00 psi_cpu=avg60=1.79 load=8.56,6.79,4.27 cpu_u=208199 n=0 s=114028 i=529790 io=728 irq=0 sirq=70775
[sys] 09:21:03 tcp_alloc=200026 tcp_mem_pages=8191 PruneCalled=0 RcvPruned=0 TCPRcvCollapsed=0 TCPAbortOnMemory=0 TCPMemoryPressures=0 TCPMemoryPressuresChrono=0 TCPBacklogDrop=0 TCPZeroWindowDrop=0 TCPRcvQDrop=0 MemAvailable:2352M SwapFree:1023M Dirty:0M Slab:858M psi_mem=avg60=0.00 psi_cpu=avg60=1.71 load=7.95,6.69,4.25 cpu_u=210334 n=0 s=114816 i=530889 io=728 irq=0 sirq=71430
  [diag] progress t=290s delivered=12781723 matched=12806945 events~=128 subscribed=100000 rss_mib=4421 swap_mib=0 fanout_done=false
[sys] 09:21:08 tcp_alloc=200026 tcp_mem_pages=5887 PruneCalled=0 RcvPruned=0 TCPRcvCollapsed=0 TCPAbortOnMemory=0 TCPMemoryPressures=0 TCPMemoryPressuresChrono=0 TCPBacklogDrop=0 TCPZeroWindowDrop=0 TCPRcvQDrop=0 MemAvailable:2284M SwapFree:1023M Dirty:0M Slab:864M psi_mem=avg60=0.00 psi_cpu=avg60=1.57 load=8.11,6.75,4.28 cpu_u=212515 n=0 s=115601 i=532003 io=728 irq=0 sirq=72002
[sys] 09:21:13 tcp_alloc=200026 tcp_mem_pages=56575 PruneCalled=0 RcvPruned=0 TCPRcvCollapsed=0 TCPAbortOnMemory=0 TCPMemoryPressures=0 TCPMemoryPressuresChrono=0 TCPBacklogDrop=0 TCPZeroWindowDrop=0 TCPRcvQDrop=0 MemAvailable:2225M SwapFree:1023M Dirty:0M Slab:914M psi_mem=avg60=0.00 psi_cpu=avg60=1.54 load=8.35,6.82,4.32 cpu_u=214437 n=0 s=116320 i=533223 io=728 irq=0 sirq=72567
  [diag] progress t=300s delivered=13446616 matched=13406945 events~=134 subscribed=100000 rss_mib=4421 swap_mib=0 fanout_done=false
  [diag] at window end: connected=100000 subscribed=100000 connect_failed=0 subscribed_at_start=74768 late_subscribers=25232 (late subscribers' pre-subscribe events stay in the drop count)
  [diag] router: matched=13406945 delivered=13406945 dropped=0 faulted=0 events_fanned_out~=134 (matched/subscribed)
  [diag] undelivered breakdown (events): never_connected_x_events=0 pre_subscribe_or_not_yet_fanned_out=36593055 router_dropped=0 router_faulted=0 in_flight_or_unaccounted=0 sum=36593055 (attempted-delivered=36553321)
  [diag] completed=false (delivered 13446679 of 50000000 before the 300s window) peak_rss_mib=4497
  [diag] finish: fanout_done=false reachable=13406945 delivered=13446679 elapsed_to_finish=n/a
  [diag] stages events=147 match=593.46ms/ev deliver=1438.68ms/ev ack_scan=2.44ms/ev busy=299.08s wall=300.01s busy_frac=0.997
  [diag] cpu proc_cpu=2295.40s wall=300.01s cores_used=7.65 nproc=10
  [diag] fanout_task_finished=false (true = replicator budget exhausted before the window closed)

=== nostos-bench-10k probe ===
  clients   : 100000
  events    : 500 (attempted deliveries: 50000000)
  window    : 300s
  ---------------------------
  delivered : 13446679
  ops/sec   : 44821
  drop%     : 73.11
  elapsed   : 300.01s
  elapsed_to_finish : n/a (window expired)
  ops/sec (finish)  : n/a
SOAK rc=0 09:21:17
HOST tier=100000 end 19:21:17 load1=13.56 rc=0
LINUX_DIAG_EXIT=0
